******************************************************************************
                  TI ARM Linker PC v15.12.3                    
******************************************************************************
>> Linked Fri Oct 28 17:49:52 2016

OUTPUT FILE NAME:   <timer_cc.out>
ENTRY POINT SYMBOL: "_c_int00"  address: 200071cd


MEMORY CONFIGURATION

         name            origin    length      used     unused   attr    fill
----------------------  --------  ---------  --------  --------  ----  --------
  SRAM_CODE             20004000   00013000  00003a68  0000f598  RW X
  SRAM_DATA             20017000   00019000  00001838  000177c8  RW X


SEGMENT ALLOCATION MAP

run origin  load origin   length   init length attrs members
----------  ----------- ---------- ----------- ----- -------
20004000    20004000    00003a6c   00003a6c    r-x
  20004000    20004000    00000400   00000400    r-- .intvecs
  20004400    20004400    0000326c   0000326c    r-x .text
  2000766c    2000766c    000003b0   000003b0    r-- .const
  20007a20    20007a20    0000004c   0000004c    r-- .cinit
20017000    20017000    00000838   00000000    rw-
  20017000    20017000    00000800   00000000    rw- .sysmem
  20017800    20017800    00000028   00000000    rw- .data
  20017828    20017828    00000010   00000000    rw- .bss
2002f000    2002f000    00001000   00000000    rw-
  2002f000    2002f000    00001000   00000000    rw- .stack


SECTION ALLOCATION MAP

 output                                  attributes/
section   page    origin      length       input sections
--------  ----  ----------  ----------   ----------------
.intvecs   0    20004000    00000400     
                  20004000    00000400     startup_ccs.obj (.intvecs)

.init_array 
*          0    20004000    00000000     UNINITIALIZED

.text      0    20004400    0000326c     
                  20004400    000010fc     rtsv7M4_T_le_eabi.lib : _printfi.obj (.text)
                  200054fc    000003dc                           : memory.obj (.text)
                  200058d8    00000280     uart_if.obj (.text)
                  20005b58    0000025c     main.obj (.text)
                  20005db4    000001f4     rtsv7M4_T_le_eabi.lib : ull_div_t2.obj (.text)
                  20005fa8    000001b6                           : fd_add_t2.obj (.text)
                  2000615e    00000002     driverlib.a : interrupt.obj (.text:IntDefaultHandler)
                  20006160    00000198     timer_if.obj (.text)
                  200062f8    00000178     driverlib.a : prcm.obj (.text:PRCMCC3200MCUInit)
                  20006470    00000136     rtsv7M4_T_le_eabi.lib : fd_div_t2.obj (.text)
                  200065a6    000000fc                           : fd_mul_t2.obj (.text)
                  200066a2    00000002                           : mpu_init.obj (.text)
                  200066a4    000000d0                           : s_scalbn.obj (.text)
                  20006774    000000a8     driverlib.a : interrupt.obj (.text:IntDisable)
                  2000681c    000000a8                 : interrupt.obj (.text:IntEnable)
                  200068c4    0000009c     rtsv7M4_T_le_eabi.lib : memcpy_t2.obj (.text)
                  20006960    00000094     driverlib.a : prcm.obj (.text:PRCMPeripheralClockGet)
                  200069f4    00000088                 : pin.obj (.text:PinConfigSet)
                  20006a7c    00000088     rtsv7M4_T_le_eabi.lib : vsnprintf.obj (.text)
                  20006b04    00000086                           : fd_cmp_t2.obj (.text:__aeabi_cdcmple)
                  20006b8a    00000086                           : fd_cmp_t2.obj (.text:__aeabi_cdrcmple)
                  20006c10    0000007a                           : memset_t2.obj (.text)
                  20006c8a    00000076     driverlib.a : uart.obj (.text:UARTConfigSetExpClk)
                  20006d00    00000070                 : timer.obj (.text:TimerIntRegister)
                  20006d70    00000070     rtsv7M4_T_le_eabi.lib : autoinit.obj (.text)
                  20006de0    0000006a                           : copy_decompress_rle.obj (.text)
                  20006e4a    00000002                           : startup.obj (.text)
                  20006e4c    00000068     driverlib.a : timer.obj (.text:TimerIntUnregister)
                  20006eb4    0000005c     rtsv7M4_T_le_eabi.lib : s_frexp.obj (.text)
                  20006f10    00000058     driverlib.a : prcm.obj (.text:PRCMPeripheralReset)
                  20006f68    00000056     rtsv7M4_T_le_eabi.lib : ltoa.obj (.text)
                  20006fbe    00000002     --HOLE-- [fill = 0]
                  20006fc0    00000054     driverlib.a : interrupt.obj (.text:IntPrioritySet)
                  20007014    00000054     rtsv7M4_T_le_eabi.lib : exit.obj (.text)
                  20007068    0000004c                           : atoi.obj (.text)
                  200070b4    0000004c                           : cpy_tbl.obj (.text)
                  20007100    00000048                           : fd_toi_t2.obj (.text)
                  20007148    00000044     driverlib.a : timer.obj (.text:TimerConfigure)
                  2000718c    00000040                 : pin.obj (.text:PinModeSet)
                  200071cc    00000040     rtsv7M4_T_le_eabi.lib : boot.obj (.text)
                  2000720c    0000003c     driverlib.a : prcm.obj (.text:PRCMPeripheralClkEnable)
                  20007248    00000030                 : timer.obj (.text:TimerControlEvent)
                  20007278    00000030                 : uart.obj (.text:UARTDisable)
                  200072a8    0000002e     rtsv7M4_T_le_eabi.lib : i_tofd_t2.obj (.text)
                  200072d6    00000002     --HOLE-- [fill = 0]
                  200072d8    0000002c     driverlib.a : prcm.obj (.text:PRCMSysResetCauseGet)
                  20007304    0000002a                 : timer.obj (.text:TimerLoadSet)
                  2000732e    0000002a                 : timer.obj (.text:TimerPrescaleSet)
                  20007358    00000028                 : prcm.obj (.text:PRCMPeripheralClkDisable)
                  20007380    00000024                 : interrupt.obj (.text:IntUnregister)
                  200073a4    00000024                 : uart.obj (.text:UARTEnable)
                  200073c8    00000024     rtsv7M4_T_le_eabi.lib : memmov.obj (.text)
                  200073ec    00000020     driverlib.a : interrupt.obj (.text:IntRegister)
                  2000740c    0000001e                 : timer.obj (.text:TimerDisable)
                  2000742a    0000001e                 : timer.obj (.text:TimerEnable)
                  20007448    0000001e                 : timer.obj (.text:TimerIntStatus)
                  20007466    0000001e                 : uart.obj (.text:UARTCharPut)
                  20007484    0000001c                 : timer.obj (.text:TimerValueGet)
                  200074a0    0000001c                 : uart.obj (.text:UARTCharGetNonBlocking)
                  200074bc    0000001c     pinmux.obj (.text)
                  200074d8    0000001c     rtsv7M4_T_le_eabi.lib : memccpy.obj (.text)
                  200074f4    0000001a     driverlib.a : pin.obj (.text:PinTypeTimer)
                  2000750e    0000001a                 : pin.obj (.text:PinTypeUART)
                  20007528    00000018                 : timer.obj (.text:TimerIntDisable)
                  20007540    00000018                 : timer.obj (.text:TimerIntEnable)
                  20007558    00000018                 : uart.obj (.text:UARTCharsAvail)
                  20007570    00000018     rtsv7M4_T_le_eabi.lib : args_main.obj (.text)
                  20007588    00000016     driverlib.a : prcm.obj (.text:PRCMHIBRegRead)
                  2000759e    00000016                 : prcm.obj (.text:PRCMHIBRegWrite)
                  200075b4    00000016     rtsv7M4_T_le_eabi.lib : strchr.obj (.text)
                  200075ca    00000014     driverlib.a : cpu.obj (.text:CPUcpsie)
                  200075de    00000002     --HOLE-- [fill = 0]
                  200075e0    00000014                 : interrupt.obj (.text:IntVTableBaseSet)
                  200075f4    00000014     rtsv7M4_T_le_eabi.lib : _lock.obj (.text)
                  20007608    00000014                           : strlen.obj (.text)
                  2000761c    00000012     driverlib.a : timer.obj (.text:TimerIntClear)
                  2000762e    0000000e     rtsv7M4_T_le_eabi.lib : copy_decompress_none.obj (.text:decompress:none)
                  2000763c    0000000e     startup_ccs.obj (.text)
                  2000764a    0000000a     driverlib.a : interrupt.obj (.text:IntMasterEnable)
                  20007654    00000008     rtsv7M4_T_le_eabi.lib : s_copysign.obj (.text)
                  2000765c    00000006     driverlib.a : utils.obj (.text:UtilsDelay)
                  20007662    00000006     rtsv7M4_T_le_eabi.lib : copy_decompress_rle.obj (.text:decompress:rle24)
                  20007668    00000004                           : pre_init.obj (.text)

.const     0    2000766c    000003b0     
                  2000766c    00000101     rtsv7M4_T_le_eabi.lib : ctype.obj (.const:.string:_ctypes_)
                  2000776d    00000003     --HOLE-- [fill = 0]
                  20007770    00000100     driverlib.a : pin.obj (.const:g_ulPinToPadMap)
                  20007870    000000d4                 : interrupt.obj (.const:g_pulRegs)
                  20007944    000000a8                 : prcm.obj (.const:PRCM_PeriphRegsList)
                  200079ec    00000018                 : interrupt.obj (.const:g_pulDisRegs)
                  20007a04    00000018                 : interrupt.obj (.const:g_pulEnRegs)

.cinit     0    20007a20    0000004c     
                  20007a20    00000023     (.cinit..data.load) [load image, compression = rle]
                  20007a43    00000005     --HOLE-- [fill = 0]
                  20007a48    00000009     (.cinit..bss.load) [load image, compression = rle]
                  20007a51    00000003     --HOLE-- [fill = 0]
                  20007a54    00000008     (__TI_handler_table)
                  20007a5c    00000010     (__TI_cinit_table)

.sysmem    0    20017000    00000800     UNINITIALIZED
                  20017000    00000008     rtsv7M4_T_le_eabi.lib : memory.obj (.sysmem)
                  20017008    000007f8     --HOLE--

.data      0    20017800    00000028     UNINITIALIZED
                  20017800    0000000c     rtsv7M4_T_le_eabi.lib : exit.obj (.data:$O1$$)
                  2001780c    0000000c                           : memory.obj (.data:$O1$$)
                  20017818    00000008                           : _lock.obj (.data:$O1$$)
                  20017820    00000004                           : errno.obj (.data)
                  20017824    00000004                           : stkdepth_vars.obj (.data)

.bss       0    20017828    00000010     UNINITIALIZED
                  20017828    0000000c     main.obj (.bss:g_ulSamples)
                  20017834    00000004     uart_if.obj (.bss)

.stack     0    2002f000    00001000     UNINITIALIZED
                  2002f000    00001000     --HOLE--

MODULE SUMMARY

       Module                     code    ro data   rw data
       ------                     ----    -------   -------
    .\
       startup_ccs.obj            14      1024      0      
       uart_if.obj                640     0         4      
       main.obj                   604     0         12     
       timer_if.obj               408     0         0      
       pinmux.obj                 28      0         0      
    +--+--------------------------+-------+---------+---------+
       Total:                     1694    1024      16     
                                                           
    C:/ti/CC3200SDK_1.2.0/cc3200-sdk/driverlib/ccs/Release/driverlib.a
       prcm.obj                   800     168       0      
       interrupt.obj              520     260       0      
       timer.obj                  600     0         0      
       pin.obj                    252     256       0      
       uart.obj                   284     0         0      
       cpu.obj                    20      0         0      
       utils.obj                  6       0         0      
    +--+--------------------------+-------+---------+---------+
       Total:                     2482    684       0      
                                                           
    C:\ti\ccsv6\tools\compiler\arm_15.12.3.LTS\lib\rtsv7M4_T_le_eabi.lib
       _printfi.obj               4348    0         0      
       memory.obj                 988     0         12     
       ull_div_t2.obj             500     0         0      
       fd_add_t2.obj              438     0         0      
       fd_div_t2.obj              310     0         0      
       fd_cmp_t2.obj              268     0         0      
       ctype.obj                  0       257       0      
       fd_mul_t2.obj              252     0         0      
       s_scalbn.obj               208     0         0      
       memcpy_t2.obj              156     0         0      
       vsnprintf.obj              136     0         0      
       memset_t2.obj              122     0         0      
       autoinit.obj               112     0         0      
       copy_decompress_rle.obj    112     0         0      
       exit.obj                   84      0         12     
       s_frexp.obj                92      0         0      
       ltoa.obj                   86      0         0      
       atoi.obj                   76      0         0      
       cpy_tbl.obj                76      0         0      
       fd_toi_t2.obj              72      0         0      
       boot.obj                   64      0         0      
       i_tofd_t2.obj              46      0         0      
       memmov.obj                 36      0         0      
       _lock.obj                  20      0         8      
       memccpy.obj                28      0         0      
       args_main.obj              24      0         0      
       strchr.obj                 22      0         0      
       strlen.obj                 20      0         0      
       copy_decompress_none.obj   14      0         0      
       s_copysign.obj             8       0         0      
       errno.obj                  0       0         4      
       pre_init.obj               4       0         0      
       stkdepth_vars.obj          0       0         4      
       mpu_init.obj               2       0         0      
       startup.obj                2       0         0      
    +--+--------------------------+-------+---------+---------+
       Total:                     8726    257       40     
                                                           
       Heap:                      0       0         2048   
       Stack:                     0       0         4096   
       Linker Generated:          0       68        0      
    +--+--------------------------+-------+---------+---------+
       Grand Total:               12902   2033      6200   


LINKER GENERATED COPY TABLES

__TI_cinit_table @ 20007a5c records: 2, size/record: 8, table size: 16
	.data: load addr=20007a20, load size=00000023 bytes, run addr=20017800, run size=00000028 bytes, compression=rle
	.bss: load addr=20007a48, load size=00000009 bytes, run addr=20017828, run size=00000010 bytes, compression=rle


LINKER GENERATED HANDLER TABLE

__TI_handler_table @ 20007a54 records: 2, size/record: 4, table size: 8
	index: 0, handler: __TI_decompress_rle24
	index: 1, handler: __TI_decompress_none


GLOBAL SYMBOLS: SORTED ALPHABETICALLY BY Name 

address   name                           
-------   ----                           
20005bf1  BoardInit                      
20007015  C$$EXIT                        
200075cb  CPUcpsie                       
20005919  ClearTerm                      
20005bcb  DisplayBanner                  
20005923  Error                          
2000595b  GetCmd                         
200058d9  InitTerm                       
20006775  IntDisable                     
2000681d  IntEnable                      
2000764b  IntMasterEnable                
20006fc1  IntPrioritySet                 
200073ed  IntRegister                    
20007381  IntUnregister                  
200075e1  IntVTableBaseSet               
200058f7  Message                        
200062f9  PRCMCC3200MCUInit              
20007589  PRCMHIBRegRead                 
2000759f  PRCMHIBRegWrite                
20007359  PRCMPeripheralClkDisable       
2000720d  PRCMPeripheralClkEnable        
20006961  PRCMPeripheralClockGet         
20006f11  PRCMPeripheralReset            
200072d9  PRCMSysResetCauseGet           
200069f5  PinConfigSet                   
2000718d  PinModeSet                     
200074bd  PinMuxConfig                   
200074f5  PinTypeTimer                   
2000750f  PinTypeUART                    
20005a99  Report                         
2000763d  ResetISR                       
UNDEFED   SHT$$INIT_ARRAY$$Base          
UNDEFED   SHT$$INIT_ARRAY$$Limit         
20007149  TimerConfigure                 
20007249  TimerControlEvent              
2000740d  TimerDisable                   
2000742b  TimerEnable                    
2000761d  TimerIntClear                  
20007529  TimerIntDisable                
20007541  TimerIntEnable                 
20006d01  TimerIntRegister               
20007449  TimerIntStatus                 
20006e4d  TimerIntUnregister             
20007305  TimerLoadSet                   
2000732f  TimerPrescaleSet               
20007485  TimerValueGet                  
200062a7  Timer_IF_DeInit                
200062d9  Timer_IF_GetCount              
200061e1  Timer_IF_Init                  
20006213  Timer_IF_IntSetup              
2000625f  Timer_IF_InterruptClear        
200062c1  Timer_IF_ReLoad                
20006277  Timer_IF_Start                 
20006297  Timer_IF_Stop                  
20005a01  TrimSpace                      
200074a1  UARTCharGetNonBlocking         
20007467  UARTCharPut                    
20007559  UARTCharsAvail                 
20006c8b  UARTConfigSetExpClk            
20007279  UARTDisable                    
200073a5  UARTEnable                     
2000765d  UtilsDelay                     
20030000  __STACK_END                    
00001000  __STACK_SIZE                   
00000800  __SYSMEM_SIZE                  
20007a5c  __TI_CINIT_Base                
20007a6c  __TI_CINIT_Limit               
20007a54  __TI_Handler_Table_Base        
20007a5c  __TI_Handler_Table_Limit       
20006d71  __TI_auto_init                 
20017800  __TI_cleanup_ptr               
2000762f  __TI_decompress_none           
20007663  __TI_decompress_rle24          
20017804  __TI_dtors_ptr                 
20017808  __TI_enable_exit_profile_output
ffffffff  __TI_pprof_out_hndl            
200051f7  __TI_printfi                   
ffffffff  __TI_prof_data_size            
ffffffff  __TI_prof_data_start           
20007a20  __TI_static_base__             
20006b05  __aeabi_cdcmpeq                
20006b05  __aeabi_cdcmple                
20006b8b  __aeabi_cdrcmple               
20007101  __aeabi_d2iz                   
20005fb3  __aeabi_dadd                   
20006471  __aeabi_ddiv                   
200065a7  __aeabi_dmul                   
20005fa9  __aeabi_dsub                   
200072a9  __aeabi_i2d                    
20006c11  __aeabi_memclr                 
20006c11  __aeabi_memclr4                
20006c11  __aeabi_memclr8                
200068c5  __aeabi_memcpy                 
200068c5  __aeabi_memcpy4                
200068c5  __aeabi_memcpy8                
20006c13  __aeabi_memset                 
20006c13  __aeabi_memset4                
20006c13  __aeabi_memset8                
20005db5  __aeabi_uldivmod               
ffffffff  __binit__                      
ffffffff  __c_args__                     
200066a3  __mpu_init                     
2002f000  __stack                        
20007571  _args_main                     
200071cd  _c_int00                       
2000766c  _ctypes_                       
20017818  _lock                          
20007603  _nop                           
200075fb  _register_lock                 
200075f5  _register_unlock               
20017000  _sys_memory                    
20006e4b  _system_post_cinit             
20007669  _system_pre_init               
2001781c  _unlock                        
20007019  abort                          
20007069  atoi                           
ffffffff  binit                          
200058a5  calloc                         
200070b5  copy_in                        
20007655  copysign                       
20007655  copysignl                      
20017820  errno                          
20007021  exit                           
200055f3  free                           
20006eb5  frexp                          
20006eb5  frexpl                         
20004000  g_pfnVectors                   
200066a5  ldexp                          
200066a5  ldexpl                         
20006f69  ltoa                           
20005c09  main                           
20017824  main_func_sp                   
2000558b  malloc                         
200057c1  memalign                       
200074d9  memccpy                        
200068c5  memcpy                         
200073c9  memmove                        
20006c19  memset                         
200054fd  minit                          
200056b5  realloc                        
200066a5  scalbn                         
200066a5  scalbnl                        
200075b5  strchr                         
20007609  strlen                         
20006a7d  vsnprintf                      


GLOBAL SYMBOLS: SORTED BY Symbol Address 

address   name                           
-------   ----                           
00000800  __SYSMEM_SIZE                  
00001000  __STACK_SIZE                   
20004000  g_pfnVectors                   
200051f7  __TI_printfi                   
200054fd  minit                          
2000558b  malloc                         
200055f3  free                           
200056b5  realloc                        
200057c1  memalign                       
200058a5  calloc                         
200058d9  InitTerm                       
200058f7  Message                        
20005919  ClearTerm                      
20005923  Error                          
2000595b  GetCmd                         
20005a01  TrimSpace                      
20005a99  Report                         
20005bcb  DisplayBanner                  
20005bf1  BoardInit                      
20005c09  main                           
20005db5  __aeabi_uldivmod               
20005fa9  __aeabi_dsub                   
20005fb3  __aeabi_dadd                   
200061e1  Timer_IF_Init                  
20006213  Timer_IF_IntSetup              
2000625f  Timer_IF_InterruptClear        
20006277  Timer_IF_Start                 
20006297  Timer_IF_Stop                  
200062a7  Timer_IF_DeInit                
200062c1  Timer_IF_ReLoad                
200062d9  Timer_IF_GetCount              
200062f9  PRCMCC3200MCUInit              
20006471  __aeabi_ddiv                   
200065a7  __aeabi_dmul                   
200066a3  __mpu_init                     
200066a5  ldexp                          
200066a5  ldexpl                         
200066a5  scalbn                         
200066a5  scalbnl                        
20006775  IntDisable                     
2000681d  IntEnable                      
200068c5  __aeabi_memcpy                 
200068c5  __aeabi_memcpy4                
200068c5  __aeabi_memcpy8                
200068c5  memcpy                         
20006961  PRCMPeripheralClockGet         
200069f5  PinConfigSet                   
20006a7d  vsnprintf                      
20006b05  __aeabi_cdcmpeq                
20006b05  __aeabi_cdcmple                
20006b8b  __aeabi_cdrcmple               
20006c11  __aeabi_memclr                 
20006c11  __aeabi_memclr4                
20006c11  __aeabi_memclr8                
20006c13  __aeabi_memset                 
20006c13  __aeabi_memset4                
20006c13  __aeabi_memset8                
20006c19  memset                         
20006c8b  UARTConfigSetExpClk            
20006d01  TimerIntRegister               
20006d71  __TI_auto_init                 
20006e4b  _system_post_cinit             
20006e4d  TimerIntUnregister             
20006eb5  frexp                          
20006eb5  frexpl                         
20006f11  PRCMPeripheralReset            
20006f69  ltoa                           
20006fc1  IntPrioritySet                 
20007015  C$$EXIT                        
20007019  abort                          
20007021  exit                           
20007069  atoi                           
200070b5  copy_in                        
20007101  __aeabi_d2iz                   
20007149  TimerConfigure                 
2000718d  PinModeSet                     
200071cd  _c_int00                       
2000720d  PRCMPeripheralClkEnable        
20007249  TimerControlEvent              
20007279  UARTDisable                    
200072a9  __aeabi_i2d                    
200072d9  PRCMSysResetCauseGet           
20007305  TimerLoadSet                   
2000732f  TimerPrescaleSet               
20007359  PRCMPeripheralClkDisable       
20007381  IntUnregister                  
200073a5  UARTEnable                     
200073c9  memmove                        
200073ed  IntRegister                    
2000740d  TimerDisable                   
2000742b  TimerEnable                    
20007449  TimerIntStatus                 
20007467  UARTCharPut                    
20007485  TimerValueGet                  
200074a1  UARTCharGetNonBlocking         
200074bd  PinMuxConfig                   
200074d9  memccpy                        
200074f5  PinTypeTimer                   
2000750f  PinTypeUART                    
20007529  TimerIntDisable                
20007541  TimerIntEnable                 
20007559  UARTCharsAvail                 
20007571  _args_main                     
20007589  PRCMHIBRegRead                 
2000759f  PRCMHIBRegWrite                
200075b5  strchr                         
200075cb  CPUcpsie                       
200075e1  IntVTableBaseSet               
200075f5  _register_unlock               
200075fb  _register_lock                 
20007603  _nop                           
20007609  strlen                         
2000761d  TimerIntClear                  
2000762f  __TI_decompress_none           
2000763d  ResetISR                       
2000764b  IntMasterEnable                
20007655  copysign                       
20007655  copysignl                      
2000765d  UtilsDelay                     
20007663  __TI_decompress_rle24          
20007669  _system_pre_init               
2000766c  _ctypes_                       
20007a20  __TI_static_base__             
20007a54  __TI_Handler_Table_Base        
20007a5c  __TI_CINIT_Base                
20007a5c  __TI_Handler_Table_Limit       
20007a6c  __TI_CINIT_Limit               
20017000  _sys_memory                    
20017800  __TI_cleanup_ptr               
20017804  __TI_dtors_ptr                 
20017808  __TI_enable_exit_profile_output
20017818  _lock                          
2001781c  _unlock                        
20017820  errno                          
20017824  main_func_sp                   
2002f000  __stack                        
20030000  __STACK_END                    
ffffffff  __TI_pprof_out_hndl            
ffffffff  __TI_prof_data_size            
ffffffff  __TI_prof_data_start           
ffffffff  __binit__                      
ffffffff  __c_args__                     
ffffffff  binit                          
UNDEFED   SHT$$INIT_ARRAY$$Base          
UNDEFED   SHT$$INIT_ARRAY$$Limit         

[145 symbols]
