******************************************************************************
                  TI ARM Linker PC v15.12.3                    
******************************************************************************
>> Linked Sun Oct 09 17:49:39 2016

OUTPUT FILE NAME:   <pwm.out>
ENTRY POINT SYMBOL: "_c_int00"  address: 20004b8d


MEMORY CONFIGURATION

         name            origin    length      used     unused   attr    fill
----------------------  --------  ---------  --------  --------  ----  --------
  SRAM_CODE             20004000   00013000  00001036  00011fca  RW X
  SRAM_DATA             20017000   00019000  00000818  000187e8  RW X


SEGMENT ALLOCATION MAP

run origin  load origin   length   init length attrs members
----------  ----------- ---------- ----------- ----- -------
20004000    20004000    00001038   00001038    r-x
  20004000    20004000    00000400   00000400    r-- .intvecs
  20004400    20004400    00000a4e   00000a4e    r-x .text
  20004e50    20004e50    000001c0   000001c0    r-- .const
  20005010    20005010    00000028   00000028    r-- .cinit
20017000    20017000    00000018   00000000    rw-
  20017000    20017000    00000018   00000000    rw- .data
2002f800    2002f800    00000800   00000000    rw-
  2002f800    2002f800    00000800   00000000    rw- .stack


SECTION ALLOCATION MAP

 output                                  attributes/
section   page    origin      length       input sections
--------  ----  ----------  ----------   ----------------
.intvecs   0    20004000    00000400     
                  20004000    00000400     startup_ccs.obj (.intvecs)

.init_array 
*          0    20004000    00000000     UNINITIALIZED

.text      0    20004400    00000a4e     
                  20004400    00000178     driverlib.a : prcm.obj (.text:PRCMCC3200MCUInit)
                  20004578    00000174     main.obj (.text)
                  200046ec    000000a8     driverlib.a : interrupt.obj (.text:IntEnable)
                  20004794    0000009c     rtsv7M4_T_le_eabi.lib : memcpy_t2.obj (.text)
                  20004830    00000088     driverlib.a : pin.obj (.text:PinConfigSet)
                  200048b8    0000007a     rtsv7M4_T_le_eabi.lib : memset_t2.obj (.text)
                  20004932    00000002                           : mpu_init.obj (.text)
                  20004934    00000070                           : autoinit.obj (.text)
                  200049a4    0000006a                           : copy_decompress_rle.obj (.text)
                  20004a0e    00000002                           : startup.obj (.text)
                  20004a10    00000058     driverlib.a : prcm.obj (.text:PRCMPeripheralReset)
                  20004a68    00000054     rtsv7M4_T_le_eabi.lib : exit.obj (.text)
                  20004abc    0000004c                           : cpy_tbl.obj (.text)
                  20004b08    00000044     driverlib.a : timer.obj (.text:TimerConfigure)
                  20004b4c    00000040                 : pin.obj (.text:PinModeSet)
                  20004b8c    00000040     rtsv7M4_T_le_eabi.lib : boot.obj (.text)
                  20004bcc    0000003c     driverlib.a : prcm.obj (.text:PRCMPeripheralClkEnable)
                  20004c08    00000036                 : timer.obj (.text:TimerControlLevel)
                  20004c3e    00000002     --HOLE-- [fill = 0]
                  20004c40    0000002c                 : prcm.obj (.text:PRCMSysResetCauseGet)
                  20004c6c    0000002c     pinmux.obj (.text)
                  20004c98    0000002a     driverlib.a : timer.obj (.text:TimerLoadSet)
                  20004cc2    0000002a                 : timer.obj (.text:TimerMatchSet)
                  20004cec    0000002a                 : timer.obj (.text:TimerPrescaleSet)
                  20004d16    00000002     --HOLE-- [fill = 0]
                  20004d18    00000028                 : prcm.obj (.text:PRCMPeripheralClkDisable)
                  20004d40    0000001e                 : timer.obj (.text:TimerDisable)
                  20004d5e    0000001e                 : timer.obj (.text:TimerEnable)
                  20004d7c    0000001a                 : pin.obj (.text:PinTypeTimer)
                  20004d96    00000002     --HOLE-- [fill = 0]
                  20004d98    00000018     rtsv7M4_T_le_eabi.lib : args_main.obj (.text)
                  20004db0    00000016     driverlib.a : prcm.obj (.text:PRCMHIBRegRead)
                  20004dc6    00000016                 : prcm.obj (.text:PRCMHIBRegWrite)
                  20004ddc    00000014                 : cpu.obj (.text:CPUcpsie)
                  20004df0    00000014                 : interrupt.obj (.text:IntVTableBaseSet)
                  20004e04    00000014     rtsv7M4_T_le_eabi.lib : _lock.obj (.text)
                  20004e18    0000000e                           : copy_decompress_none.obj (.text:decompress:none)
                  20004e26    0000000e     startup_ccs.obj (.text)
                  20004e34    0000000a     driverlib.a : interrupt.obj (.text:IntMasterEnable)
                  20004e3e    00000006                 : utils.obj (.text:UtilsDelay)
                  20004e44    00000006     rtsv7M4_T_le_eabi.lib : copy_decompress_rle.obj (.text:decompress:rle24)
                  20004e4a    00000004                           : pre_init.obj (.text)

.const     0    20004e50    000001c0     
                  20004e50    00000100     driverlib.a : pin.obj (.const:g_ulPinToPadMap)
                  20004f50    000000a8                 : prcm.obj (.const:PRCM_PeriphRegsList)
                  20004ff8    00000018                 : interrupt.obj (.const:g_pulEnRegs)

.cinit     0    20005010    00000028     
                  20005010    00000018     (.cinit..data.load) [load image, compression = rle]
                  20005028    00000008     (__TI_handler_table)
                  20005030    00000008     (__TI_cinit_table)

.data      0    20017000    00000018     UNINITIALIZED
                  20017000    0000000c     rtsv7M4_T_le_eabi.lib : exit.obj (.data:$O1$$)
                  2001700c    00000008                           : _lock.obj (.data:$O1$$)
                  20017014    00000004                           : stkdepth_vars.obj (.data)

.stack     0    2002f800    00000800     UNINITIALIZED
                  2002f800    00000800     --HOLE--

MODULE SUMMARY

       Module                     code   ro data   rw data
       ------                     ----   -------   -------
    .\
       startup_ccs.obj            14     1024      0      
       main.obj                   372    0         0      
       pinmux.obj                 44     0         0      
    +--+--------------------------+------+---------+---------+
       Total:                     430    1024      0      
                                                          
    C:/ti/CC3200SDK_1.2.0/cc3200-sdk/driverlib/ccs/Release/driverlib.a
       prcm.obj                   652    168       0      
       pin.obj                    226    256       0      
       timer.obj                  308    0         0      
       interrupt.obj              198    24        0      
       cpu.obj                    20     0         0      
       utils.obj                  6      0         0      
    +--+--------------------------+------+---------+---------+
       Total:                     1410   448       0      
                                                          
    C:\ti\ccsv6\tools\compiler\arm_15.12.3.LTS\lib\rtsv7M4_T_le_eabi.lib
       memcpy_t2.obj              156    0         0      
       memset_t2.obj              122    0         0      
       autoinit.obj               112    0         0      
       copy_decompress_rle.obj    112    0         0      
       exit.obj                   84     0         12     
       cpy_tbl.obj                76     0         0      
       boot.obj                   64     0         0      
       _lock.obj                  20     0         8      
       args_main.obj              24     0         0      
       copy_decompress_none.obj   14     0         0      
       pre_init.obj               4      0         0      
       stkdepth_vars.obj          0      0         4      
       mpu_init.obj               2      0         0      
       startup.obj                2      0         0      
    +--+--------------------------+------+---------+---------+
       Total:                     792    0         24     
                                                          
       Stack:                     0      0         2048   
       Linker Generated:          0      40        0      
    +--+--------------------------+------+---------+---------+
       Grand Total:               2632   1512      2072   


LINKER GENERATED COPY TABLES

__TI_cinit_table @ 20005030 records: 1, size/record: 8, table size: 8
	.data: load addr=20005010, load size=00000018 bytes, run addr=20017000, run size=00000018 bytes, compression=rle


LINKER GENERATED HANDLER TABLE

__TI_handler_table @ 20005028 records: 2, size/record: 4, table size: 8
	index: 0, handler: __TI_decompress_rle24
	index: 1, handler: __TI_decompress_none


GLOBAL SYMBOLS: SORTED ALPHABETICALLY BY Name 

address   name                           
-------   ----                           
20004a69  C$$EXIT                        
20004ddd  CPUcpsie                       
20004639  DeInitPWMModules               
200045e1  InitPWMModules                 
200046ed  IntEnable                      
20004e35  IntMasterEnable                
20004df1  IntVTableBaseSet               
20004401  PRCMCC3200MCUInit              
20004db1  PRCMHIBRegRead                 
20004dc7  PRCMHIBRegWrite                
20004d19  PRCMPeripheralClkDisable       
20004bcd  PRCMPeripheralClkEnable        
20004a11  PRCMPeripheralReset            
20004c41  PRCMSysResetCauseGet           
20004831  PinConfigSet                   
20004b4d  PinModeSet                     
20004c6d  PinMuxConfig                   
20004d7d  PinTypeTimer                   
20004e27  ResetISR                       
UNDEFED   SHT$$INIT_ARRAY$$Base          
UNDEFED   SHT$$INIT_ARRAY$$Limit         
20004597  SetupTimerPWMMode              
20004b09  TimerConfigure                 
20004c09  TimerControlLevel              
20004d41  TimerDisable                   
20004d5f  TimerEnable                    
20004c99  TimerLoadSet                   
20004cc3  TimerMatchSet                  
20004ced  TimerPrescaleSet               
20004579  UpdateDutyCycle                
20004e3f  UtilsDelay                     
20030000  __STACK_END                    
00000800  __STACK_SIZE                   
20005030  __TI_CINIT_Base                
20005038  __TI_CINIT_Limit               
20005028  __TI_Handler_Table_Base        
20005030  __TI_Handler_Table_Limit       
20004935  __TI_auto_init                 
20017000  __TI_cleanup_ptr               
20004e19  __TI_decompress_none           
20004e45  __TI_decompress_rle24          
20017004  __TI_dtors_ptr                 
20017008  __TI_enable_exit_profile_output
ffffffff  __TI_pprof_out_hndl            
ffffffff  __TI_prof_data_size            
ffffffff  __TI_prof_data_start           
20005010  __TI_static_base__             
200048b9  __aeabi_memclr                 
200048b9  __aeabi_memclr4                
200048b9  __aeabi_memclr8                
20004795  __aeabi_memcpy                 
20004795  __aeabi_memcpy4                
20004795  __aeabi_memcpy8                
200048bb  __aeabi_memset                 
200048bb  __aeabi_memset4                
200048bb  __aeabi_memset8                
ffffffff  __binit__                      
ffffffff  __c_args__                     
20004933  __mpu_init                     
2002f800  __stack                        
20004d99  _args_main                     
20004b8d  _c_int00                       
2001700c  _lock                          
20004e13  _nop                           
20004e0b  _register_lock                 
20004e05  _register_unlock               
20004a0f  _system_post_cinit             
20004e4b  _system_pre_init               
20017010  _unlock                        
20004a6d  abort                          
ffffffff  binit                          
20004abd  copy_in                        
20004a75  exit                           
20004000  g_pfnVectors                   
20004681  main                           
20017014  main_func_sp                   
20004795  memcpy                         
200048c1  memset                         


GLOBAL SYMBOLS: SORTED BY Symbol Address 

address   name                           
-------   ----                           
00000800  __STACK_SIZE                   
20004000  g_pfnVectors                   
20004401  PRCMCC3200MCUInit              
20004579  UpdateDutyCycle                
20004597  SetupTimerPWMMode              
200045e1  InitPWMModules                 
20004639  DeInitPWMModules               
20004681  main                           
200046ed  IntEnable                      
20004795  __aeabi_memcpy                 
20004795  __aeabi_memcpy4                
20004795  __aeabi_memcpy8                
20004795  memcpy                         
20004831  PinConfigSet                   
200048b9  __aeabi_memclr                 
200048b9  __aeabi_memclr4                
200048b9  __aeabi_memclr8                
200048bb  __aeabi_memset                 
200048bb  __aeabi_memset4                
200048bb  __aeabi_memset8                
200048c1  memset                         
20004933  __mpu_init                     
20004935  __TI_auto_init                 
20004a0f  _system_post_cinit             
20004a11  PRCMPeripheralReset            
20004a69  C$$EXIT                        
20004a6d  abort                          
20004a75  exit                           
20004abd  copy_in                        
20004b09  TimerConfigure                 
20004b4d  PinModeSet                     
20004b8d  _c_int00                       
20004bcd  PRCMPeripheralClkEnable        
20004c09  TimerControlLevel              
20004c41  PRCMSysResetCauseGet           
20004c6d  PinMuxConfig                   
20004c99  TimerLoadSet                   
20004cc3  TimerMatchSet                  
20004ced  TimerPrescaleSet               
20004d19  PRCMPeripheralClkDisable       
20004d41  TimerDisable                   
20004d5f  TimerEnable                    
20004d7d  PinTypeTimer                   
20004d99  _args_main                     
20004db1  PRCMHIBRegRead                 
20004dc7  PRCMHIBRegWrite                
20004ddd  CPUcpsie                       
20004df1  IntVTableBaseSet               
20004e05  _register_unlock               
20004e0b  _register_lock                 
20004e13  _nop                           
20004e19  __TI_decompress_none           
20004e27  ResetISR                       
20004e35  IntMasterEnable                
20004e3f  UtilsDelay                     
20004e45  __TI_decompress_rle24          
20004e4b  _system_pre_init               
20005010  __TI_static_base__             
20005028  __TI_Handler_Table_Base        
20005030  __TI_CINIT_Base                
20005030  __TI_Handler_Table_Limit       
20005038  __TI_CINIT_Limit               
20017000  __TI_cleanup_ptr               
20017004  __TI_dtors_ptr                 
20017008  __TI_enable_exit_profile_output
2001700c  _lock                          
20017010  _unlock                        
20017014  main_func_sp                   
2002f800  __stack                        
20030000  __STACK_END                    
ffffffff  __TI_pprof_out_hndl            
ffffffff  __TI_prof_data_size            
ffffffff  __TI_prof_data_start           
ffffffff  __binit__                      
ffffffff  __c_args__                     
ffffffff  binit                          
UNDEFED   SHT$$INIT_ARRAY$$Base          
UNDEFED   SHT$$INIT_ARRAY$$Limit         

[78 symbols]
