******************************************************************************
                  TI ARM Linker PC v15.12.3                    
******************************************************************************
>> Linked Tue Oct 04 15:18:02 2016

OUTPUT FILE NAME:   <wlan_station.out>
ENTRY POINT SYMBOL: "_c_int00"  address: 2000fa81


MEMORY CONFIGURATION

         name            origin    length      used     unused   attr    fill
----------------------  --------  ---------  --------  --------  ----  --------
  SRAM_CODE             20004000   00014000  0000ff18  000040e8  RW X
  SRAM_DATA             20018000   00018000  0000ba69  0000c597  RW X


SEGMENT ALLOCATION MAP

run origin  load origin   length   init length attrs members
----------  ----------- ---------- ----------- ----- -------
20004000    20004000    0000ff24   0000ff24    r-x
  20004000    20004000    0000030c   0000030c    r-- .resetVecs
  20004310    20004310    0000d3fa   0000d3fa    r-x .text
  2001170c    2001170c    000024f6   000024f6    r-- .const
  20013c08    20013c08    0000031c   0000031c    r-- .cinit
20018000    20018000    00009a6c   00000000    rw-
  20018000    20018000    00009641   00000000    rw- .bss
  20021644    20021644    00000428   00000000    rw- .data
2002e000    2002e000    00002000   00000000    rw-
  2002e000    2002e000    00002000   00000000    rw- .stack


SECTION ALLOCATION MAP

 output                                  attributes/
section   page    origin      length       input sections
--------  ----  ----------  ----------   ----------------
.init_array 
*          0    20004000    00000000     UNINITIALIZED

.resetVecs 
*          0    20004000    0000030c     
                  20004000    0000030c     app_pem4.oem4 (.resetVecs)

.text      0    20004310    0000d3fa     
                  20004310    000010fc     rtsv7M4_T_le_eabi.lib : _printfi.obj (.text)
                  2000540c    00000ed4     main.obj (.text)
                  200062e0    00000590     simplelink.a : driver.obj (.text:_SlDrvMsgRead)
                  20006870    00000544     ti_rtos.a : osi_tirtos.obj (.text)
                  20006db4    00000004     app_pem4.oem4 (.text:ti_sysbios_BIOS_RtsGateProxy_enter__E)
                  20006db8    00000430     sysbios.aem4 : BIOS.obj (.text:ti_sysbios_family_arm_m3_Hwi_excDumpRegs__I)
                  200071e8    00000394     gpio_if.obj (.text)
                  2000757c    0000034c     ti.targets.arm.rtsarm.aem4 : System.oem4 (.text:xdc_runtime_System_doPrint__I)
                  200078c8    00000324     rtsv7M4_T_le_eabi.lib : trgdrv.obj (.text)
                  20007bec    00000004     app_pem4.oem4 (.text:ti_sysbios_BIOS_RtsGateProxy_leave__E)
                  20007bf0    00000314     sysbios.aem4 : BIOS.obj (.text:ti_sysbios_knl_Semaphore_pend__E)
                  20007f04    00000280     uart_if.obj (.text)
                  20008184    00000260     simplelink.a : wlan.obj (.text:sl_WlanConnect)
                  200083e4    00000004     app_pem4.oem4 (.text:ti_sysbios_family_arm_m3_Hwi_delete)
                  200083e8    00000254     sysbios.aem4 : BIOS.obj (.text:ti_sysbios_heaps_HeapMem_free__E)
                  2000863c    00000004     app_pem4.oem4 (.text:ti_sysbios_family_arm_m3_TaskSupport_Module__startupDone__S)
                  20008640    00000248     sysbios.aem4 : BIOS.obj (.text:ti_sysbios_heaps_HeapMem_alloc__E)
                  20008888    0000022c                  : BIOS.obj (.text:ti_sysbios_knl_Task_Instance_finalize__E)
                  20008ab4    00000004     app_pem4.oem4 (.text:ti_sysbios_heaps_HeapMem_Module_GateProxy_enter__E)
                  20008ab8    00000200     sysbios.aem4 : BIOS.obj (.text:ti_sysbios_knl_Task_sleep__E)
                  20008cb8    000001fc     simplelink.a : driver.obj (.text:_SlDrvRxHdrRead)
                  20008eb4    00000004     app_pem4.oem4 (.text:ti_sysbios_heaps_HeapMem_Module_GateProxy_leave__E)
                  20008eb8    000001fc     sysbios.aem4 : BIOS.obj (.text:ti_sysbios_family_arm_m3_Hwi_excHandlerMax__I)
                  200090b4    000001f4     rtsv7M4_T_le_eabi.lib : ull_div_t2.obj (.text)
                  200092a8    000001d0     simplelink.a : driver.obj (.text:_SlDrvReleasePoolObj)
                  20009478    000001c8     sysbios.aem4 : BIOS.obj (.text:ti_sysbios_knl_Task_Instance_init__E)
                  20009640    000001b6     rtsv7M4_T_le_eabi.lib : fd_add_t2.obj (.text)
                  200097f6    00000002                           : i_div0.obj (.text)
                  200097f8    0000019c     simplelink.a : driver.obj (.text:_SlDrvMsgWrite)
                  20009994    00000004     app_pem4.oem4 (.text:ti_sysbios_knl_Clock_TimerProxy_getMaxTicks__E)
                  20009998    0000019c     sysbios.aem4 : BIOS.obj (.text:ti_sysbios_knl_Task_Module_startup__E)
                  20009b34    00000198     simplelink.a : netapp.obj (.text:sl_NetAppPingStart)
                  20009ccc    00000190                  : driver.obj (.text:_SlDrvDriverCBInit)
                  20009e5c    00000190                  : driver.obj (.text:_SlDrvWaitForPoolObj)
                  20009fec    00000178     driverlib.a : prcm.obj (.text:PRCMCC3200MCUInit)
                  2000a164    00000004     app_pem4.oem4 (.text:ti_sysbios_knl_Mailbox_delete)
                  2000a168    00000174     sysbios.aem4 : BIOS.obj (.text:ti_sysbios_family_arm_m3_Hwi_excBusFault__I)
                  2000a2dc    00000170     simplelink.a : driver.obj (.text:_SlFindAndSetActiveObj)
                  2000a44c    00000004     app_pem4.oem4 (.text:ti_sysbios_knl_Queue_destruct)
                  2000a450    00000164     sysbios.aem4 : BIOS.obj (.text:ti_sysbios_family_arm_m3_Hwi_excUsageFault__I)
                  2000a5b4    00000004     app_pem4.oem4 (.text:ti_sysbios_knl_Semaphore_delete)
                  2000a5b8    00000158     sysbios.aem4 : BIOS.obj (.text:ti_sysbios_knl_Mailbox_Instance_init__E)
                  2000a710    00000150     simplelink.a : cc_pal.obj (.text:spi_Open)
                  2000a860    00000148     sysbios.aem4 : BIOS.obj (.text:ti_sysbios_family_arm_m3_Hwi_excMemFault__I)
                  2000a9a8    00000140                  : BIOS.obj (.text:ti_sysbios_knl_Semaphore_post__E)
                  2000aae8    0000013c                  : BIOS.obj (.text:ti_sysbios_heaps_HeapMem_Instance_init__E)
                  2000ac24    00000004     app_pem4.oem4 (.text:ti_sysbios_knl_Semaphore_destruct)
                  2000ac28    00000138     sysbios.aem4 : BIOS.obj (.text:ti_sysbios_family_arm_m3_Hwi_dispatchC__I)
                  2000ad60    00000138     ti.targets.arm.rtsarm.aem4 : LoggerBuf.oem4 (.text:xdc_runtime_LoggerBuf_write8__E)
                  2000ae98    00000136     rtsv7M4_T_le_eabi.lib : fd_div_t2.obj (.text)
                  2000afce    00000002     app_pem4.oem4 (.text:ti_sysbios_BIOS_nullFunc__I)
                  2000afd0    00000134     sysbios.aem4 : BIOS.obj (.text:ti_sysbios_knl_Clock_workFunc__E)
                  2000b104    0000012c     simplelink.a : netapp.obj (.text:sl_NetAppDnsGetHostByName)
                  2000b230    00000120                  : driver.obj (.text:_SlDrvMsgReadCmdCtx)
                  2000b350    0000011c     sysbios.aem4 : BIOS.obj (.text:ti_sysbios_knl_Swi_run__I)
                  2000b46c    00000118     simplelink.a : driver.obj (.text:_SlDrvDriverCBDeinit)
                  2000b584    00000118     ti.targets.arm.rtsarm.aem4 : Error.oem4 (.text:xdc_runtime_Error_policyDefault__E)
                  2000b69c    00000104     simplelink.a : netapp.obj (.text:_SlDrvNetAppEventHandler)
                  2000b7a0    00000100     ti.targets.arm.rtsarm.aem4 : Core-mem.oem4 (.text:xdc_runtime_Core_createObject__I)
                  2000b8a0    000000fc     rtsv7M4_T_le_eabi.lib : fd_mul_t2.obj (.text)
                  2000b99c    000000f8     ti.targets.arm.rtsarm.aem4 : Startup.oem4 (.text:xdc_runtime_Startup_startMods__I)
                  2000ba94    000000f8     app_pem4.oem4 (.text:xdc_runtime_System_printfExtend__I)
                  2000bb8c    000000f0     driverlib.a : udma.obj (.text:uDMAChannelTransferSet)
                  2000bc7c    000000e8     simplelink.a : driver.obj (.text:_SlAsyncEventGenericHandler)
                  2000bd64    000000e4                  : device.obj (.text:sl_Stop)
                  2000be48    000000e0                  : device.obj (.text:sl_Start)
                  2000bf28    000000dc                  : driver.obj (.text:_SlDrvClassifyRxMsg)
                  2000c004    000000dc                  : cc_pal.obj (.text:spi_Read)
                  2000c0e0    000000d4                  : driver.obj (.text:_SlDrvMsgReadSpawnCtx)
                  2000c1b4    000000d4     ti.targets.arm.rtsarm.aem4 : LoggerBuf.oem4 (.text:xdc_runtime_LoggerBuf_write4__E)
                  2000c288    000000d0     rtsv7M4_T_le_eabi.lib : s_scalbn.obj (.text)
                  2000c358    000000d0     sysbios.aem4 : BIOS.obj (.text:ti_sysbios_family_arm_m3_Hwi_Module_startup__E)
                  2000c428    000000d0                  : m3_Hwi_asm.obj (.text:ti_sysbios_family_arm_m3_Hwi_dispatch__I)
                  2000c4f8    000000cc     simplelink.a : netapp.obj (.text:_sl_HandleAsync_DnsGetHostByService)
                  2000c5c4    00000004     app_pem4.oem4 (.text:ti_sysbios_knl_Task_delete)
                  2000c5c8    000000cc     sysbios.aem4 : BIOS.obj (.text:ti_sysbios_knl_Task_schedule__I)
                  2000c694    000000cc     ti.targets.arm.rtsarm.aem4 : Core-smem.oem4 (.text:xdc_runtime_Core_constructObject__I)
                  2000c760    000000c8     simplelink.a : netapp.obj (.text:sl_NetAppMDNSRegisterUnregisterService)
                  2000c828    000000c4                  : driver.obj (.text:_SlRemoveFromList)
                  2000c8ec    000000c0                  : driver.obj (.text:_SlDrvCmdOp)
                  2000c9ac    00000004     ti.targets.arm.rtsarm.aem4 : Error.oem4 (.text:xdc_runtime_Error_getSite__E)
                  2000c9b0    000000bc     sysbios.aem4 : BIOS.obj (.text:ti_sysbios_family_arm_m3_Hwi_excDebugMon__I)
                  2000ca6c    00000004     app_pem4.oem4 (.text:xdc_runtime_LoggerBuf_Module_GateProxy_enter__E)
                  2000ca70    000000bc     sysbios.aem4 : BIOS.obj (.text:ti_sysbios_family_arm_m3_Hwi_excHardFault__I)
                  2000cb2c    00000004     app_pem4.oem4 (.text:xdc_runtime_LoggerBuf_Module_GateProxy_leave__E)
                  2000cb30    000000bc     sysbios.aem4 : BIOS.obj (.text:ti_sysbios_knl_Task_startCore__E)
                  2000cbec    000000b4     simplelink.a : device.obj (.text:sl_DevGet)
                  2000cca0    000000b4     sysbios.aem4 : BIOS.obj (.text:ti_sysbios_gates_GateMutex_enter__E)
                  2000cd54    00000004     app_pem4.oem4 (.text:xdc_runtime_System_Module_GateProxy_enter__E)
                  2000cd58    000000b4     sysbios.aem4 : BIOS.obj (.text:ti_sysbios_knl_Task_checkStacks__E)
                  2000ce0c    00000004     app_pem4.oem4 (.text:xdc_runtime_System_Module_GateProxy_leave__E)
                  2000ce10    000000b4     sysbios.aem4 : BIOS.obj (.text:ti_sysbios_knl_Task_yield__E)
                  2000cec4    00000004     ti.targets.arm.rtsarm.aem4 : System.oem4 (.text:xdc_runtime_System_aprintf_va__F)
                  2000cec8    000000ac     sysbios.aem4 : BIOS.obj (.text:ti_sysbios_knl_Swi_post__E)
                  2000cf74    000000a8     driverlib.a : interrupt.obj (.text:IntEnable)
                  2000d01c    00000004     ti.targets.arm.rtsarm.aem4 : System.oem4 (.text:xdc_runtime_System_printf_va__F)
                  2000d020    000000a8     sysbios.aem4 : BIOS.obj (.text:ti_sysbios_knl_Task_blockI__E)
                  2000d0c8    000000a8                  : BIOS.obj (.text:ti_sysbios_knl_Task_postInit__I)
                  2000d170    000000a0     driverlib.a : spi.obj (.text:SPIConfigSetExpClk)
                  2000d210    000000a0     simplelink.a : driver.obj (.text:_SlDriverHandleError)
                  2000d2b0    000000a0     auto_init.aem4 : auto_init.oem4 (.text)
                  2000d350    000000a0     ti.targets.arm.rtsarm.aem4 : Text.oem4 (.text:xdc_runtime_Text_putMod__E)
                  2000d3f0    0000009c     rtsv7M4_T_le_eabi.lib : memcpy_t2.obj (.text)
                  2000d48c    00000002     app_pem4.oem4 (.text:xdc_runtime_Startup_reset__I)
                  2000d48e    00000002     --HOLE-- [fill = 0]
                  2000d490    0000009c     sysbios.aem4 : BIOS.obj (.text:ti_sysbios_knl_Semaphore_Instance_init__E)
                  2000d52c    0000009c     ti.targets.arm.rtsarm.aem4 : LoggerBuf.oem4 (.text:xdc_runtime_LoggerBuf_setFilterLevel__E)
                  2000d5c8    0000009a     simplelink.a : device.obj (.text:_SlDrvDeviceEventHandler)
                  2000d662    00000002     --HOLE-- [fill = 0]
                  2000d664    0000009a     ti.targets.arm.rtsarm.aem4 : Text.oem4 (.text:xdc_runtime_Text_putSite__E)
                  2000d6fe    00000002     --HOLE-- [fill = 0]
                  2000d700    00000098     sysbios.aem4 : BIOS.obj (.text:ti_sysbios_knl_Mailbox_post__E)
                  2000d798    00000094     driverlib.a : prcm.obj (.text:PRCMPeripheralClockGet)
                  2000d82c    00000004     --HOLE-- [fill = 0]
                  2000d830    00000094     sysbios.aem4 : BIOS.obj (.text:ti_sysbios_family_arm_m3_Hwi_Instance_init__E)
                  2000d8c4    00000004     --HOLE-- [fill = 0]
                  2000d8c8    00000094                  : BIOS.obj (.text:ti_sysbios_knl_Task_exit__E)
                  2000d95c    00000090     simplelink.a : netapp.obj (.text:_sl_HandleAsync_DnsGetHostByName)
                  2000d9ec    00000090                  : netapp.obj (.text:_sl_HandleAsync_PingResponse)
                  2000da7c    00000004     --HOLE-- [fill = 0]
                  2000da80    00000090     sysbios.aem4 : BIOS.obj (.text:ti_sysbios_knl_Task_unblockI__E)
                  2000db10    0000008c     simplelink.a : cc_pal.obj (.text:SetupDMAReceive)
                  2000db9c    0000008c                  : cc_pal.obj (.text:SetupDMASend)
                  2000dc28    0000008c                  : cc_pal.obj (.text:spi_Write)
                  2000dcb4    00000004     --HOLE-- [fill = 0]
                  2000dcb8    0000008c     sysbios.aem4 : BIOS.obj (.text:ti_sysbios_knl_Mailbox_pend__E)
                  2000dd44    00000088     driverlib.a : pin.obj (.text:PinConfigSet)
                  2000ddcc    00000088     rtsv7M4_T_le_eabi.lib : vsnprintf.obj (.text)
                  2000de54    00000004     --HOLE-- [fill = 0]
                  2000de58    00000088     sysbios.aem4 : BIOS.obj (.text:ti_sysbios_family_arm_m3_Hwi_initNVIC__E)
                  2000dee0    00000088                  : BIOS.obj (.text:ti_sysbios_knl_Mailbox_Module_startup__E)
                  2000df68    00000086     rtsv7M4_T_le_eabi.lib : fd_cmp_t2.obj (.text:__aeabi_cdcmple)
                  2000dfee    00000086                           : fd_cmp_t2.obj (.text:__aeabi_cdrcmple)
                  2000e074    00000004     --HOLE-- [fill = 0]
                  2000e078    00000084     sysbios.aem4 : BIOS.obj (.text:ti_sysbios_family_arm_m3_Hwi_postInit__I)
                  2000e0fc    00000082     driverlib.a : gpio.obj (.text:GPIOIntTypeSet)
                  2000e17e    00000002     --HOLE-- [fill = 0]
                  2000e180    00000080     simplelink.a : socket.obj (.text:_sl_HandleAsync_Connect)
                  2000e200    00000080                  : device.obj (.text:_sl_HandleAsync_InitComplete)
                  2000e280    00000080                  : cc_pal.obj (.text:spi_Read_CPU)
                  2000e300    00000080                  : cc_pal.obj (.text:spi_Write_CPU)
                  2000e380    0000007c                  : netcfg.obj (.text:sl_NetCfgSet)
                  2000e3fc    0000007c                  : wlan.obj (.text:sl_WlanSet)
                  2000e478    0000007c     sysbios.aem4 : BIOS.obj (.text:ti_sysbios_family_arm_m3_TimestampProvider_get64__E)
                  2000e4f4    0000007a     rtsv7M4_T_le_eabi.lib : memset_t2.obj (.text)
                  2000e56e    00000002     --HOLE-- [fill = 0]
                  2000e570    00000078     simplelink.a : wlan.obj (.text:sl_WlanPolicySet)
                  2000e5e8    00000078                  : cc_pal.obj (.text:spi_Close)
                  2000e660    00000076     driverlib.a : uart.obj (.text:UARTConfigSetExpClk)
                  2000e6d6    00000002     --HOLE-- [fill = 0]
                  2000e6d8    00000074     ti.targets.arm.rtsarm.aem4 : LoggerBuf.oem4 (.text:xdc_runtime_LoggerBuf_getFilterLevel__E)
                  2000e74c    00000004     --HOLE-- [fill = 0]
                  2000e750    00000070     sysbios.aem4 : BIOS.obj (.text:ti_sysbios_knl_Mailbox_Instance_finalize__E)
                  2000e7c0    0000006d     ti.targets.arm.rtsarm.aem4 : System.oem4 (.text:xdc_runtime_System_formatNum__I)
                  2000e82d    00000003     --HOLE-- [fill = 0]
                  2000e830    0000006c     simplelink.a : driver.obj (.text:_SlDrvCmdSend)
                  2000e89c    0000006c                  : netapp.obj (.text:_sl_NetAppSendTokenValue)
                  2000e908    0000006c                  : wlan.obj (.text:sl_WlanRxFilterSet)
                  2000e974    00000004     --HOLE-- [fill = 0]
                  2000e978    0000006c     sysbios.aem4 : BIOS.obj (.text:ti_sysbios_knl_Swi_restoreHwi__E)
                  2000e9e4    0000006c     ti.targets.arm.rtsarm.aem4 : Error.oem4 (.text:xdc_runtime_Error_print__E)
                  2000ea50    0000006c                                : Memory.oem4 (.text:xdc_runtime_Memory_alloc__E)
                  2000eabc    0000006a     rtsv7M4_T_le_eabi.lib : copy_decompress_rle.obj (.text)
                  2000eb26    00000002     --HOLE-- [fill = 0]
                  2000eb28    00000068                           : trgmsg.obj (.text)
                  2000eb90    00000066     ti.targets.arm.rtsarm.aem4 : Core-mem.oem4 (.text:xdc_runtime_Core_deleteObject__I)
                  2000ebf6    00000002     --HOLE-- [fill = 0]
                  2000ebf8    00000064     simplelink.a : socket.obj (.text:_sl_HandleAsync_Accept)
                  2000ec5c    00000064     pinmux.obj (.text)
                  2000ecc0    00000064     app_pem4.oem4 (.text:ti_sysbios_family_arm_m3_Hwi_create)
                  2000ed24    00000064     app_pem4.oem4 (.text:ti_sysbios_knl_Mailbox_create)
                  2000ed88    00000064     driverlib.a : udma.obj (.text:uDMAChannelAttributeDisable)
                  2000edec    00000064                 : udma.obj (.text:uDMAChannelAttributeEnable)
                  2000ee50    00000060     sysbios.aem4 : BIOS.obj (.text:ti_sysbios_knl_Clock_logTick__E)
                  2000eeb0    0000005c     rtsv7M4_T_le_eabi.lib : s_frexp.obj (.text)
                  2000ef0c    00000004     --HOLE-- [fill = 0]
                  2000ef10    0000005c     sysbios.aem4 : BIOS.obj (.text:ti_sysbios_knl_Swi_schedule__I)
                  2000ef6c    0000005c     app_pem4.oem4 (.text:ti_sysbios_knl_Task_create)
                  2000efc8    0000005c     app_pem4.oem4 (.text:xdc_runtime_LoggerBuf_Object__create__S)
                  2000f024    0000005b     ti.targets.arm.rtsarm.aem4 : Text.oem4 (.text:xdc_runtime_Text_putLab__E)
                  2000f07f    00000001     --HOLE-- [fill = 0]
                  2000f080    00000058     driverlib.a : interrupt.obj (.text:IntPendClear)
                  2000f0d8    00000058                 : prcm.obj (.text:PRCMPeripheralReset)
                  2000f130    00000058     sysbios.aem4 : BIOS.obj (.text:ti_sysbios_family_arm_m3_Timer_setPeriod__E)
                  2000f188    00000056     rtsv7M4_T_le_eabi.lib : ltoa.obj (.text)
                  2000f1de    00000002     --HOLE-- [fill = 0]
                  2000f1e0    00000054     simplelink.a : socket.obj (.text:_sl_HandleAsync_Select)
                  2000f234    00000054     rtsv7M4_T_le_eabi.lib : exit.obj (.text)
                  2000f288    00000054     sysbios.aem4 : BIOS.obj (.text:ti_sysbios_family_arm_m3_Timer_start__E)
                  2000f2dc    00000054     ti.targets.arm.rtsarm.aem4 : Assert.oem4 (.text:xdc_runtime_Assert_raise__I)
                  2000f330    00000050     simplelink.a : driver.obj (.text:_SlDrvRxIrqHandler)
                  2000f380    00000050                  : device.obj (.text:_sl_HandleAsync_Stop)
                  2000f3d0    00000050     ti.targets.arm.rtsarm.aem4 : Startup.oem4 (.text:xdc_runtime_Startup_exec__E)
                  2000f420    00000050                                : Text.oem4 (.text:xdc_runtime_Text_visitRope2__I)
                  2000f470    0000004c     driverlib.a : spi.obj (.text:SPIIntEnable)
                  2000f4bc    0000004c     simplelink.a : driver.obj (.text:_SlDrvProtectAsyncRespSetting)
                  2000f508    0000004c     rtsv7M4_T_le_eabi.lib : atoi.obj (.text)
                  2000f554    0000004c                           : cpy_tbl.obj (.text)
                  2000f5a0    0000004c     sysbios.aem4 : m3_TaskSupport_asm.obj (.text:ti_sysbios_family_arm_m3_TaskSupport_buildTaskStack)
                  2000f5ec    00000004     --HOLE-- [fill = 0]
                  2000f5f0    0000004c                  : BIOS.obj (.text:ti_sysbios_heaps_HeapMem_getStats__E)
                  2000f63c    00000004     --HOLE-- [fill = 0]
                  2000f640    0000004c                  : BIOS.obj (.text:ti_sysbios_knl_Swi_runLoop__I)
                  2000f68c    00000004     --HOLE-- [fill = 0]
                  2000f690    0000004c                  : BIOS.obj (.text:ti_sysbios_knl_Task_allBlockedFunction__I)
                  2000f6dc    0000004c     driverlib.a : udma.obj (.text:uDMAChannelAssign)
                  2000f728    00000048                 : spi.obj (.text:SPIIntClear)
                  2000f770    00000048     simplelink.a : driver.obj (.text:_SlDrvBasicCmd)
                  2000f7b8    00000048     rtsv7M4_T_le_eabi.lib : fd_toi_t2.obj (.text)
                  2000f800    00000048     simplelink.a : netapp.obj (.text:sl_NetAppMDNSUnRegisterService)
                  2000f848    00000048     sysbios.aem4 : BIOS.obj (.text:ti_sysbios_family_arm_m3_Hwi_disableInterrupt__E)
                  2000f890    00000048                  : BIOS.obj (.text:ti_sysbios_family_arm_m3_Hwi_enableInterrupt__E)
                  2000f8d8    00000048                  : BIOS.obj (.text:ti_sysbios_family_arm_m3_Hwi_excReserved__I)
                  2000f920    00000048                  : m3_Hwi_asm_switch.obj (.text:ti_sysbios_family_arm_m3_Hwi_initStacks__E)
                  2000f968    00000048                  : BIOS.obj (.text:ti_sysbios_family_arm_m3_Timer_initDevice__I)
                  2000f9b0    00000046     ti.targets.arm.rtsarm.aem4 : Core-params.oem4 (.text:xdc_runtime_Core_assignParams__I)
                  2000f9f6    00000002     --HOLE-- [fill = 0]
                  2000f9f8    00000044     driverlib.a : spi.obj (.text:SPIDmaMaskGet)
                  2000fa3c    00000044     simplelink.a : driver.obj (.text:_SlDrvHandleHttpServerEvents)
                  2000fa80    00000044     boot.aem4 : boot.oem4 (.text)
                  2000fac4    00000044     simplelink.a : cc_pal.obj (.text:cc_SetupTransfer)
                  2000fb08    00000044                  : wlan.obj (.text:sl_WlanProfileDel)
                  2000fb4c    00000044                  : wlan.obj (.text:sl_WlanSetMode)
                  2000fb90    00000044     sysbios.aem4 : BIOS.obj (.text:ti_sysbios_family_arm_m3_Hwi_getStackInfo__E)
                  2000fbd4    00000004     --HOLE-- [fill = 0]
                  2000fbd8    00000044                  : BIOS.obj (.text:ti_sysbios_knl_Mailbox_postInit__I)
                  2000fc1c    00000044     ti.targets.arm.rtsarm.aem4 : Error.oem4 (.text:xdc_runtime_Error_setX__E)
                  2000fc60    00000044                                : LoggerBuf.oem4 (.text:xdc_runtime_LoggerBuf_filterOutEvent__I)
                  2000fca4    00000044                                : SysMin.oem4 (.text:xdc_runtime_SysMin_flush__E)
                  2000fce8    00000044                                : Text.oem4 (.text:xdc_runtime_Text_xprintf__I)
                  2000fd2c    00000040     driverlib.a : pin.obj (.text:PinModeSet)
                  2000fd6c    00000040     simplelink.a : driver.obj (.text:_SlDrvHandleNetAppEvents)
                  2000fdac    00000040                  : driver.obj (.text:_SlDrvHandleWlanEvents)
                  2000fdec    00000040                  : driver.obj (.text:_SlDrvSyncObjWaitTimeout)
                  2000fe2c    00000040     rtsv7M4_T_le_eabi.lib : u_divt2.obj (.text)
                  2000fe6c    00000004     --HOLE-- [fill = 0]
                  2000fe70    00000040     sysbios.aem4 : BIOS.obj (.text:ti_sysbios_family_arm_m3_Timer_Module_startup__E)
                  2000feb0    0000003e     app_pem4.oem4 (.text:realloc)
                  2000feee    0000003c     simplelink.a : netapp.obj (.text:CopyPingResultsToReport)
                  2000ff2a    00000002     --HOLE-- [fill = 0]
                  2000ff2c    0000003c     driverlib.a : prcm.obj (.text:PRCMPeripheralClkEnable)
                  2000ff68    0000003c     sysbios.aem4 : BIOS.obj (.text:ti_sysbios_family_arm_m3_Hwi_excSvCall__I)
                  2000ffa4    00000004     --HOLE-- [fill = 0]
                  2000ffa8    0000003c                  : BIOS.obj (.text:ti_sysbios_heaps_HeapMem_init__I)
                  2000ffe4    00000004     --HOLE-- [fill = 0]
                  2000ffe8    0000003c                  : BIOS.obj (.text:ti_sysbios_knl_Swi_startup__E)
                  20010024    0000003c     driverlib.a : udma.obj (.text:uDMAChannelControlSet)
                  20010060    0000003a     ti.targets.arm.rtsarm.aem4 : LoggerBuf.oem4 (.text:xdc_runtime_LoggerBuf_Instance_init__E)
                  2001009a    00000002     --HOLE-- [fill = 0]
                  2001009c    00000038     simplelink.a : cc_pal.obj (.text:NwpPowerOff)
                  200100d4    00000004     --HOLE-- [fill = 0]
                  200100d8    00000038     sysbios.aem4 : BIOS.obj (.text:ti_sysbios_family_arm_m3_Hwi_excNoIsr__I)
                  20010110    00000038                  : BIOS.obj (.text:ti_sysbios_knl_Task_processVitalTaskFlag__I)
                  20010148    00000038     ti.targets.arm.rtsarm.aem4 : SysMin.oem4 (.text:xdc_runtime_SysMin_putch__E)
                  20010180    00000038                                : System.oem4 (.text:xdc_runtime_System_atexit__E)
                  200101b8    00000036     driverlib.a : gpio.obj (.text:GPIODirModeSet)
                  200101ee    00000002     --HOLE-- [fill = 0]
                  200101f0    00000034                 : prcm.obj (.text:PRCMPeripheralStatusGet)
                  20010224    00000034                 : spi.obj (.text:SPIFIFOLevelSet)
                  20010258    00000034     sysbios.aem4 : BIOS.obj (.text:ti_sysbios_family_arm_m3_Hwi_Instance_finalize__E)
                  2001028c    00000004     --HOLE-- [fill = 0]
                  20010290    00000034                  : BIOS.obj (.text:ti_sysbios_family_arm_m3_Hwi_excNmi__I)
                  200102c4    00000004     --HOLE-- [fill = 0]
                  200102c8    00000034                  : BIOS.obj (.text:ti_sysbios_family_arm_m3_Timer_periodicStub__I)
                  200102fc    00000004     --HOLE-- [fill = 0]
                  20010300    00000034                  : BIOS.obj (.text:ti_sysbios_hal_Hwi_checkStack)
                  20010334    00000034     app_pem4.oem4 (.text:ti_sysbios_knl_Semaphore_create)
                  20010368    00000034     ti.targets.arm.rtsarm.aem4 : Core-label.oem4 (.text:xdc_runtime_Core_assignLabel__I)
                  2001039c    00000033                                : Text.oem4 (.text:xdc_runtime_Text_printVisFxn__I)
                  200103cf    00000001     --HOLE-- [fill = 0]
                  200103d0    00000032     sysbios.aem4 : BIOS.obj (.text:ti_sysbios_hal_Hwi_initStack)
                  20010402    00000006     driverlib.a : utils.obj (.text:UtilsDelay)
                  20010408    00000032     sysbios.aem4 : BIOS.obj (.text:ti_sysbios_knl_Semaphore_pendTimeout__I)
                  2001043a    00000030     driverlib.a : pin.obj (.text:PinTypeGPIO)
                  2001046a    00000002     --HOLE-- [fill = 0]
                  2001046c    00000030                 : uart.obj (.text:UARTDisable)
                  2001049c    00000030     app_pem4.oem4 (.text:ti_sysbios_BIOS_atExitFunc__I)
                  200104cc    00000004     --HOLE-- [fill = 0]
                  200104d0    00000030     sysbios.aem4 : BIOS.obj (.text:ti_sysbios_family_arm_m3_TaskSupport_start__E)
                  20010500    00000030     app_pem4.oem4 (.text:ti_sysbios_gates_GateHwi_Object__create__S)
                  20010530    00000030     app_pem4.oem4 (.text:ti_sysbios_gates_GateMutex_Object__create__S)
                  20010560    00000030     app_pem4.oem4 (.text:ti_sysbios_heaps_HeapMem_Object__create__S)
                  20010590    00000030     app_pem4.oem4 (.text:ti_sysbios_knl_Semaphore_construct)
                  200105c0    00000030     ti.targets.arm.rtsarm.aem4 : SysMin.oem4 (.text:xdc_runtime_SysMin_abort__E)
                  200105f0    00000030                                : System.oem4 (.text:xdc_runtime_System_processAtExit__E)
                  20010620    0000002e     app_pem4.oem4 (.text:malloc)
                  2001064e    0000002e     rtsv7M4_T_le_eabi.lib : i_tofd_t2.obj (.text)
                  2001067c    0000002c     simplelink.a : cc_pal.obj (.text:DmaSpiSwIntHandler)
                  200106a8    0000002c     driverlib.a : prcm.obj (.text:PRCMSysResetCauseGet)
                  200106d4    0000002c     app_pem4.oem4 (.text:ti_sysbios_knl_Clock_doTick__I)
                  20010700    0000002c     app_pem4.oem4 (.text:ti_sysbios_knl_Queue_construct)
                  2001072c    00000004     --HOLE-- [fill = 0]
                  20010730    0000002c     sysbios.aem4 : BIOS.obj (.text:ti_sysbios_knl_Task_restore__E)
                  2001075c    0000002c     ti.targets.arm.rtsarm.aem4 : Text.oem4 (.text:xdc_runtime_Text_cordText__E)
                  20010788    0000002a                                : System.oem4 (.text:xdc_runtime_System_putchar__I)
                  200107b2    00000002     --HOLE-- [fill = 0]
                  200107b4    00000028     driverlib.a : prcm.obj (.text:PRCMPeripheralClkDisable)
                  200107dc    00000028     simplelink.a : driver.obj (.text:_SlDrvObjGlobalLockWaitForever)
                  20010804    00000028                  : driver.obj (.text:_SlDrvProtectionObjLockWaitForever)
                  2001082c    00000004     --HOLE-- [fill = 0]
                  20010830    00000028     sysbios.aem4 : BIOS.obj (.text:ti_sysbios_knl_Swi_Module_startup__E)
                  20010858    00000028     ti.targets.arm.rtsarm.aem4 : LoggerBuf.oem4 (.text:xdc_runtime_LoggerBuf_Module_startup__E)
                  20010880    00000026     simplelink.a : cc_pal.obj (.text:NwpRegisterInterruptHandler)
                  200108a6    00000026     network_common.obj (.text)
                  200108cc    00000026     ti.targets.arm.rtsarm.aem4 : System.oem4 (.text:xdc_runtime_System_avprintf__E)
                  200108f2    00000024     driverlib.a : uart.obj (.text:UARTEnable)
                  20010916    00000002     --HOLE-- [fill = 0]
                  20010918    00000024     simplelink.a : driver.obj (.text:_SlDrvGlobalObjUnLock)
                  2001093c    00000024                  : driver.obj (.text:_SlDrvProtectionObjUnLock)
                  20010960    00000024                  : driver.obj (.text:_SlDrvSyncObjWaitForever)
                  20010984    00000024     rtsv7M4_T_le_eabi.lib : memmov.obj (.text)
                  200109a8    00000024     app_pem4.oem4 (.text:ti_sysbios_BIOS_errorRaiseHook__I)
                  200109cc    00000024     app_pem4.oem4 (.text:ti_sysbios_BIOS_registerRTSLock__I)
                  200109f0    00000024     app_pem4.oem4 (.text:ti_sysbios_BIOS_removeRTSLock__I)
                  20010a14    00000024     app_pem4.oem4 (.text:ti_sysbios_BIOS_startFunc__I)
                  20010a38    00000024     sysbios.aem4 : BIOS.obj (.text:ti_sysbios_family_arm_m3_Hwi_doTaskRestore__I)
                  20010a5c    00000004     --HOLE-- [fill = 0]
                  20010a60    00000024                  : BIOS.obj (.text:ti_sysbios_family_arm_m3_Timer_startup__E)
                  20010a84    00000024     app_pem4.oem4 (.text:ti_sysbios_gates_GateMutex_Object__delete__S)
                  20010aa8    00000024     sysbios.aem4 : BIOS.obj (.text:ti_sysbios_knl_Clock_Module_startup__E)
                  20010acc    00000024     app_pem4.oem4 (.text:ti_sysbios_knl_Semaphore_Object__delete__S)
                  20010af0    00000024     ti.targets.arm.rtsarm.aem4 : System.oem4 (.text:xdc_runtime_System_vprintf__E)
                  20010b14    00000022     driverlib.a : spi.obj (.text:SPIReset)
                  20010b36    00000022                 : spi.obj (.text:SPIWordCountSet)
                  20010b58    00000022     app_pem4.oem4 (.text:xdc_runtime_SysMin_output__I)
                  20010b7a    00000020     driverlib.a : gpio.obj (.text:GPIOPinWrite)
                  20010b9a    00000002     --HOLE-- [fill = 0]
                  20010b9c    00000020     simplelink.a : cc_pal.obj (.text:NwpPowerOn)
                  20010bbc    00000020                  : wlan.obj (.text:sl_WlanDisconnect)
                  20010bdc    00000020     app_pem4.oem4 (.text:ti_sysbios_BIOS_rtsLock__I)
                  20010bfc    00000020     app_pem4.oem4 (.text:ti_sysbios_family_arm_m3_Hwi_Object__delete__S)
                  20010c1c    00000020     sysbios.aem4 : m3_Hwi_asm.obj (.text:ti_sysbios_family_arm_m3_Hwi_excHandlerAsm__I)
                  20010c3c    00000004     --HOLE-- [fill = 0]
                  20010c40    00000020                  : BIOS.obj (.text:ti_sysbios_family_arm_m3_Hwi_excHandler__I)
                  20010c60    00000020                  : BIOS.obj (.text:ti_sysbios_family_arm_m3_TimestampProvider_Module_startup__E)
                  20010c80    00000020     app_pem4.oem4 (.text:ti_sysbios_gates_GateHwi_Object__delete__S)
                  20010ca0    00000020     app_pem4.oem4 (.text:ti_sysbios_heaps_HeapMem_Object__delete__S)
                  20010cc0    00000020     sysbios.aem4 : BIOS.obj (.text:ti_sysbios_knl_Idle_run__E)
                  20010ce0    00000020     app_pem4.oem4 (.text:ti_sysbios_knl_Mailbox_Object__delete__S)
                  20010d00    00000020     app_pem4.oem4 (.text:ti_sysbios_knl_Semaphore_Object__destruct__S)
                  20010d20    00000020     app_pem4.oem4 (.text:ti_sysbios_knl_Task_Object__delete__S)
                  20010d40    00000020     app_pem4.oem4 (.text:xdc_runtime_LoggerBuf_Object__delete__S)
                  20010d60    00000020     ti.targets.arm.rtsarm.aem4 : LoggerBuf.oem4 (.text:xdc_runtime_LoggerBuf_reset__E)
                  20010d80    00000020                                : Registry.oem4 (.text:xdc_runtime_Registry_findById__E)
                  20010da0    00000020                                : SysMin.oem4 (.text:xdc_runtime_SysMin_Module_startup__E)
                  20010dc0    0000001e     driverlib.a : uart.obj (.text:UARTCharPut)
                  20010dde    0000001e     simplelink.a : driver.obj (.text:_SlDrvSyncObjSignal)
                  20010dfc    0000001e                  : cc_pal.obj (.text:cc_UDMAChannelSelect)
                  20010e1a    0000001e     sysbios.aem4 : m3_Hwi_asm_switch.obj (.text:ti_sysbios_family_xxx_Hwi_switchAndRunFunc)
                  20010e38    0000001c     driverlib.a : uart.obj (.text:UARTCharGetNonBlocking)
                  20010e54    0000001c     rtsv7M4_T_le_eabi.lib : memccpy.obj (.text)
                  20010e70    0000001c     sysbios.aem4 : BIOS.obj (.text:ti_sysbios_family_arm_m3_Hwi_setPriority__E)
                  20010e8c    00000004     --HOLE-- [fill = 0]
                  20010e90    0000001c                  : BIOS.obj (.text:ti_sysbios_gates_GateMutex_Instance_init__E)
                  20010eac    0000001c     app_pem4.oem4 (.text:ti_sysbios_knl_Queue_Object__destruct__S)
                  20010ec8    0000001c     sysbios.aem4 : BIOS.obj (.text:ti_sysbios_knl_Task_enter__I)
                  20010ee4    0000001c     driverlib.a : udma.obj (.text:uDMAChannelEnable)
                  20010f00    0000001c     ti.targets.arm.rtsarm.aem4 : Error.oem4 (.text:xdc_runtime_Error_raiseX__E)
                  20010f1c    0000001c                                : Memory.oem4 (.text:xdc_runtime_Memory_valloc__E)
                  20010f38    0000001c                                : SysMin.oem4 (.text:xdc_runtime_SysMin_exit__E)
                  20010f54    0000001c                                : System.oem4 (.text:xdc_runtime_System_abort__E)
                  20010f70    0000001a     driverlib.a : gpio.obj (.text:GPIOIntEnable)
                  20010f8a    0000001a                 : pin.obj (.text:PinTypeUART)
                  20010fa4    0000001a                 : spi.obj (.text:SPIDmaDisable)
                  20010fbe    0000001a                 : spi.obj (.text:SPIDmaEnable)
                  20010fd8    0000001a                 : spi.obj (.text:SPIFIFODisable)
                  20010ff2    0000001a                 : spi.obj (.text:SPIFIFOEnable)
                  2001100c    0000001a     app_pem4.oem4 (.text:ti_sysbios_family_arm_m3_Hwi_Handle__label__S)
                  20011026    0000001a     sysbios.aem4 : m3_Hwi_asm.obj (.text:ti_sysbios_family_arm_m3_Hwi_pendSV__I)
                  20011040    0000001a     app_pem4.oem4 (.text:ti_sysbios_gates_GateHwi_Handle__label__S)
                  2001105a    0000001a     app_pem4.oem4 (.text:ti_sysbios_gates_GateMutex_Handle__label__S)
                  20011074    0000001a     app_pem4.oem4 (.text:ti_sysbios_heaps_HeapMem_Handle__label__S)
                  2001108e    0000001a     app_pem4.oem4 (.text:ti_sysbios_knl_Swi_Handle__label__S)
                  200110a8    0000001a     app_pem4.oem4 (.text:ti_sysbios_knl_Task_Handle__label__S)
                  200110c2    00000006     rtsv7M4_T_le_eabi.lib : copy_decompress_rle.obj (.text:decompress:rle24)
                  200110c8    0000001a     sysbios.aem4 : BIOS.obj (.text:ti_sysbios_knl_Task_sleepTimeout__I)
                  200110e2    0000001a     app_pem4.oem4 (.text:xdc_runtime_LoggerBuf_Handle__label__S)
                  200110fc    0000001a     app_pem4.oem4 (.text:xdc_runtime_System_aprintf__E)
                  20011116    0000001a     app_pem4.oem4 (.text:xdc_runtime_System_printf__E)
                  20011130    00000018     driverlib.a : gpio.obj (.text:GPIOPinRead)
                  20011148    00000018                 : spi.obj (.text:SPICSDisable)
                  20011160    00000018                 : spi.obj (.text:SPICSEnable)
                  20011178    00000018                 : spi.obj (.text:SPIDisable)
                  20011190    00000018                 : spi.obj (.text:SPIEnable)
                  200111a8    00000018                 : uart.obj (.text:UARTCharsAvail)
                  200111c0    00000018     simplelink.a : device.obj (.text:_sl_GetStartResponseConvert)
                  200111d8    00000018     app_pem4.oem4 (.text:free)
                  200111f0    00000018     rtsv7M4_T_le_eabi.lib : args_main.obj (.text)
                  20011208    00000018     app_pem4.oem4 (.text:ti_sysbios_BIOS_rtsUnlock__I)
                  20011220    00000018     app_pem4.oem4 (.text:ti_sysbios_family_arm_m3_Hwi_Module__startupDone__F)
                  20011238    00000018     app_pem4.oem4 (.text:ti_sysbios_family_arm_m3_Timer_Module__startupDone__F)
                  20011250    00000018     sysbios.aem4 : BIOS.obj (.text:ti_sysbios_gates_GateMutex_leave__E)
                  20011268    00000018     ti.targets.arm.rtsarm.aem4 : Error.oem4 (.text:xdc_runtime_Error_check__E)
                  20011280    00000018                                : System.oem4 (.text:xdc_runtime_System_exit__E)
                  20011298    00000018                                : Text.oem4 (.text:xdc_runtime_Text_ropeText__E)
                  200112b0    00000016     driverlib.a : prcm.obj (.text:PRCMHIBRegRead)
                  200112c6    00000016                 : prcm.obj (.text:PRCMHIBRegWrite)
                  200112dc    00000016     simplelink.a : driver.obj (.text:_SlDrvMemZero)
                  200112f2    00000016     rtsv7M4_T_le_eabi.lib : strchr.obj (.text)
                  20011308    00000016     app_pem4.oem4 (.text:ti_sysbios_BIOS_exitFunc__I)
                  2001131e    00000014     driverlib.a : cpu.obj (.text:CPUcpsie)
                  20011332    00000014                 : gpio.obj (.text:GPIOIntClear)
                  20011346    00000002     --HOLE-- [fill = 0]
                  20011348    00000014     rtsv7M4_T_le_eabi.lib : _lock.obj (.text)
                  2001135c    00000014                           : strcpy.obj (.text)
                  20011370    00000014                           : strlen.obj (.text)
                  20011384    00000014     app_pem4.oem4 (.text:ti_sysbios_family_arm_m3_Hwi_Object__get__S)
                  20011398    00000014     sysbios.aem4 : BIOS.obj (.text:ti_sysbios_family_arm_m3_Hwi_switchFromBootStack__E)
                  200113ac    00000014     app_pem4.oem4 (.text:ti_sysbios_heaps_HeapMem_Object__get__S)
                  200113c0    00000014     app_pem4.oem4 (.text:ti_sysbios_knl_Swi_Object__get__S)
                  200113d4    00000014     app_pem4.oem4 (.text:xdc_runtime_LoggerBuf_Object__get__S)
                  200113e8    00000012     sysbios.aem4 : BIOS.obj (.text:ti_sysbios_hal_Hwi_Module_startup__E)
                  200113fa    00000006     ti.targets.arm.rtsarm.aem4 : System.oem4 (.text:xdc_runtime_System_Module_startup__E)
                  20011400    00000012     sysbios.aem4 : BIOS.obj (.text:ti_sysbios_hal_Timer_Module_startup__E)
                  20011412    00000012     ti.targets.arm.rtsarm.aem4 : LoggerBuf.oem4 (.text:xdc_runtime_LoggerBuf_Instance_finalize__E)
                  20011424    00000012                                : LoggerBuf.oem4 (.text:xdc_runtime_LoggerBuf_write1__E)
                  20011436    00000012                                : LoggerBuf.oem4 (.text:xdc_runtime_LoggerBuf_write2__E)
                  20011448    00000012     app_pem4.oem4 (.text:xdc_runtime_Startup_exec__I)
                  2001145a    00000010     simplelink.a : driver.obj (.text:_SlDrvDispatchHttpServerEvents)
                  2001146a    00000006     --HOLE-- [fill = 0]
                  20011470    00000010     sysbios.aem4 : BIOS.obj (.text:ti_sysbios_BIOS_setThreadType__E)
                  20011480    00000010                  : BIOS.obj (.text:ti_sysbios_BIOS_start__E)
                  20011490    00000010                  : BIOS.obj (.text:ti_sysbios_family_arm_m3_Hwi_getHandle__E)
                  200114a0    00000010                  : m3_TaskSupport_asm.obj (.text:ti_sysbios_family_arm_m3_TaskSupport_glue)
                  200114b0    00000010                  : m3_TaskSupport_asm.obj (.text:ti_sysbios_family_arm_m3_TaskSupport_swap__E)
                  200114c0    00000010                  : BIOS.obj (.text:ti_sysbios_gates_GateMutex_Instance_finalize__E)
                  200114d0    00000010     app_pem4.oem4 (.text:ti_sysbios_knl_Mailbox_Object__get__S)
                  200114e0    00000010     sysbios.aem4 : BIOS.obj (.text:ti_sysbios_knl_Semaphore_Instance_finalize__E)
                  200114f0    00000010                  : BIOS.obj (.text:ti_sysbios_knl_Swi_disable__E)
                  20011500    00000010     app_pem4.oem4 (.text:ti_sysbios_knl_Task_Object__get__S)
                  20011510    00000010     sysbios.aem4 : BIOS.obj (.text:ti_sysbios_knl_Task_disable__E)
                  20011520    00000010     ti.targets.arm.rtsarm.aem4 : Gate.oem4 (.text:xdc_runtime_Gate_leaveSystem__E)
                  20011530    00000010                                : LoggerBuf.oem4 (.text:xdc_runtime_LoggerBuf_write0__E)
                  20011540    00000010                                : Memory.oem4 (.text:xdc_runtime_Memory_free__E)
                  20011550    00000010                                : SysMin.oem4 (.text:xdc_runtime_SysMin_ready__E)
                  20011560    00000010                                : System.oem4 (.text:xdc_runtime_System_vsnprintf__E)
                  20011570    00000010     app_pem4.oem4 (.text:xdc_runtime_Text_visitRope__I)
                  20011580    0000000e     simplelink.a : driver.obj (.text:_SlDrvResetCmdExt)
                  2001158e    0000000e     rtsv7M4_T_le_eabi.lib : copy_decompress_none.obj (.text:decompress:none)
                  2001159c    00000004     --HOLE-- [fill = 0]
                  200115a0    0000000e     sysbios.aem4 : BIOS.obj (.text:ti_sysbios_knl_Idle_loop__E)
                  200115ae    00000002     --HOLE-- [fill = 0]
                  200115b0    0000000e                  : BIOS.obj (.text:ti_sysbios_knl_Queue_empty__E)
                  200115be    00000002     --HOLE-- [fill = 0]
                  200115c0    0000000c     simplelink.a : cc_pal.obj (.text:NwpMaskInterrupt)
                  200115cc    0000000c                  : cc_pal.obj (.text:NwpUnMaskInterrupt)
                  200115d8    0000000c     app_pem4.oem4 (.text:ti_sysbios_family_arm_m3_Hwi_Params__init__S)
                  200115e4    00000004     --HOLE-- [fill = 0]
                  200115e8    0000000c     sysbios.aem4 : BIOS.obj (.text:ti_sysbios_family_arm_m3_Hwi_disableFxn__E)
                  200115f4    00000004     --HOLE-- [fill = 0]
                  200115f8    0000000c                  : BIOS.obj (.text:ti_sysbios_family_arm_m3_TaskSupport_checkStack__E)
                  20011604    00000004     --HOLE-- [fill = 0]
                  20011608    0000000c                  : BIOS.obj (.text:ti_sysbios_family_arm_m3_TaskSupport_getStackAlignment__E)
                  20011614    00000004     --HOLE-- [fill = 0]
                  20011618    0000000c                  : BIOS.obj (.text:ti_sysbios_gates_GateHwi_enter__E)
                  20011624    0000000c     app_pem4.oem4 (.text:ti_sysbios_knl_Queue_Object__get__S)
                  20011630    0000000c     app_pem4.oem4 (.text:ti_sysbios_knl_Semaphore_Params__init__S)
                  2001163c    0000000c     app_pem4.oem4 (.text:ti_sysbios_knl_Task_Params__init__S)
                  20011648    0000000c     ti.targets.arm.rtsarm.aem4 : Error.oem4 (.text:xdc_runtime_Error_init__E)
                  20011654    0000000c                                : Gate.oem4 (.text:xdc_runtime_Gate_enterSystem__E)
                  20011660    0000000c                                : Memory.oem4 (.text:xdc_runtime_Memory_calloc__E)
                  2001166c    0000000c                                : Memory.oem4 (.text:xdc_runtime_Memory_getMaxDefaultTypeAlign__E)
                  20011678    0000000a     driverlib.a : interrupt.obj (.text:IntMasterEnable)
                  20011682    0000000a     app_pem4.oem4 (.text:xdc_runtime_IHeap_alloc)
                  2001168c    0000000a     app_pem4.oem4 (.text:xdc_runtime_IHeap_free)
                  20011696    0000000a     ti.targets.arm.rtsarm.aem4 : LoggerBuf.oem4 (.text:xdc_runtime_LoggerBuf_disable__E)
                  200116a0    0000000a                                : LoggerBuf.oem4 (.text:xdc_runtime_LoggerBuf_enable__E)
                  200116aa    00000008     rtsv7M4_T_le_eabi.lib : s_copysign.obj (.text)
                  200116b2    00000006     --HOLE-- [fill = 0]
                  200116b8    00000008     sysbios.aem4 : BIOS.obj (.text:ti_sysbios_family_arm_m3_Hwi_doSwiRestore__I)
                  200116c0    00000008                  : BIOS.obj (.text:ti_sysbios_family_arm_m3_Hwi_startup__E)
                  200116c8    00000006                  : BIOS.obj (.text:ti_sysbios_family_arm_m3_Hwi_restoreFxn__E)
                  200116ce    00000002     --HOLE-- [fill = 0]
                  200116d0    00000006                  : BIOS.obj (.text:ti_sysbios_gates_GateHwi_leave__E)
                  200116d6    00000002     --HOLE-- [fill = 0]
                  200116d8    00000006                  : BIOS.obj (.text:ti_sysbios_heaps_HeapMem_isBlocking__E)
                  200116de    00000002     --HOLE-- [fill = 0]
                  200116e0    00000006                  : BIOS.obj (.text:ti_sysbios_knl_Queue_Instance_init__E)
                  200116e6    00000002     --HOLE-- [fill = 0]
                  200116e8    00000004                  : BIOS.obj (.text:ti_sysbios_family_arm_m3_Timer_getMaxTicks__E)
                  200116ec    00000004     --HOLE-- [fill = 0]
                  200116f0    00000004                  : BIOS.obj (.text:ti_sysbios_gates_GateHwi_query__E)
                  200116f4    00000004     --HOLE-- [fill = 0]
                  200116f8    00000004                  : BIOS.obj (.text:ti_sysbios_gates_GateMutex_query__E)
                  200116fc    00000004     --HOLE-- [fill = 0]
                  20011700    00000004                  : BIOS.obj (.text:ti_sysbios_knl_Task_startup__E)
                  20011704    00000004     --HOLE-- [fill = 0]
                  20011708    00000002                  : BIOS.obj (.text:ti_sysbios_gates_GateHwi_Instance_init__E)

.const     0    2001170c    000024f6     
                  2001170c    000018cb     app_pem4.oem4 (.const:xdc_runtime_Text_charTab__A)
                  20012fd7    00000101     rtsv7M4_T_le_eabi.lib : ctype.obj (.const:.string:_ctypes_)
                  200130d8    00000100     driverlib.a : pin.obj (.const:g_ulPinToPadMap)
                  200131d8    000000b8     app_pem4.oem4 (.const:xdc_runtime_Text_nodeTab__A)
                  20013290    000000a8     driverlib.a : prcm.obj (.const:PRCM_PeriphRegsList)
                  20013338    00000048     app_pem4.oem4 (.const:.string)
                  20013380    0000003c     simplelink.a : driver.obj (.const:OpcodeTranslateTable)
                  200133bc    0000003c     app_pem4.oem4 (.const:ti_sysbios_knl_Task_Object__PARAMS__C)
                  200133f8    0000003c     app_pem4.oem4 (.const:xdc_runtime_LoggerBuf_Module__FXNS__C)
                  20013434    00000038     simplelink.a : driver.obj (.const:_SlActionLookupTable)
                  2001346c    00000034     app_pem4.oem4 (.const:ti_sysbios_knl_Mailbox_Object__PARAMS__C)
                  200134a0    00000030     app_pem4.oem4 (.const:ti_sysbios_family_arm_m3_Hwi_Object__PARAMS__C)
                  200134d0    00000030     app_pem4.oem4 (.const:xdc_runtime_Startup_sfxnTab__A)
                  20013500    0000002c     main.obj (.const:$P$T1$2)
                  2001352c    00000028     app_pem4.oem4 (.const:ti_sysbios_heaps_HeapMem_Module__FXNS__C)
                  20013554    00000024     app_pem4.oem4 (.const:ti_sysbios_gates_GateHwi_Module__FXNS__C)
                  20013578    00000024     app_pem4.oem4 (.const:ti_sysbios_gates_GateMutex_Module__FXNS__C)
                  2001359c    00000024     app_pem4.oem4 (.const:ti_sysbios_heaps_HeapMem_Object__PARAMS__C)
                  200135c0    00000024     app_pem4.oem4 (.const:ti_sysbios_knl_Semaphore_Object__PARAMS__C)
                  200135e4    00000024     app_pem4.oem4 (.const:xdc_runtime_LoggerBuf_Object__PARAMS__C)
                  20013608    00000022     main.obj (.const:.string:$P$T0$1)
                  2001362a    00000002     app_pem4.oem4 (.const:ti_sysbios_family_arm_m3_Hwi_Module__id__C)
                  2001362c    00000020     main.obj (.const:$P$T4$5)
                  2001364c    00000020     main.obj (.const:$P$T7$8)
                  2001366c    00000020     simplelink.a : driver.obj (.const:RxMsgClassLUT)
                  2001368c    00000020     app_pem4.oem4 (.const:ti_sysbios_family_arm_m3_Hwi_Object__DESC__C)
                  200136ac    00000020     app_pem4.oem4 (.const:ti_sysbios_gates_GateHwi_Object__DESC__C)
                  200136cc    00000020     app_pem4.oem4 (.const:ti_sysbios_gates_GateMutex_Object__DESC__C)
                  200136ec    00000020     app_pem4.oem4 (.const:ti_sysbios_heaps_HeapMem_Object__DESC__C)
                  2001370c    00000020     app_pem4.oem4 (.const:ti_sysbios_knl_Mailbox_Object__DESC__C)
                  2001372c    00000020     app_pem4.oem4 (.const:ti_sysbios_knl_Queue_Object__DESC__C)
                  2001374c    00000020     app_pem4.oem4 (.const:ti_sysbios_knl_Semaphore_Object__DESC__C)
                  2001376c    00000020     app_pem4.oem4 (.const:ti_sysbios_knl_Task_Object__DESC__C)
                  2001378c    00000020     app_pem4.oem4 (.const:xdc_runtime_LoggerBuf_Object__DESC__C)
                  200137ac    00000018     main.obj (.const:.string:$P$T6$7)
                  200137c4    00000018     driverlib.a : interrupt.obj (.const:g_pulEnRegs)
                  200137dc    00000018                 : interrupt.obj (.const:g_pulUnpendRegs)
                  200137f4    00000018                 : spi.obj (.const:g_ulSPIDmaMaskMap)
                  2001380c    00000018     app_pem4.oem4 (.const:ti_sysbios_gates_GateHwi_Object__PARAMS__C)
                  20013824    00000018     app_pem4.oem4 (.const:ti_sysbios_gates_GateMutex_Object__PARAMS__C)
                  2001383c    00000018     app_pem4.oem4 (.const:ti_sysbios_knl_Queue_Object__PARAMS__C)
                  20013854    00000018     app_pem4.oem4 (.const:xdc_runtime_Startup_sfxnRts__A)
                  2001386c    00000014     main.obj (.const:$P$T2$3)
                  20013880    00000014     main.obj (.const:$P$T5$6)
                  20013894    00000014     main.obj (.const:$P$T8$9)
                  200138a8    00000013     main.obj (.const:.string:$P$T3$4)
                  200138bb    00000001     app_pem4.oem4 (.const:xdc_runtime_Error_policy__C)
                  200138bc    0000000c     main.obj (.const:$P$T10$11)
                  200138c8    0000000c     main.obj (.const:.string:$P$T9$10)
                  200138d4    0000000c     app_pem4.oem4 (.const:xdc_runtime_Startup_firstFxns__A)
                  200138e0    00000008     simplelink.a : device.obj (.const:StartResponseLUT)
                  200138e8    00000008                  : driver.obj (.const:g_H2NCnysPattern)
                  200138f0    00000008                  : driver.obj (.const:g_H2NSyncPattern)
                  200138f8    00000008     app_pem4.oem4 (.const:ti_sysbios_family_arm_m3_Hwi_excHookFuncs__A)
                  20013900    00000008     app_pem4.oem4 (.const:ti_sysbios_knl_Idle_funcList__C)
                  20013908    00000008     app_pem4.oem4 (.const:xdc_runtime_Startup_firstFxns__C)
                  20013910    00000008     app_pem4.oem4 (.const:xdc_runtime_Startup_lastFxns__C)
                  20013918    00000005     main.obj (.const:.string:$P$T11$12)
                  2001391d    00000001     --HOLE-- [fill = 0]
                  2001391e    00000004     simplelink.a : netapp.obj (.const:$P$T0$1)
                  20013922    00000004                  : wlan.obj (.const:$P$T0$1)
                  20013926    00000004                  : device.obj (.const:_SlDeviceGetCmdCtrl)
                  2001392a    00000004                  : netapp.obj (.const:_SlGetHostByNameCtrl)
                  2001392e    00000004                  : netapp.obj (.const:_SlNetAppSendTokenValueCmdCtrl)
                  20013932    00000004                  : netcfg.obj (.const:_SlNetCfgSetCmdCtrl)
                  20013936    00000004                  : wlan.obj (.const:_SlPolicySetCmdCtrl)
                  2001393a    00000004                  : wlan.obj (.const:_SlProfileDelCmdCtrl)
                  2001393e    00000004                  : netapp.obj (.const:_SlRegisterServiceCtrl)
                  20013942    00000004                  : wlan.obj (.const:_SlRxFilterSetCmdCtrl)
                  20013946    00000004                  : device.obj (.const:_SlStopCmdCtrl)
                  2001394a    00000004                  : wlan.obj (.const:_SlWlanCfgSetCmdCtrl)
                  2001394e    00000004                  : wlan.obj (.const:_SlWlanSetModeCmdCtrl)
                  20013952    00000002     app_pem4.oem4 (.const:ti_sysbios_family_arm_m3_Hwi_Module__loggerDefined__C)
                  20013954    00000004     simplelink.a : driver.obj (.const:httpServer_callbacks)
                  20013958    00000004                  : driver.obj (.const:netApp_callbacks)
                  2001395c    00000004     app_pem4.oem4 (.const:ti_sysbios_family_arm_m3_Hwi_E_NMI__C)
                  20013960    00000004     app_pem4.oem4 (.const:ti_sysbios_family_arm_m3_Hwi_E_alreadyDefined__C)
                  20013964    00000004     app_pem4.oem4 (.const:ti_sysbios_family_arm_m3_Hwi_E_busFault__C)
                  20013968    00000004     app_pem4.oem4 (.const:ti_sysbios_family_arm_m3_Hwi_E_debugMon__C)
                  2001396c    00000004     app_pem4.oem4 (.const:ti_sysbios_family_arm_m3_Hwi_E_hardFault__C)
                  20013970    00000004     app_pem4.oem4 (.const:ti_sysbios_family_arm_m3_Hwi_E_memFault__C)
                  20013974    00000004     app_pem4.oem4 (.const:ti_sysbios_family_arm_m3_Hwi_E_noIsr__C)
                  20013978    00000004     app_pem4.oem4 (.const:ti_sysbios_family_arm_m3_Hwi_E_reserved__C)
                  2001397c    00000004     app_pem4.oem4 (.const:ti_sysbios_family_arm_m3_Hwi_E_svCall__C)
                  20013980    00000004     app_pem4.oem4 (.const:ti_sysbios_family_arm_m3_Hwi_E_usageFault__C)
                  20013984    00000004     app_pem4.oem4 (.const:ti_sysbios_family_arm_m3_Hwi_LD_end__C)
                  20013988    00000004     app_pem4.oem4 (.const:ti_sysbios_family_arm_m3_Hwi_LM_begin__C)
                  2001398c    00000004     app_pem4.oem4 (.const:ti_sysbios_family_arm_m3_Hwi_Module__diagsEnabled__C)
                  20013990    00000004     app_pem4.oem4 (.const:ti_sysbios_family_arm_m3_Hwi_Module__diagsIncluded__C)
                  20013994    00000004     app_pem4.oem4 (.const:ti_sysbios_family_arm_m3_Hwi_Module__diagsMask__C)
                  20013998    00000004     app_pem4.oem4 (.const:ti_sysbios_family_arm_m3_Hwi_Module__loggerFxn1__C)
                  2001399c    00000004     app_pem4.oem4 (.const:ti_sysbios_family_arm_m3_Hwi_Module__loggerFxn8__C)
                  200139a0    00000004     app_pem4.oem4 (.const:ti_sysbios_family_arm_m3_Hwi_Module__loggerObj__C)
                  200139a4    00000004     app_pem4.oem4 (.const:ti_sysbios_family_arm_m3_Hwi_NUM_INTERRUPTS__C)
                  200139a8    00000004     app_pem4.oem4 (.const:ti_sysbios_family_arm_m3_Hwi_Object__count__C)
                  200139ac    00000004     app_pem4.oem4 (.const:ti_sysbios_family_arm_m3_Hwi_ccr__C)
                  200139b0    00000004     app_pem4.oem4 (.const:ti_sysbios_family_arm_m3_Hwi_excHandlerFunc__C)
                  200139b4    00000004     app_pem4.oem4 (.const:ti_sysbios_family_arm_m3_Hwi_excHookFuncs__C)
                  200139b8    00000004     app_pem4.oem4 (.const:ti_sysbios_family_arm_m3_Hwi_nullIsrFunc__C)
                  200139bc    00000004     app_pem4.oem4 (.const:ti_sysbios_family_arm_m3_Hwi_priGroup__C)
                  200139c0    00000004     app_pem4.oem4 (.const:ti_sysbios_family_arm_m3_TaskSupport_stackAlignment__C)
                  200139c4    00000004     app_pem4.oem4 (.const:ti_sysbios_family_arm_m3_Timer_E_cannotSupport__C)
                  200139c8    00000004     app_pem4.oem4 (.const:ti_sysbios_family_arm_m3_Timer_startupNeeded__C)
                  200139cc    00000004     app_pem4.oem4 (.const:ti_sysbios_gates_GateMutex_A_badContext__C)
                  200139d0    00000004     app_pem4.oem4 (.const:ti_sysbios_gates_GateMutex_Instance_State_sem__O)
                  200139d4    00000004     app_pem4.oem4 (.const:ti_sysbios_gates_GateMutex_Module__diagsEnabled__C)
                  200139d8    00000004     app_pem4.oem4 (.const:ti_sysbios_gates_GateMutex_Module__diagsIncluded__C)
                  200139dc    00000004     app_pem4.oem4 (.const:ti_sysbios_gates_GateMutex_Module__diagsMask__C)
                  200139e0    00000004     app_pem4.oem4 (.const:ti_sysbios_hal_Hwi_E_stackOverflow__C)
                  200139e4    00000004     app_pem4.oem4 (.const:ti_sysbios_heaps_HeapMem_A_align__C)
                  200139e8    00000004     app_pem4.oem4 (.const:ti_sysbios_heaps_HeapMem_A_heapSize__C)
                  200139ec    00000004     app_pem4.oem4 (.const:ti_sysbios_heaps_HeapMem_A_invalidFree__C)
                  200139f0    00000004     app_pem4.oem4 (.const:ti_sysbios_heaps_HeapMem_A_zeroBlock__C)
                  200139f4    00000004     app_pem4.oem4 (.const:ti_sysbios_heaps_HeapMem_E_memory__C)
                  200139f8    00000004     app_pem4.oem4 (.const:ti_sysbios_heaps_HeapMem_Module__diagsEnabled__C)
                  200139fc    00000004     app_pem4.oem4 (.const:ti_sysbios_heaps_HeapMem_Module__diagsIncluded__C)
                  20013a00    00000004     app_pem4.oem4 (.const:ti_sysbios_heaps_HeapMem_Module__diagsMask__C)
                  20013a04    00000004     app_pem4.oem4 (.const:ti_sysbios_heaps_HeapMem_Module__gateObj__C)
                  20013a08    00000004     app_pem4.oem4 (.const:ti_sysbios_heaps_HeapMem_Object__count__C)
                  20013a0c    00000004     app_pem4.oem4 (.const:ti_sysbios_heaps_HeapMem_reqAlign__C)
                  20013a10    00000004     app_pem4.oem4 (.const:ti_sysbios_knl_Clock_LM_begin__C)
                  20013a14    00000004     app_pem4.oem4 (.const:ti_sysbios_knl_Clock_LM_tick__C)
                  20013a18    00000004     app_pem4.oem4 (.const:ti_sysbios_knl_Clock_LW_delayed__C)
                  20013a1c    00000004     app_pem4.oem4 (.const:ti_sysbios_knl_Clock_Module_State_clockQ__O)
                  20013a20    00000004     app_pem4.oem4 (.const:ti_sysbios_knl_Clock_Module__diagsEnabled__C)
                  20013a24    00000004     app_pem4.oem4 (.const:ti_sysbios_knl_Clock_Module__diagsIncluded__C)
                  20013a28    00000004     app_pem4.oem4 (.const:ti_sysbios_knl_Clock_Module__diagsMask__C)
                  20013a2c    00000004     app_pem4.oem4 (.const:ti_sysbios_knl_Clock_Module__loggerFxn1__C)
                  20013a30    00000004     app_pem4.oem4 (.const:ti_sysbios_knl_Clock_Module__loggerFxn2__C)
                  20013a34    00000004     app_pem4.oem4 (.const:ti_sysbios_knl_Clock_Module__loggerObj__C)
                  20013a38    00000004     app_pem4.oem4 (.const:ti_sysbios_knl_Clock_tickPeriod__C)
                  20013a3c    00000004     app_pem4.oem4 (.const:ti_sysbios_knl_Idle_funcList__A)
                  20013a40    00000004     app_pem4.oem4 (.const:ti_sysbios_knl_Mailbox_A_invalidBufSize__C)
                  20013a44    00000004     app_pem4.oem4 (.const:ti_sysbios_knl_Mailbox_Instance_State_dataQue__O)
                  20013a48    00000004     app_pem4.oem4 (.const:ti_sysbios_knl_Mailbox_Instance_State_dataSem__O)
                  20013a4c    00000004     app_pem4.oem4 (.const:ti_sysbios_knl_Mailbox_Instance_State_freeQue__O)
                  20013a50    00000004     app_pem4.oem4 (.const:ti_sysbios_knl_Mailbox_Instance_State_freeSem__O)
                  20013a54    00000004     app_pem4.oem4 (.const:ti_sysbios_knl_Mailbox_Module__diagsEnabled__C)
                  20013a58    00000004     app_pem4.oem4 (.const:ti_sysbios_knl_Mailbox_Module__diagsIncluded__C)
                  20013a5c    00000004     app_pem4.oem4 (.const:ti_sysbios_knl_Mailbox_Module__diagsMask__C)
                  20013a60    00000004     app_pem4.oem4 (.const:ti_sysbios_knl_Mailbox_Object__count__C)
                  20013a64    00000004     app_pem4.oem4 (.const:ti_sysbios_knl_Mailbox_maxTypeAlign__C)
                  20013a68    00000004     app_pem4.oem4 (.const:ti_sysbios_knl_Semaphore_A_badContext__C)
                  20013a6c    00000004     app_pem4.oem4 (.const:ti_sysbios_knl_Semaphore_A_noEvents__C)
                  20013a70    00000004     app_pem4.oem4 (.const:ti_sysbios_knl_Semaphore_A_overflow__C)
                  20013a74    00000004     app_pem4.oem4 (.const:ti_sysbios_knl_Semaphore_A_pendTaskDisabled__C)
                  20013a78    00000004     app_pem4.oem4 (.const:ti_sysbios_knl_Semaphore_Instance_State_pendQ__O)
                  20013a7c    00000004     app_pem4.oem4 (.const:ti_sysbios_knl_Semaphore_LM_pend__C)
                  20013a80    00000004     app_pem4.oem4 (.const:ti_sysbios_knl_Semaphore_LM_post__C)
                  20013a84    00000004     app_pem4.oem4 (.const:ti_sysbios_knl_Semaphore_Module__diagsEnabled__C)
                  20013a88    00000004     app_pem4.oem4 (.const:ti_sysbios_knl_Semaphore_Module__diagsIncluded__C)
                  20013a8c    00000004     app_pem4.oem4 (.const:ti_sysbios_knl_Semaphore_Module__diagsMask__C)
                  20013a90    00000004     app_pem4.oem4 (.const:ti_sysbios_knl_Semaphore_Module__loggerFxn2__C)
                  20013a94    00000004     app_pem4.oem4 (.const:ti_sysbios_knl_Semaphore_Module__loggerFxn4__C)
                  20013a98    00000004     app_pem4.oem4 (.const:ti_sysbios_knl_Semaphore_Module__loggerObj__C)
                  20013a9c    00000004     app_pem4.oem4 (.const:ti_sysbios_knl_Swi_LD_end__C)
                  20013aa0    00000004     app_pem4.oem4 (.const:ti_sysbios_knl_Swi_LM_begin__C)
                  20013aa4    00000004     app_pem4.oem4 (.const:ti_sysbios_knl_Swi_LM_post__C)
                  20013aa8    00000004     app_pem4.oem4 (.const:ti_sysbios_knl_Swi_Module__diagsEnabled__C)
                  20013aac    00000004     app_pem4.oem4 (.const:ti_sysbios_knl_Swi_Module__diagsIncluded__C)
                  20013ab0    00000004     app_pem4.oem4 (.const:ti_sysbios_knl_Swi_Module__diagsMask__C)
                  20013ab4    00000004     app_pem4.oem4 (.const:ti_sysbios_knl_Swi_Module__loggerFxn1__C)
                  20013ab8    00000004     app_pem4.oem4 (.const:ti_sysbios_knl_Swi_Module__loggerFxn4__C)
                  20013abc    00000004     app_pem4.oem4 (.const:ti_sysbios_knl_Swi_Module__loggerObj__C)
                  20013ac0    00000004     app_pem4.oem4 (.const:ti_sysbios_knl_Swi_Object__count__C)
                  20013ac4    00000004     app_pem4.oem4 (.const:ti_sysbios_knl_Task_A_badPriority__C)
                  20013ac8    00000004     app_pem4.oem4 (.const:ti_sysbios_knl_Task_A_badTaskState__C)
                  20013acc    00000004     app_pem4.oem4 (.const:ti_sysbios_knl_Task_A_badThreadType__C)
                  20013ad0    00000004     app_pem4.oem4 (.const:ti_sysbios_knl_Task_A_badTimeout__C)
                  20013ad4    00000004     app_pem4.oem4 (.const:ti_sysbios_knl_Task_A_noPendElem__C)
                  20013ad8    00000004     app_pem4.oem4 (.const:ti_sysbios_knl_Task_A_sleepTaskDisabled__C)
                  20013adc    00000004     app_pem4.oem4 (.const:ti_sysbios_knl_Task_E_spOutOfBounds__C)
                  20013ae0    00000004     app_pem4.oem4 (.const:ti_sysbios_knl_Task_E_stackOverflow__C)
                  20013ae4    00000004     app_pem4.oem4 (.const:ti_sysbios_knl_Task_LD_block__C)
                  20013ae8    00000004     app_pem4.oem4 (.const:ti_sysbios_knl_Task_LD_exit__C)
                  20013aec    00000004     app_pem4.oem4 (.const:ti_sysbios_knl_Task_LD_ready__C)
                  20013af0    00000004     app_pem4.oem4 (.const:ti_sysbios_knl_Task_LM_sleep__C)
                  20013af4    00000004     app_pem4.oem4 (.const:ti_sysbios_knl_Task_LM_switch__C)
                  20013af8    00000004     app_pem4.oem4 (.const:ti_sysbios_knl_Task_LM_yield__C)
                  20013afc    00000004     app_pem4.oem4 (.const:ti_sysbios_knl_Task_Module_State_inactiveQ__O)
                  20013b00    00000004     app_pem4.oem4 (.const:ti_sysbios_knl_Task_Module__diagsEnabled__C)
                  20013b04    00000004     app_pem4.oem4 (.const:ti_sysbios_knl_Task_Module__diagsIncluded__C)
                  20013b08    00000004     app_pem4.oem4 (.const:ti_sysbios_knl_Task_Module__diagsMask__C)
                  20013b0c    00000004     app_pem4.oem4 (.const:ti_sysbios_knl_Task_Module__loggerFxn2__C)
                  20013b10    00000004     app_pem4.oem4 (.const:ti_sysbios_knl_Task_Module__loggerFxn4__C)
                  20013b14    00000004     app_pem4.oem4 (.const:ti_sysbios_knl_Task_Module__loggerObj__C)
                  20013b18    00000004     app_pem4.oem4 (.const:ti_sysbios_knl_Task_Object__count__C)
                  20013b1c    00000004     app_pem4.oem4 (.const:ti_sysbios_knl_Task_allBlockedFunc__C)
                  20013b20    00000004     app_pem4.oem4 (.const:ti_sysbios_knl_Task_defaultStackHeap__C)
                  20013b24    00000004     app_pem4.oem4 (.const:ti_sysbios_knl_Task_defaultStackSize__C)
                  20013b28    00000004     app_pem4.oem4 (.const:ti_sysbios_knl_Task_numConstructedTasks__C)
                  20013b2c    00000004     app_pem4.oem4 (.const:xdc_runtime_Assert_E_assertFailed__C)
                  20013b30    00000004     app_pem4.oem4 (.const:xdc_runtime_Core_A_initializedParams__C)
                  20013b34    00000004     app_pem4.oem4 (.const:xdc_runtime_Core_Module__diagsEnabled__C)
                  20013b38    00000004     app_pem4.oem4 (.const:xdc_runtime_Core_Module__diagsIncluded__C)
                  20013b3c    00000004     app_pem4.oem4 (.const:xdc_runtime_Core_Module__diagsMask__C)
                  20013b40    00000004     app_pem4.oem4 (.const:xdc_runtime_Error_E_memory__C)
                  20013b44    00000004     app_pem4.oem4 (.const:xdc_runtime_Error_Module__diagsEnabled__C)
                  20013b48    00000004     app_pem4.oem4 (.const:xdc_runtime_Error_Module__diagsIncluded__C)
                  20013b4c    00000004     app_pem4.oem4 (.const:xdc_runtime_Error_Module__diagsMask__C)
                  20013b50    00000004     app_pem4.oem4 (.const:xdc_runtime_Error_Module__loggerFxn8__C)
                  20013b54    00000004     app_pem4.oem4 (.const:xdc_runtime_Error_Module__loggerObj__C)
                  20013b58    00000004     app_pem4.oem4 (.const:xdc_runtime_Error_policyFxn__C)
                  20013b5c    00000004     app_pem4.oem4 (.const:xdc_runtime_Error_raiseHook__C)
                  20013b60    00000004     app_pem4.oem4 (.const:xdc_runtime_IFilterLogger_Interface__BASE__C)
                  20013b64    00000004     app_pem4.oem4 (.const:xdc_runtime_IGateProvider_Interface__BASE__C)
                  20013b68    00000004     app_pem4.oem4 (.const:xdc_runtime_IHeap_Interface__BASE__C)
                  20013b6c    00000004     app_pem4.oem4 (.const:xdc_runtime_ILogger_Interface__BASE__C)
                  20013b70    00000004     app_pem4.oem4 (.const:xdc_runtime_IModule_Interface__BASE__C)
                  20013b74    00000004     app_pem4.oem4 (.const:xdc_runtime_Log_L_error__C)
                  20013b78    00000004     app_pem4.oem4 (.const:xdc_runtime_LoggerBuf_E_badLevel__C)
                  20013b7c    00000004     app_pem4.oem4 (.const:xdc_runtime_LoggerBuf_Module__gateObj__C)
                  20013b80    00000004     app_pem4.oem4 (.const:xdc_runtime_LoggerBuf_Object__count__C)
                  20013b84    00000004     app_pem4.oem4 (.const:xdc_runtime_LoggerBuf_statusLogger__C)
                  20013b88    00000004     app_pem4.oem4 (.const:xdc_runtime_Memory_defaultHeapInstance__C)
                  20013b8c    00000004     app_pem4.oem4 (.const:xdc_runtime_Startup_execImpl__C)
                  20013b90    00000004     app_pem4.oem4 (.const:xdc_runtime_Startup_maxPasses__C)
                  20013b94    00000004     app_pem4.oem4 (.const:xdc_runtime_Startup_sfxnRts__C)
                  20013b98    00000004     app_pem4.oem4 (.const:xdc_runtime_Startup_sfxnTab__C)
                  20013b9c    00000004     app_pem4.oem4 (.const:xdc_runtime_SysMin_bufSize__C)
                  20013ba0    00000004     app_pem4.oem4 (.const:xdc_runtime_SysMin_outputFunc__C)
                  20013ba4    00000004     app_pem4.oem4 (.const:xdc_runtime_System_Module__gateObj__C)
                  20013ba8    00000004     app_pem4.oem4 (.const:xdc_runtime_System_abortFxn__C)
                  20013bac    00000004     app_pem4.oem4 (.const:xdc_runtime_System_exitFxn__C)
                  20013bb0    00000004     app_pem4.oem4 (.const:xdc_runtime_System_extendFxn__C)
                  20013bb4    00000004     app_pem4.oem4 (.const:xdc_runtime_System_maxAtexitHandlers__C)
                  20013bb8    00000004     app_pem4.oem4 (.const:xdc_runtime_Text_charTab__C)
                  20013bbc    00000004     app_pem4.oem4 (.const:xdc_runtime_Text_nameEmpty__C)
                  20013bc0    00000004     app_pem4.oem4 (.const:xdc_runtime_Text_nameStatic__C)
                  20013bc4    00000004     app_pem4.oem4 (.const:xdc_runtime_Text_nameUnknown__C)
                  20013bc8    00000004     app_pem4.oem4 (.const:xdc_runtime_Text_nodeTab__C)
                  20013bcc    00000004     app_pem4.oem4 (.const:xdc_runtime_Text_visitRopeFxn__C)
                  20013bd0    00000002     app_pem4.oem4 (.const:ti_sysbios_family_arm_m3_Timer_Module__id__C)
                  20013bd2    00000002     app_pem4.oem4 (.const:ti_sysbios_family_arm_m3_TimestampProvider_configTimer__C)
                  20013bd4    00000002     app_pem4.oem4 (.const:ti_sysbios_gates_GateMutex_Module__id__C)
                  20013bd6    00000002     app_pem4.oem4 (.const:ti_sysbios_hal_Hwi_Module__id__C)
                  20013bd8    00000002     app_pem4.oem4 (.const:ti_sysbios_heaps_HeapMem_Module__id__C)
                  20013bda    00000002     app_pem4.oem4 (.const:ti_sysbios_knl_Clock_Module__id__C)
                  20013bdc    00000002     app_pem4.oem4 (.const:ti_sysbios_knl_Clock_Module__loggerDefined__C)
                  20013bde    00000002     app_pem4.oem4 (.const:ti_sysbios_knl_Mailbox_Module__id__C)
                  20013be0    00000002     app_pem4.oem4 (.const:ti_sysbios_knl_Semaphore_Module__id__C)
                  20013be2    00000002     app_pem4.oem4 (.const:ti_sysbios_knl_Semaphore_Module__loggerDefined__C)
                  20013be4    00000002     app_pem4.oem4 (.const:ti_sysbios_knl_Swi_Module__id__C)
                  20013be6    00000002     app_pem4.oem4 (.const:ti_sysbios_knl_Swi_Module__loggerDefined__C)
                  20013be8    00000002     app_pem4.oem4 (.const:ti_sysbios_knl_Task_Module__id__C)
                  20013bea    00000002     app_pem4.oem4 (.const:ti_sysbios_knl_Task_Module__loggerDefined__C)
                  20013bec    00000002     app_pem4.oem4 (.const:xdc_runtime_Core_Module__id__C)
                  20013bee    00000002     app_pem4.oem4 (.const:xdc_runtime_Error_Module__loggerDefined__C)
                  20013bf0    00000002     app_pem4.oem4 (.const:xdc_runtime_Error_maxDepth__C)
                  20013bf2    00000002     app_pem4.oem4 (.const:xdc_runtime_LoggerBuf_Module__id__C)
                  20013bf4    00000002     app_pem4.oem4 (.const:xdc_runtime_LoggerBuf_filterByLevel__C)
                  20013bf6    00000002     app_pem4.oem4 (.const:xdc_runtime_Memory_Module__id__C)
                  20013bf8    00000002     app_pem4.oem4 (.const:xdc_runtime_SysMin_flushAtExit__C)
                  20013bfa    00000002     app_pem4.oem4 (.const:xdc_runtime_Text_charCnt__C)
                  20013bfc    00000002     app_pem4.oem4 (.const:xdc_runtime_Text_isLoaded__C)
                  20013bfe    00000002     app_pem4.oem4 (.const:xdc_runtime_Text_registryModsLastId__C)
                  20013c00    00000002     app_pem4.oem4 (.const:xdc_runtime_Text_unnamedModsLastId__C)

.cinit     0    20013c08    0000031c     
                  20013c08    000002f3     (.cinit..data.load) [load image, compression = rle]
                  20013efb    00000005     --HOLE-- [fill = 0]
                  20013f00    0000000b     (.cinit..bss.load) [load image, compression = rle]
                  20013f0b    00000001     --HOLE-- [fill = 0]
                  20013f0c    00000008     (__TI_handler_table)
                  20013f14    00000010     (__TI_cinit_table)

.bss       0    20018000    00009641     UNINITIALIZED
                  20018000    00008000     (.common:ti_sysbios_heaps_HeapMem_Instance_State_0_buf__A)
                  20020000    00000800     app_pem4.oem4 (.bss:taskStackSection)
                  20020800    00000400     (.common:xdc_runtime_LoggerBuf_Instance_State_0_entryArr__A)
                  20020c00    00000400     (.common:xdc_runtime_SysMin_Module_State_0_outbuf__A)
                  20021000    0000030c     (.common:ti_sysbios_family_arm_m3_Hwi_dispatchTable)
                  2002130c    00000178     simplelink.a : driver.obj (.bss:g_StatMem)
                  20021484    00000120     rtsv7M4_T_le_eabi.lib : trgmsg.obj (.bss:_CIOBUF_)
                  200215a4    00000050     (.common:g_ucDinDout)
                  200215f4    00000024     (.common:g_ucConnectionSSID)
                  20021618    00000008                           : trgdrv.obj (.bss:parmbuf)
                  20021620    00000008     (.common:g_ucConnectionBSSID)
                  20021628    00000004     uart_if.obj (.bss)
                  2002162c    00000004     (.common:DMAMsgQ)
                  20021630    00000004     (.common:SimpleLinkSpawnTaskHndl)
                  20021634    00000004     (.common:g_cDummy)
                  20021638    00000004     (.common:simpleLink_mailbox)
                  2002163c    00000001     (.common:RxIrqCnt)
                  2002163d    00000001     (.common:g_bDeviceRestartIsRequired)
                  2002163e    00000001     (.common:g_ucLED1Pin)
                  2002163f    00000001     (.common:g_ucLED2Pin)
                  20021640    00000001     (.common:g_ucLED3Pin)

.data      0    20021644    00000428     UNINITIALIZED
                  20021644    00000080     app_pem4.oem4 (.data:ti_sysbios_knl_Swi_Module_State_0_readyQ__A)
                  200216c4    00000080     app_pem4.oem4 (.data:ti_sysbios_knl_Task_Module_State_0_readyQ__A)
                  20021744    0000004c     app_pem4.oem4 (.data:ti_sysbios_knl_Task_Object__table__V)
                  20021790    00000044     app_pem4.oem4 (.data:ti_sysbios_knl_Task_Module__state__V)
                  200217d4    00000038     app_pem4.oem4 (.data:ti_sysbios_gates_GateMutex_Object__table__V)
                  2002180c    00000034     app_pem4.oem4 (.data:ti_sysbios_family_arm_m3_Hwi_Module__state__V)
                  20021840    00000030     app_pem4.oem4 (.data:ti_sysbios_family_arm_m3_Timer_Object__table__V)
                  20021870    00000030     app_pem4.oem4 (.data:ti_sysbios_knl_Swi_Object__table__V)
[...]
20013854  xdc_runtime_Startup_sfxnRts__A                              
200138bb  xdc_runtime_Error_policy__C                                 
200138d4  xdc_runtime_Startup_firstFxns__A                            
200138f8  ti_sysbios_family_arm_m3_Hwi_excHookFuncs__A                
20013900  ti_sysbios_knl_Idle_funcList__C                             
20013908  xdc_runtime_Startup_firstFxns__C                            
20013910  xdc_runtime_Startup_lastFxns__C                             
2001392e  _SlNetAppSendTokenValueCmdCtrl                              
20013952  ti_sysbios_family_arm_m3_Hwi_Module__loggerDefined__C       
2001395c  ti_sysbios_family_arm_m3_Hwi_E_NMI__C                       
20013960  ti_sysbios_family_arm_m3_Hwi_E_alreadyDefined__C            
20013964  ti_sysbios_family_arm_m3_Hwi_E_busFault__C                  
20013968  ti_sysbios_family_arm_m3_Hwi_E_debugMon__C                  
2001396c  ti_sysbios_family_arm_m3_Hwi_E_hardFault__C                 
20013970  ti_sysbios_family_arm_m3_Hwi_E_memFault__C                  
20013974  ti_sysbios_family_arm_m3_Hwi_E_noIsr__C                     
20013978  ti_sysbios_family_arm_m3_Hwi_E_reserved__C                  
2001397c  ti_sysbios_family_arm_m3_Hwi_E_svCall__C                    
20013980  ti_sysbios_family_arm_m3_Hwi_E_usageFault__C                
20013984  ti_sysbios_family_arm_m3_Hwi_LD_end__C                      
20013988  ti_sysbios_family_arm_m3_Hwi_LM_begin__C                    
2001398c  ti_sysbios_family_arm_m3_Hwi_Module__diagsEnabled__C        
20013990  ti_sysbios_family_arm_m3_Hwi_Module__diagsIncluded__C       
20013994  ti_sysbios_family_arm_m3_Hwi_Module__diagsMask__C           
20013998  ti_sysbios_family_arm_m3_Hwi_Module__loggerFxn1__C          
2001399c  ti_sysbios_family_arm_m3_Hwi_Module__loggerFxn8__C          
200139a0  ti_sysbios_family_arm_m3_Hwi_Module__loggerObj__C           
200139a4  ti_sysbios_family_arm_m3_Hwi_NUM_INTERRUPTS__C              
200139a8  ti_sysbios_family_arm_m3_Hwi_Object__count__C               
200139ac  ti_sysbios_family_arm_m3_Hwi_ccr__C                         
200139b0  ti_sysbios_family_arm_m3_Hwi_excHandlerFunc__C              
200139b4  ti_sysbios_family_arm_m3_Hwi_excHookFuncs__C                
200139b8  ti_sysbios_family_arm_m3_Hwi_nullIsrFunc__C                 
200139bc  ti_sysbios_family_arm_m3_Hwi_priGroup__C                    
200139c0  ti_sysbios_family_arm_m3_TaskSupport_stackAlignment__C      
200139c4  ti_sysbios_family_arm_m3_Timer_E_cannotSupport__C           
200139c8  ti_sysbios_family_arm_m3_Timer_startupNeeded__C             
200139cc  ti_sysbios_gates_GateMutex_A_badContext__C                  
200139d0  ti_sysbios_gates_GateMutex_Instance_State_sem__O            
200139d4  ti_sysbios_gates_GateMutex_Module__diagsEnabled__C          
200139d8  ti_sysbios_gates_GateMutex_Module__diagsIncluded__C         
200139dc  ti_sysbios_gates_GateMutex_Module__diagsMask__C             
200139e0  ti_sysbios_hal_Hwi_E_stackOverflow__C                       
200139e4  ti_sysbios_heaps_HeapMem_A_align__C                         
200139e8  ti_sysbios_heaps_HeapMem_A_heapSize__C                      
200139ec  ti_sysbios_heaps_HeapMem_A_invalidFree__C                   
200139f0  ti_sysbios_heaps_HeapMem_A_zeroBlock__C                     
200139f4  ti_sysbios_heaps_HeapMem_E_memory__C                        
200139f8  ti_sysbios_heaps_HeapMem_Module__diagsEnabled__C            
200139fc  ti_sysbios_heaps_HeapMem_Module__diagsIncluded__C           
20013a00  ti_sysbios_heaps_HeapMem_Module__diagsMask__C               
20013a04  ti_sysbios_heaps_HeapMem_Module__gateObj__C                 
20013a08  ti_sysbios_heaps_HeapMem_Object__count__C                   
20013a0c  ti_sysbios_heaps_HeapMem_reqAlign__C                        
20013a10  ti_sysbios_knl_Clock_LM_begin__C                            
20013a14  ti_sysbios_knl_Clock_LM_tick__C                             
20013a18  ti_sysbios_knl_Clock_LW_delayed__C                          
20013a1c  ti_sysbios_knl_Clock_Module_State_clockQ__O                 
20013a20  ti_sysbios_knl_Clock_Module__diagsEnabled__C                
20013a24  ti_sysbios_knl_Clock_Module__diagsIncluded__C               
20013a28  ti_sysbios_knl_Clock_Module__diagsMask__C                   
20013a2c  ti_sysbios_knl_Clock_Module__loggerFxn1__C                  
20013a30  ti_sysbios_knl_Clock_Module__loggerFxn2__C                  
20013a34  ti_sysbios_knl_Clock_Module__loggerObj__C                   
20013a38  ti_sysbios_knl_Clock_tickPeriod__C                          
20013a3c  ti_sysbios_knl_Idle_funcList__A                             
20013a40  ti_sysbios_knl_Mailbox_A_invalidBufSize__C                  
20013a44  ti_sysbios_knl_Mailbox_Instance_State_dataQue__O            
20013a48  ti_sysbios_knl_Mailbox_Instance_State_dataSem__O            
20013a4c  ti_sysbios_knl_Mailbox_Instance_State_freeQue__O            
20013a50  ti_sysbios_knl_Mailbox_Instance_State_freeSem__O            
20013a54  ti_sysbios_knl_Mailbox_Module__diagsEnabled__C              
20013a58  ti_sysbios_knl_Mailbox_Module__diagsIncluded__C             
20013a5c  ti_sysbios_knl_Mailbox_Module__diagsMask__C                 
20013a60  ti_sysbios_knl_Mailbox_Object__count__C                     
20013a64  ti_sysbios_knl_Mailbox_maxTypeAlign__C                      
20013a68  ti_sysbios_knl_Semaphore_A_badContext__C                    
20013a6c  ti_sysbios_knl_Semaphore_A_noEvents__C                      
20013a70  ti_sysbios_knl_Semaphore_A_overflow__C                      
20013a74  ti_sysbios_knl_Semaphore_A_pendTaskDisabled__C              
20013a78  ti_sysbios_knl_Semaphore_Instance_State_pendQ__O            
20013a7c  ti_sysbios_knl_Semaphore_LM_pend__C                         
20013a80  ti_sysbios_knl_Semaphore_LM_post__C                         
20013a84  ti_sysbios_knl_Semaphore_Module__diagsEnabled__C            
20013a88  ti_sysbios_knl_Semaphore_Module__diagsIncluded__C           
20013a8c  ti_sysbios_knl_Semaphore_Module__diagsMask__C               
20013a90  ti_sysbios_knl_Semaphore_Module__loggerFxn2__C              
20013a94  ti_sysbios_knl_Semaphore_Module__loggerFxn4__C              
20013a98  ti_sysbios_knl_Semaphore_Module__loggerObj__C               
20013a9c  ti_sysbios_knl_Swi_LD_end__C                                
20013aa0  ti_sysbios_knl_Swi_LM_begin__C                              
20013aa4  ti_sysbios_knl_Swi_LM_post__C                               
20013aa8  ti_sysbios_knl_Swi_Module__diagsEnabled__C                  
20013aac  ti_sysbios_knl_Swi_Module__diagsIncluded__C                 
20013ab0  ti_sysbios_knl_Swi_Module__diagsMask__C                     
20013ab4  ti_sysbios_knl_Swi_Module__loggerFxn1__C                    
20013ab8  ti_sysbios_knl_Swi_Module__loggerFxn4__C                    
20013abc  ti_sysbios_knl_Swi_Module__loggerObj__C                     
20013ac0  ti_sysbios_knl_Swi_Object__count__C                         
20013ac4  ti_sysbios_knl_Task_A_badPriority__C                        
20013ac8  ti_sysbios_knl_Task_A_badTaskState__C                       
20013acc  ti_sysbios_knl_Task_A_badThreadType__C                      
20013ad0  ti_sysbios_knl_Task_A_badTimeout__C                         
20013ad4  ti_sysbios_knl_Task_A_noPendElem__C                         
20013ad8  ti_sysbios_knl_Task_A_sleepTaskDisabled__C                  
20013adc  ti_sysbios_knl_Task_E_spOutOfBounds__C                      
20013ae0  ti_sysbios_knl_Task_E_stackOverflow__C                      
20013ae4  ti_sysbios_knl_Task_LD_block__C                             
20013ae8  ti_sysbios_knl_Task_LD_exit__C                              
20013aec  ti_sysbios_knl_Task_LD_ready__C                             
20013af0  ti_sysbios_knl_Task_LM_sleep__C                             
20013af4  ti_sysbios_knl_Task_LM_switch__C                            
20013af8  ti_sysbios_knl_Task_LM_yield__C                             
20013afc  ti_sysbios_knl_Task_Module_State_inactiveQ__O               
20013b00  ti_sysbios_knl_Task_Module__diagsEnabled__C                 
20013b04  ti_sysbios_knl_Task_Module__diagsIncluded__C                
20013b08  ti_sysbios_knl_Task_Module__diagsMask__C                    
20013b0c  ti_sysbios_knl_Task_Module__loggerFxn2__C                   
20013b10  ti_sysbios_knl_Task_Module__loggerFxn4__C                   
20013b14  ti_sysbios_knl_Task_Module__loggerObj__C                    
20013b18  ti_sysbios_knl_Task_Object__count__C                        
20013b1c  ti_sysbios_knl_Task_allBlockedFunc__C                       
20013b20  ti_sysbios_knl_Task_defaultStackHeap__C                     
20013b24  ti_sysbios_knl_Task_defaultStackSize__C                     
20013b28  ti_sysbios_knl_Task_numConstructedTasks__C                  
20013b2c  xdc_runtime_Assert_E_assertFailed__C                        
20013b30  xdc_runtime_Core_A_initializedParams__C                     
20013b34  xdc_runtime_Core_Module__diagsEnabled__C                    
20013b38  xdc_runtime_Core_Module__diagsIncluded__C                   
20013b3c  xdc_runtime_Core_Module__diagsMask__C                       
20013b40  xdc_runtime_Error_E_memory__C                               
20013b44  xdc_runtime_Error_Module__diagsEnabled__C                   
20013b48  xdc_runtime_Error_Module__diagsIncluded__C                  
20013b4c  xdc_runtime_Error_Module__diagsMask__C                      
20013b50  xdc_runtime_Error_Module__loggerFxn8__C                     
20013b54  xdc_runtime_Error_Module__loggerObj__C                      
20013b58  xdc_runtime_Error_policyFxn__C                              
20013b5c  xdc_runtime_Error_raiseHook__C                              
20013b60  xdc_runtime_IFilterLogger_Interface__BASE__C                
20013b64  xdc_runtime_IGateProvider_Interface__BASE__C                
20013b68  xdc_runtime_IHeap_Interface__BASE__C                        
20013b6c  xdc_runtime_ILogger_Interface__BASE__C                      
20013b70  xdc_runtime_IModule_Interface__BASE__C                      
20013b74  xdc_runtime_Log_L_error__C                                  
20013b78  xdc_runtime_LoggerBuf_E_badLevel__C                         
20013b7c  xdc_runtime_LoggerBuf_Module__gateObj__C                    
20013b80  xdc_runtime_LoggerBuf_Object__count__C                      
20013b84  xdc_runtime_LoggerBuf_statusLogger__C                       
20013b88  xdc_runtime_Memory_defaultHeapInstance__C                   
20013b8c  xdc_runtime_Startup_execImpl__C                             
20013b90  xdc_runtime_Startup_maxPasses__C                            
20013b94  xdc_runtime_Startup_sfxnRts__C                              
20013b98  xdc_runtime_Startup_sfxnTab__C                              
20013b9c  xdc_runtime_SysMin_bufSize__C                               
20013ba0  xdc_runtime_SysMin_outputFunc__C                            
20013ba4  xdc_runtime_System_Module__gateObj__C                       
20013ba8  xdc_runtime_System_abortFxn__C                              
20013bac  xdc_runtime_System_exitFxn__C                               
20013bb0  xdc_runtime_System_extendFxn__C                             
20013bb4  xdc_runtime_System_maxAtexitHandlers__C                     
20013bb8  xdc_runtime_Text_charTab__C                                 
20013bbc  xdc_runtime_Text_nameEmpty__C                               
20013bc0  xdc_runtime_Text_nameStatic__C                              
20013bc4  xdc_runtime_Text_nameUnknown__C                             
20013bc8  xdc_runtime_Text_nodeTab__C                                 
20013bcc  xdc_runtime_Text_visitRopeFxn__C                            
20013bd0  ti_sysbios_family_arm_m3_Timer_Module__id__C                
20013bd2  ti_sysbios_family_arm_m3_TimestampProvider_configTimer__C   
20013bd4  ti_sysbios_gates_GateMutex_Module__id__C                    
20013bd6  ti_sysbios_hal_Hwi_Module__id__C                            
20013bd8  ti_sysbios_heaps_HeapMem_Module__id__C                      
20013bda  ti_sysbios_knl_Clock_Module__id__C                          
20013bdc  ti_sysbios_knl_Clock_Module__loggerDefined__C               
20013bde  ti_sysbios_knl_Mailbox_Module__id__C                        
20013be0  ti_sysbios_knl_Semaphore_Module__id__C                      
20013be2  ti_sysbios_knl_Semaphore_Module__loggerDefined__C           
20013be4  ti_sysbios_knl_Swi_Module__id__C                            
20013be6  ti_sysbios_knl_Swi_Module__loggerDefined__C                 
20013be8  ti_sysbios_knl_Task_Module__id__C                           
20013bea  ti_sysbios_knl_Task_Module__loggerDefined__C                
20013bec  xdc_runtime_Core_Module__id__C                              
20013bee  xdc_runtime_Error_Module__loggerDefined__C                  
20013bf0  xdc_runtime_Error_maxDepth__C                               
20013bf2  xdc_runtime_LoggerBuf_Module__id__C                         
20013bf4  xdc_runtime_LoggerBuf_filterByLevel__C                      
20013bf6  xdc_runtime_Memory_Module__id__C                            
20013bf8  xdc_runtime_SysMin_flushAtExit__C                           
20013bfa  xdc_runtime_Text_charCnt__C                                 
20013bfc  xdc_runtime_Text_isLoaded__C                                
20013bfe  xdc_runtime_Text_registryModsLastId__C                      
20013c00  xdc_runtime_Text_unnamedModsLastId__C                       
20013c08  __TI_static_base__                                          
20013f0c  __TI_Handler_Table_Base                                     
20013f14  __TI_CINIT_Base                                             
20013f14  __TI_Handler_Table_Limit                                    
20013f24  __TI_CINIT_Limit                                            
20018000  ti_sysbios_heaps_HeapMem_Instance_State_0_buf__A            
20020000  ti_sysbios_knl_Task_Instance_State_0_stack__A               
20020800  xdc_runtime_LoggerBuf_Instance_State_0_entryArr__A          
20020c00  xdc_runtime_SysMin_Module_State_0_outbuf__A                 
20021000  ti_sysbios_family_arm_m3_Hwi_dispatchTable                  
20021484  __CIOBUF_                                                   
200215a4  g_ucDinDout                                                 
200215f4  g_ucConnectionSSID                                          
20021620  g_ucConnectionBSSID                                         
2002162c  DMAMsgQ                                                     
20021630  SimpleLinkSpawnTaskHndl                                     
20021634  g_cDummy                                                    
20021638  simpleLink_mailbox                                          
2002163c  RxIrqCnt                                                    
2002163d  g_bDeviceRestartIsRequired                                  
2002163e  g_ucLED1Pin                                                 
2002163f  g_ucLED2Pin                                                 
20021640  g_ucLED3Pin                                                 
20021644  ti_sysbios_knl_Swi_Module_State_0_readyQ__A                 
200216c4  ti_sysbios_knl_Task_Module_State_0_readyQ__A                
20021744  ti_sysbios_knl_Task_Object__table__V                        
20021790  ti_sysbios_knl_Task_Module__state__V                        
200217d4  ti_sysbios_gates_GateMutex_Object__table__V                 
2002180c  ti_sysbios_family_arm_m3_Hwi_Module__state__V               
20021840  ti_sysbios_family_arm_m3_Timer_Object__table__V             
20021870  ti_sysbios_knl_Swi_Object__table__V                         
200218a0  ti_sysbios_knl_Clock_Module__state__V                       
200218cc  ti_sysbios_BIOS_Module__state__V                            
200218f0  xdc_runtime_LoggerBuf_Object__table__V                      
20021914  ti_sysbios_knl_Swi_Module__state__V                         
20021930  ti_sysbios_family_arm_m3_Hwi_Object__table__V               
20021948  ti_sysbios_heaps_HeapMem_Object__table__V                   
20021974  xdc_runtime_System_Module_State_0_atexitHandlers__A         
20021984  __TI_cleanup_ptr                                            
20021988  __TI_dtors_ptr                                              
2002198c  __TI_enable_exit_profile_output                             
20021990  g_uiLED1Port                                                
20021994  g_uiLED2Port                                                
20021998  g_uiLED3Port                                                
2002199c  g_ulStatus                                                  
200219a0  g_ulPingPacketsRecv                                         
200219a4  g_ulGatewayIP                                               
200219a8  ti_sysbios_family_arm_m3_Timer_Module__state__V             
200219b4  xdc_runtime_SysMin_Module__state__V                         
200219c0  g_SpiFd                                                     
200219c4  g_pHostIntHdl                                               
200219c8  g_ucDMAEnabled                                              
200219ca  ti_sysbios_family_arm_m3_Hwi_Module_State_0_excActive__A    
200219cc  g_pCB                                                       
200219d0  pPingCallBackFunc                                           
200219d6  xdc_runtime_Error_Module__state__V                          
200219d8  _lock                                                       
200219dc  _unlock                                                     
200219e0  ti_sysbios_family_arm_m3_Hwi_Module__root__V                
200219e8  ti_sysbios_gates_GateHwi_Module__root__V                    
200219f0  ti_sysbios_gates_GateMutex_Module__root__V                  
200219f8  ti_sysbios_heaps_HeapMem_Module__root__V                    
20021a00  ti_sysbios_knl_Mailbox_Module__root__V                      
20021a08  ti_sysbios_knl_Queue_Module__root__V                        
20021a10  ti_sysbios_knl_Semaphore_Module__root__V                    
20021a18  ti_sysbios_knl_Task_Module__root__V                         
20021a20  xdc_runtime_LoggerBuf_Module__root__V                       
20021a28  xdc_runtime_Registry_Module__state__V                       
20021a30  xdc_runtime_Startup_Module__state__V                        
20021a38  xdc_runtime_System_Module__state__V                         
20021a40  xdc_runtime_LoggerBuf_Module__state__V                      
20021a48  errno                                                       
20021a4c  main_func_sp                                                
20021a50  ti_sysbios_family_arm_m3_Hwi_Module_State_0_excContext__A   
20021a54  ti_sysbios_family_arm_m3_Hwi_Module_State_0_excStack__A     
20021a58  ti_sysbios_family_arm_m3_TimestampProvider_Module__state__V 
20021a5c  ti_sysbios_gates_GateHwi_Object__table__V                   
20021a60  ti_sysbios_knl_Task_Module_State_0_idleTask__A              
20021a68  xdc_runtime_Memory_Module__state__V                         
2002e000  __stack                                                     
20030000  __STACK_END                                                 
e000e000  ti_sysbios_family_arm_m3_Hwi_nvic                           
ffffffff  __TI_pprof_out_hndl                                         
ffffffff  __TI_prof_data_size                                         
ffffffff  __TI_prof_data_start                                        
ffffffff  __binit__                                                   
ffffffff  __c_args__                                                  
ffffffff  binit                                                       
UNDEFED   SHT$$INIT_ARRAY$$Base                                       
UNDEFED   SHT$$INIT_ARRAY$$Limit                                      

[862 symbols]
