******************************************************************************
                  TI ARM Linker PC v5.1.5                      
******************************************************************************
>> Linked Fri Jun 05 10:24:29 2015

OUTPUT FILE NAME:   <uart_echo.out>
ENTRY POINT SYMBOL: "_c_int00"  address: 00000a71


MEMORY CONFIGURATION

         name            origin    length      used     unused   attr    fill
----------------------  --------  ---------  --------  --------  ----  --------
  FLASH                 00000000   00040000  00000d9e  0003f262  R  X
  SRAM                  20000000   00008000  00000120  00007ee0  RW X


SEGMENT ALLOCATION MAP

run origin  load origin   length   init length attrs members
----------  ----------- ---------- ----------- ----- -------
00000000    00000000    00000da0   00000da0    r-x
  00000000    00000000    0000026c   0000026c    r-- .intvecs
  0000026c    0000026c    00000a3c   00000a3c    r-x .text
  00000ca8    00000ca8    000000be   000000be    r-- .const
  00000d68    00000d68    00000038   00000038    r-- .cinit
20000000    20000000    00000120   00000000    rw-
  20000000    20000000    00000100   00000000    rw- .stack
  20000100    20000100    0000001c   00000000    rw- .data
  2000011c    2000011c    00000004   00000000    rw- .bss


SECTION ALLOCATION MAP

 output                                  attributes/
section   page    origin      length       input sections
--------  ----  ----------  ----------   ----------------
.intvecs   0    00000000    0000026c     
                  00000000    0000026c     startup_ccs.obj (.intvecs)

.init_array 
*          0    00000000    00000000     UNINITIALIZED

.text      0    0000026c    00000a3c     
                  0000026c    000001ea     uartstdio.obj (.text:UARTvprintf)
                  00000456    00000130     driverlib.lib : gpio.obj (.text:GPIOPadConfigSet)
                  00000586    00000002     startup_ccs.obj (.text:FaultISR)
                  00000588    000000f0     driverlib.lib : sysctl.obj (.text:SysCtlClockSet)
                  00000678    000000a4     uart_echo.obj (.text:InitGPIO)
                  0000071c    0000009c     rtsv7M4_T_le_v4SPD16_eabi.lib : memcpy_t2.obj (.text)
                  000007b8    00000094                                   : auto_init.obj (.text)
                  0000084c    00000088     uart_echo.obj (.text:main)
                  000008d4    00000060     uartstdio.obj (.text:UARTStdioConfig)
                  00000934    0000005e     rtsv7M4_T_le_v4SPD16_eabi.lib : copy_decompress_rle.obj (.text)
                  00000992    00000002     startup_ccs.obj (.text:IntDefaultHandler)
                  00000994    0000004c     uart_echo.obj (.text:InitConsole)
                  000009e0    00000048     driverlib.lib : gpio.obj (.text:GPIOPinConfigure)
                  00000a28    00000048     uartstdio.obj (.text:UARTwrite)
                  00000a70    00000048     rtsv7M4_T_le_v4SPD16_eabi.lib : boot.obj (.text)
                  00000ab8    00000044                                   : cpy_tbl.obj (.text)
                  00000afc    00000044                                   : exit.obj (.text)
                  00000b40    00000042                                   : u_divt2.obj (.text)
                  00000b82    00000002     startup_ccs.obj (.text:NmiSR)
                  00000b84    00000034     driverlib.lib : sysctl.obj (.text:SysCtlPeripheralEnable)
                  00000bb8    0000002a                   : gpio.obj (.text:GPIODirModeSet)
                  00000be2    0000001a     uartstdio.obj (.text:UARTprintf)
                  00000bfc    00000018     driverlib.lib : gpio.obj (.text:GPIOPinTypeGPIOOutput)
                  00000c14    00000018     rtsv7M4_T_le_v4SPD16_eabi.lib : args_main.obj (.text)
                  00000c2c    00000014                                   : _lock.obj (.text)
                  00000c40    00000012     driverlib.lib : gpio.obj (.text:GPIOPinTypeGPIOInput)
                  00000c52    00000012                   : gpio.obj (.text:GPIOPinTypeUART)
                  00000c64    00000012     rtsv7M4_T_le_v4SPD16_eabi.lib : copy_zero_init.obj (.text:decompress:ZI)
                  00000c76    0000000e                                   : copy_decompress_none.obj (.text:decompress:none)
                  00000c84    00000006     driverlib.lib : gpio.obj (.text:GPIOPinRead)
                  00000c8a    00000006                   : gpio.obj (.text:GPIOPinWrite)
                  00000c90    00000006     startup_ccs.obj (.text:ResetISR)
                  00000c96    00000006     driverlib.lib : sysctl.obj (.text:SysCtlDelay)
                  00000c9c    00000006                   : uart.obj (.text:UARTClockSourceSet)
                  00000ca2    00000006     rtsv7M4_T_le_v4SPD16_eabi.lib : copy_decompress_rle.obj (.text:decompress:rle24)

.const     0    00000ca8    000000be     
                  00000ca8    00000090     driverlib.lib : gpio.obj (.const:g_pui32GPIOBaseAddrs)
                  00000d38    0000001c     uartstdio.obj (.const)
                  00000d54    00000012     uartstdio.obj (.const:.string)

.cinit     0    00000d68    00000038     
                  00000d68    0000000f     (.cinit..data.load) [load image, compression = rle]
                  00000d77    00000001     --HOLE-- [fill = 0]
                  00000d78    0000000c     (__TI_handler_table)
                  00000d84    00000004     --HOLE-- [fill = 0]
                  00000d88    00000008     (.cinit..bss.load) [load image, compression = zero_init]
                  00000d90    00000010     (__TI_cinit_table)

.stack     0    20000000    00000100     UNINITIALIZED
                  20000000    00000100     --HOLE--

.data      0    20000100    0000001c     UNINITIALIZED
                  20000100    00000008     rtsv7M4_T_le_v4SPD16_eabi.lib : _lock.obj (.data)
                  20000108    00000008                                   : exit.obj (.data)
                  20000110    00000005     uartstdio.obj (.data)
                  20000115    00000003     --HOLE--
                  20000118    00000004     rtsv7M4_T_le_v4SPD16_eabi.lib : stkdepth_vars.obj (.data)

.bss       0    2000011c    00000004     UNINITIALIZED
                  2000011c    00000004     (.common:sysy)


LINKER GENERATED COPY TABLES

__TI_cinit_table @ 00000d90 records: 2, size/record: 8, table size: 16
	.data: load addr=00000d68, load size=0000000f bytes, run addr=20000100, run size=0000001c bytes, compression=rle
	.bss: load addr=00000d88, load size=00000008 bytes, run addr=2000011c, run size=00000004 bytes, compression=zero_init


LINKER GENERATED HANDLER TABLE

__TI_handler_table @ 00000d78 records: 3, size/record: 4, table size: 12
	index: 0, handler: __TI_decompress_rle24
	index: 1, handler: __TI_decompress_none
	index: 2, handler: __TI_zero_init


GLOBAL SYMBOLS: SORTED ALPHABETICALLY BY Name 

address    name
--------   ----
00000afd   C$$EXIT
00000bb9   GPIODirModeSet
00000457   GPIOPadConfigSet
000009e1   GPIOPinConfigure
00000c85   GPIOPinRead
00000c41   GPIOPinTypeGPIOInput
00000bfd   GPIOPinTypeGPIOOutput
00000c53   GPIOPinTypeUART
00000c8b   GPIOPinWrite
00000995   InitConsole
00000679   InitGPIO
00000c91   ResetISR
UNDEFED    SHT$$INIT_ARRAY$$Base
UNDEFED    SHT$$INIT_ARRAY$$Limit
00000589   SysCtlClockSet
00000c97   SysCtlDelay
00000b85   SysCtlPeripheralEnable
00000c9d   UARTClockSourceSet
000008d5   UARTStdioConfig
00000be3   UARTprintf
0000026d   UARTvprintf
00000a29   UARTwrite
20000100   __STACK_END
00000100   __STACK_SIZE
20000100   __STACK_TOP
00000d90   __TI_CINIT_Base
00000da0   __TI_CINIT_Limit
00000d78   __TI_Handler_Table_Base
00000d84   __TI_Handler_Table_Limit
00000001   __TI_args_main
000007b9   __TI_auto_init
20000108   __TI_cleanup_ptr
00000c77   __TI_decompress_none
00000ca3   __TI_decompress_rle24
2000010c   __TI_dtors_ptr
00000000   __TI_static_base__
00000c65   __TI_zero_init
0000071d   __aeabi_memcpy
0000071d   __aeabi_memcpy4
0000071d   __aeabi_memcpy8
00000b41   __aeabi_uidivmod
ffffffff   __binit__
ffffffff   __c_args__
20000000   __stack
00000c15   _args_main
00000a71   _c_int00
20000100   _lock
00000c3b   _nop
00000c33   _register_lock
00000c2d   _register_unlock
20000104   _unlock
00000b01   abort
ffffffff   binit
00000ab9   copy_in
00000b09   exit
00000000   g_pfnVectors
0000084d   main
20000118   main_func_sp
0000071d   memcpy
2000011c   sysy


GLOBAL SYMBOLS: SORTED BY Symbol Address 

address    name
--------   ----
00000000   __TI_static_base__
00000000   g_pfnVectors
00000001   __TI_args_main
00000100   __STACK_SIZE
0000026d   UARTvprintf
00000457   GPIOPadConfigSet
00000589   SysCtlClockSet
00000679   InitGPIO
0000071d   __aeabi_memcpy
0000071d   __aeabi_memcpy4
0000071d   __aeabi_memcpy8
0000071d   memcpy
000007b9   __TI_auto_init
0000084d   main
000008d5   UARTStdioConfig
00000995   InitConsole
000009e1   GPIOPinConfigure
00000a29   UARTwrite
00000a71   _c_int00
00000ab9   copy_in
00000afd   C$$EXIT
00000b01   abort
00000b09   exit
00000b41   __aeabi_uidivmod
00000b85   SysCtlPeripheralEnable
00000bb9   GPIODirModeSet
00000be3   UARTprintf
00000bfd   GPIOPinTypeGPIOOutput
00000c15   _args_main
00000c2d   _register_unlock
00000c33   _register_lock
00000c3b   _nop
00000c41   GPIOPinTypeGPIOInput
00000c53   GPIOPinTypeUART
00000c65   __TI_zero_init
00000c77   __TI_decompress_none
00000c85   GPIOPinRead
00000c8b   GPIOPinWrite
00000c91   ResetISR
00000c97   SysCtlDelay
00000c9d   UARTClockSourceSet
00000ca3   __TI_decompress_rle24
00000d78   __TI_Handler_Table_Base
00000d84   __TI_Handler_Table_Limit
00000d90   __TI_CINIT_Base
00000da0   __TI_CINIT_Limit
20000000   __stack
20000100   __STACK_END
20000100   __STACK_TOP
20000100   _lock
20000104   _unlock
20000108   __TI_cleanup_ptr
2000010c   __TI_dtors_ptr
20000118   main_func_sp
2000011c   sysy
ffffffff   __binit__
ffffffff   __c_args__
ffffffff   binit
UNDEFED    SHT$$INIT_ARRAY$$Base
UNDEFED    SHT$$INIT_ARRAY$$Limit

[60 symbols]
