******************************************************************************
                  TI ARM Linker PC v15.12.3                    
******************************************************************************
>> Linked Fri Oct 28 17:41:59 2016

OUTPUT FILE NAME:   <Car.out>
ENTRY POINT SYMBOL: "_c_int00"  address: 200060e1


MEMORY CONFIGURATION

         name            origin    length      used     unused   attr    fill
----------------------  --------  ---------  --------  --------  ----  --------
  SRAM_CODE             20004000   00012fff  00002c5a  000103a5  RW X
  SRAM_DATA             20017000   00019000  00000bb3  0001844d  RW X


SEGMENT ALLOCATION MAP

run origin  load origin   length   init length attrs members
----------  ----------- ---------- ----------- ----- -------
20004000    20004000    00002c5c   00002c5c    r-x
  20004000    20004000    00000400   00000400    r-- .intvecs
  20004400    20004400    0000252a   0000252a    r-x .text
  2000692c    2000692c    000002bc   000002bc    r-- .const
  20006be8    20006be8    00000074   00000074    r-- .cinit
20017000    20017000    000006a8   00000000    rw-
  20017000    20017000    000005d1   00000000    rw- .bss
  200175d4    200175d4    000000c8   00000000    rw- .data
  200176a0    200176a0    00000008   00000000    rw- .sysmem
2002faec    2002faec    00000512   00000000    rw-
  2002faec    2002faec    00000512   00000000    rw- .stack


SECTION ALLOCATION MAP

 output                                  attributes/
section   page    origin      length       input sections
--------  ----  ----------  ----------   ----------------
.intvecs   0    20004000    00000400     
                  20004000    00000400     startup_ccs.obj (.intvecs)

.init_array 
*          0    20004000    00000000     UNINITIALIZED

.text      0    20004400    0000252a     
                  20004400    0000063c     Motor.obj (.text)
                  20004a3c    000002bc     uartdma.obj (.text)
                  20004cf8    00000298     main.obj (.text)
                  20004f90    000001f0     Timer_if.obj (.text)
                  20005180    000001cc     udma_if.obj (.text)
                  2000534c    000001b6     rtsv7M4_T_le_v4SPD16_eabi.lib : fd_add_t2.obj (.text)
                  20005502    00000002     driverlib.a : interrupt.obj (.text:IntDefaultHandler)
                  20005504    00000178                 : prcm.obj (.text:PRCMCC3200MCUInit)
                  2000567c    00000158     encoder.obj (.text)
                  200057d4    000000fc     rtsv7M4_T_le_v4SPD16_eabi.lib : fd_mul_t2.obj (.text)
                  200058d0    000000f0     driverlib.a : udma.obj (.text:uDMAChannelTransferSet)
                  200059c0    000000a8                 : interrupt.obj (.text:IntDisable)
                  20005a68    000000a8                 : interrupt.obj (.text:IntEnable)
                  20005b10    0000009c     rtsv7M4_T_le_v4SPD16_eabi.lib : memcpy_t2.obj (.text)
                  20005bac    00000094     driverlib.a : prcm.obj (.text:PRCMPeripheralClockGet)
                  20005c40    00000088                 : pin.obj (.text:PinConfigSet)
                  20005cc8    0000007a     rtsv7M4_T_le_v4SPD16_eabi.lib : memset_t2.obj (.text)
                  20005d42    00000076     driverlib.a : uart.obj (.text:UARTConfigSetExpClk)
                  20005db8    00000070                 : timer.obj (.text:TimerIntRegister)
                  20005e28    00000070     rtsv7M4_T_le_v4SPD16_eabi.lib : autoinit.obj (.text)
                  20005e98    0000006a                                   : copy_decompress_rle.obj (.text)
                  20005f02    00000002                                   : mpu_init.obj (.text)
                  20005f04    00000068     driverlib.a : timer.obj (.text:TimerIntUnregister)
                  20005f6c    00000064                 : udma.obj (.text:uDMAChannelAttributeDisable)
                  20005fd0    00000064                 : udma.obj (.text:uDMAChannelAttributeEnable)
                  20006034    00000058                 : prcm.obj (.text:PRCMPeripheralReset)
                  2000608c    00000054                 : interrupt.obj (.text:IntPrioritySet)
                  200060e0    00000054     rtsv7M4_T_le_v4SPD16_eabi.lib : boot.obj (.text)
                  20006134    00000054                                   : exit.obj (.text)
                  20006188    0000004c                                   : cpy_tbl.obj (.text)
                  200061d4    0000004c     driverlib.a : udma.obj (.text:uDMAChannelAssign)
                  20006220    00000044                 : timer.obj (.text:TimerConfigure)
                  20006264    00000044                 : uart.obj (.text:UARTIntNumberGet)
                  200062a8    00000044     rtsv7M4_T_le_v4SPD16_eabi.lib : fd_tou_t2.obj (.text)
                  200062ec    00000040     driverlib.a : pin.obj (.text:PinModeSet)
                  2000632c    0000003c                 : prcm.obj (.text:PRCMPeripheralClkEnable)
                  20006368    0000003c                 : udma.obj (.text:uDMAChannelControlSet)
                  200063a4    00000036                 : gpio.obj (.text:GPIODirModeSet)
                  200063da    00000036                 : timer.obj (.text:TimerControlLevel)
                  20006410    00000030                 : pin.obj (.text:PinTypeGPIO)
                  20006440    00000030                 : timer.obj (.text:TimerControlEvent)
                  20006470    00000030                 : uart.obj (.text:UARTDisable)
                  200064a0    0000002e     rtsv7M4_T_le_v4SPD16_eabi.lib : i_tofd_t2.obj (.text)
                  200064ce    00000002                                   : startup.obj (.text)
                  200064d0    0000002c     driverlib.a : prcm.obj (.text:PRCMSysResetCauseGet)
                  200064fc    0000002a                 : timer.obj (.text:TimerLoadSet)
                  20006526    0000002a                 : timer.obj (.text:TimerMatchSet)
                  20006550    0000002a                 : timer.obj (.text:TimerPrescaleSet)
                  2000657a    00000002     --HOLE-- [fill = 0]
                  2000657c    00000028                 : prcm.obj (.text:PRCMPeripheralClkDisable)
                  200065a4    00000024                 : interrupt.obj (.text:IntUnregister)
                  200065c8    00000024                 : uart.obj (.text:UARTEnable)
                  200065ec    00000020                 : gpio.obj (.text:GPIOPinWrite)
                  2000660c    00000020                 : interrupt.obj (.text:IntRegister)
                  2000662c    0000001e                 : timer.obj (.text:TimerDisable)
                  2000664a    0000001e                 : timer.obj (.text:TimerEnable)
                  20006668    0000001e                 : timer.obj (.text:TimerIntStatus)
                  20006686    0000001e                 : uart.obj (.text:UARTIntRegister)
                  200066a4    0000001c                 : timer.obj (.text:TimerValueGet)
                  200066c0    0000001c                 : udma.obj (.text:uDMAChannelDisable)
                  200066dc    0000001c                 : udma.obj (.text:uDMAChannelEnable)
                  200066f8    0000001c                 : udma.obj (.text:uDMAChannelRequest)
                  20006714    0000001a                 : pin.obj (.text:PinTypeTimer)
                  2000672e    0000001a                 : pin.obj (.text:PinTypeUART)
                  20006748    00000018                 : timer.obj (.text:TimerIntDisable)
                  20006760    00000018                 : timer.obj (.text:TimerIntEnable)
                  20006778    00000018                 : uart.obj (.text:UARTDMADisable)
                  20006790    00000018                 : uart.obj (.text:UARTDMAEnable)
                  200067a8    00000018                 : uart.obj (.text:UARTFIFOLevelSet)
                  200067c0    00000018                 : uart.obj (.text:UARTIntEnable)
                  200067d8    00000018     rtsv7M4_T_le_v4SPD16_eabi.lib : args_main.obj (.text)
                  200067f0    00000016     driverlib.a : prcm.obj (.text:PRCMHIBRegRead)
                  20006806    00000016                 : prcm.obj (.text:PRCMHIBRegWrite)
                  2000681c    00000016                 : udma.obj (.text:uDMAIntRegister)
                  20006832    00000014                 : cpu.obj (.text:CPUcpsie)
                  20006846    00000002     --HOLE-- [fill = 0]
                  20006848    00000014                 : interrupt.obj (.text:IntVTableBaseSet)
                  2000685c    00000014     rtsv7M4_T_le_v4SPD16_eabi.lib : _lock.obj (.text)
                  20006870    00000014     driverlib.a : udma.obj (.text:uDMAControlBaseSet)
                  20006884    00000014                 : udma.obj (.text:uDMAIntClear)
                  20006898    00000012                 : timer.obj (.text:TimerIntClear)
                  200068aa    00000012                 : uart.obj (.text:UARTIntClear)
                  200068bc    00000012                 : udma.obj (.text:uDMAIntUnregister)
                  200068ce    0000000e     rtsv7M4_T_le_v4SPD16_eabi.lib : copy_decompress_none.obj (.text:decompress:none)
                  200068dc    0000000e     startup_ccs.obj (.text)
                  200068ea    00000002     --HOLE-- [fill = 0]
                  200068ec    0000000c     driverlib.a : udma.obj (.text:uDMADisable)
                  200068f8    0000000c                 : udma.obj (.text:uDMAEnable)
                  20006904    0000000c                 : udma.obj (.text:uDMAIntStatus)
                  20006910    0000000a                 : interrupt.obj (.text:IntMasterEnable)
                  2000691a    00000006                 : utils.obj (.text:UtilsDelay)
                  20006920    00000006     rtsv7M4_T_le_v4SPD16_eabi.lib : copy_decompress_rle.obj (.text:decompress:rle24)
                  20006926    00000004                                   : pre_init.obj (.text)

.const     0    2000692c    000002bc     
                  2000692c    00000100     driverlib.a : pin.obj (.const:g_ulPinToPadMap)
                  20006a2c    000000d4                 : interrupt.obj (.const:g_pulRegs)
                  20006b00    000000a8                 : prcm.obj (.const:PRCM_PeriphRegsList)
                  20006ba8    00000018                 : interrupt.obj (.const:g_pulDisRegs)
                  20006bc0    00000018                 : interrupt.obj (.const:g_pulEnRegs)
                  20006bd8    00000010                 : uart.obj (.const:g_ppulUARTIntMap)

.cinit     0    20006be8    00000074     
                  20006be8    0000004a     (.cinit..data.load) [load image, compression = rle]
                  20006c32    00000006     --HOLE-- [fill = 0]
                  20006c38    0000000b     (.cinit..bss.load) [load image, compression = rle]
                  20006c43    00000001     --HOLE-- [fill = 0]
                  20006c44    00000008     (__TI_handler_table)
                  20006c4c    00000010     (__TI_cinit_table)

.bss       0    20017000    000005d1     UNINITIALIZED
                  20017000    00000400     (.common:gpCtlTbl)
                  20017400    00000100     (.common:gfpAppCallbackHndl)
                  20017500    00000060     (.common:pid)
                  20017560    00000034     (.common:raRxBuff)
                  20017594    00000034     (.common:ucRxBuff)
                  200175c8    00000008     (.common:g_ulSamples)
                  200175d0    00000001     (.common:iDone)

.data      0    200175d4    000000c8     UNINITIALIZED
                  200175d4    00000032     main.obj (.data:raTxBuff)
                  20017606    00000032     uartdma.obj (.data:raTxBuff)
                  20017638    00000032     uartdma.obj (.data:ucTxBuff)
                  2001766a    00000002     --HOLE--
                  2001766c    00000014     main.obj (.data)
                  20017680    0000000c     rtsv7M4_T_le_v4SPD16_eabi.lib : exit.obj (.data:$O1$$)
                  2001768c    00000008                                   : _lock.obj (.data:$O1$$)
                  20017694    00000004                                   : stkdepth_vars.obj (.data)
                  20017698    00000004     uartdma.obj (.data)

.sysmem    0    200176a0    00000008     UNINITIALIZED
                  200176a0    00000008     rtsv7M4_T_le_v4SPD16_eabi.lib : memory.obj (.sysmem)

.stack     0    2002faec    00000512     UNINITIALIZED
                  2002faec    00000512     --HOLE--

MODULE SUMMARY

       Module                     code   ro data   rw data
       ------                     ----   -------   -------
    .\
       udma_if.obj                460    0         1281   
       Motor.obj                  1596   0         104    
       startup_ccs.obj            14     1024      0      
       uartdma.obj                700    0         208    
       main.obj                   664    0         70     
       Timer_if.obj               496    0         0      
       encoder.obj                344    0         0      
    +--+--------------------------+------+---------+---------+
       Total:                     4274   1024      1663   
                                                          
    C:/ti/CC3200SDK_1.2.0/cc3200-sdk/driverlib/ccs/Release/driverlib.a
       prcm.obj                   800    168       0      
       interrupt.obj              520    260       0      
       udma.obj                   776    0         0      
       timer.obj                  696    0         0      
       pin.obj                    300    256       0      
       uart.obj                   414    16        0      
       gpio.obj                   86     0         0      
       cpu.obj                    20     0         0      
       utils.obj                  6      0         0      
    +--+--------------------------+------+---------+---------+
       Total:                     3618   700       0      
                                                          
    C:\ti\ccsv6\tools\compiler\arm_15.12.3.LTS\lib\rtsv7M4_T_le_v4SPD16_eabi.lib
       fd_add_t2.obj              438    0         0      
       fd_mul_t2.obj              252    0         0      
       memcpy_t2.obj              156    0         0      
       memset_t2.obj              122    0         0      
       autoinit.obj               112    0         0      
       copy_decompress_rle.obj    112    0         0      
       exit.obj                   84     0         12     
       boot.obj                   84     0         0      
       cpy_tbl.obj                76     0         0      
       fd_tou_t2.obj              68     0         0      
       i_tofd_t2.obj              46     0         0      
       _lock.obj                  20     0         8      
       args_main.obj              24     0         0      
       copy_decompress_none.obj   14     0         0      
       pre_init.obj               4      0         0      
       stkdepth_vars.obj          0      0         4      
       mpu_init.obj               2      0         0      
       startup.obj                2      0         0      
    +--+--------------------------+------+---------+---------+
       Total:                     1616   0         24     
                                                          
       Heap:                      0      0         8      
       Stack:                     0      0         1298   
       Linker Generated:          0      109       0      
    +--+--------------------------+------+---------+---------+
       Grand Total:               9508   1833      2993   


LINKER GENERATED COPY TABLES

__TI_cinit_table @ 20006c4c records: 2, size/record: 8, table size: 16
	.data: load addr=20006be8, load size=0000004a bytes, run addr=200175d4, run size=000000c8 bytes, compression=rle
	.bss: load addr=20006c38, load size=0000000b bytes, run addr=20017000, run size=000005d1 bytes, compression=rle


LINKER GENERATED HANDLER TABLE

__TI_handler_table @ 20006c44 records: 2, size/record: 4, table size: 8
	index: 0, handler: __TI_decompress_rle24
	index: 1, handler: __TI_decompress_none


GLOBAL SYMBOLS: SORTED ALPHABETICALLY BY Name 

address   name                           
-------   ----                           
20006135  C$$EXIT                        
20006833  CPUcpsie                       
20004a09  DeInitPWMModules               
20005197  DmaErrorIntHandler             
20005181  DmaSwIntHandler                
200063a5  GPIODirModeSet                 
200065ed  GPIOPinWrite                   
200049c9  InitPWMModules                 
200059c1  IntDisable                     
20005a69  IntEnable                      
20006911  IntMasterEnable                
2000608d  IntPrioritySet                 
2000660d  IntRegister                    
200065a5  IntUnregister                  
20006849  IntVTableBaseSet               
20004627  PID_init                       
200046b5  PID_realize                    
20005505  PRCMCC3200MCUInit              
200067f1  PRCMHIBRegRead                 
20006807  PRCMHIBRegWrite                
2000657d  PRCMPeripheralClkDisable       
2000632d  PRCMPeripheralClkEnable        
20005bad  PRCMPeripheralClockGet         
20006035  PRCMPeripheralReset            
200064d1  PRCMSysResetCauseGet           
20005c41  PinConfigSet                   
200062ed  PinModeSet                     
20004871  PinMuxConfig                   
20006411  PinTypeGPIO                    
20006715  PinTypeTimer                   
2000672f  PinTypeUART                    
20004b85  Raspberryuartdmainit           
200068dd  ResetISR                       
UNDEFED   SHT$$INIT_ARRAY$$Base          
UNDEFED   SHT$$INIT_ARRAY$$Limit         
20004971  SetupTimerPWMMode              
20005161  TimerBaseIntHandler            
20006221  TimerConfigure                 
20006441  TimerControlEvent              
200063db  TimerControlLevel              
2000662d  TimerDisable                   
2000664b  TimerEnable                    
20006899  TimerIntClear                  
20006749  TimerIntDisable                
20006761  TimerIntEnable                 
20005db9  TimerIntRegister               
20006669  TimerIntStatus                 
20005f05  TimerIntUnregister             
200064fd  TimerLoadSet                   
20006527  TimerMatchSet                  
20006551  TimerPrescaleSet               
200066a5  TimerValueGet                  
200050d7  Timer_IF_DeInit                
20005109  Timer_IF_GetCount              
20005011  Timer_IF_Init                  
20005043  Timer_IF_IntSetup              
2000508f  Timer_IF_InterruptClear        
200050f1  Timer_IF_ReLoad                
200050a7  Timer_IF_Start                 
200050c7  Timer_IF_Stop                  
2000576d  TimerlimitIntHandler           
2000579f  TimermatchIntHandler           
20005d43  UARTConfigSetExpClk            
20006779  UARTDMADisable                 
20006791  UARTDMAEnable                  
20006471  UARTDisable                    
200065c9  UARTEnable                     
200067a9  UARTFIFOLevelSet               
200068ab  UARTIntClear                   
200067c1  UARTIntEnable                  
20006687  UARTIntRegister                
2000520b  UDMAChannelSelect              
200052df  UDMADeInit                     
200051a3  UDMAInit                       
20005239  UDMASetupAutoMemTransfer       
2000526d  UDMASetupPingPongTransfer      
200052f3  UDMASetupTransfer              
200052c7  UDMAStartTransfer              
200052d3  UDMAStopTransfer               
20004907  UpdateDutyCycle                
2000691b  UtilsDelay                     
20004a3d  Zigbeeuartdmainit              
2002fffe  __STACK_END                    
00000512  __STACK_SIZE                   
00000008  __SYSMEM_SIZE                  
20006c4c  __TI_CINIT_Base                
20006c5c  __TI_CINIT_Limit               
20006c44  __TI_Handler_Table_Base        
20006c4c  __TI_Handler_Table_Limit       
20005e29  __TI_auto_init                 
20017680  __TI_cleanup_ptr               
200068cf  __TI_decompress_none           
20006921  __TI_decompress_rle24          
20017684  __TI_dtors_ptr                 
20017688  __TI_enable_exit_profile_output
ffffffff  __TI_pprof_out_hndl            
ffffffff  __TI_prof_data_size            
ffffffff  __TI_prof_data_start           
20006be8  __TI_static_base__             
200062a9  __aeabi_d2uiz                  
20005357  __aeabi_dadd                   
200057d5  __aeabi_dmul                   
2000534d  __aeabi_dsub                   
200064a1  __aeabi_i2d                    
20005cc9  __aeabi_memclr                 
20005cc9  __aeabi_memclr4                
20005cc9  __aeabi_memclr8                
20005b11  __aeabi_memcpy                 
20005b11  __aeabi_memcpy4                
20005b11  __aeabi_memcpy8                
20005ccb  __aeabi_memset                 
20005ccb  __aeabi_memset4                
20005ccb  __aeabi_memset8                
ffffffff  __binit__                      
ffffffff  __c_args__                     
20005f03  __mpu_init                     
2002faec  __stack                        
200067d9  _args_main                     
200060e1  _c_int00                       
2001768c  _lock                          
2000686b  _nop                           
20006863  _register_lock                 
2000685d  _register_unlock               
200176a0  _sys_memory                    
200064cf  _system_post_cinit             
20006927  _system_pre_init               
20017690  _unlock                        
20006139  abort                          
ffffffff  binit                          
20006189  copy_in                        
2000514d  deinitdelay                    
20004575  delayms                        
20005721  dislimitencoder                
20005759  dismatchencoder                
2000567d  encoderinit                    
20006141  exit                           
20004000  g_pfnVectors                   
200175c8  g_ulSamples                    
20017400  gfpAppCallbackHndl             
20017000  gpCtlTbl                       
200175d0  iDone                          
20005121  initdelay                      
20017699  isintRasRx                     
20017698  isintZigRx                     
200056d3  limitencoder                   
20004d11  main                           
20017694  main_func_sp                   
2001769a  mark0                          
2001769b  mark1                          
2000572d  matchencoder                   
2001766c  mdata                          
20005b11  memcpy                         
20005cd1  memset                         
20004401  motorinit                      
20004445  move                           
20017674  mwdif                          
20017500  pid                            
20017560  raRxBuff                       
200045b3  rotating                       
2001767c  speedy                         
20017678  speedz                         
2000451b  stop                           
200061d5  uDMAChannelAssign              
20005f6d  uDMAChannelAttributeDisable    
20005fd1  uDMAChannelAttributeEnable     
20006369  uDMAChannelControlSet          
200066c1  uDMAChannelDisable             
200066dd  uDMAChannelEnable              
200066f9  uDMAChannelRequest             
200058d1  uDMAChannelTransferSet         
20006871  uDMAControlBaseSet             
200068ed  uDMADisable                    
200068f9  uDMAEnable                     
20006885  uDMAIntClear                   
2000681d  uDMAIntRegister                
20006905  uDMAIntStatus                  
200068bd  uDMAIntUnregister              
20004af1  uart0dmarx                     
20004b31  uart0dmatx                     
20004c35  uart1dmarx                     
20004c75  uart1dmatx                     
20017594  ucRxBuff                       
20017670  wdata                          


GLOBAL SYMBOLS: SORTED BY Symbol Address 

address   name                           
-------   ----                           
00000008  __SYSMEM_SIZE                  
00000512  __STACK_SIZE                   
20004000  g_pfnVectors                   
20004401  motorinit                      
20004445  move                           
2000451b  stop                           
20004575  delayms                        
200045b3  rotating                       
20004627  PID_init                       
200046b5  PID_realize                    
20004871  PinMuxConfig                   
20004907  UpdateDutyCycle                
20004971  SetupTimerPWMMode              
200049c9  InitPWMModules                 
20004a09  DeInitPWMModules               
20004a3d  Zigbeeuartdmainit              
20004af1  uart0dmarx                     
20004b31  uart0dmatx                     
20004b85  Raspberryuartdmainit           
20004c35  uart1dmarx                     
20004c75  uart1dmatx                     
20004d11  main                           
20005011  Timer_IF_Init                  
20005043  Timer_IF_IntSetup              
2000508f  Timer_IF_InterruptClear        
200050a7  Timer_IF_Start                 
200050c7  Timer_IF_Stop                  
200050d7  Timer_IF_DeInit                
200050f1  Timer_IF_ReLoad                
20005109  Timer_IF_GetCount              
20005121  initdelay                      
2000514d  deinitdelay                    
20005161  TimerBaseIntHandler            
20005181  DmaSwIntHandler                
20005197  DmaErrorIntHandler             
200051a3  UDMAInit                       
2000520b  UDMAChannelSelect              
20005239  UDMASetupAutoMemTransfer       
2000526d  UDMASetupPingPongTransfer      
200052c7  UDMAStartTransfer              
200052d3  UDMAStopTransfer               
200052df  UDMADeInit                     
200052f3  UDMASetupTransfer              
2000534d  __aeabi_dsub                   
20005357  __aeabi_dadd                   
20005505  PRCMCC3200MCUInit              
2000567d  encoderinit                    
200056d3  limitencoder                   
20005721  dislimitencoder                
2000572d  matchencoder                   
20005759  dismatchencoder                
2000576d  TimerlimitIntHandler           
2000579f  TimermatchIntHandler           
200057d5  __aeabi_dmul                   
200058d1  uDMAChannelTransferSet         
200059c1  IntDisable                     
20005a69  IntEnable                      
20005b11  __aeabi_memcpy                 
20005b11  __aeabi_memcpy4                
20005b11  __aeabi_memcpy8                
20005b11  memcpy                         
20005bad  PRCMPeripheralClockGet         
20005c41  PinConfigSet                   
20005cc9  __aeabi_memclr                 
20005cc9  __aeabi_memclr4                
20005cc9  __aeabi_memclr8                
20005ccb  __aeabi_memset                 
20005ccb  __aeabi_memset4                
20005ccb  __aeabi_memset8                
20005cd1  memset                         
20005d43  UARTConfigSetExpClk            
20005db9  TimerIntRegister               
20005e29  __TI_auto_init                 
20005f03  __mpu_init                     
20005f05  TimerIntUnregister             
20005f6d  uDMAChannelAttributeDisable    
20005fd1  uDMAChannelAttributeEnable     
20006035  PRCMPeripheralReset            
2000608d  IntPrioritySet                 
200060e1  _c_int00                       
20006135  C$$EXIT                        
20006139  abort                          
20006141  exit                           
20006189  copy_in                        
200061d5  uDMAChannelAssign              
20006221  TimerConfigure                 
200062a9  __aeabi_d2uiz                  
200062ed  PinModeSet                     
2000632d  PRCMPeripheralClkEnable        
20006369  uDMAChannelControlSet          
200063a5  GPIODirModeSet                 
200063db  TimerControlLevel              
20006411  PinTypeGPIO                    
20006441  TimerControlEvent              
20006471  UARTDisable                    
200064a1  __aeabi_i2d                    
200064cf  _system_post_cinit             
200064d1  PRCMSysResetCauseGet           
200064fd  TimerLoadSet                   
20006527  TimerMatchSet                  
20006551  TimerPrescaleSet               
2000657d  PRCMPeripheralClkDisable       
200065a5  IntUnregister                  
200065c9  UARTEnable                     
200065ed  GPIOPinWrite                   
2000660d  IntRegister                    
2000662d  TimerDisable                   
2000664b  TimerEnable                    
20006669  TimerIntStatus                 
20006687  UARTIntRegister                
200066a5  TimerValueGet                  
200066c1  uDMAChannelDisable             
200066dd  uDMAChannelEnable              
200066f9  uDMAChannelRequest             
20006715  PinTypeTimer                   
2000672f  PinTypeUART                    
20006749  TimerIntDisable                
20006761  TimerIntEnable                 
20006779  UARTDMADisable                 
20006791  UARTDMAEnable                  
200067a9  UARTFIFOLevelSet               
200067c1  UARTIntEnable                  
200067d9  _args_main                     
200067f1  PRCMHIBRegRead                 
20006807  PRCMHIBRegWrite                
2000681d  uDMAIntRegister                
20006833  CPUcpsie                       
20006849  IntVTableBaseSet               
2000685d  _register_unlock               
20006863  _register_lock                 
2000686b  _nop                           
20006871  uDMAControlBaseSet             
20006885  uDMAIntClear                   
20006899  TimerIntClear                  
200068ab  UARTIntClear                   
200068bd  uDMAIntUnregister              
200068cf  __TI_decompress_none           
200068dd  ResetISR                       
200068ed  uDMADisable                    
200068f9  uDMAEnable                     
20006905  uDMAIntStatus                  
20006911  IntMasterEnable                
2000691b  UtilsDelay                     
20006921  __TI_decompress_rle24          
20006927  _system_pre_init               
20006be8  __TI_static_base__             
20006c44  __TI_Handler_Table_Base        
20006c4c  __TI_CINIT_Base                
20006c4c  __TI_Handler_Table_Limit       
20006c5c  __TI_CINIT_Limit               
20017000  gpCtlTbl                       
20017400  gfpAppCallbackHndl             
20017500  pid                            
20017560  raRxBuff                       
20017594  ucRxBuff                       
200175c8  g_ulSamples                    
200175d0  iDone                          
2001766c  mdata                          
20017670  wdata                          
20017674  mwdif                          
20017678  speedz                         
2001767c  speedy                         
20017680  __TI_cleanup_ptr               
20017684  __TI_dtors_ptr                 
20017688  __TI_enable_exit_profile_output
2001768c  _lock                          
20017690  _unlock                        
20017694  main_func_sp                   
20017698  isintZigRx                     
20017699  isintRasRx                     
2001769a  mark0                          
2001769b  mark1                          
200176a0  _sys_memory                    
2002faec  __stack                        
2002fffe  __STACK_END                    
ffffffff  __TI_pprof_out_hndl            
ffffffff  __TI_prof_data_size            
ffffffff  __TI_prof_data_start           
ffffffff  __binit__                      
ffffffff  __c_args__                     
ffffffff  binit                          
UNDEFED   SHT$$INIT_ARRAY$$Base          
UNDEFED   SHT$$INIT_ARRAY$$Limit         

[183 symbols]
