******************************************************************************
                  TI ARM Linker PC v5.1.5                      
******************************************************************************
>> Linked Wed Jun 03 21:45:12 2015

OUTPUT FILE NAME:   <yuntai.out>
ENTRY POINT SYMBOL: "_c_int00"  address: 00001075


MEMORY CONFIGURATION

         name            origin    length      used     unused   attr    fill
----------------------  --------  ---------  --------  --------  ----  --------
  FLASH                 00000000   00040000  000012f0  0003ed10  R  X
  SRAM                  20000000   00008000  0000065a  000079a6  RW X


SEGMENT ALLOCATION MAP

run origin  load origin   length   init length attrs members
----------  ----------- ---------- ----------- ----- -------
00000000    00000000    000012f8   000012f8    r-x
  00000000    00000000    0000026c   0000026c    r-- .intvecs
  0000026c    0000026c    00000f86   00000f86    r-x .text
  000011f4    000011f4    000000be   000000be    r-- .const
  000012b8    000012b8    00000040   00000040    r-- .cinit
20000000    20000000    0000065c   00000000    rw-
  20000000    20000000    00000436   00000000    rw- .bss
  20000438    20000438    00000200   00000000    rw- .stack
  20000638    20000638    00000024   00000000    rw- .data


SECTION ALLOCATION MAP

 output                                  attributes/
section   page    origin      length       input sections
--------  ----  ----------  ----------   ----------------
.intvecs   0    00000000    0000026c     
                  00000000    0000026c     tm4c123gh6pm_startup_ccs.obj (.intvecs)

.init_array 
*          0    00000000    00000000     UNINITIALIZED

.text      0    0000026c    00000f86     
                  0000026c    00000754     main.obj (.text)
                  000009c0    000004dc     uartstdio.obj (.text)
                  00000e9c    0000009c     rtsv7M4_T_le_v4SPD16_eabi.lib : memcpy_t2.obj (.text)
                  00000f38    00000094                                   : auto_init.obj (.text)
                  00000fcc    0000005e                                   : copy_decompress_rle.obj (.text)
                  0000102a    00000002     --HOLE-- [fill = 0]
                  0000102c    00000048     driverlib.lib : gpio.obj (.text:GPIOPinConfigure)
                  00001074    00000048     rtsv7M4_T_le_v4SPD16_eabi.lib : boot.obj (.text)
                  000010bc    00000044                                   : cpy_tbl.obj (.text)
                  00001100    00000044                                   : exit.obj (.text)
                  00001144    00000042                                   : u_divt2.obj (.text)
                  00001186    00000002     --HOLE-- [fill = 0]
                  00001188    00000018                                   : args_main.obj (.text)
                  000011a0    00000014                                   : _lock.obj (.text)
                  000011b4    00000012                                   : copy_zero_init.obj (.text:decompress:ZI)
                  000011c6    0000000e                                   : copy_decompress_none.obj (.text:decompress:none)
                  000011d4    0000000c     tm4c123gh6pm_startup_ccs.obj (.text)
                  000011e0    00000006     driverlib.lib : sysctl.obj (.text:SysCtlDelay)
                  000011e6    00000006                   : uart.obj (.text:UARTClockSourceSet)
                  000011ec    00000006     rtsv7M4_T_le_v4SPD16_eabi.lib : copy_decompress_rle.obj (.text:decompress:rle24)

.const     0    000011f4    000000be     
                  000011f4    00000090     driverlib.lib : gpio.obj (.const:g_pui32GPIOBaseAddrs)
                  00001284    0000001c     uartstdio.obj (.const)
                  000012a0    00000012     uartstdio.obj (.const:.string)

.cinit     0    000012b8    00000040     
                  000012b8    00000016     (.cinit..data.load) [load image, compression = rle]
                  000012ce    00000002     --HOLE-- [fill = 0]
                  000012d0    0000000c     (__TI_handler_table)
                  000012dc    00000004     --HOLE-- [fill = 0]
                  000012e0    00000008     (.cinit..bss.load) [load image, compression = zero_init]
                  000012e8    00000010     (__TI_cinit_table)

.bss       0    20000000    00000436     UNINITIALIZED
                  20000000    00000400     main.obj (.bss:ui8ControlTable)
                  20000400    00000014     (.common:RC_Ctl)
                  20000414    00000014     (.common:g_ui8RxBuf)
                  20000428    00000002     (.common:angle_x)
                  2000042a    00000002     (.common:angle_y)
                  2000042c    00000002     (.common:x_d)
                  2000042e    00000002     (.common:x_t)
                  20000430    00000002     (.common:y_d)
                  20000432    00000002     (.common:y_t)
                  20000434    00000001     (.common:x_f)
                  20000435    00000001     (.common:y_f)

.stack     0    20000438    00000200     UNINITIALIZED
                  20000438    00000200     --HOLE--

.data      0    20000638    00000024     UNINITIALIZED
                  20000638    00000008     main.obj (.data)
                  20000640    00000008     rtsv7M4_T_le_v4SPD16_eabi.lib : _lock.obj (.data)
                  20000648    00000008                                   : exit.obj (.data)
                  20000650    00000005     uartstdio.obj (.data)
                  20000655    00000003     --HOLE--
                  20000658    00000004     rtsv7M4_T_le_v4SPD16_eabi.lib : stkdepth_vars.obj (.data)


LINKER GENERATED COPY TABLES

__TI_cinit_table @ 000012e8 records: 2, size/record: 8, table size: 16
	.data: load addr=000012b8, load size=00000016 bytes, run addr=20000638, run size=00000024 bytes, compression=rle
	.bss: load addr=000012e0, load size=00000008 bytes, run addr=20000000, run size=00000436 bytes, compression=zero_init


LINKER GENERATED HANDLER TABLE

__TI_handler_table @ 000012d0 records: 3, size/record: 4, table size: 12
	index: 0, handler: __TI_decompress_rle24
	index: 1, handler: __TI_decompress_none
	index: 2, handler: __TI_zero_init


GLOBAL SYMBOLS: SORTED ALPHABETICALLY BY Name 

address    name
--------   ----
00001101   C$$EXIT
0000079d   ConfigureUART
0000102d   GPIOPinConfigure
000006c5   InitUART1Transfer
000011d5   ResetISR
UNDEFED    SHT$$INIT_ARRAY$$Base
UNDEFED    SHT$$INIT_ARRAY$$Limit
000011e1   SysCtlDelay
00000565   UART1IntHandler
00000809   UART3servoinit
000011e7   UARTClockSourceSet
0000026d   UARTSend
000009c1   UARTStdioConfig
00000b39   UARTgetc
00000a73   UARTgets
00000e67   UARTprintf
00000b6d   UARTvprintf
00000a21   UARTwrite
20000638   __STACK_END
00000200   __STACK_SIZE
20000638   __STACK_TOP
000012e8   __TI_CINIT_Base
000012f8   __TI_CINIT_Limit
000012d0   __TI_Handler_Table_Base
000012dc   __TI_Handler_Table_Limit
00000001   __TI_args_main
00000f39   __TI_auto_init
20000648   __TI_cleanup_ptr
000011c7   __TI_decompress_none
000011ed   __TI_decompress_rle24
2000064c   __TI_dtors_ptr
00000000   __TI_static_base__
000011b5   __TI_zero_init
00000e9d   __aeabi_memcpy
00000e9d   __aeabi_memcpy4
00000e9d   __aeabi_memcpy8
00001145   __aeabi_uidivmod
ffffffff   __binit__
ffffffff   __c_args__
20000438   __stack
00001189   _args_main
00001075   _c_int00
20000640   _lock
000011af   _nop
000011a7   _register_lock
000011a1   _register_unlock
20000644   _unlock
00001105   abort
00000335   action
20000428   angle_x
2000042a   angle_y
ffffffff   binit
00000385   control
000010bd   copy_in
0000110d   exit
00000000   g_pfnVectors
00000875   main
20000658   main_func_sp
00000e9d   memcpy
20000638   servo1_angle
2000063a   servo2_angle
00000365   systeminit
00000525   uDMAErrorHandler
20000000   ui8ControlTable
0000029b   writeaction
2000042c   x_d
20000434   x_f
2000042e   x_t
20000430   y_d
20000435   y_f
20000432   y_t


GLOBAL SYMBOLS: SORTED BY Symbol Address 

address    name
--------   ----
00000000   __TI_static_base__
00000000   g_pfnVectors
00000001   __TI_args_main
00000200   __STACK_SIZE
0000026d   UARTSend
0000029b   writeaction
00000335   action
00000365   systeminit
00000385   control
00000525   uDMAErrorHandler
00000565   UART1IntHandler
000006c5   InitUART1Transfer
0000079d   ConfigureUART
00000809   UART3servoinit
00000875   main
000009c1   UARTStdioConfig
00000a21   UARTwrite
00000a73   UARTgets
00000b39   UARTgetc
00000b6d   UARTvprintf
00000e67   UARTprintf
00000e9d   __aeabi_memcpy
00000e9d   __aeabi_memcpy4
00000e9d   __aeabi_memcpy8
00000e9d   memcpy
00000f39   __TI_auto_init
0000102d   GPIOPinConfigure
00001075   _c_int00
000010bd   copy_in
00001101   C$$EXIT
00001105   abort
0000110d   exit
00001145   __aeabi_uidivmod
00001189   _args_main
000011a1   _register_unlock
000011a7   _register_lock
000011af   _nop
000011b5   __TI_zero_init
000011c7   __TI_decompress_none
000011d5   ResetISR
000011e1   SysCtlDelay
000011e7   UARTClockSourceSet
000011ed   __TI_decompress_rle24
000012d0   __TI_Handler_Table_Base
000012dc   __TI_Handler_Table_Limit
000012e8   __TI_CINIT_Base
000012f8   __TI_CINIT_Limit
20000000   ui8ControlTable
20000428   angle_x
2000042a   angle_y
2000042c   x_d
2000042e   x_t
20000430   y_d
20000432   y_t
20000434   x_f
20000435   y_f
20000438   __stack
20000638   __STACK_END
20000638   __STACK_TOP
20000638   servo1_angle
2000063a   servo2_angle
20000640   _lock
20000644   _unlock
20000648   __TI_cleanup_ptr
2000064c   __TI_dtors_ptr
20000658   main_func_sp
ffffffff   __binit__
ffffffff   __c_args__
ffffffff   binit
UNDEFED    SHT$$INIT_ARRAY$$Base
UNDEFED    SHT$$INIT_ARRAY$$Limit

[71 symbols]
