******************************************************************************
                  TI ARM Linker PC v15.12.3                    
******************************************************************************
>> Linked Sat Nov 19 23:21:52 2016

OUTPUT FILE NAME:   <MPU9255.out>
ENTRY POINT SYMBOL: "_c_int00"  address: 0000127d


MEMORY CONFIGURATION

         name            origin    length      used     unused   attr    fill
----------------------  --------  ---------  --------  --------  ----  --------
  FLASH                 00000000   00040000  000016d4  0003e92c  R  X
  SRAM                  20000000   00008000  00000256  00007daa  RW X


SEGMENT ALLOCATION MAP

run origin  load origin   length   init length attrs members
----------  ----------- ---------- ----------- ----- -------
00000000    00000000    000016d4   000016d4    r-x
  00000000    00000000    0000026c   0000026c    r-- .intvecs
  0000026c    0000026c    00001300   00001300    r-x .text
  0000156c    0000156c    0000012c   0000012c    r-- .const
  00001698    00001698    0000003c   0000003c    r-- .cinit
20000000    20000000    00000258   00000000    rw-
  20000000    20000000    00000200   00000000    rw- .stack
  20000200    20000200    00000036   00000000    rw- .bss
  20000238    20000238    00000020   00000000    rw- .data


SECTION ALLOCATION MAP

 output                                  attributes/
section   page    origin      length       input sections
--------  ----  ----------  ----------   ----------------
.intvecs   0    00000000    0000026c     
                  00000000    0000026c     tm4c123gh6pm_startup_ccs.obj (.intvecs)

.text      0    0000026c    00001300     
                  0000026c    000004dc     uartstdio.obj (.text)
                  00000748    000002d4     MPU9255.obj (.text)
                  00000a1c    00000214     SPI.obj (.text)
                  00000c30    00000132     driverlib.lib : gpio.obj (.text:GPIOPadConfigSet)
                  00000d62    00000002     rtsv7M4_T_le_v4SPD16_eabi.lib : i_div0.obj (.text)
                  00000d64    00000120     main.obj (.text)
                  00000e84    00000110     driverlib.lib : sysctl.obj (.text:SysCtlClockGet)
                  00000f94    000000f4                   : sysctl.obj (.text:SysCtlClockSet)
                  00001088    0000009c     rtsv7M4_T_le_v4SPD16_eabi.lib : memcpy_t2.obj (.text)
                  00001124    0000007a                                   : memset_t2.obj (.text)
                  0000119e    00000002                                   : mpu_init.obj (.text)
                  000011a0    00000070                                   : autoinit.obj (.text)
                  00001210    0000006a                                   : copy_decompress_rle.obj (.text)
                  0000127a    00000002                                   : startup.obj (.text)
                  0000127c    00000054                                   : boot.obj (.text)
                  000012d0    00000054                                   : exit.obj (.text)
                  00001324    0000004c                                   : cpy_tbl.obj (.text)
                  00001370    00000048     driverlib.lib : gpio.obj (.text:GPIOPinConfigure)
                  000013b8    00000040     rtsv7M4_T_le_v4SPD16_eabi.lib : u_divt2.obj (.text)
                  000013f8    0000003c     driverlib.lib : ssi.obj (.text:SSIConfigSetExpClk)
                  00001434    00000034                   : sysctl.obj (.text:SysCtlPeripheralEnable)
                  00001468    0000002a                   : gpio.obj (.text:GPIODirModeSet)
                  00001492    00000018                   : gpio.obj (.text:GPIOPinTypeGPIOOutput)
                  000014aa    00000002     --HOLE-- [fill = 0]
                  000014ac    00000018     rtsv7M4_T_le_v4SPD16_eabi.lib : args_main.obj (.text)
                  000014c4    00000014                                   : _lock.obj (.text)
                  000014d8    00000012     driverlib.lib : gpio.obj (.text:GPIOPinTypeSSI)
                  000014ea    00000012                   : gpio.obj (.text:GPIOPinTypeUART)
                  000014fc    00000012                   : ssi.obj (.text:SSIDataGetNonBlocking)
                  0000150e    0000000e     rtsv7M4_T_le_v4SPD16_eabi.lib : copy_decompress_none.obj (.text:decompress:none)
                  0000151c    0000000c     driverlib.lib : ssi.obj (.text:SSIDataGet)
                  00001528    0000000c     tm4c123gh6pm_startup_ccs.obj (.text)
                  00001534    0000000a     driverlib.lib : ssi.obj (.text:SSIDataPut)
                  0000153e    0000000a                   : ssi.obj (.text:SSIEnable)
                  00001548    00000008                   : ssi.obj (.text:SSIBusy)
                  00001550    00000006                   : gpio.obj (.text:GPIOPinWrite)
                  00001556    00000006                   : sysctl.obj (.text:SysCtlDelay)
                  0000155c    00000006                   : uart.obj (.text:UARTClockSourceSet)
                  00001562    00000006     rtsv7M4_T_le_v4SPD16_eabi.lib : copy_decompress_rle.obj (.text:decompress:rle24)
                  00001568    00000004                                   : pre_init.obj (.text)

.const     0    0000156c    0000012c     
                  0000156c    00000090     driverlib.lib : gpio.obj (.const:g_pui32GPIOBaseAddrs)
                  000015fc    0000006c                   : sysctl.obj (.const:g_pui32Xtals)
                  00001668    00000012     uartstdio.obj (.const:.string)
                  0000167a    00000002     --HOLE-- [fill = 0]
                  0000167c    0000000c     uartstdio.obj (.const:g_ui32UARTBase)
                  00001688    0000000c     uartstdio.obj (.const:g_ui32UARTPeriph)
                  00001694    00000004     uartstdio.obj (.const)

.cinit     0    00001698    0000003c     
                  00001698    00000016     (.cinit..data.load) [load image, compression = rle]
                  000016ae    00000002     --HOLE-- [fill = 0]
                  000016b0    00000009     (.cinit..bss.load) [load image, compression = rle]
                  000016b9    00000003     --HOLE-- [fill = 0]
                  000016bc    00000008     (__TI_handler_table)
                  000016c4    00000010     (__TI_cinit_table)

.init_array 
*          0    00000000    00000000     UNINITIALIZED

.stack     0    20000000    00000200     UNINITIALIZED
                  20000000    00000200     --HOLE--

.bss       0    20000200    00000036     UNINITIALIZED
                  20000200    00000010     (.common:MPU9255_DataBuffer)
                  20000210    0000000c     (.common:MPU9255_ACC_OFFSET)
                  2000021c    0000000c     (.common:MPU9255_GYRO_OFFSET)
                  20000228    00000006     (.common:MPU9255_ACC_LAST)
                  2000022e    00000006     (.common:MPU9255_GYRO_LAST)
                  20000234    00000002     (.common:MPU9255_TEMP_LAST)

.data      0    20000238    00000020     UNINITIALIZED
                  20000238    0000000c     rtsv7M4_T_le_v4SPD16_eabi.lib : exit.obj (.data:$O1$$)
                  20000244    00000008                                   : _lock.obj (.data:$O1$$)
                  2000024c    00000005     uartstdio.obj (.data)
                  20000251    00000003     --HOLE--
                  20000254    00000004     rtsv7M4_T_le_v4SPD16_eabi.lib : stkdepth_vars.obj (.data)

MODULE SUMMARY

       Module                         code   ro data   rw data
       ------                         ----   -------   -------
    .\
       MPU9255.obj                    724    0         54     
       tm4c123gh6pm_startup_ccs.obj   12     620       0      
       SPI.obj                        532    0         0      
       main.obj                       288    0         0      
    +--+------------------------------+------+---------+---------+
       Total:                         1556   620       54     
                                                              
    .\utils\
       uartstdio.obj                  1244   46        5      
    +--+------------------------------+------+---------+---------+
       Total:                         1244   46        5      
                                                              
    C:/ti/TivaWare_C_Series-2.1.3.156/driverlib/ccs/Debug/driverlib.lib
       sysctl.obj                     574    108       0      
       gpio.obj                       486    144       0      
       ssi.obj                        118    0         0      
       uart.obj                       6      0         0      
    +--+------------------------------+------+---------+---------+
       Total:                         1184   252       0      
                                                              
    C:\ti\ccsv6\tools\compiler\arm_15.12.3.LTS\lib\rtsv7M4_T_le_v4SPD16_eabi.lib
       memcpy_t2.obj                  156    0         0      
       memset_t2.obj                  122    0         0      
       autoinit.obj                   112    0         0      
       copy_decompress_rle.obj        112    0         0      
       exit.obj                       84     0         12     
       boot.obj                       84     0         0      
       cpy_tbl.obj                    76     0         0      
       u_divt2.obj                    64     0         0      
       _lock.obj                      20     0         8      
       args_main.obj                  24     0         0      
       copy_decompress_none.obj       14     0         0      
       pre_init.obj                   4      0         0      
       stkdepth_vars.obj              0      0         4      
       i_div0.obj                     2      0         0      
       mpu_init.obj                   2      0         0      
       startup.obj                    2      0         0      
    +--+------------------------------+------+---------+---------+
       Total:                         878    0         24     
                                                              
       Stack:                         0      0         512    
       Linker Generated:              0      55        0      
    +--+------------------------------+------+---------+---------+
       Grand Total:                   4862   973       595    


LINKER GENERATED COPY TABLES

__TI_cinit_table @ 000016c4 records: 2, size/record: 8, table size: 16
	.data: load addr=00001698, load size=00000016 bytes, run addr=20000238, run size=00000020 bytes, compression=rle
	.bss: load addr=000016b0, load size=00000009 bytes, run addr=20000200, run size=00000036 bytes, compression=rle


LINKER GENERATED HANDLER TABLE

__TI_handler_table @ 000016bc records: 2, size/record: 4, table size: 8
	index: 0, handler: __TI_decompress_rle24
	index: 1, handler: __TI_decompress_none


GLOBAL SYMBOLS: SORTED ALPHABETICALLY BY Name 

address   name                           
-------   ----                           
000012d1  C$$EXIT                        
00001469  GPIODirModeSet                 
00000c31  GPIOPadConfigSet               
00001371  GPIOPinConfigure               
00001493  GPIOPinTypeGPIOOutput          
000014d9  GPIOPinTypeSSI                 
000014eb  GPIOPinTypeUART                
00001551  GPIOPinWrite                   
00000d65  InitConsole                    
20000228  MPU9255_ACC_LAST               
20000210  MPU9255_ACC_OFFSET             
20000200  MPU9255_DataBuffer             
2000022e  MPU9255_GYRO_LAST              
2000021c  MPU9255_GYRO_OFFSET            
00000749  MPU9255_Init                   
00000857  MPU9255_ReadValue              
20000234  MPU9255_TEMP_LAST              
00001529  ResetISR                       
UNDEFED   SHT$$INIT_ARRAY$$Base          
UNDEFED   SHT$$INIT_ARRAY$$Limit         
00000a81  SPI_RW                         
00000bb1  SPI_Read_Buf                   
00000b5f  SPI_Read_register              
00000a1d  SPI_TM4C123_init               
00000aff  SPI_Write_Buf                  
00000ab3  SPI_Write_register             
00001549  SSIBusy                        
000013f9  SSIConfigSetExpClk             
0000151d  SSIDataGet                     
000014fd  SSIDataGetNonBlocking          
00001535  SSIDataPut                     
0000153f  SSIEnable                      
00000e85  SysCtlClockGet                 
00000f95  SysCtlClockSet                 
00001557  SysCtlDelay                    
00001435  SysCtlPeripheralEnable         
0000155d  UARTClockSourceSet             
0000026d  UARTStdioConfig                
000003e5  UARTgetc                       
0000031f  UARTgets                       
00000713  UARTprintf                     
00000419  UARTvprintf                    
000002cd  UARTwrite                      
20000200  __STACK_END                    
00000200  __STACK_SIZE                   
20000200  __STACK_TOP                    
000016c4  __TI_CINIT_Base                
000016d4  __TI_CINIT_Limit               
000016bc  __TI_Handler_Table_Base        
000016c4  __TI_Handler_Table_Limit       
000011a1  __TI_auto_init                 
20000238  __TI_cleanup_ptr               
0000150f  __TI_decompress_none           
00001563  __TI_decompress_rle24          
2000023c  __TI_dtors_ptr                 
20000240  __TI_enable_exit_profile_output
ffffffff  __TI_pprof_out_hndl            
ffffffff  __TI_prof_data_size            
ffffffff  __TI_prof_data_start           
00000000  __TI_static_base__             
00000d63  __aeabi_idiv0                  
00001125  __aeabi_memclr                 
00001125  __aeabi_memclr4                
00001125  __aeabi_memclr8                
00001089  __aeabi_memcpy                 
00001089  __aeabi_memcpy4                
00001089  __aeabi_memcpy8                
00001127  __aeabi_memset                 
00001127  __aeabi_memset4                
00001127  __aeabi_memset8                
000013b9  __aeabi_uidiv                  
000013b9  __aeabi_uidivmod               
ffffffff  __binit__                      
ffffffff  __c_args__                     
0000119f  __mpu_init                     
20000000  __stack                        
000014ad  _args_main                     
0000127d  _c_int00                       
20000244  _lock                          
000014d3  _nop                           
000014cb  _register_lock                 
000014c5  _register_unlock               
0000127b  _system_post_cinit             
00001569  _system_pre_init               
20000248  _unlock                        
000012d5  abort                          
ffffffff  binit                          
00001325  copy_in                        
000012dd  exit                           
00000000  g_pfnVectors                   
00000da1  main                           
20000254  main_func_sp                   
00001089  memcpy                         
0000112d  memset                         


GLOBAL SYMBOLS: SORTED BY Symbol Address 

address   name                           
-------   ----                           
00000000  __TI_static_base__             
00000000  g_pfnVectors                   
00000200  __STACK_SIZE                   
0000026d  UARTStdioConfig                
000002cd  UARTwrite                      
0000031f  UARTgets                       
000003e5  UARTgetc                       
00000419  UARTvprintf                    
00000713  UARTprintf                     
00000749  MPU9255_Init                   
00000857  MPU9255_ReadValue              
00000a1d  SPI_TM4C123_init               
00000a81  SPI_RW                         
00000ab3  SPI_Write_register             
00000aff  SPI_Write_Buf                  
00000b5f  SPI_Read_register              
00000bb1  SPI_Read_Buf                   
00000c31  GPIOPadConfigSet               
00000d63  __aeabi_idiv0                  
00000d65  InitConsole                    
00000da1  main                           
00000e85  SysCtlClockGet                 
00000f95  SysCtlClockSet                 
00001089  __aeabi_memcpy                 
00001089  __aeabi_memcpy4                
00001089  __aeabi_memcpy8                
00001089  memcpy                         
00001125  __aeabi_memclr                 
00001125  __aeabi_memclr4                
00001125  __aeabi_memclr8                
00001127  __aeabi_memset                 
00001127  __aeabi_memset4                
00001127  __aeabi_memset8                
0000112d  memset                         
0000119f  __mpu_init                     
000011a1  __TI_auto_init                 
0000127b  _system_post_cinit             
0000127d  _c_int00                       
000012d1  C$$EXIT                        
000012d5  abort                          
000012dd  exit                           
00001325  copy_in                        
00001371  GPIOPinConfigure               
000013b9  __aeabi_uidiv                  
000013b9  __aeabi_uidivmod               
000013f9  SSIConfigSetExpClk             
00001435  SysCtlPeripheralEnable         
00001469  GPIODirModeSet                 
00001493  GPIOPinTypeGPIOOutput          
000014ad  _args_main                     
000014c5  _register_unlock               
000014cb  _register_lock                 
000014d3  _nop                           
000014d9  GPIOPinTypeSSI                 
000014eb  GPIOPinTypeUART                
000014fd  SSIDataGetNonBlocking          
0000150f  __TI_decompress_none           
0000151d  SSIDataGet                     
00001529  ResetISR                       
00001535  SSIDataPut                     
0000153f  SSIEnable                      
00001549  SSIBusy                        
00001551  GPIOPinWrite                   
00001557  SysCtlDelay                    
0000155d  UARTClockSourceSet             
00001563  __TI_decompress_rle24          
00001569  _system_pre_init               
000016bc  __TI_Handler_Table_Base        
000016c4  __TI_CINIT_Base                
000016c4  __TI_Handler_Table_Limit       
000016d4  __TI_CINIT_Limit               
20000000  __stack                        
20000200  MPU9255_DataBuffer             
20000200  __STACK_END                    
20000200  __STACK_TOP                    
20000210  MPU9255_ACC_OFFSET             
2000021c  MPU9255_GYRO_OFFSET            
20000228  MPU9255_ACC_LAST               
2000022e  MPU9255_GYRO_LAST              
20000234  MPU9255_TEMP_LAST              
20000238  __TI_cleanup_ptr               
2000023c  __TI_dtors_ptr                 
20000240  __TI_enable_exit_profile_output
20000244  _lock                          
20000248  _unlock                        
20000254  main_func_sp                   
ffffffff  __TI_pprof_out_hndl            
ffffffff  __TI_prof_data_size            
ffffffff  __TI_prof_data_start           
ffffffff  __binit__                      
ffffffff  __c_args__                     
ffffffff  binit                          
UNDEFED   SHT$$INIT_ARRAY$$Base          
UNDEFED   SHT$$INIT_ARRAY$$Limit         

[94 symbols]
