<?xml version="1.0"?>
<link_info>
   <banner>TI ARM Linker PC v15.12.3.LTS</banner>
   <copyright>Copyright (c) 1996-2015 Texas Instruments Incorporated</copyright>
   <link_time>0x5830266b</link_time>
   <link_errors>0x0</link_errors>
   <output_file>fin.out</output_file>
   <entry_point>
      <name>_c_int00</name>
      <address>0x4851</address>
   </entry_point>
   <input_file_list>
      <input_file id="fl-2">
         <path>.\</path>
         <kind>object</kind>
         <file>AHRS.obj</file>
         <name>AHRS.obj</name>
      </input_file>
      <input_file id="fl-3">
         <path>.\</path>
         <kind>object</kind>
         <file>DataUpload.obj</file>
         <name>DataUpload.obj</name>
      </input_file>
      <input_file id="fl-4">
         <path>.\</path>
         <kind>object</kind>
         <file>control.obj</file>
         <name>control.obj</name>
      </input_file>
      <input_file id="fl-5">
         <path>.\</path>
         <kind>object</kind>
         <file>main.obj</file>
         <name>main.obj</name>
      </input_file>
      <input_file id="fl-6">
         <path>.\</path>
         <kind>object</kind>
         <file>moto.obj</file>
         <name>moto.obj</name>
      </input_file>
      <input_file id="fl-7">
         <path>.\</path>
         <kind>object</kind>
         <file>tm4c123gh6pm_startup_ccs.obj</file>
         <name>tm4c123gh6pm_startup_ccs.obj</name>
      </input_file>
      <input_file id="fl-d">
         <path>C:\ti\TivaWare_C_Series-2.1.3.156\driverlib\ccs\Debug\</path>
         <kind>archive</kind>
         <file>driverlib.lib</file>
         <name>gpio.obj</name>
      </input_file>
      <input_file id="fl-e">
         <path>C:\ti\TivaWare_C_Series-2.1.3.156\driverlib\ccs\Debug\</path>
         <kind>archive</kind>
         <file>driverlib.lib</file>
         <name>interrupt.obj</name>
      </input_file>
      <input_file id="fl-f">
         <path>C:\ti\TivaWare_C_Series-2.1.3.156\driverlib\ccs\Debug\</path>
         <kind>archive</kind>
         <file>driverlib.lib</file>
         <name>pwm.obj</name>
      </input_file>
      <input_file id="fl-10">
         <path>C:\ti\TivaWare_C_Series-2.1.3.156\driverlib\ccs\Debug\</path>
         <kind>archive</kind>
         <file>driverlib.lib</file>
         <name>sysctl.obj</name>
      </input_file>
      <input_file id="fl-11">
         <path>C:\ti\TivaWare_C_Series-2.1.3.156\driverlib\ccs\Debug\</path>
         <kind>archive</kind>
         <file>driverlib.lib</file>
         <name>systick.obj</name>
      </input_file>
      <input_file id="fl-12">
         <path>C:\ti\TivaWare_C_Series-2.1.3.156\driverlib\ccs\Debug\</path>
         <kind>archive</kind>
         <file>driverlib.lib</file>
         <name>cpu.obj</name>
      </input_file>
      <input_file id="fl-c8">
         <path>C:\ti\ccsv6\tools\compiler\arm_15.12.3.LTS\lib\</path>
         <kind>archive</kind>
         <file>rtsv7M4_T_le_v4SPD16_eabi.lib</file>
         <name>boot.obj</name>
      </input_file>
      <input_file id="fl-c9">
         <path>C:\ti\ccsv6\tools\compiler\arm_15.12.3.LTS\lib\</path>
         <kind>archive</kind>
         <file>rtsv7M4_T_le_v4SPD16_eabi.lib</file>
         <name>copy_decompress_none.obj</name>
      </input_file>
      <input_file id="fl-ca">
         <path>C:\ti\ccsv6\tools\compiler\arm_15.12.3.LTS\lib\</path>
         <kind>archive</kind>
         <file>rtsv7M4_T_le_v4SPD16_eabi.lib</file>
         <name>copy_decompress_rle.obj</name>
      </input_file>
      <input_file id="fl-cb">
         <path>C:\ti\ccsv6\tools\compiler\arm_15.12.3.LTS\lib\</path>
         <kind>archive</kind>
         <file>rtsv7M4_T_le_v4SPD16_eabi.lib</file>
         <name>copy_zero_init.obj</name>
      </input_file>
      <input_file id="fl-cc">
         <path>C:\ti\ccsv6\tools\compiler\arm_15.12.3.LTS\lib\</path>
         <kind>archive</kind>
         <file>rtsv7M4_T_le_v4SPD16_eabi.lib</file>
         <name>exit.obj</name>
      </input_file>
      <input_file id="fl-cd">
         <path>C:\ti\ccsv6\tools\compiler\arm_15.12.3.LTS\lib\</path>
         <kind>archive</kind>
         <file>rtsv7M4_T_le_v4SPD16_eabi.lib</file>
         <name>fd_add_t2.obj</name>
      </input_file>
      <input_file id="fl-ce">
         <path>C:\ti\ccsv6\tools\compiler\arm_15.12.3.LTS\lib\</path>
         <kind>archive</kind>
         <file>rtsv7M4_T_le_v4SPD16_eabi.lib</file>
         <name>fd_cmp_t2.obj</name>
      </input_file>
      <input_file id="fl-cf">
         <path>C:\ti\ccsv6\tools\compiler\arm_15.12.3.LTS\lib\</path>
         <kind>archive</kind>
         <file>rtsv7M4_T_le_v4SPD16_eabi.lib</file>
         <name>fd_div_t2.obj</name>
      </input_file>
      <input_file id="fl-d0">
         <path>C:\ti\ccsv6\tools\compiler\arm_15.12.3.LTS\lib\</path>
         <kind>archive</kind>
         <file>rtsv7M4_T_le_v4SPD16_eabi.lib</file>
         <name>fd_mul_t2.obj</name>
      </input_file>
      <input_file id="fl-d1">
         <path>C:\ti\ccsv6\tools\compiler\arm_15.12.3.LTS\lib\</path>
         <kind>archive</kind>
         <file>rtsv7M4_T_le_v4SPD16_eabi.lib</file>
         <name>fd_tos_t2.obj</name>
      </input_file>
      <input_file id="fl-d2">
         <path>C:\ti\ccsv6\tools\compiler\arm_15.12.3.LTS\lib\</path>
         <kind>archive</kind>
         <file>rtsv7M4_T_le_v4SPD16_eabi.lib</file>
         <name>fd_tou_t2.obj</name>
      </input_file>
      <input_file id="fl-d3">
         <path>C:\ti\ccsv6\tools\compiler\arm_15.12.3.LTS\lib\</path>
         <kind>archive</kind>
         <file>rtsv7M4_T_le_v4SPD16_eabi.lib</file>
         <name>fs_tod_t2.obj</name>
      </input_file>
      <input_file id="fl-d4">
         <path>C:\ti\ccsv6\tools\compiler\arm_15.12.3.LTS\lib\</path>
         <kind>archive</kind>
         <file>rtsv7M4_T_le_v4SPD16_eabi.lib</file>
         <name>memcpy_t2.obj</name>
      </input_file>
      <input_file id="fl-d5">
         <path>C:\ti\ccsv6\tools\compiler\arm_15.12.3.LTS\lib\</path>
         <kind>archive</kind>
         <file>rtsv7M4_T_le_v4SPD16_eabi.lib</file>
         <name>memset_t2.obj</name>
      </input_file>
      <input_file id="fl-d6">
         <path>C:\ti\ccsv6\tools\compiler\arm_15.12.3.LTS\lib\</path>
         <kind>archive</kind>
         <file>rtsv7M4_T_le_v4SPD16_eabi.lib</file>
         <name>mpu_init.obj</name>
      </input_file>
      <input_file id="fl-d7">
         <path>C:\ti\ccsv6\tools\compiler\arm_15.12.3.LTS\lib\</path>
         <kind>archive</kind>
         <file>rtsv7M4_T_le_v4SPD16_eabi.lib</file>
         <name>pre_init.obj</name>
      </input_file>
      <input_file id="fl-d8">
         <path>C:\ti\ccsv6\tools\compiler\arm_15.12.3.LTS\lib\</path>
         <kind>archive</kind>
         <file>rtsv7M4_T_le_v4SPD16_eabi.lib</file>
         <name>s_cos.obj</name>
      </input_file>
      <input_file id="fl-d9">
         <path>C:\ti\ccsv6\tools\compiler\arm_15.12.3.LTS\lib\</path>
         <kind>archive</kind>
         <file>rtsv7M4_T_le_v4SPD16_eabi.lib</file>
         <name>stkdepth_vars.obj</name>
      </input_file>
      <input_file id="fl-da">
         <path>C:\ti\ccsv6\tools\compiler\arm_15.12.3.LTS\lib\</path>
         <kind>archive</kind>
         <file>rtsv7M4_T_le_v4SPD16_eabi.lib</file>
         <name>u_tofd_t2.obj</name>
      </input_file>
      <input_file id="fl-db">
         <path>C:\ti\ccsv6\tools\compiler\arm_15.12.3.LTS\lib\</path>
         <kind>archive</kind>
         <file>rtsv7M4_T_le_v4SPD16_eabi.lib</file>
         <name>_lock.obj</name>
      </input_file>
      <input_file id="fl-dc">
         <path>C:\ti\ccsv6\tools\compiler\arm_15.12.3.LTS\lib\</path>
         <kind>archive</kind>
         <file>rtsv7M4_T_le_v4SPD16_eabi.lib</file>
         <name>args_main.obj</name>
      </input_file>
      <input_file id="fl-dd">
         <path>C:\ti\ccsv6\tools\compiler\arm_15.12.3.LTS\lib\</path>
         <kind>archive</kind>
         <file>rtsv7M4_T_le_v4SPD16_eabi.lib</file>
         <name>autoinit.obj</name>
      </input_file>
      <input_file id="fl-de">
         <path>C:\ti\ccsv6\tools\compiler\arm_15.12.3.LTS\lib\</path>
         <kind>archive</kind>
         <file>rtsv7M4_T_le_v4SPD16_eabi.lib</file>
         <name>cpy_tbl.obj</name>
      </input_file>
      <input_file id="fl-df">
         <path>C:\ti\ccsv6\tools\compiler\arm_15.12.3.LTS\lib\</path>
         <kind>archive</kind>
         <file>rtsv7M4_T_le_v4SPD16_eabi.lib</file>
         <name>fd_toi_t2.obj</name>
      </input_file>
      <input_file id="fl-e0">
         <path>C:\ti\ccsv6\tools\compiler\arm_15.12.3.LTS\lib\</path>
         <kind>archive</kind>
         <file>rtsv7M4_T_le_v4SPD16_eabi.lib</file>
         <name>i_tofd_t2.obj</name>
      </input_file>
      <input_file id="fl-e1">
         <path>C:\ti\ccsv6\tools\compiler\arm_15.12.3.LTS\lib\</path>
         <kind>archive</kind>
         <file>rtsv7M4_T_le_v4SPD16_eabi.lib</file>
         <name>k_cos.obj</name>
      </input_file>
      <input_file id="fl-e2">
         <path>C:\ti\ccsv6\tools\compiler\arm_15.12.3.LTS\lib\</path>
         <kind>archive</kind>
         <file>rtsv7M4_T_le_v4SPD16_eabi.lib</file>
         <name>k_rem_pio2.obj</name>
      </input_file>
      <input_file id="fl-e3">
         <path>C:\ti\ccsv6\tools\compiler\arm_15.12.3.LTS\lib\</path>
         <kind>archive</kind>
         <file>rtsv7M4_T_le_v4SPD16_eabi.lib</file>
         <name>k_sin.obj</name>
      </input_file>
      <input_file id="fl-e4">
         <path>C:\ti\ccsv6\tools\compiler\arm_15.12.3.LTS\lib\</path>
         <kind>archive</kind>
         <file>rtsv7M4_T_le_v4SPD16_eabi.lib</file>
         <name>s_floor.obj</name>
      </input_file>
      <input_file id="fl-e5">
         <path>C:\ti\ccsv6\tools\compiler\arm_15.12.3.LTS\lib\</path>
         <kind>archive</kind>
         <file>rtsv7M4_T_le_v4SPD16_eabi.lib</file>
         <name>s_scalbn.obj</name>
      </input_file>
      <input_file id="fl-e6">
         <path>C:\ti\ccsv6\tools\compiler\arm_15.12.3.LTS\lib\</path>
         <kind>archive</kind>
         <file>rtsv7M4_T_le_v4SPD16_eabi.lib</file>
         <name>startup.obj</name>
      </input_file>
      <input_file id="fl-e7">
         <path>C:\ti\ccsv6\tools\compiler\arm_15.12.3.LTS\lib\</path>
         <kind>archive</kind>
         <file>rtsv7M4_T_le_v4SPD16_eabi.lib</file>
         <name>errno.obj</name>
      </input_file>
      <input_file id="fl-e8">
         <path>C:\ti\ccsv6\tools\compiler\arm_15.12.3.LTS\lib\</path>
         <kind>archive</kind>
         <file>rtsv7M4_T_le_v4SPD16_eabi.lib</file>
         <name>s_copysign.obj</name>
      </input_file>
   </input_file_list>
   <object_component_list>
      <object_component id="oc-f">
         <name>.intvecs</name>
         <load_address>0x0</load_address>
         <run_address>0x0</run_address>
         <size>0x26c</size>
         <input_file_ref idref="fl-7"/>
      </object_component>
      <object_component id="oc-37">
         <name>.text</name>
         <load_address>0x26c</load_address>
         <run_address>0x26c</run_address>
         <size>0x11b4</size>
         <input_file_ref idref="fl-3"/>
      </object_component>
      <object_component id="oc-3d">
         <name>.text</name>
         <load_address>0x1420</load_address>
         <run_address>0x1420</run_address>
         <size>0x85c</size>
         <input_file_ref idref="fl-2"/>
      </object_component>
      <object_component id="oc-b4">
         <name>.text</name>
         <load_address>0x1c7c</load_address>
         <run_address>0x1c7c</run_address>
         <size>0x750</size>
         <input_file_ref idref="fl-4"/>
      </object_component>
      <object_component id="oc-28d">
         <name>.text</name>
         <load_address>0x23cc</load_address>
         <run_address>0x23cc</run_address>
         <size>0x740</size>
         <input_file_ref idref="fl-e2"/>
      </object_component>
      <object_component id="oc-31">
         <name>.text</name>
         <load_address>0x2b0c</load_address>
         <run_address>0x2b0c</run_address>
         <size>0x6c8</size>
         <input_file_ref idref="fl-5"/>
      </object_component>
      <object_component id="oc-1c9">
         <name>.text</name>
         <load_address>0x31d4</load_address>
         <run_address>0x31d4</run_address>
         <size>0x5e4</size>
         <input_file_ref idref="fl-d8"/>
      </object_component>
      <object_component id="oc-102">
         <name>.text</name>
         <load_address>0x37b8</load_address>
         <run_address>0x37b8</run_address>
         <size>0x20c</size>
         <input_file_ref idref="fl-6"/>
      </object_component>
      <object_component id="oc-150">
         <name>.text</name>
         <load_address>0x39c4</load_address>
         <run_address>0x39c4</run_address>
         <size>0x1b6</size>
         <input_file_ref idref="fl-cd"/>
      </object_component>
      <object_component id="oc-6b">
         <name>.text</name>
         <load_address>0x3b7a</load_address>
         <run_address>0x3b7a</run_address>
         <size>0x2</size>
         <input_file_ref idref="fl-d6"/>
      </object_component>
      <object_component id="oc-293">
         <name>.text</name>
         <load_address>0x3b7c</load_address>
         <run_address>0x3b7c</run_address>
         <size>0x174</size>
         <input_file_ref idref="fl-e3"/>
      </object_component>
      <object_component id="oc-282">
         <name>.text</name>
         <load_address>0x3cf0</load_address>
         <run_address>0x3cf0</run_address>
         <size>0x16c</size>
         <input_file_ref idref="fl-e1"/>
      </object_component>
      <object_component id="oc-14b">
         <name>.text</name>
         <load_address>0x3e5c</load_address>
         <run_address>0x3e5c</run_address>
         <size>0x136</size>
         <input_file_ref idref="fl-cf"/>
      </object_component>
      <object_component id="oc-1d4">
         <name>.text:GPIOPadConfigSet</name>
         <load_address>0x3f92</load_address>
         <run_address>0x3f92</run_address>
         <size>0x132</size>
         <input_file_ref idref="fl-d"/>
      </object_component>
      <object_component id="oc-e9">
         <name>.text</name>
         <load_address>0x40c4</load_address>
         <run_address>0x40c4</run_address>
         <size>0xfc</size>
         <input_file_ref idref="fl-d0"/>
      </object_component>
      <object_component id="oc-2c9">
         <name>.text</name>
         <load_address>0x41c0</load_address>
         <run_address>0x41c0</run_address>
         <size>0xfc</size>
         <input_file_ref idref="fl-e5"/>
      </object_component>
      <object_component id="oc-2cf">
         <name>.text</name>
         <load_address>0x42bc</load_address>
         <run_address>0x42bc</run_address>
         <size>0xf8</size>
         <input_file_ref idref="fl-e4"/>
      </object_component>
      <object_component id="oc-46">
         <name>.text</name>
         <load_address>0x43b4</load_address>
         <run_address>0x43b4</run_address>
         <size>0x9c</size>
         <input_file_ref idref="fl-d4"/>
      </object_component>
      <object_component id="oc-16a">
         <name>.text:__aeabi_cdcmple</name>
         <load_address>0x4450</load_address>
         <run_address>0x4450</run_address>
         <size>0x86</size>
         <input_file_ref idref="fl-ce"/>
      </object_component>
      <object_component id="oc-16f">
         <name>.text:__aeabi_cdrcmple</name>
         <load_address>0x44d6</load_address>
         <run_address>0x44d6</run_address>
         <size>0x86</size>
         <input_file_ref idref="fl-ce"/>
      </object_component>
      <object_component id="oc-5f">
         <name>.text</name>
         <load_address>0x455c</load_address>
         <run_address>0x455c</run_address>
         <size>0x7a</size>
         <input_file_ref idref="fl-d5"/>
      </object_component>
      <object_component id="oc-19d">
         <name>.text</name>
         <load_address>0x45d6</load_address>
         <run_address>0x45d6</run_address>
         <size>0x2</size>
         <input_file_ref idref="fl-e6"/>
      </object_component>
      <object_component id="oc-77">
         <name>.text</name>
         <load_address>0x45d8</load_address>
         <run_address>0x45d8</run_address>
         <size>0x70</size>
         <input_file_ref idref="fl-dd"/>
      </object_component>
      <object_component id="oc-2b">
         <name>.text</name>
         <load_address>0x4648</load_address>
         <run_address>0x4648</run_address>
         <size>0x70</size>
         <input_file_ref idref="fl-7"/>
      </object_component>
      <object_component id="oc-155">
         <name>.text</name>
         <load_address>0x46b8</load_address>
         <run_address>0x46b8</run_address>
         <size>0x6e</size>
         <input_file_ref idref="fl-d1"/>
      </object_component>
      <object_component id="oc-52">
         <name>.text</name>
         <load_address>0x4726</load_address>
         <run_address>0x4726</run_address>
         <size>0x6a</size>
         <input_file_ref idref="fl-ca"/>
      </object_component>
      <object_component id="oc-d8">
         <name>.text:IntEnable</name>
         <load_address>0x4790</load_address>
         <run_address>0x4790</run_address>
         <size>0x68</size>
         <input_file_ref idref="fl-e"/>
      </object_component>
      <object_component id="oc-cc">
         <name>.text:GPIOIntTypeSet</name>
         <load_address>0x47f8</load_address>
         <run_address>0x47f8</run_address>
         <size>0x56</size>
         <input_file_ref idref="fl-d"/>
      </object_component>
      <object_component id="oc-24">
         <name>.text</name>
         <load_address>0x4850</load_address>
         <run_address>0x4850</run_address>
         <size>0x54</size>
         <input_file_ref idref="fl-c8"/>
      </object_component>
      <object_component id="oc-83">
         <name>.text</name>
         <load_address>0x48a4</load_address>
         <run_address>0x48a4</run_address>
         <size>0x54</size>
         <input_file_ref idref="fl-cc"/>
      </object_component>
      <object_component id="oc-197">
         <name>.text</name>
         <load_address>0x48f8</load_address>
         <run_address>0x48f8</run_address>
         <size>0x4c</size>
         <input_file_ref idref="fl-de"/>
      </object_component>
      <object_component id="oc-117">
         <name>.text:GPIOPinConfigure</name>
         <load_address>0x4944</load_address>
         <run_address>0x4944</run_address>
         <size>0x48</size>
         <input_file_ref idref="fl-d"/>
      </object_component>
      <object_component id="oc-27d">
         <name>.text</name>
         <load_address>0x498c</load_address>
         <run_address>0x498c</run_address>
         <size>0x48</size>
         <input_file_ref idref="fl-df"/>
      </object_component>
      <object_component id="oc-ee">
         <name>.text</name>
         <load_address>0x49d4</load_address>
         <run_address>0x49d4</run_address>
         <size>0x44</size>
         <input_file_ref idref="fl-d2"/>
      </object_component>
      <object_component id="oc-146">
         <name>.text</name>
         <load_address>0x4a18</load_address>
         <run_address>0x4a18</run_address>
         <size>0x38</size>
         <input_file_ref idref="fl-d3"/>
      </object_component>
      <object_component id="oc-ba">
         <name>.text:SysCtlPeripheralEnable</name>
         <load_address>0x4a50</load_address>
         <run_address>0x4a50</run_address>
         <size>0x34</size>
         <input_file_ref idref="fl-10"/>
      </object_component>
      <object_component id="oc-288">
         <name>.text</name>
         <load_address>0x4a84</load_address>
         <run_address>0x4a84</run_address>
         <size>0x2e</size>
         <input_file_ref idref="fl-e0"/>
      </object_component>
      <object_component id="oc-1da">
         <name>.text:GPIODirModeSet</name>
         <load_address>0x4ab2</load_address>
         <run_address>0x4ab2</run_address>
         <size>0x2a</size>
         <input_file_ref idref="fl-d"/>
      </object_component>
      <object_component id="oc-162">
         <name>.text:IntPrioritySet</name>
         <load_address>0x4adc</load_address>
         <run_address>0x4adc</run_address>
         <size>0x24</size>
         <input_file_ref idref="fl-e"/>
      </object_component>
      <object_component id="oc-21e">
         <name>.text:PWMGenConfigure</name>
         <load_address>0x4b00</load_address>
         <run_address>0x4b00</run_address>
         <size>0x22</size>
         <input_file_ref idref="fl-f"/>
      </object_component>
      <object_component id="oc-e4">
         <name>.text</name>
         <load_address>0x4b22</load_address>
         <run_address>0x4b22</run_address>
         <size>0x20</size>
         <input_file_ref idref="fl-da"/>
      </object_component>
      <object_component id="oc-20c">
         <name>.text:PWMPulseWidthSet</name>
         <load_address>0x4b42</load_address>
         <run_address>0x4b42</run_address>
         <size>0x1e</size>
         <input_file_ref idref="fl-f"/>
      </object_component>
      <object_component id="oc-c0">
         <name>.text:GPIOPinTypeGPIOOutput</name>
         <load_address>0x4b60</load_address>
         <run_address>0x4b60</run_address>
         <size>0x18</size>
         <input_file_ref idref="fl-d"/>
      </object_component>
      <object_component id="oc-7d">
         <name>.text</name>
         <load_address>0x4b78</load_address>
         <run_address>0x4b78</run_address>
         <size>0x18</size>
         <input_file_ref idref="fl-dc"/>
      </object_component>
      <object_component id="oc-218">
         <name>.text:SysCtlPWMClockSet</name>
         <load_address>0x4b90</load_address>
         <run_address>0x4b90</run_address>
         <size>0x14</size>
         <input_file_ref idref="fl-10"/>
      </object_component>
      <object_component id="oc-ae">
         <name>.text:SysTickEnable</name>
         <load_address>0x4ba4</load_address>
         <run_address>0x4ba4</run_address>
         <size>0x14</size>
         <input_file_ref idref="fl-11"/>
      </object_component>
      <object_component id="oc-a8">
         <name>.text:SysTickIntEnable</name>
         <load_address>0x4bb8</load_address>
         <run_address>0x4bb8</run_address>
         <size>0x14</size>
         <input_file_ref idref="fl-11"/>
      </object_component>
      <object_component id="oc-26e">
         <name>.text</name>
         <load_address>0x4bcc</load_address>
         <run_address>0x4bcc</run_address>
         <size>0x14</size>
         <input_file_ref idref="fl-db"/>
      </object_component>
      <object_component id="oc-2e8">
         <name>.text</name>
         <load_address>0x4be0</load_address>
         <run_address>0x4be0</run_address>
         <size>0x14</size>
         <input_file_ref idref="fl-e8"/>
      </object_component>
      <object_component id="oc-c6">
         <name>.text:GPIOPinTypeGPIOInput</name>
         <load_address>0x4bf4</load_address>
         <run_address>0x4bf4</run_address>
         <size>0x12</size>
         <input_file_ref idref="fl-d"/>
      </object_component>
      <object_component id="oc-212">
         <name>.text:GPIOPinTypePWM</name>
         <load_address>0x4c06</load_address>
         <run_address>0x4c06</run_address>
         <size>0x12</size>
         <input_file_ref idref="fl-d"/>
      </object_component>
      <object_component id="oc-22a">
         <name>.text:PWMOutputState</name>
         <load_address>0x4c18</load_address>
         <run_address>0x4c18</run_address>
         <size>0x12</size>
         <input_file_ref idref="fl-f"/>
      </object_component>
      <object_component id="oc-a2">
         <name>.text:IntMasterEnable</name>
         <load_address>0x4c2a</load_address>
         <run_address>0x4c2a</run_address>
         <size>0x10</size>
         <input_file_ref idref="fl-e"/>
      </object_component>
      <object_component id="oc-224">
         <name>.text:PWMGenPeriodSet</name>
         <load_address>0x4c3a</load_address>
         <run_address>0x4c3a</run_address>
         <size>0x10</size>
         <input_file_ref idref="fl-f"/>
      </object_component>
      <object_component id="oc-9c">
         <name>.text:SysTickPeriodSet</name>
         <load_address>0x4c4c</load_address>
         <run_address>0x4c4c</run_address>
         <size>0x10</size>
         <input_file_ref idref="fl-11"/>
      </object_component>
      <object_component id="oc-12">
         <name>.text:decompress:none</name>
         <load_address>0x4c5c</load_address>
         <run_address>0x4c5c</run_address>
         <size>0xe</size>
         <input_file_ref idref="fl-c9"/>
      </object_component>
      <object_component id="oc-1b7">
         <name>.text:CPUcpsie</name>
         <load_address>0x4c6a</load_address>
         <run_address>0x4c6a</run_address>
         <size>0xc</size>
         <input_file_ref idref="fl-12"/>
      </object_component>
      <object_component id="oc-d2">
         <name>.text:GPIOIntEnable</name>
         <load_address>0x4c76</load_address>
         <run_address>0x4c76</run_address>
         <size>0xc</size>
         <input_file_ref idref="fl-d"/>
      </object_component>
      <object_component id="oc-230">
         <name>.text:PWMGenEnable</name>
         <load_address>0x4c82</load_address>
         <run_address>0x4c82</run_address>
         <size>0xc</size>
         <input_file_ref idref="fl-f"/>
      </object_component>
      <object_component id="oc-8d">
         <name>.text:SysTickValueGet</name>
         <load_address>0x4c90</load_address>
         <run_address>0x4c90</run_address>
         <size>0xc</size>
         <input_file_ref idref="fl-11"/>
      </object_component>
      <object_component id="oc-de">
         <name>.text:GPIOIntClear</name>
         <load_address>0x4c9c</load_address>
         <run_address>0x4c9c</run_address>
         <size>0x6</size>
         <input_file_ref idref="fl-d"/>
      </object_component>
      <object_component id="oc-108">
         <name>.text:GPIOPinWrite</name>
         <load_address>0x4ca2</load_address>
         <run_address>0x4ca2</run_address>
         <size>0x6</size>
         <input_file_ref idref="fl-d"/>
      </object_component>
      <object_component id="oc-10e">
         <name>.text:SysCtlDelay</name>
         <load_address>0x4ca8</load_address>
         <run_address>0x4ca8</run_address>
         <size>0x6</size>
         <input_file_ref idref="fl-10"/>
      </object_component>
      <object_component id="oc-18">
         <name>.text:decompress:rle24</name>
         <load_address>0x4cae</load_address>
         <run_address>0x4cae</run_address>
         <size>0x6</size>
         <input_file_ref idref="fl-ca"/>
      </object_component>
      <object_component id="oc-71">
         <name>.text</name>
         <load_address>0x4cb4</load_address>
         <run_address>0x4cb4</run_address>
         <size>0x4</size>
         <input_file_ref idref="fl-d7"/>
      </object_component>
      <object_component id="oc-2d5">
         <name>.const:$O1$$</name>
         <load_address>0x4cb8</load_address>
         <run_address>0x4cb8</run_address>
         <size>0x158</size>
         <input_file_ref idref="fl-e2"/>
      </object_component>
      <object_component id="oc-250">
         <name>.const:g_pui32Regs</name>
         <load_address>0x4e10</load_address>
         <run_address>0x4e10</run_address>
         <size>0x9c</size>
         <input_file_ref idref="fl-e"/>
      </object_component>
      <object_component id="oc-238">
         <name>.const:g_pui32GPIOBaseAddrs</name>
         <load_address>0x4eac</load_address>
         <run_address>0x4eac</run_address>
         <size>0x90</size>
         <input_file_ref idref="fl-d"/>
      </object_component>
      <object_component id="oc-1e5">
         <name>.const</name>
         <load_address>0x4f3c</load_address>
         <run_address>0x4f3c</run_address>
         <size>0x70</size>
         <input_file_ref idref="fl-e"/>
      </object_component>
      <object_component id="oc-323">
         <name>.cinit..data.load</name>
         <load_address>0x4fb0</load_address>
         <run_address>0x4fb0</run_address>
         <size>0x49</size>
      </object_component>
      <object_component id="oc-324">
         <name>.cinit..bss.load</name>
         <load_address>0x5000</load_address>
         <run_address>0x5000</run_address>
         <size>0xb</size>
      </object_component>
      <object_component id="oc-321">
         <name>__TI_handler_table</name>
         <load_address>0x500c</load_address>
         <run_address>0x500c</run_address>
         <size>0x8</size>
      </object_component>
      <object_component id="oc-322">
         <name>__TI_cinit_table</name>
         <load_address>0x5014</load_address>
         <run_address>0x5014</run_address>
         <size>0x10</size>
      </object_component>
      <object_component id="oc-179">
         <name>.data</name>
         <load_address>0x20000941</load_address>
         <run_address>0x20000941</run_address>
         <size>0x1</size>
         <input_file_ref idref="fl-2"/>
      </object_component>
      <object_component id="oc-125">
         <name>.data:buffer_length</name>
         <load_address>0x200009b8</load_address>
         <run_address>0x200009b8</run_address>
         <size>0x6</size>
         <input_file_ref idref="fl-3"/>
      </object_component>
      <object_component id="oc-128">
         <name>.data:statusbuff</name>
         <load_address>0x20000988</load_address>
         <run_address>0x20000988</run_address>
         <size>0x12</size>
         <input_file_ref idref="fl-3"/>
      </object_component>
      <object_component id="oc-12f">
         <name>.data:senserbuff</name>
         <load_address>0x2000095c</load_address>
         <run_address>0x2000095c</run_address>
         <size>0x17</size>
         <input_file_ref idref="fl-3"/>
      </object_component>
      <object_component id="oc-137">
         <name>.data:motopwmbuff</name>
         <load_address>0x20000973</load_address>
         <run_address>0x20000973</run_address>
         <size>0x15</size>
         <input_file_ref idref="fl-3"/>
      </object_component>
      <object_component id="oc-134">
         <name>.data:rcdatabuff</name>
         <load_address>0x20000928</load_address>
         <run_address>0x20000928</run_address>
         <size>0x19</size>
         <input_file_ref idref="fl-3"/>
      </object_component>
      <object_component id="oc-121">
         <name>.data:buff_indic</name>
         <load_address>0x20000944</load_address>
         <run_address>0x20000944</run_address>
         <size>0x18</size>
         <input_file_ref idref="fl-3"/>
      </object_component>
      <object_component id="oc-12c">
         <name>.data</name>
         <load_address>0x2000090c</load_address>
         <run_address>0x2000090c</run_address>
         <size>0x1c</size>
         <input_file_ref idref="fl-4"/>
      </object_component>
      <object_component id="oc-f3">
         <name>.data</name>
         <load_address>0x200009b0</load_address>
         <run_address>0x200009b0</run_address>
         <size>0x8</size>
         <input_file_ref idref="fl-5"/>
      </object_component>
      <object_component id="oc-93">
         <name>.data</name>
         <load_address>0x200009c8</load_address>
         <run_address>0x200009c8</run_address>
         <size>0x4</size>
         <input_file_ref idref="fl-7"/>
      </object_component>
      <object_component id="oc-1a7">
         <name>.data:$O1$$</name>
         <load_address>0x2000099c</load_address>
         <run_address>0x2000099c</run_address>
         <size>0xc</size>
         <input_file_ref idref="fl-cc"/>
      </object_component>
      <object_component id="oc-89">
         <name>.data</name>
         <load_address>0x200009c4</load_address>
         <run_address>0x200009c4</run_address>
         <size>0x4</size>
         <input_file_ref idref="fl-d9"/>
      </object_component>
      <object_component id="oc-1aa">
         <name>.data:$O1$$</name>
         <load_address>0x200009a8</load_address>
         <run_address>0x200009a8</run_address>
         <size>0x8</size>
         <input_file_ref idref="fl-db"/>
      </object_component>
      <object_component id="oc-2ee">
         <name>.data</name>
         <load_address>0x200009c0</load_address>
         <run_address>0x200009c0</run_address>
         <size>0x4</size>
         <input_file_ref idref="fl-e7"/>
      </object_component>
      <object_component id="oc-178">
         <name>.bss:ucRxBuffer$1</name>
         <uninitialized>true</uninitialized>
         <run_address>0x20000634</run_address>
         <size>0xc</size>
         <input_file_ref idref="fl-2"/>
      </object_component>
      <object_component id="oc-11e">
         <name>.bss:g_ui8RxBuf</name>
         <uninitialized>true</uninitialized>
         <run_address>0x200005fe</run_address>
         <size>0x14</size>
         <input_file_ref idref="fl-3"/>
      </object_component>
      <object_component id="oc-1d0">
         <name>.bss:Alt_Hight$1</name>
         <uninitialized>true</uninitialized>
         <run_address>0x20000628</run_address>
         <size>0xc</size>
         <input_file_ref idref="fl-4"/>
      </object_component>
      <object_component id="oc-13a">
         <name>.common:MOTO1_PWM</name>
         <uninitialized>true</uninitialized>
         <run_address>0x200006fe</run_address>
         <size>0x2</size>
      </object_component>
      <object_component id="oc-13b">
         <name>.common:MOTO2_PWM</name>
         <uninitialized>true</uninitialized>
         <run_address>0x20000700</run_address>
         <size>0x2</size>
      </object_component>
      <object_component id="oc-13c">
         <name>.common:MOTO3_PWM</name>
         <uninitialized>true</uninitialized>
         <run_address>0x20000702</run_address>
         <size>0x2</size>
      </object_component>
      <object_component id="oc-13d">
         <name>.common:MOTO4_PWM</name>
         <uninitialized>true</uninitialized>
         <run_address>0x20000704</run_address>
         <size>0x2</size>
      </object_component>
      <object_component id="oc-112">
         <name>.common:Rc_D</name>
         <uninitialized>true</uninitialized>
         <run_address>0x200005e8</run_address>
         <size>0x16</size>
      </object_component>
      <object_component id="oc-15d">
         <name>.common:ACCZbuff</name>
         <uninitialized>true</uninitialized>
         <run_address>0x20000614</run_address>
         <size>0x14</size>
      </object_component>
      <object_component id="oc-111">
         <name>.common:inityaw</name>
         <uninitialized>true</uninitialized>
         <run_address>0x200006e0</run_address>
         <size>0x4</size>
      </object_component>
      <object_component id="oc-176">
         <name>.common:BMP</name>
         <uninitialized>true</uninitialized>
         <run_address>0x20000658</run_address>
         <size>0xc</size>
      </object_component>
      <object_component id="oc-132">
         <name>.common:Accel</name>
         <uninitialized>true</uninitialized>
         <run_address>0x2000064c</run_address>
         <size>0xc</size>
      </object_component>
      <object_component id="oc-133">
         <name>.common:Gyro</name>
         <uninitialized>true</uninitialized>
         <run_address>0x20000694</run_address>
         <size>0xc</size>
      </object_component>
      <object_component id="oc-12b">
         <name>.common:Euler</name>
         <uninitialized>true</uninitialized>
         <run_address>0x20000670</run_address>
         <size>0xc</size>
      </object_component>
      <object_component id="oc-113">
         <name>.common:FLY_ENABLE</name>
         <uninitialized>true</uninitialized>
         <run_address>0x20000706</run_address>
         <size>0x1</size>
      </object_component>
      <object_component id="oc-10f">
         <name>.common:EXP_ANGLE</name>
         <uninitialized>true</uninitialized>
         <run_address>0x20000664</run_address>
         <size>0xc</size>
      </object_component>
      <object_component id="oc-fb">
         <name>.common:Hight</name>
         <uninitialized>true</uninitialized>
         <run_address>0x200006fc</run_address>
         <size>0x2</size>
      </object_component>
      <object_component id="oc-110">
         <name>.common:EXP_Alt</name>
         <uninitialized>true</uninitialized>
         <run_address>0x20000612</run_address>
         <size>0x2</size>
      </object_component>
      <object_component id="oc-15c">
         <name>.common:Acc_offset</name>
         <uninitialized>true</uninitialized>
         <run_address>0x20000640</run_address>
         <size>0xc</size>
      </object_component>
      <object_component id="oc-160">
         <name>.common:GY_offset</name>
         <uninitialized>true</uninitialized>
         <run_address>0x20000688</run_address>
         <size>0xc</size>
      </object_component>
      <object_component id="oc-175">
         <name>.common:Euler_offset</name>
         <uninitialized>true</uninitialized>
         <run_address>0x2000067c</run_address>
         <size>0xc</size>
      </object_component>
      <object_component id="oc-15b">
         <name>.common:stcAcc</name>
         <uninitialized>true</uninitialized>
         <run_address>0x200006b8</run_address>
         <size>0x8</size>
      </object_component>
      <object_component id="oc-15f">
         <name>.common:stcGyro</name>
         <uninitialized>true</uninitialized>
         <run_address>0x200006c8</run_address>
         <size>0x8</size>
      </object_component>
      <object_component id="oc-174">
         <name>.common:stcAngle</name>
         <uninitialized>true</uninitialized>
         <run_address>0x200006c0</run_address>
         <size>0x8</size>
      </object_component>
      <object_component id="oc-177">
         <name>.common:stcPress</name>
         <uninitialized>true</uninitialized>
         <run_address>0x200006d0</run_address>
         <size>0x8</size>
      </object_component>
      <object_component id="oc-15a">
         <name>.common:date_update_status</name>
         <uninitialized>true</uninitialized>
         <run_address>0x20000708</run_address>
         <size>0x1</size>
      </object_component>
      <object_component id="oc-161">
         <name>.common:gyroindex</name>
         <uninitialized>true</uninitialized>
         <run_address>0x20000709</run_address>
         <size>0x1</size>
      </object_component>
      <object_component id="oc-169">
         <name>.common:gyrosum</name>
         <uninitialized>true</uninitialized>
         <run_address>0x200006a0</run_address>
         <size>0xc</size>
      </object_component>
      <object_component id="oc-15e">
         <name>.common:gyrotemp</name>
         <uninitialized>true</uninitialized>
         <run_address>0x200006ac</run_address>
         <size>0xc</size>
      </object_component>
      <object_component id="oc-168">
         <name>.common:gyrobuff</name>
         <uninitialized>true</uninitialized>
         <run_address>0x20000400</run_address>
         <size>0x3c</size>
      </object_component>
      <object_component id="oc-124">
         <name>.common:buff_index</name>
         <uninitialized>true</uninitialized>
         <run_address>0x20000707</run_address>
         <size>0x1</size>
      </object_component>
      <object_component id="oc-13e">
         <name>.common:tempbuff</name>
         <uninitialized>true</uninitialized>
         <run_address>0x200005c8</run_address>
         <size>0x20</size>
      </object_component>
      <object_component id="oc-13f">
         <name>.common:temp1buff</name>
         <uninitialized>true</uninitialized>
         <run_address>0x200005a8</run_address>
         <size>0x20</size>
      </object_component>
      <object_component id="oc-11d">
         <name>.common:ui8ControlTable</name>
         <uninitialized>true</uninitialized>
         <run_address>0x20000000</run_address>
         <size>0x400</size>
      </object_component>
      <object_component id="oc-1c7">
         <name>.common:rollRateDesired</name>
         <uninitialized>true</uninitialized>
         <run_address>0x200006ec</run_address>
         <size>0x4</size>
      </object_component>
      <object_component id="oc-1c8">
         <name>.common:pitchRateDesired</name>
         <uninitialized>true</uninitialized>
         <run_address>0x200006e8</run_address>
         <size>0x4</size>
      </object_component>
      <object_component id="oc-1cf">
         <name>.common:yawRateDesired</name>
         <uninitialized>true</uninitialized>
         <run_address>0x200006f8</run_address>
         <size>0x4</size>
      </object_component>
      <object_component id="oc-1c5">
         <name>.common:pitch_angle_PID</name>
         <uninitialized>true</uninitialized>
         <run_address>0x20000470</run_address>
         <size>0x34</size>
      </object_component>
      <object_component id="oc-1c2">
         <name>.common:pitch_rate_PID</name>
         <uninitialized>true</uninitialized>
         <run_address>0x200004a4</run_address>
         <size>0x34</size>
      </object_component>
      <object_component id="oc-1c4">
         <name>.common:roll_angle_PID</name>
         <uninitialized>true</uninitialized>
         <run_address>0x200004d8</run_address>
         <size>0x34</size>
      </object_component>
      <object_component id="oc-1c1">
         <name>.common:roll_rate_PID</name>
         <uninitialized>true</uninitialized>
         <run_address>0x2000050c</run_address>
         <size>0x34</size>
      </object_component>
      <object_component id="oc-1c6">
         <name>.common:yaw_angle_PID</name>
         <uninitialized>true</uninitialized>
         <run_address>0x20000540</run_address>
         <size>0x34</size>
      </object_component>
      <object_component id="oc-1c3">
         <name>.common:yaw_rate_PID</name>
         <uninitialized>true</uninitialized>
         <run_address>0x20000574</run_address>
         <size>0x34</size>
      </object_component>
      <object_component id="oc-1c0">
         <name>.common:alt_PID</name>
         <uninitialized>true</uninitialized>
         <run_address>0x2000043c</run_address>
         <size>0x34</size>
      </object_component>
      <object_component id="oc-fa">
         <name>.common:start</name>
         <uninitialized>true</uninitialized>
         <run_address>0x200006f0</run_address>
         <size>0x4</size>
      </object_component>
      <object_component id="oc-f6">
         <name>.common:end</name>
         <uninitialized>true</uninitialized>
         <run_address>0x200006dc</run_address>
         <size>0x4</size>
      </object_component>
      <object_component id="oc-f9">
         <name>.common:Ult</name>
         <uninitialized>true</uninitialized>
         <run_address>0x200006d8</run_address>
         <size>0x4</size>
      </object_component>
      <object_component id="oc-114">
         <name>.common:starttime</name>
         <uninitialized>true</uninitialized>
         <run_address>0x200006f4</run_address>
         <size>0x4</size>
      </object_component>
      <object_component id="oc-115">
         <name>.common:nowtime</name>
         <uninitialized>true</uninitialized>
         <run_address>0x200006e4</run_address>
         <size>0x4</size>
      </object_component>
      <object_component id="oc-2a">
         <name>.stack</name>
         <uninitialized>true</uninitialized>
         <run_address>0x2000070c</run_address>
         <size>0x0</size>
         <input_file_ref idref="fl-c8"/>
      </object_component>
      <object_component id="oc-325">
         <name>.stack</name>
         <uninitialized>true</uninitialized>
         <run_address>0x2000070c</run_address>
         <size>0x0</size>
      </object_component>
      <object_component id="oc-fc">
         <name>.debug_info</name>
         <load_address>0x0</load_address>
         <run_address>0x0</run_address>
         <size>0x586</size>
         <input_file_ref idref="fl-2"/>
      </object_component>
      <object_component id="oc-3e">
         <name>.debug_info</name>
         <load_address>0x586</load_address>
         <run_address>0x586</run_address>
         <size>0x7e6</size>
         <input_file_ref idref="fl-2"/>
      </object_component>
      <object_component id="oc-1f2">
         <name>.debug_info</name>
         <load_address>0xd6c</load_address>
         <run_address>0xd6c</run_address>
         <size>0x2c5</size>
         <input_file_ref idref="fl-2"/>
      </object_component>
      <object_component id="oc-1f9">
         <name>.debug_info</name>
         <load_address>0x1031</load_address>
         <run_address>0x1031</run_address>
         <size>0x11b</size>
         <input_file_ref idref="fl-2"/>
      </object_component>
      <object_component id="oc-1fe">
         <name>.debug_info</name>
         <load_address>0x114c</load_address>
         <run_address>0x114c</run_address>
         <size>0xc8</size>
         <input_file_ref idref="fl-2"/>
      </object_component>
      <object_component id="oc-205">
         <name>.debug_info</name>
         <load_address>0x1214</load_address>
         <run_address>0x1214</run_address>
         <size>0x13a</size>
         <input_file_ref idref="fl-2"/>
      </object_component>
      <object_component id="oc-141">
         <name>.debug_info</name>
         <load_address>0x134e</load_address>
         <run_address>0x134e</run_address>
         <size>0x8b</size>
         <input_file_ref idref="fl-2"/>
      </object_component>
      <object_component id="oc-97">
         <name>.debug_info</name>
         <load_address>0x13d9</load_address>
         <run_address>0x13d9</run_address>
         <size>0x18b</size>
         <input_file_ref idref="fl-2"/>
      </object_component>
      <object_component id="oc-fe">
         <name>.debug_info</name>
         <load_address>0x1564</load_address>
         <run_address>0x1564</run_address>
         <size>0x4b3</size>
         <input_file_ref idref="fl-3"/>
      </object_component>
      <object_component id="oc-11f">
         <name>.debug_info</name>
         <load_address>0x1a17</load_address>
         <run_address>0x1a17</run_address>
         <size>0xcb</size>
         <input_file_ref idref="fl-3"/>
      </object_component>
      <object_component id="oc-126">
         <name>.debug_info</name>
         <load_address>0x1ae2</load_address>
         <run_address>0x1ae2</run_address>
         <size>0xd2</size>
         <input_file_ref idref="fl-3"/>
      </object_component>
      <object_component id="oc-129">
         <name>.debug_info</name>
         <load_address>0x1bb4</load_address>
         <run_address>0x1bb4</run_address>
         <size>0xcc</size>
         <input_file_ref idref="fl-3"/>
      </object_component>
      <object_component id="oc-130">
         <name>.debug_info</name>
         <load_address>0x1c80</load_address>
         <run_address>0x1c80</run_address>
         <size>0xcc</size>
         <input_file_ref idref="fl-3"/>
      </object_component>
      <object_component id="oc-138">
         <name>.debug_info</name>
         <load_address>0x1d4c</load_address>
         <run_address>0x1d4c</run_address>
         <size>0xce</size>
         <input_file_ref idref="fl-3"/>
      </object_component>
      <object_component id="oc-135">
         <name>.debug_info</name>
         <load_address>0x1e1a</load_address>
         <run_address>0x1e1a</run_address>
         <size>0xcc</size>
         <input_file_ref idref="fl-3"/>
      </object_component>
      <object_component id="oc-122">
         <name>.debug_info</name>
         <load_address>0x1ee6</load_address>
         <run_address>0x1ee6</run_address>
         <size>0xcc</size>
         <input_file_ref idref="fl-3"/>
      </object_component>
      <object_component id="oc-38">
         <name>.debug_info</name>
         <load_address>0x1fb2</load_address>
         <run_address>0x1fb2</run_address>
         <size>0x883</size>
         <input_file_ref idref="fl-3"/>
      </object_component>
      <object_component id="oc-100">
         <name>.debug_info</name>
         <load_address>0x2835</load_address>
         <run_address>0x2835</run_address>
         <size>0x620</size>
         <input_file_ref idref="fl-4"/>
      </object_component>
      <object_component id="oc-12d">
         <name>.debug_info</name>
         <load_address>0x2e55</load_address>
         <run_address>0x2e55</run_address>
         <size>0x181</size>
         <input_file_ref idref="fl-4"/>
      </object_component>
      <object_component id="oc-b5">
         <name>.debug_info</name>
         <load_address>0x2fd6</load_address>
         <run_address>0x2fd6</run_address>
         <size>0x6f7</size>
         <input_file_ref idref="fl-4"/>
      </object_component>
      <object_component id="oc-f7">
         <name>.debug_info</name>
         <load_address>0x36cd</load_address>
         <run_address>0x36cd</run_address>
         <size>0x74f</size>
         <input_file_ref idref="fl-5"/>
      </object_component>
      <object_component id="oc-f4">
         <name>.debug_info</name>
         <load_address>0x3e1c</load_address>
         <run_address>0x3e1c</run_address>
         <size>0x175</size>
         <input_file_ref idref="fl-5"/>
      </object_component>
      <object_component id="oc-32">
         <name>.debug_info</name>
         <load_address>0x3f91</load_address>
         <run_address>0x3f91</run_address>
         <size>0x74f</size>
         <input_file_ref idref="fl-5"/>
      </object_component>
      <object_component id="oc-103">
         <name>.debug_info</name>
         <load_address>0x46e0</load_address>
         <run_address>0x46e0</run_address>
         <size>0x51c</size>
         <input_file_ref idref="fl-6"/>
      </object_component>
      <object_component id="oc-45">
         <name>.debug_info</name>
         <load_address>0x4bfc</load_address>
         <run_address>0x4bfc</run_address>
         <size>0x1d2</size>
         <input_file_ref idref="fl-7"/>
      </object_component>
      <object_component id="oc-94">
         <name>.debug_info</name>
         <load_address>0x4dce</load_address>
         <run_address>0x4dce</run_address>
         <size>0xe0</size>
         <input_file_ref idref="fl-7"/>
      </object_component>
      <object_component id="oc-10">
         <name>.debug_info</name>
         <load_address>0x4eae</load_address>
         <run_address>0x4eae</run_address>
         <size>0xde</size>
         <input_file_ref idref="fl-7"/>
      </object_component>
      <object_component id="oc-2c">
         <name>.debug_info</name>
         <load_address>0x4f8c</load_address>
         <run_address>0x4f8c</run_address>
         <size>0x49e</size>
         <input_file_ref idref="fl-7"/>
      </object_component>
      <object_component id="oc-185">
         <name>.debug_info</name>
         <load_address>0x542a</load_address>
         <run_address>0x542a</run_address>
         <size>0x84</size>
         <input_file_ref idref="fl-7"/>
      </object_component>
      <object_component id="oc-1e1">
         <name>.debug_info</name>
         <load_address>0x54ae</load_address>
         <run_address>0x54ae</run_address>
         <size>0x230</size>
         <input_file_ref idref="fl-d"/>
      </object_component>
      <object_component id="oc-239">
         <name>.debug_info</name>
         <load_address>0x56de</load_address>
         <run_address>0x56de</run_address>
         <size>0x15b</size>
         <input_file_ref idref="fl-d"/>
      </object_component>
      <object_component id="oc-10a">
         <name>.debug_info</name>
         <load_address>0x5839</load_address>
         <run_address>0x5839</run_address>
         <size>0x2a3</size>
         <input_file_ref idref="fl-d"/>
      </object_component>
      <object_component id="oc-1dc">
         <name>.debug_info</name>
         <load_address>0x5adc</load_address>
         <run_address>0x5adc</run_address>
         <size>0x2b3</size>
         <input_file_ref idref="fl-d"/>
      </object_component>
      <object_component id="oc-1d6">
         <name>.debug_info</name>
         <load_address>0x5d8f</load_address>
         <run_address>0x5d8f</run_address>
         <size>0x316</size>
         <input_file_ref idref="fl-d"/>
      </object_component>
      <object_component id="oc-214">
         <name>.debug_info</name>
         <load_address>0x60a5</load_address>
         <run_address>0x60a5</run_address>
         <size>0x279</size>
         <input_file_ref idref="fl-d"/>
      </object_component>
      <object_component id="oc-c2">
         <name>.debug_info</name>
         <load_address>0x631e</load_address>
         <run_address>0x631e</run_address>
         <size>0x2b7</size>
         <input_file_ref idref="fl-d"/>
      </object_component>
      <object_component id="oc-c8">
         <name>.debug_info</name>
         <load_address>0x65d5</load_address>
         <run_address>0x65d5</run_address>
         <size>0x285</size>
         <input_file_ref idref="fl-d"/>
      </object_component>
      <object_component id="oc-119">
         <name>.debug_info</name>
         <load_address>0x685a</load_address>
         <run_address>0x685a</run_address>
         <size>0x280</size>
         <input_file_ref idref="fl-d"/>
      </object_component>
      <object_component id="oc-cd">
         <name>.debug_info</name>
         <load_address>0x6ada</load_address>
         <run_address>0x6ada</run_address>
         <size>0x2bb</size>
         <input_file_ref idref="fl-d"/>
      </object_component>
      <object_component id="oc-d3">
         <name>.debug_info</name>
         <load_address>0x6d95</load_address>
         <run_address>0x6d95</run_address>
         <size>0x28f</size>
         <input_file_ref idref="fl-d"/>
      </object_component>
      <object_component id="oc-df">
         <name>.debug_info</name>
         <load_address>0x7024</load_address>
         <run_address>0x7024</run_address>
         <size>0x28d</size>
         <input_file_ref idref="fl-d"/>
      </object_component>
      <object_component id="oc-1e9">
         <name>.debug_info</name>
         <load_address>0x72b1</load_address>
         <run_address>0x72b1</run_address>
         <size>0x20e</size>
         <input_file_ref idref="fl-e"/>
      </object_component>
      <object_component id="oc-1e6">
         <name>.debug_info</name>
         <load_address>0x74bf</load_address>
         <run_address>0x74bf</run_address>
         <size>0x210</size>
         <input_file_ref idref="fl-e"/>
      </object_component>
      <object_component id="oc-251">
         <name>.debug_info</name>
         <load_address>0x76cf</load_address>
         <run_address>0x76cf</run_address>
         <size>0x14e</size>
         <input_file_ref idref="fl-e"/>
      </object_component>
      <object_component id="oc-164">
         <name>.debug_info</name>
         <load_address>0x781d</load_address>
         <run_address>0x781d</run_address>
         <size>0x2c9</size>
         <input_file_ref idref="fl-e"/>
      </object_component>
      <object_component id="oc-a4">
         <name>.debug_info</name>
         <load_address>0x7ae6</load_address>
         <run_address>0x7ae6</run_address>
         <size>0x23e</size>
         <input_file_ref idref="fl-e"/>
      </object_component>
      <object_component id="oc-d9">
         <name>.debug_info</name>
         <load_address>0x7d24</load_address>
         <run_address>0x7d24</run_address>
         <size>0x268</size>
         <input_file_ref idref="fl-e"/>
      </object_component>
      <object_component id="oc-2b0">
         <name>.debug_info</name>
         <load_address>0x7f8c</load_address>
         <run_address>0x7f8c</run_address>
         <size>0x1ed</size>
         <input_file_ref idref="fl-f"/>
      </object_component>
      <object_component id="oc-20d">
         <name>.debug_info</name>
         <load_address>0x8179</load_address>
         <run_address>0x8179</run_address>
         <size>0x2f6</size>
         <input_file_ref idref="fl-f"/>
      </object_component>
      <object_component id="oc-22b">
         <name>.debug_info</name>
         <load_address>0x846f</load_address>
         <run_address>0x846f</run_address>
         <size>0x2c4</size>
         <input_file_ref idref="fl-f"/>
      </object_component>
      <object_component id="oc-225">
         <name>.debug_info</name>
         <load_address>0x8733</load_address>
         <run_address>0x8733</run_address>
         <size>0x2b6</size>
         <input_file_ref idref="fl-f"/>
      </object_component>
      <object_component id="oc-232">
         <name>.debug_info</name>
         <load_address>0x89e9</load_address>
         <run_address>0x89e9</run_address>
         <size>0x276</size>
         <input_file_ref idref="fl-f"/>
      </object_component>
      <object_component id="oc-220">
         <name>.debug_info</name>
         <load_address>0x8c5f</load_address>
         <run_address>0x8c5f</run_address>
         <size>0x2b3</size>
         <input_file_ref idref="fl-f"/>
      </object_component>
      <object_component id="oc-1d3">
         <name>.debug_info</name>
         <load_address>0x8f12</load_address>
         <run_address>0x8f12</run_address>
         <size>0x298</size>
         <input_file_ref idref="fl-10"/>
      </object_component>
      <object_component id="oc-bb">
         <name>.debug_info</name>
         <load_address>0x91aa</load_address>
         <run_address>0x91aa</run_address>
         <size>0x27d</size>
         <input_file_ref idref="fl-10"/>
      </object_component>
      <object_component id="oc-219">
         <name>.debug_info</name>
         <load_address>0x9427</load_address>
         <run_address>0x9427</run_address>
         <size>0x263</size>
         <input_file_ref idref="fl-10"/>
      </object_component>
      <object_component id="oc-2a2">
         <name>.debug_info</name>
         <load_address>0x968a</load_address>
         <run_address>0x968a</run_address>
         <size>0x5f</size>
         <input_file_ref idref="fl-10"/>
      </object_component>
      <object_component id="oc-1b6">
         <name>.debug_info</name>
         <load_address>0x96e9</load_address>
         <run_address>0x96e9</run_address>
         <size>0x19d</size>
         <input_file_ref idref="fl-11"/>
      </object_component>
      <object_component id="oc-8f">
         <name>.debug_info</name>
         <load_address>0x9886</load_address>
         <run_address>0x9886</run_address>
         <size>0x22c</size>
         <input_file_ref idref="fl-11"/>
      </object_component>
      <object_component id="oc-9e">
         <name>.debug_info</name>
         <load_address>0x9ab2</load_address>
         <run_address>0x9ab2</run_address>
         <size>0x261</size>
         <input_file_ref idref="fl-11"/>
      </object_component>
      <object_component id="oc-aa">
         <name>.debug_info</name>
         <load_address>0x9d13</load_address>
         <run_address>0x9d13</run_address>
         <size>0x227</size>
         <input_file_ref idref="fl-11"/>
      </object_component>
      <object_component id="oc-b0">
         <name>.debug_info</name>
         <load_address>0x9f3a</load_address>
         <run_address>0x9f3a</run_address>
         <size>0x221</size>
         <input_file_ref idref="fl-11"/>
      </object_component>
      <object_component id="oc-1b8">
         <name>.debug_info</name>
         <load_address>0xa15b</load_address>
         <run_address>0xa15b</run_address>
         <size>0x212</size>
         <input_file_ref idref="fl-12"/>
      </object_component>
      <object_component id="oc-25">
         <name>.debug_info</name>
         <load_address>0xa36d</load_address>
         <run_address>0xa36d</run_address>
         <size>0x161</size>
         <input_file_ref idref="fl-c8"/>
      </object_component>
      <object_component id="oc-51">
         <name>.debug_info</name>
         <load_address>0xa4ce</load_address>
         <run_address>0xa4ce</run_address>
         <size>0x141</size>
         <input_file_ref idref="fl-c9"/>
      </object_component>
      <object_component id="oc-13">
         <name>.debug_info</name>
         <load_address>0xa60f</load_address>
         <run_address>0xa60f</run_address>
         <size>0x1e0</size>
         <input_file_ref idref="fl-c9"/>
      </object_component>
      <object_component id="oc-4c">
         <name>.debug_info</name>
         <load_address>0xa7ef</load_address>
         <run_address>0xa7ef</run_address>
         <size>0x46</size>
         <input_file_ref idref="fl-c9"/>
      </object_component>
      <object_component id="oc-17e">
         <name>.debug_info</name>
         <load_address>0xa835</load_address>
         <run_address>0xa835</run_address>
         <size>0x2c</size>
         <input_file_ref idref="fl-c9"/>
      </object_component>
      <object_component id="oc-59">
         <name>.debug_info</name>
         <load_address>0xa861</load_address>
         <run_address>0xa861</run_address>
         <size>0x135</size>
         <input_file_ref idref="fl-ca"/>
      </object_component>
      <object_component id="oc-53">
         <name>.debug_info</name>
         <load_address>0xa996</load_address>
         <run_address>0xa996</run_address>
         <size>0x248</size>
         <input_file_ref idref="fl-ca"/>
      </object_component>
      <object_component id="oc-19">
         <name>.debug_info</name>
         <load_address>0xabde</load_address>
         <run_address>0xabde</run_address>
         <size>0x1b2</size>
         <input_file_ref idref="fl-ca"/>
      </object_component>
      <object_component id="oc-5a">
         <name>.debug_info</name>
         <load_address>0xad90</load_address>
         <run_address>0xad90</run_address>
         <size>0x39</size>
         <input_file_ref idref="fl-ca"/>
      </object_component>
      <object_component id="oc-18d">
         <name>.debug_info</name>
         <load_address>0xadc9</load_address>
         <run_address>0xadc9</run_address>
         <size>0x2c</size>
         <input_file_ref idref="fl-ca"/>
      </object_component>
      <object_component id="oc-1ae">
         <name>.debug_info</name>
         <load_address>0xadf5</load_address>
         <run_address>0xadf5</run_address>
         <size>0x235</size>
         <input_file_ref idref="fl-cc"/>
      </object_component>
      <object_component id="oc-1a8">
         <name>.debug_info</name>
         <load_address>0xb02a</load_address>
         <run_address>0xb02a</run_address>
         <size>0x186</size>
         <input_file_ref idref="fl-cc"/>
      </object_component>
      <object_component id="oc-84">
         <name>.debug_info</name>
         <load_address>0xb1b0</load_address>
         <run_address>0xb1b0</run_address>
         <size>0x215</size>
         <input_file_ref idref="fl-cc"/>
      </object_component>
      <object_component id="oc-151">
         <name>.debug_info</name>
         <load_address>0xb3c5</load_address>
         <run_address>0xb3c5</run_address>
         <size>0x145</size>
         <input_file_ref idref="fl-cd"/>
      </object_component>
      <object_component id="oc-16b">
         <name>.debug_info</name>
         <load_address>0xb50a</load_address>
         <run_address>0xb50a</run_address>
         <size>0x121</size>
         <input_file_ref idref="fl-ce"/>
      </object_component>
      <object_component id="oc-170">
         <name>.debug_info</name>
         <load_address>0xb62b</load_address>
         <run_address>0xb62b</run_address>
         <size>0x123</size>
         <input_file_ref idref="fl-ce"/>
      </object_component>
      <object_component id="oc-14c">
         <name>.debug_info</name>
         <load_address>0xb74e</load_address>
         <run_address>0xb74e</run_address>
         <size>0x133</size>
         <input_file_ref idref="fl-cf"/>
      </object_component>
      <object_component id="oc-ea">
         <name>.debug_info</name>
         <load_address>0xb881</load_address>
         <run_address>0xb881</run_address>
         <size>0x133</size>
         <input_file_ref idref="fl-d0"/>
      </object_component>
      <object_component id="oc-156">
         <name>.debug_info</name>
         <load_address>0xb9b4</load_address>
         <run_address>0xb9b4</run_address>
         <size>0x137</size>
         <input_file_ref idref="fl-d1"/>
      </object_component>
      <object_component id="oc-ef">
         <name>.debug_info</name>
         <load_address>0xbaeb</load_address>
         <run_address>0xbaeb</run_address>
         <size>0x132</size>
         <input_file_ref idref="fl-d2"/>
      </object_component>
      <object_component id="oc-147">
         <name>.debug_info</name>
         <load_address>0xbc1d</load_address>
         <run_address>0xbc1d</run_address>
         <size>0x125</size>
         <input_file_ref idref="fl-d3"/>
      </object_component>
      <object_component id="oc-47">
         <name>.debug_info</name>
         <load_address>0xbd42</load_address>
         <run_address>0xbd42</run_address>
         <size>0x112</size>
         <input_file_ref idref="fl-d4"/>
      </object_component>
      <object_component id="oc-60">
         <name>.debug_info</name>
         <load_address>0xbe54</load_address>
         <run_address>0xbe54</run_address>
         <size>0x140</size>
         <input_file_ref idref="fl-d5"/>
      </object_component>
      <object_component id="oc-6c">
         <name>.debug_info</name>
         <load_address>0xbf94</load_address>
         <run_address>0xbf94</run_address>
         <size>0x139</size>
         <input_file_ref idref="fl-d6"/>
      </object_component>
      <object_component id="oc-72">
         <name>.debug_info</name>
         <load_address>0xc0cd</load_address>
         <run_address>0xc0cd</run_address>
         <size>0x149</size>
         <input_file_ref idref="fl-d7"/>
      </object_component>
      <object_component id="oc-29f">
         <name>.debug_info</name>
         <load_address>0xc216</load_address>
         <run_address>0xc216</run_address>
         <size>0x20c</size>
         <input_file_ref idref="fl-d8"/>
      </object_component>
      <object_component id="oc-1ca">
         <name>.debug_info</name>
         <load_address>0xc422</load_address>
         <run_address>0xc422</run_address>
         <size>0x790</size>
         <input_file_ref idref="fl-d8"/>
      </object_component>
      <object_component id="oc-29a">
         <name>.debug_info</name>
         <load_address>0xcbb2</load_address>
         <run_address>0xcbb2</run_address>
         <size>0x39</size>
         <input_file_ref idref="fl-d8"/>
      </object_component>
      <object_component id="oc-8a">
         <name>.debug_info</name>
         <load_address>0xcbeb</load_address>
         <run_address>0xcbeb</run_address>
         <size>0x10a</size>
         <input_file_ref idref="fl-d9"/>
      </object_component>
      <object_component id="oc-e6">
         <name>.debug_info</name>
         <load_address>0xccf5</load_address>
         <run_address>0xccf5</run_address>
         <size>0x127</size>
         <input_file_ref idref="fl-da"/>
      </object_component>
      <object_component id="oc-276">
         <name>.debug_info</name>
         <load_address>0xce1c</load_address>
         <run_address>0xce1c</run_address>
         <size>0x125</size>
         <input_file_ref idref="fl-db"/>
      </object_component>
      <object_component id="oc-1ab">
         <name>.debug_info</name>
         <load_address>0xcf41</load_address>
         <run_address>0xcf41</run_address>
         <size>0x114</size>
         <input_file_ref idref="fl-db"/>
      </object_component>
      <object_component id="oc-26f">
         <name>.debug_info</name>
         <load_address>0xd055</load_address>
         <run_address>0xd055</run_address>
         <size>0x220</size>
         <input_file_ref idref="fl-db"/>
      </object_component>
      <object_component id="oc-1a6">
         <name>.debug_info</name>
         <load_address>0xd275</load_address>
         <run_address>0xd275</run_address>
         <size>0x167</size>
         <input_file_ref idref="fl-dc"/>
      </object_component>
      <object_component id="oc-7e">
         <name>.debug_info</name>
         <load_address>0xd3dc</load_address>
         <run_address>0xd3dc</run_address>
         <size>0x168</size>
         <input_file_ref idref="fl-dc"/>
      </object_component>
      <object_component id="oc-267">
         <name>.debug_info</name>
         <load_address>0xd544</load_address>
         <run_address>0xd544</run_address>
         <size>0x5e</size>
         <input_file_ref idref="fl-dc"/>
      </object_component>
      <object_component id="oc-1a4">
         <name>.debug_info</name>
         <load_address>0xd5a2</load_address>
         <run_address>0xd5a2</run_address>
         <size>0x2ea</size>
         <input_file_ref idref="fl-dd"/>
      </object_component>
      <object_component id="oc-78">
         <name>.debug_info</name>
         <load_address>0xd88c</load_address>
         <run_address>0xd88c</run_address>
         <size>0x191</size>
         <input_file_ref idref="fl-dd"/>
      </object_component>
      <object_component id="oc-25b">
         <name>.debug_info</name>
         <load_address>0xda1d</load_address>
         <run_address>0xda1d</run_address>
         <size>0x39</size>
         <input_file_ref idref="fl-dd"/>
      </object_component>
      <object_component id="oc-260">
         <name>.debug_info</name>
         <load_address>0xda56</load_address>
         <run_address>0xda56</run_address>
         <size>0xcd</size>
         <input_file_ref idref="fl-dd"/>
      </object_component>
      <object_component id="oc-257">
         <name>.debug_info</name>
         <load_address>0xdb23</load_address>
         <run_address>0xdb23</run_address>
         <size>0x1e1</size>
         <input_file_ref idref="fl-de"/>
      </object_component>
      <object_component id="oc-198">
         <name>.debug_info</name>
         <load_address>0xdd04</load_address>
         <run_address>0xdd04</run_address>
         <size>0x184</size>
         <input_file_ref idref="fl-de"/>
      </object_component>
      <object_component id="oc-2bd">
         <name>.debug_info</name>
         <load_address>0xde88</load_address>
         <run_address>0xde88</run_address>
         <size>0x2c</size>
         <input_file_ref idref="fl-de"/>
      </object_component>
      <object_component id="oc-27f">
         <name>.debug_info</name>
         <load_address>0xdeb4</load_address>
         <run_address>0xdeb4</run_address>
         <size>0x127</size>
         <input_file_ref idref="fl-df"/>
      </object_component>
      <object_component id="oc-289">
         <name>.debug_info</name>
         <load_address>0xdfdb</load_address>
         <run_address>0xdfdb</run_address>
         <size>0x125</size>
         <input_file_ref idref="fl-e0"/>
      </object_component>
      <object_component id="oc-2c7">
         <name>.debug_info</name>
         <load_address>0xe100</load_address>
         <run_address>0xe100</run_address>
         <size>0xdf</size>
         <input_file_ref idref="fl-e1"/>
      </object_component>
      <object_component id="oc-283">
         <name>.debug_info</name>
         <load_address>0xe1df</load_address>
         <run_address>0xe1df</run_address>
         <size>0x31d</size>
         <input_file_ref idref="fl-e1"/>
      </object_component>
      <object_component id="oc-2d9">
         <name>.debug_info</name>
         <load_address>0xe4fc</load_address>
         <run_address>0xe4fc</run_address>
         <size>0x201</size>
         <input_file_ref idref="fl-e2"/>
      </object_component>
      <object_component id="oc-2d6">
         <name>.debug_info</name>
         <load_address>0xe6fd</load_address>
         <run_address>0xe6fd</run_address>
         <size>0x130</size>
         <input_file_ref idref="fl-e2"/>
      </object_component>
      <object_component id="oc-28e">
         <name>.debug_info</name>
         <load_address>0xe82d</load_address>
         <run_address>0xe82d</run_address>
         <size>0x727</size>
         <input_file_ref idref="fl-e2"/>
      </object_component>
      <object_component id="oc-2db">
         <name>.debug_info</name>
         <load_address>0xef54</load_address>
         <run_address>0xef54</run_address>
         <size>0x2c</size>
         <input_file_ref idref="fl-e2"/>
      </object_component>
      <object_component id="oc-2e1">
         <name>.debug_info</name>
         <load_address>0xef80</load_address>
         <run_address>0xef80</run_address>
         <size>0xe4</size>
         <input_file_ref idref="fl-e3"/>
      </object_component>
      <object_component id="oc-294">
         <name>.debug_info</name>
         <load_address>0xf064</load_address>
         <run_address>0xf064</run_address>
         <size>0x376</size>
         <input_file_ref idref="fl-e3"/>
      </object_component>
      <object_component id="oc-2f4">
         <name>.debug_info</name>
         <load_address>0xf3da</load_address>
         <run_address>0xf3da</run_address>
         <size>0x135</size>
         <input_file_ref idref="fl-e4"/>
      </object_component>
      <object_component id="oc-2d0">
         <name>.debug_info</name>
         <load_address>0xf50f</load_address>
         <run_address>0xf50f</run_address>
         <size>0x220</size>
         <input_file_ref idref="fl-e4"/>
      </object_component>
      <object_component id="oc-2f2">
         <name>.debug_info</name>
         <load_address>0xf72f</load_address>
         <run_address>0xf72f</run_address>
         <size>0x17d</size>
         <input_file_ref idref="fl-e5"/>
      </object_component>
      <object_component id="oc-2ca">
         <name>.debug_info</name>
         <load_address>0xf8ac</load_address>
         <run_address>0xf8ac</run_address>
         <size>0x1d6</size>
         <input_file_ref idref="fl-e5"/>
      </object_component>
      <object_component id="oc-19f">
         <name>.debug_info</name>
         <load_address>0xfa82</load_address>
         <run_address>0xfa82</run_address>
         <size>0x146</size>
         <input_file_ref idref="fl-e6"/>
      </object_component>
      <object_component id="oc-2ef">
         <name>.debug_info</name>
         <load_address>0xfbc8</load_address>
         <run_address>0xfbc8</run_address>
         <size>0xf4</size>
         <input_file_ref idref="fl-e7"/>
      </object_component>
      <object_component id="oc-2e9">
         <name>.debug_info</name>
         <load_address>0xfcbc</load_address>
         <run_address>0xfcbc</run_address>
         <size>0x157</size>
         <input_file_ref idref="fl-e8"/>
      </object_component>
      <object_component id="oc-326">
         <name>.debug_info</name>
         <load_address>0xfe13</load_address>
         <run_address>0xfe13</run_address>
         <size>0x94</size>
      </object_component>
      <object_component id="oc-1f8">
         <name>.debug_line</name>
         <load_address>0x0</load_address>
         <run_address>0x0</run_address>
         <size>0x11d</size>
         <input_file_ref idref="fl-2"/>
      </object_component>
      <object_component id="oc-41">
         <name>.debug_line</name>
         <load_address>0x11d</load_address>
         <run_address>0x11d</run_address>
         <size>0x18b</size>
         <input_file_ref idref="fl-2"/>
      </object_component>
      <object_component id="oc-1f5">
         <name>.debug_line</name>
         <load_address>0x2a8</load_address>
         <run_address>0x2a8</run_address>
         <size>0x2f</size>
         <input_file_ref idref="fl-2"/>
      </object_component>
      <object_component id="oc-1fc">
         <name>.debug_line</name>
         <load_address>0x2d7</load_address>
         <run_address>0x2d7</run_address>
         <size>0x2e</size>
         <input_file_ref idref="fl-2"/>
      </object_component>
      <object_component id="oc-201">
         <name>.debug_line</name>
         <load_address>0x305</load_address>
         <run_address>0x305</run_address>
         <size>0x5e</size>
         <input_file_ref idref="fl-2"/>
      </object_component>
      <object_component id="oc-208">
         <name>.debug_line</name>
         <load_address>0x363</load_address>
         <run_address>0x363</run_address>
         <size>0x30</size>
         <input_file_ref idref="fl-2"/>
      </object_component>
      <object_component id="oc-144">
         <name>.debug_line</name>
         <load_address>0x393</load_address>
         <run_address>0x393</run_address>
         <size>0x20</size>
         <input_file_ref idref="fl-2"/>
      </object_component>
      <object_component id="oc-9a">
         <name>.debug_line</name>
         <load_address>0x3b3</load_address>
         <run_address>0x3b3</run_address>
         <size>0x5f</size>
         <input_file_ref idref="fl-2"/>
      </object_component>
      <object_component id="oc-204">
         <name>.debug_line</name>
         <load_address>0x412</load_address>
         <run_address>0x412</run_address>
         <size>0x88</size>
         <input_file_ref idref="fl-3"/>
      </object_component>
      <object_component id="oc-23d">
         <name>.debug_line</name>
         <load_address>0x49a</load_address>
         <run_address>0x49a</run_address>
         <size>0x33</size>
         <input_file_ref idref="fl-3"/>
      </object_component>
      <object_component id="oc-241">
         <name>.debug_line</name>
         <load_address>0x4cd</load_address>
         <run_address>0x4cd</run_address>
         <size>0x33</size>
         <input_file_ref idref="fl-3"/>
      </object_component>
      <object_component id="oc-243">
         <name>.debug_line</name>
         <load_address>0x500</load_address>
         <run_address>0x500</run_address>
         <size>0x33</size>
         <input_file_ref idref="fl-3"/>
      </object_component>
      <object_component id="oc-247">
         <name>.debug_line</name>
         <load_address>0x533</load_address>
         <run_address>0x533</run_address>
         <size>0x33</size>
         <input_file_ref idref="fl-3"/>
      </object_component>
      <object_component id="oc-24b">
         <name>.debug_line</name>
         <load_address>0x566</load_address>
         <run_address>0x566</run_address>
         <size>0x33</size>
         <input_file_ref idref="fl-3"/>
      </object_component>
      <object_component id="oc-249">
         <name>.debug_line</name>
         <load_address>0x599</load_address>
         <run_address>0x599</run_address>
         <size>0x33</size>
         <input_file_ref idref="fl-3"/>
      </object_component>
      <object_component id="oc-23f">
         <name>.debug_line</name>
         <load_address>0x5cc</load_address>
         <run_address>0x5cc</run_address>
         <size>0x33</size>
         <input_file_ref idref="fl-3"/>
      </object_component>
      <object_component id="oc-3b">
         <name>.debug_line</name>
         <load_address>0x5ff</load_address>
         <run_address>0x5ff</run_address>
         <size>0x2af</size>
         <input_file_ref idref="fl-3"/>
      </object_component>
      <object_component id="oc-20b">
         <name>.debug_line</name>
         <load_address>0x8ae</load_address>
         <run_address>0x8ae</run_address>
         <size>0x99</size>
         <input_file_ref idref="fl-4"/>
      </object_component>
      <object_component id="oc-245">
         <name>.debug_line</name>
[...]
         <name>g_HightOld</name>
         <value>0x2000091c</value>
         <object_component_ref idref="oc-12c"/>
      </symbol>
      <symbol id="sm-234">
         <name>g_Alt_Hight</name>
         <value>0x20000920</value>
         <object_component_ref idref="oc-12c"/>
      </symbol>
      <symbol id="sm-235">
         <name>Pitch</name>
         <value>0x20000914</value>
         <object_component_ref idref="oc-12c"/>
      </symbol>
      <symbol id="sm-236">
         <name>InitPID</name>
         <value>0x1ce1</value>
         <object_component_ref idref="oc-b4"/>
      </symbol>
      <symbol id="sm-237">
         <name>g_Alt_HightOld</name>
         <value>0x20000924</value>
         <object_component_ref idref="oc-12c"/>
      </symbol>
      <symbol id="sm-238">
         <name>Yaw</name>
         <value>0x20000918</value>
         <object_component_ref idref="oc-12c"/>
      </symbol>
      <symbol id="sm-239">
         <name>Roll</name>
         <value>0x20000910</value>
         <object_component_ref idref="oc-12c"/>
      </symbol>
      <symbol id="sm-23a">
         <name>pidUpdate</name>
         <value>0x1e01</value>
         <object_component_ref idref="oc-b4"/>
      </symbol>
      <symbol id="sm-23b">
         <name>pidSetIntegralLimit</name>
         <value>0x1ccd</value>
         <object_component_ref idref="oc-b4"/>
      </symbol>
      <symbol id="sm-23c">
         <name>PID_Calculate</name>
         <value>0x1f75</value>
         <object_component_ref idref="oc-b4"/>
      </symbol>
      <symbol id="sm-23d">
         <name>Atl_PID</name>
         <value>0x21ed</value>
         <object_component_ref idref="oc-b4"/>
      </symbol>
      <symbol id="sm-23e">
         <name>Thro</name>
         <value>0x2000090c</value>
         <object_component_ref idref="oc-12c"/>
      </symbol>
      <symbol id="sm-2c0">
         <name>start</name>
         <value>0x200006f0</value>
      </symbol>
      <symbol id="sm-2c1">
         <name>end</name>
         <value>0x200006dc</value>
      </symbol>
      <symbol id="sm-2c2">
         <name>Ult</name>
         <value>0x200006d8</value>
      </symbol>
      <symbol id="sm-2c3">
         <name>starttime</name>
         <value>0x200006f4</value>
      </symbol>
      <symbol id="sm-2c4">
         <name>nowtime</name>
         <value>0x200006e4</value>
      </symbol>
      <symbol id="sm-2c5">
         <name>TIMERA0init</name>
         <value>0x2b4d</value>
         <object_component_ref idref="oc-31"/>
      </symbol>
      <symbol id="sm-2c6">
         <name>HC_time</name>
         <value>0x200009b0</value>
         <object_component_ref idref="oc-f3"/>
      </symbol>
      <symbol id="sm-2c7">
         <name>rise</name>
         <value>0x200009b2</value>
         <object_component_ref idref="oc-f3"/>
      </symbol>
      <symbol id="sm-2c8">
         <name>hover</name>
         <value>0x200009b4</value>
         <object_component_ref idref="oc-f3"/>
      </symbol>
      <symbol id="sm-2c9">
         <name>prep</name>
         <value>0x200009b7</value>
         <object_component_ref idref="oc-f3"/>
      </symbol>
      <symbol id="sm-2ca">
         <name>GPIOIntA</name>
         <value>0x2c27</value>
         <object_component_ref idref="oc-31"/>
      </symbol>
      <symbol id="sm-2cb">
         <name>InitLED</name>
         <value>0x2bdb</value>
         <object_component_ref idref="oc-31"/>
      </symbol>
      <symbol id="sm-2cc">
         <name>main</name>
         <value>0x2cd9</value>
         <object_component_ref idref="oc-31"/>
      </symbol>
      <symbol id="sm-2cd">
         <name>land</name>
         <value>0x200009b5</value>
         <object_component_ref idref="oc-f3"/>
      </symbol>
      <symbol id="sm-2ce">
         <name>systeminit</name>
         <value>0x2b0d</value>
         <object_component_ref idref="oc-31"/>
      </symbol>
      <symbol id="sm-2cf">
         <name>fall</name>
         <value>0x200009b1</value>
         <object_component_ref idref="oc-f3"/>
      </symbol>
      <symbol id="sm-2d0">
         <name>launch</name>
         <value>0x200009b3</value>
         <object_component_ref idref="oc-f3"/>
      </symbol>
      <symbol id="sm-2d1">
         <name>Timer0IntHandler</name>
         <value>0x2baf</value>
         <object_component_ref idref="oc-31"/>
      </symbol>
      <symbol id="sm-2d2">
         <name>InitGPIO</name>
         <value>0x2bed</value>
         <object_component_ref idref="oc-31"/>
      </symbol>
      <symbol id="sm-2d3">
         <name>lock</name>
         <value>0x200009b6</value>
         <object_component_ref idref="oc-f3"/>
      </symbol>
      <symbol id="sm-2f3">
         <name>MotorPwmFlash</name>
         <value>0x37b9</value>
         <object_component_ref idref="oc-102"/>
      </symbol>
      <symbol id="sm-2f4">
         <name>MotorInit</name>
         <value>0x3887</value>
         <object_component_ref idref="oc-102"/>
      </symbol>
      <symbol id="sm-324">
         <name>SysTickIntHandler</name>
         <value>0x4649</value>
         <object_component_ref idref="oc-2b"/>
      </symbol>
      <symbol id="sm-325">
         <name>DelayMs</name>
         <value>0x467f</value>
         <object_component_ref idref="oc-2b"/>
      </symbol>
      <symbol id="sm-326">
         <name>ResetISR</name>
         <value>0x46a3</value>
         <object_component_ref idref="oc-2b"/>
      </symbol>
      <symbol id="sm-327">
         <name>millis</name>
         <value>0x4679</value>
         <object_component_ref idref="oc-2b"/>
      </symbol>
      <symbol id="sm-328">
         <name>sysTickUptime</name>
         <value>0x200009c8</value>
         <object_component_ref idref="oc-93"/>
      </symbol>
      <symbol id="sm-329">
         <name>micros</name>
         <value>0x4653</value>
         <object_component_ref idref="oc-2b"/>
      </symbol>
      <symbol id="sm-32a">
         <name>g_pfnVectors</name>
         <value>0x0</value>
         <object_component_ref idref="oc-f"/>
      </symbol>
      <symbol id="sm-38c">
         <name>GPIOPinTypePWM</name>
         <value>0x4c07</value>
         <object_component_ref idref="oc-212"/>
      </symbol>
      <symbol id="sm-38d">
         <name>GPIOPinConfigure</name>
         <value>0x4945</value>
         <object_component_ref idref="oc-117"/>
      </symbol>
      <symbol id="sm-38e">
         <name>GPIOIntEnable</name>
         <value>0x4c77</value>
         <object_component_ref idref="oc-d2"/>
      </symbol>
      <symbol id="sm-38f">
         <name>GPIOIntTypeSet</name>
         <value>0x47f9</value>
         <object_component_ref idref="oc-cc"/>
      </symbol>
      <symbol id="sm-390">
         <name>GPIOPinTypeGPIOInput</name>
         <value>0x4bf5</value>
         <object_component_ref idref="oc-c6"/>
      </symbol>
      <symbol id="sm-391">
         <name>GPIOIntClear</name>
         <value>0x4c9d</value>
         <object_component_ref idref="oc-de"/>
      </symbol>
      <symbol id="sm-392">
         <name>GPIOPinTypeGPIOOutput</name>
         <value>0x4b61</value>
         <object_component_ref idref="oc-c0"/>
      </symbol>
      <symbol id="sm-393">
         <name>GPIODirModeSet</name>
         <value>0x4ab3</value>
         <object_component_ref idref="oc-1da"/>
      </symbol>
      <symbol id="sm-394">
         <name>GPIOPinWrite</name>
         <value>0x4ca3</value>
         <object_component_ref idref="oc-108"/>
      </symbol>
      <symbol id="sm-395">
         <name>GPIOPadConfigSet</name>
         <value>0x3f93</value>
         <object_component_ref idref="oc-1d4"/>
      </symbol>
      <symbol id="sm-3d6">
         <name>IntPrioritySet</name>
         <value>0x4add</value>
         <object_component_ref idref="oc-162"/>
      </symbol>
      <symbol id="sm-3d7">
         <name>IntEnable</name>
         <value>0x4791</value>
         <object_component_ref idref="oc-d8"/>
      </symbol>
      <symbol id="sm-3d8">
         <name>IntMasterEnable</name>
         <value>0x4c2b</value>
         <object_component_ref idref="oc-a2"/>
      </symbol>
      <symbol id="sm-405">
         <name>PWMGenPeriodSet</name>
         <value>0x4c3b</value>
         <object_component_ref idref="oc-224"/>
      </symbol>
      <symbol id="sm-406">
         <name>PWMPulseWidthSet</name>
         <value>0x4b43</value>
         <object_component_ref idref="oc-20c"/>
      </symbol>
      <symbol id="sm-407">
         <name>PWMOutputState</name>
         <value>0x4c19</value>
         <object_component_ref idref="oc-22a"/>
      </symbol>
      <symbol id="sm-408">
         <name>PWMGenEnable</name>
         <value>0x4c83</value>
         <object_component_ref idref="oc-230"/>
      </symbol>
      <symbol id="sm-409">
         <name>PWMGenConfigure</name>
         <value>0x4b01</value>
         <object_component_ref idref="oc-21e"/>
      </symbol>
      <symbol id="sm-429">
         <name>SysCtlDelay</name>
         <value>0x4ca9</value>
         <object_component_ref idref="oc-10e"/>
      </symbol>
      <symbol id="sm-42a">
         <name>SysCtlPeripheralEnable</name>
         <value>0x4a51</value>
         <object_component_ref idref="oc-ba"/>
      </symbol>
      <symbol id="sm-42b">
         <name>SysCtlPWMClockSet</name>
         <value>0x4b91</value>
         <object_component_ref idref="oc-218"/>
      </symbol>
      <symbol id="sm-458">
         <name>SysTickEnable</name>
         <value>0x4ba5</value>
         <object_component_ref idref="oc-ae"/>
      </symbol>
      <symbol id="sm-459">
         <name>SysTickIntEnable</name>
         <value>0x4bb9</value>
         <object_component_ref idref="oc-a8"/>
      </symbol>
      <symbol id="sm-45a">
         <name>SysTickValueGet</name>
         <value>0x4c91</value>
         <object_component_ref idref="oc-8d"/>
      </symbol>
      <symbol id="sm-45b">
         <name>SysTickPeriodSet</name>
         <value>0x4c4d</value>
         <object_component_ref idref="oc-9c"/>
      </symbol>
      <symbol id="sm-465">
         <name>CPUcpsie</name>
         <value>0x4c6b</value>
         <object_component_ref idref="oc-1b7"/>
      </symbol>
      <symbol id="sm-476">
         <name>_c_int00</name>
         <value>0x4851</value>
         <object_component_ref idref="oc-24"/>
      </symbol>
      <symbol id="sm-477">
         <name>__stack</name>
         <value>0x2000070c</value>
         <object_component_ref idref="oc-2a"/>
      </symbol>
      <symbol id="sm-48e">
         <name>__TI_decompress_none</name>
         <value>0x4c5d</value>
         <object_component_ref idref="oc-12"/>
      </symbol>
      <symbol id="sm-4b6">
         <name>__TI_decompress_rle24</name>
         <value>0x4caf</value>
         <object_component_ref idref="oc-18"/>
      </symbol>
      <symbol id="sm-4d8">
         <name>C$$EXIT</name>
         <value>0x48a5</value>
         <object_component_ref idref="oc-83"/>
      </symbol>
      <symbol id="sm-4d9">
         <name>abort</name>
         <value>0x48a9</value>
         <object_component_ref idref="oc-83"/>
      </symbol>
      <symbol id="sm-4da">
         <name>exit</name>
         <value>0x48b1</value>
         <object_component_ref idref="oc-83"/>
      </symbol>
      <symbol id="sm-4db">
         <name>__TI_dtors_ptr</name>
         <value>0x200009a0</value>
         <object_component_ref idref="oc-1a7"/>
      </symbol>
      <symbol id="sm-4dc">
         <name>__TI_cleanup_ptr</name>
         <value>0x2000099c</value>
         <object_component_ref idref="oc-1a7"/>
      </symbol>
      <symbol id="sm-4dd">
         <name>__TI_enable_exit_profile_output</name>
         <value>0x200009a4</value>
         <object_component_ref idref="oc-1a7"/>
      </symbol>
      <symbol id="sm-4f4">
         <name>__aeabi_dsub</name>
         <value>0x39c5</value>
         <object_component_ref idref="oc-150"/>
      </symbol>
      <symbol id="sm-4f5">
         <name>__aeabi_dadd</name>
         <value>0x39cf</value>
         <object_component_ref idref="oc-150"/>
      </symbol>
      <symbol id="sm-517">
         <name>__aeabi_cdcmpeq</name>
         <value>0x4451</value>
         <object_component_ref idref="oc-16a"/>
      </symbol>
      <symbol id="sm-518">
         <name>__aeabi_cdcmple</name>
         <value>0x4451</value>
         <object_component_ref idref="oc-16a"/>
      </symbol>
      <symbol id="sm-519">
         <name>__aeabi_cdrcmple</name>
         <value>0x44d7</value>
         <object_component_ref idref="oc-16f"/>
      </symbol>
      <symbol id="sm-52d">
         <name>__aeabi_ddiv</name>
         <value>0x3e5d</value>
         <object_component_ref idref="oc-14b"/>
      </symbol>
      <symbol id="sm-538">
         <name>__aeabi_dmul</name>
         <value>0x40c5</value>
         <object_component_ref idref="oc-e9"/>
      </symbol>
      <symbol id="sm-544">
         <name>__aeabi_d2f</name>
         <value>0x46b9</value>
         <object_component_ref idref="oc-155"/>
      </symbol>
      <symbol id="sm-54e">
         <name>__aeabi_d2uiz</name>
         <value>0x49d5</value>
         <object_component_ref idref="oc-ee"/>
      </symbol>
      <symbol id="sm-559">
         <name>__aeabi_f2d</name>
         <value>0x4a19</value>
         <object_component_ref idref="oc-146"/>
      </symbol>
      <symbol id="sm-574">
         <name>memcpy</name>
         <value>0x43b5</value>
         <object_component_ref idref="oc-46"/>
      </symbol>
      <symbol id="sm-575">
         <name>__aeabi_memcpy</name>
         <value>0x43b5</value>
         <object_component_ref idref="oc-46"/>
      </symbol>
      <symbol id="sm-576">
         <name>__aeabi_memcpy8</name>
         <value>0x43b5</value>
         <object_component_ref idref="oc-46"/>
      </symbol>
      <symbol id="sm-577">
         <name>__aeabi_memcpy4</name>
         <value>0x43b5</value>
         <object_component_ref idref="oc-46"/>
      </symbol>
      <symbol id="sm-586">
         <name>__aeabi_memset</name>
         <value>0x455f</value>
         <object_component_ref idref="oc-5f"/>
      </symbol>
      <symbol id="sm-587">
         <name>memset</name>
         <value>0x4565</value>
         <object_component_ref idref="oc-5f"/>
      </symbol>
      <symbol id="sm-588">
         <name>__aeabi_memset8</name>
         <value>0x455f</value>
         <object_component_ref idref="oc-5f"/>
      </symbol>
      <symbol id="sm-589">
         <name>__aeabi_memset4</name>
         <value>0x455f</value>
         <object_component_ref idref="oc-5f"/>
      </symbol>
      <symbol id="sm-58a">
         <name>__aeabi_memclr8</name>
         <value>0x455d</value>
         <object_component_ref idref="oc-5f"/>
      </symbol>
      <symbol id="sm-58b">
         <name>__aeabi_memclr4</name>
         <value>0x455d</value>
         <object_component_ref idref="oc-5f"/>
      </symbol>
      <symbol id="sm-58c">
         <name>__aeabi_memclr</name>
         <value>0x455d</value>
         <object_component_ref idref="oc-5f"/>
      </symbol>
      <symbol id="sm-596">
         <name>__mpu_init</name>
         <value>0x3b7b</value>
         <object_component_ref idref="oc-6b"/>
      </symbol>
      <symbol id="sm-5a0">
         <name>_system_pre_init</name>
         <value>0x4cb5</value>
         <object_component_ref idref="oc-71"/>
      </symbol>
      <symbol id="sm-5f7">
         <name>cosl</name>
         <value>0x31d5</value>
         <object_component_ref idref="oc-1c9"/>
      </symbol>
      <symbol id="sm-5f8">
         <name>cos</name>
         <value>0x31d5</value>
         <object_component_ref idref="oc-1c9"/>
      </symbol>
      <symbol id="sm-600">
         <name>main_func_sp</name>
         <value>0x200009c4</value>
         <object_component_ref idref="oc-89"/>
      </symbol>
      <symbol id="sm-60a">
         <name>__aeabi_ui2d</name>
         <value>0x4b23</value>
         <object_component_ref idref="oc-e4"/>
      </symbol>
      <symbol id="sm-623">
         <name>_nop</name>
         <value>0x4bdb</value>
         <object_component_ref idref="oc-26e"/>
      </symbol>
      <symbol id="sm-624">
         <name>_lock</name>
         <value>0x200009a8</value>
         <object_component_ref idref="oc-1aa"/>
      </symbol>
      <symbol id="sm-625">
         <name>_unlock</name>
         <value>0x200009ac</value>
         <object_component_ref idref="oc-1aa"/>
      </symbol>
      <symbol id="sm-626">
         <name>_register_lock</name>
         <value>0x4bd3</value>
         <object_component_ref idref="oc-26e"/>
      </symbol>
      <symbol id="sm-627">
         <name>_register_unlock</name>
         <value>0x4bcd</value>
         <object_component_ref idref="oc-26e"/>
      </symbol>
      <symbol id="sm-63b">
         <name>_args_main</name>
         <value>0x4b79</value>
         <object_component_ref idref="oc-7d"/>
      </symbol>
      <symbol id="sm-660">
         <name>__TI_auto_init</name>
         <value>0x45d9</value>
         <object_component_ref idref="oc-77"/>
      </symbol>
      <symbol id="sm-67a">
         <name>copy_in</name>
         <value>0x48f9</value>
         <object_component_ref idref="oc-197"/>
      </symbol>
      <symbol id="sm-684">
         <name>__aeabi_d2iz</name>
         <value>0x498d</value>
         <object_component_ref idref="oc-27d"/>
      </symbol>
      <symbol id="sm-68e">
         <name>__aeabi_i2d</name>
         <value>0x4a85</value>
         <object_component_ref idref="oc-288"/>
      </symbol>
      <symbol id="sm-6a4">
         <name>__kernel_cos</name>
         <value>0x3cf1</value>
         <object_component_ref idref="oc-282"/>
      </symbol>
      <symbol id="sm-70c">
         <name>__kernel_rem_pio2</name>
         <value>0x23cd</value>
         <object_component_ref idref="oc-28d"/>
      </symbol>
      <symbol id="sm-723">
         <name>__kernel_sin</name>
         <value>0x3b7d</value>
         <object_component_ref idref="oc-293"/>
      </symbol>
      <symbol id="sm-740">
         <name>floorl</name>
         <value>0x42bd</value>
         <object_component_ref idref="oc-2cf"/>
      </symbol>
      <symbol id="sm-741">
         <name>floor</name>
         <value>0x42bd</value>
         <object_component_ref idref="oc-2cf"/>
      </symbol>
      <symbol id="sm-75e">
         <name>scalbn</name>
         <value>0x41c1</value>
         <object_component_ref idref="oc-2c9"/>
      </symbol>
      <symbol id="sm-75f">
         <name>scalbnl</name>
         <value>0x41c1</value>
         <object_component_ref idref="oc-2c9"/>
      </symbol>
      <symbol id="sm-760">
         <name>ldexpl</name>
         <value>0x41c1</value>
         <object_component_ref idref="oc-2c9"/>
      </symbol>
      <symbol id="sm-761">
         <name>ldexp</name>
         <value>0x41c1</value>
         <object_component_ref idref="oc-2c9"/>
      </symbol>
      <symbol id="sm-76b">
         <name>_system_post_cinit</name>
         <value>0x45d7</value>
         <object_component_ref idref="oc-19d"/>
      </symbol>
      <symbol id="sm-773">
         <name>errno</name>
         <value>0x200009c0</value>
         <object_component_ref idref="oc-2ee"/>
      </symbol>
      <symbol id="sm-77d">
         <name>copysign</name>
         <value>0x4be1</value>
         <object_component_ref idref="oc-2e8"/>
      </symbol>
      <symbol id="sm-77e">
         <name>copysignl</name>
         <value>0x4be1</value>
         <object_component_ref idref="oc-2e8"/>
      </symbol>
      <symbol id="sm-77f">
         <name>__TI_static_base__</name>
         <value>0x0</value>
      </symbol>
      <symbol id="sm-782">
         <name>SHT$$INIT_ARRAY$$Limit</name>
         <value>0x0</value>
      </symbol>
      <symbol id="sm-783">
         <name>SHT$$INIT_ARRAY$$Base</name>
         <value>0x0</value>
      </symbol>
   </symbol_table>
   <title>Link successful</title>
</link_info>
