******************************************************************************
                  TI ARM Linker PC v16.6.0                     
******************************************************************************
>> Linked Mon Aug 22 21:39:19 2016

OUTPUT FILE NAME:   <hellow.out>
ENTRY POINT SYMBOL: "_c_int00"  address: 0000065d


MEMORY CONFIGURATION

         name            origin    length      used     unused   attr    fill
----------------------  --------  ---------  --------  --------  ----  --------
  FLASH                 00000000   00040000  0000087a  0003f786  R  X
  SRAM                  20000000   00008000  00000218  00007de8  RW X


SEGMENT ALLOCATION MAP

run origin  load origin   length   init length attrs members
----------  ----------- ---------- ----------- ----- -------
00000000    00000000    0000087c   0000087c    r-x
  00000000    00000000    0000026c   0000026c    r-- .intvecs
  0000026c    0000026c    000005ea   000005ea    r-x .text
  00000858    00000858    00000024   00000024    r-- .cinit
20000000    20000000    00000218   00000000    rw-
  20000000    20000000    00000200   00000000    rw- .stack
  20000200    20000200    00000018   00000000    rw- .data


SECTION ALLOCATION MAP

 output                                  attributes/
section   page    origin      length       input sections
--------  ----  ----------  ----------   ----------------
.intvecs   0    00000000    0000026c     
                  00000000    0000026c     tm4c123gh6pm_startup_ccs.obj (.intvecs)

.text      0    0000026c    000005ea     
                  0000026c    00000132     driverlib.lib : gpio.obj (.text:GPIOPadConfigSet)
                  0000039e    00000002     rtsv7M4_T_le_v4SPD16_eabi.lib : mpu_init.obj (.text)
                  000003a0    000000f4     driverlib.lib : sysctl.obj (.text:SysCtlClockSet)
                  00000494    0000009c     rtsv7M4_T_le_v4SPD16_eabi.lib : memcpy_t2.obj (.text)
                  00000530    00000070                                   : autoinit.obj (.text)
                  000005a0    00000066                                   : copy_decompress_lzss.obj (.text:decompress:lzss)
                  00000606    00000002                                   : startup.obj (.text)
                  00000608    00000054     main.obj (.text)
                  0000065c    00000054     rtsv7M4_T_le_v4SPD16_eabi.lib : boot.obj (.text)
                  000006b0    00000054                                   : exit.obj (.text)
                  00000704    0000004c                                   : cpy_tbl.obj (.text)
                  00000750    00000038     driverlib.lib : sysctl.obj (.text:SysCtlPeripheralReady)
                  00000788    00000034                   : sysctl.obj (.text:SysCtlPeripheralEnable)
                  000007bc    0000002a                   : gpio.obj (.text:GPIODirModeSet)
                  000007e6    00000018                   : gpio.obj (.text:GPIOPinTypeGPIOOutput)
                  000007fe    00000002     --HOLE-- [fill = 0]
                  00000800    00000018     rtsv7M4_T_le_v4SPD16_eabi.lib : args_main.obj (.text)
                  00000818    00000014                                   : _lock.obj (.text)
                  0000082c    0000000e                                   : copy_decompress_none.obj (.text:decompress:none)
                  0000083a    0000000c     tm4c123gh6pm_startup_ccs.obj (.text)
                  00000846    00000006     driverlib.lib : gpio.obj (.text:GPIOPinWrite)
                  0000084c    00000006                   : sysctl.obj (.text:SysCtlDelay)
                  00000852    00000004     rtsv7M4_T_le_v4SPD16_eabi.lib : pre_init.obj (.text)

.cinit     0    00000858    00000024     
                  00000858    00000011     (.cinit..data.load) [load image, compression = lzss]
                  00000869    00000003     --HOLE-- [fill = 0]
                  0000086c    00000008     (__TI_handler_table)
                  00000874    00000008     (__TI_cinit_table)

.init_array 
*          0    00000000    00000000     UNINITIALIZED

.stack     0    20000000    00000200     UNINITIALIZED
                  20000000    00000200     --HOLE--

.data      0    20000200    00000018     UNINITIALIZED
                  20000200    0000000c     rtsv7M4_T_le_v4SPD16_eabi.lib : exit.obj (.data:$O1$$)
                  2000020c    00000008                                   : _lock.obj (.data:$O1$$)
                  20000214    00000004                                   : stkdepth_vars.obj (.data)

MODULE SUMMARY

       Module                         code   ro data   rw data
       ------                         ----   -------   -------
    .\
       tm4c123gh6pm_startup_ccs.obj   12     620       0      
       main.obj                       84     0         0      
    +--+------------------------------+------+---------+---------+
       Total:                         96     620       0      
                                                              
    C:\ti\TivaWare_C_Series-2.1.3.156\driverlib\ccs\Debug\driverlib.lib
       gpio.obj                       378    0         0      
       sysctl.obj                     358    0         0      
    +--+------------------------------+------+---------+---------+
       Total:                         736    0         0      
                                                              
    c:\ti\ccsv6\tools\compiler\ti-cgt-arm_16.6.0.STS\lib\rtsv7M4_T_le_v4SPD16_eabi.lib
       memcpy_t2.obj                  156    0         0      
       autoinit.obj                   112    0         0      
       copy_decompress_lzss.obj       102    0         0      
       exit.obj                       84     0         12     
       boot.obj                       84     0         0      
       cpy_tbl.obj                    76     0         0      
       _lock.obj                      20     0         8      
       args_main.obj                  24     0         0      
       copy_decompress_none.obj       14     0         0      
       pre_init.obj                   4      0         0      
       stkdepth_vars.obj              0      0         4      
       mpu_init.obj                   2      0         0      
       startup.obj                    2      0         0      
    +--+------------------------------+------+---------+---------+
       Total:                         680    0         24     
                                                              
       Stack:                         0      0         512    
       Linker Generated:              0      33        0      
    +--+------------------------------+------+---------+---------+
       Grand Total:                   1512   653       536    


LINKER GENERATED COPY TABLES

__TI_cinit_table @ 00000874 records: 1, size/record: 8, table size: 8
	.data: load addr=00000858, load size=00000011 bytes, run addr=20000200, run size=00000018 bytes, compression=lzss


LINKER GENERATED HANDLER TABLE

__TI_handler_table @ 0000086c records: 2, size/record: 4, table size: 8
	index: 0, handler: __TI_decompress_lzss
	index: 1, handler: __TI_decompress_none


GLOBAL SYMBOLS: SORTED ALPHABETICALLY BY Name 

address   name                           
-------   ----                           
000006b1  C$$EXIT                        
000007bd  GPIODirModeSet                 
0000026d  GPIOPadConfigSet               
000007e7  GPIOPinTypeGPIOOutput          
00000847  GPIOPinWrite                   
0000083b  ResetISR                       
UNDEFED   SHT$$INIT_ARRAY$$Base          
UNDEFED   SHT$$INIT_ARRAY$$Limit         
000003a1  SysCtlClockSet                 
0000084d  SysCtlDelay                    
00000789  SysCtlPeripheralEnable         
00000751  SysCtlPeripheralReady          
20000200  __STACK_END                    
00000200  __STACK_SIZE                   
20000200  __STACK_TOP                    
00000874  __TI_CINIT_Base                
0000087c  __TI_CINIT_Limit               
0000086c  __TI_Handler_Table_Base        
00000874  __TI_Handler_Table_Limit       
00000531  __TI_auto_init                 
20000200  __TI_cleanup_ptr               
000005a1  __TI_decompress_lzss           
0000082d  __TI_decompress_none           
20000204  __TI_dtors_ptr                 
20000208  __TI_enable_exit_profile_output
ffffffff  __TI_pprof_out_hndl            
ffffffff  __TI_prof_data_size            
ffffffff  __TI_prof_data_start           
00000000  __TI_static_base__             
00000495  __aeabi_memcpy                 
00000495  __aeabi_memcpy4                
00000495  __aeabi_memcpy8                
ffffffff  __binit__                      
ffffffff  __c_args__                     
0000039f  __mpu_init                     
20000000  __stack                        
00000801  _args_main                     
0000065d  _c_int00                       
2000020c  _lock                          
00000827  _nop                           
0000081f  _register_lock                 
00000819  _register_unlock               
00000607  _system_post_cinit             
00000853  _system_pre_init               
20000210  _unlock                        
000006b5  abort                          
ffffffff  binit                          
00000705  copy_in                        
000006bd  exit                           
00000000  g_pfnVectors                   
00000609  main                           
20000214  main_func_sp                   
00000495  memcpy                         


GLOBAL SYMBOLS: SORTED BY Symbol Address 

address   name                           
-------   ----                           
00000000  __TI_static_base__             
00000000  g_pfnVectors                   
00000200  __STACK_SIZE                   
0000026d  GPIOPadConfigSet               
0000039f  __mpu_init                     
000003a1  SysCtlClockSet                 
00000495  __aeabi_memcpy                 
00000495  __aeabi_memcpy4                
00000495  __aeabi_memcpy8                
00000495  memcpy                         
00000531  __TI_auto_init                 
000005a1  __TI_decompress_lzss           
00000607  _system_post_cinit             
00000609  main                           
0000065d  _c_int00                       
000006b1  C$$EXIT                        
000006b5  abort                          
000006bd  exit                           
00000705  copy_in                        
00000751  SysCtlPeripheralReady          
00000789  SysCtlPeripheralEnable         
000007bd  GPIODirModeSet                 
000007e7  GPIOPinTypeGPIOOutput          
00000801  _args_main                     
00000819  _register_unlock               
0000081f  _register_lock                 
00000827  _nop                           
0000082d  __TI_decompress_none           
0000083b  ResetISR                       
00000847  GPIOPinWrite                   
0000084d  SysCtlDelay                    
00000853  _system_pre_init               
0000086c  __TI_Handler_Table_Base        
00000874  __TI_CINIT_Base                
00000874  __TI_Handler_Table_Limit       
0000087c  __TI_CINIT_Limit               
20000000  __stack                        
20000200  __STACK_END                    
20000200  __STACK_TOP                    
20000200  __TI_cleanup_ptr               
20000204  __TI_dtors_ptr                 
20000208  __TI_enable_exit_profile_output
2000020c  _lock                          
20000210  _unlock                        
20000214  main_func_sp                   
ffffffff  __TI_pprof_out_hndl            
ffffffff  __TI_prof_data_size            
ffffffff  __TI_prof_data_start           
ffffffff  __binit__                      
ffffffff  __c_args__                     
ffffffff  binit                          
UNDEFED   SHT$$INIT_ARRAY$$Base          
UNDEFED   SHT$$INIT_ARRAY$$Limit         

[53 symbols]
