******************************************************************************
                  TI ARM Linker PC v5.1.5                      
******************************************************************************
>> Linked Wed Jun 03 21:45:34 2015

OUTPUT FILE NAME:   <AD.out>
ENTRY POINT SYMBOL: "_c_int00"  address: 00000ea1


MEMORY CONFIGURATION

         name            origin    length      used     unused   attr    fill
----------------------  --------  ---------  --------  --------  ----  --------
  FLASH                 00000000   00040000  00001234  0003edcc  R  X
  SRAM                  20000000   00008000  00000230  00007dd0  RW X


SEGMENT ALLOCATION MAP

run origin  load origin   length   init length attrs members
----------  ----------- ---------- ----------- ----- -------
00000000    00000000    00001238   00001238    r-x
  00000000    00000000    0000026c   0000026c    r-- .intvecs
  0000026c    0000026c    00000e86   00000e86    r-x .text
  000010f4    000010f4    0000010a   0000010a    r-- .const
  00001200    00001200    00000038   00000038    r-- .cinit
20000000    20000000    00000230   00000000    rw-
  20000000    20000000    00000200   00000000    rw- .stack
  20000200    20000200    0000001c   00000000    rw- .data
  2000021c    2000021c    00000014   00000000    rw- .bss


SECTION ALLOCATION MAP

 output                                  attributes/
section   page    origin      length       input sections
--------  ----  ----------  ----------   ----------------
.intvecs   0    00000000    0000026c     
                  00000000    0000026c     tm4c123gh6pm_startup_ccs.obj (.intvecs)

.init_array 
*          0    00000000    00000000     UNINITIALIZED

.text      0    0000026c    00000e86     
                  0000026c    000004dc     uartstdio.obj (.text)
                  00000748    000002c4     main.obj (.text)
                  00000a0c    00000130     driverlib.lib : gpio.obj (.text:GPIOPadConfigSet)
                  00000b3c    00000118                   : sysctl.obj (.text:SysCtlClockGet)
                  00000c54    0000009c     rtsv7M4_T_le_v4SPD16_eabi.lib : memcpy_t2.obj (.text)
                  00000cf0    00000094                                   : auto_init.obj (.text)
                  00000d84    00000060     driverlib.lib : interrupt.obj (.text:IntEnable)
                  00000de4    0000005e     rtsv7M4_T_le_v4SPD16_eabi.lib : copy_decompress_rle.obj (.text)
                  00000e42    00000002     --HOLE-- [fill = 0]
                  00000e44    0000005c     driverlib.lib : timer.obj (.text:TimerConfigure)
                  00000ea0    00000048     rtsv7M4_T_le_v4SPD16_eabi.lib : boot.obj (.text)
                  00000ee8    00000044                                   : cpy_tbl.obj (.text)
                  00000f2c    00000044                                   : exit.obj (.text)
                  00000f70    00000042                                   : u_divt2.obj (.text)
                  00000fb2    00000002     --HOLE-- [fill = 0]
                  00000fb4    00000034     driverlib.lib : sysctl.obj (.text:SysCtlPeripheralEnable)
                  00000fe8    0000002a                   : gpio.obj (.text:GPIODirModeSet)
                  00001012    00000018                   : gpio.obj (.text:GPIOPinTypeGPIOOutput)
                  0000102a    00000002     --HOLE-- [fill = 0]
                  0000102c    00000018     rtsv7M4_T_le_v4SPD16_eabi.lib : args_main.obj (.text)
                  00001044    00000014                                   : _lock.obj (.text)
                  00001058    00000012     driverlib.lib : gpio.obj (.text:GPIOPinTypeGPIOInput)
                  0000106a    00000012                   : timer.obj (.text:TimerLoadSet)
                  0000107c    00000012     rtsv7M4_T_le_v4SPD16_eabi.lib : copy_zero_init.obj (.text:decompress:ZI)
                  0000108e    0000000e     driverlib.lib : timer.obj (.text:TimerEnable)
                  0000109c    0000000e     rtsv7M4_T_le_v4SPD16_eabi.lib : copy_decompress_none.obj (.text:decompress:none)
                  000010aa    0000000c     driverlib.lib : cpu.obj (.text:CPUcpsie)
                  000010b6    0000000c     tm4c123gh6pm_startup_ccs.obj (.text)
                  000010c2    0000000a     driverlib.lib : interrupt.obj (.text:IntMasterEnable)
                  000010cc    00000008                   : timer.obj (.text:TimerIntEnable)
                  000010d4    00000006                   : gpio.obj (.text:GPIOPinRead)
                  000010da    00000006                   : gpio.obj (.text:GPIOPinWrite)
                  000010e0    00000006                   : sysctl.obj (.text:SysCtlDelay)
                  000010e6    00000006                   : uart.obj (.text:UARTClockSourceSet)
                  000010ec    00000006     rtsv7M4_T_le_v4SPD16_eabi.lib : copy_decompress_rle.obj (.text:decompress:rle24)

.const     0    000010f4    0000010a     
                  000010f4    00000070     driverlib.lib : interrupt.obj (.const)
                  00001164    0000006c                   : sysctl.obj (.const:g_pui32Xtals)
                  000011d0    0000001c     uartstdio.obj (.const)
                  000011ec    00000012     uartstdio.obj (.const:.string)

.cinit     0    00001200    00000038     
                  00001200    0000000f     (.cinit..data.load) [load image, compression = rle]
                  0000120f    00000001     --HOLE-- [fill = 0]
                  00001210    0000000c     (__TI_handler_table)
                  0000121c    00000004     --HOLE-- [fill = 0]
                  00001220    00000008     (.cinit..bss.load) [load image, compression = zero_init]
                  00001228    00000010     (__TI_cinit_table)

.stack     0    20000000    00000200     UNINITIALIZED
                  20000000    00000200     --HOLE--

.data      0    20000200    0000001c     UNINITIALIZED
                  20000200    00000008     rtsv7M4_T_le_v4SPD16_eabi.lib : _lock.obj (.data)
                  20000208    00000008                                   : exit.obj (.data)
                  20000210    00000005     uartstdio.obj (.data)
                  20000215    00000003     --HOLE--
                  20000218    00000004     rtsv7M4_T_le_v4SPD16_eabi.lib : stkdepth_vars.obj (.data)

.bss       0    2000021c    00000014     UNINITIALIZED
                  2000021c    00000004     (.common:com0)
                  20000220    00000004     (.common:com1)
                  20000224    00000004     (.common:com2)
                  20000228    00000004     (.common:com3)
                  2000022c    00000004     (.common:i)


LINKER GENERATED COPY TABLES

__TI_cinit_table @ 00001228 records: 2, size/record: 8, table size: 16
	.data: load addr=00001200, load size=0000000f bytes, run addr=20000200, run size=0000001c bytes, compression=rle
	.bss: load addr=00001220, load size=00000008 bytes, run addr=2000021c, run size=00000014 bytes, compression=zero_init


LINKER GENERATED HANDLER TABLE

__TI_handler_table @ 00001210 records: 3, size/record: 4, table size: 12
	index: 0, handler: __TI_decompress_rle24
	index: 1, handler: __TI_decompress_none
	index: 2, handler: __TI_zero_init


GLOBAL SYMBOLS: SORTED ALPHABETICALLY BY Name 

address    name
--------   ----
00000f2d   C$$EXIT
000010ab   CPUcpsie
000008ab   ConfigureUART
00000fe9   GPIODirModeSet
00000a0d   GPIOPadConfigSet
000010d5   GPIOPinRead
00001059   GPIOPinTypeGPIOInput
00001013   GPIOPinTypeGPIOOutput
000010db   GPIOPinWrite
00000905   InitTLV2541
00000959   InitTimerA0
00000d85   IntEnable
000010c3   IntMasterEnable
000010b7   ResetISR
UNDEFED    SHT$$INIT_ARRAY$$Base
UNDEFED    SHT$$INIT_ARRAY$$Limit
00000b3d   SysCtlClockGet
000010e1   SysCtlDelay
00000fb5   SysCtlPeripheralEnable
00000749   Timer0IntHandler
00000e45   TimerConfigure
0000108f   TimerEnable
000010cd   TimerIntEnable
0000106b   TimerLoadSet
000010e7   UARTClockSourceSet
0000026d   UARTStdioConfig
000003e5   UARTgetc
0000031f   UARTgets
00000713   UARTprintf
00000419   UARTvprintf
000002cd   UARTwrite
20000200   __STACK_END
00000200   __STACK_SIZE
20000200   __STACK_TOP
00001228   __TI_CINIT_Base
00001238   __TI_CINIT_Limit
00001210   __TI_Handler_Table_Base
0000121c   __TI_Handler_Table_Limit
00000001   __TI_args_main
00000cf1   __TI_auto_init
20000208   __TI_cleanup_ptr
0000109d   __TI_decompress_none
000010ed   __TI_decompress_rle24
2000020c   __TI_dtors_ptr
00000000   __TI_static_base__
0000107d   __TI_zero_init
00000c55   __aeabi_memcpy
00000c55   __aeabi_memcpy4
00000c55   __aeabi_memcpy8
00000f71   __aeabi_uidivmod
ffffffff   __binit__
ffffffff   __c_args__
20000000   __stack
0000102d   _args_main
00000ea1   _c_int00
20000200   _lock
00001053   _nop
0000104b   _register_lock
00001045   _register_unlock
20000204   _unlock
00000f31   abort
ffffffff   binit
2000021c   com0
20000220   com1
20000224   com2
20000228   com3
00000ee9   copy_in
00000f39   exit
00000000   g_pfnVectors
2000022c   i
00000993   main
20000218   main_func_sp
00000c55   memcpy


GLOBAL SYMBOLS: SORTED BY Symbol Address 

address    name
--------   ----
00000000   __TI_static_base__
00000000   g_pfnVectors
00000001   __TI_args_main
00000200   __STACK_SIZE
0000026d   UARTStdioConfig
000002cd   UARTwrite
0000031f   UARTgets
000003e5   UARTgetc
00000419   UARTvprintf
00000713   UARTprintf
00000749   Timer0IntHandler
000008ab   ConfigureUART
00000905   InitTLV2541
00000959   InitTimerA0
00000993   main
00000a0d   GPIOPadConfigSet
00000b3d   SysCtlClockGet
00000c55   __aeabi_memcpy
00000c55   __aeabi_memcpy4
00000c55   __aeabi_memcpy8
00000c55   memcpy
00000cf1   __TI_auto_init
00000d85   IntEnable
00000e45   TimerConfigure
00000ea1   _c_int00
00000ee9   copy_in
00000f2d   C$$EXIT
00000f31   abort
00000f39   exit
00000f71   __aeabi_uidivmod
00000fb5   SysCtlPeripheralEnable
00000fe9   GPIODirModeSet
00001013   GPIOPinTypeGPIOOutput
0000102d   _args_main
00001045   _register_unlock
0000104b   _register_lock
00001053   _nop
00001059   GPIOPinTypeGPIOInput
0000106b   TimerLoadSet
0000107d   __TI_zero_init
0000108f   TimerEnable
0000109d   __TI_decompress_none
000010ab   CPUcpsie
000010b7   ResetISR
000010c3   IntMasterEnable
000010cd   TimerIntEnable
000010d5   GPIOPinRead
000010db   GPIOPinWrite
000010e1   SysCtlDelay
000010e7   UARTClockSourceSet
000010ed   __TI_decompress_rle24
00001210   __TI_Handler_Table_Base
0000121c   __TI_Handler_Table_Limit
00001228   __TI_CINIT_Base
00001238   __TI_CINIT_Limit
20000000   __stack
20000200   __STACK_END
20000200   __STACK_TOP
20000200   _lock
20000204   _unlock
20000208   __TI_cleanup_ptr
2000020c   __TI_dtors_ptr
20000218   main_func_sp
2000021c   com0
20000220   com1
20000224   com2
20000228   com3
2000022c   i
ffffffff   __binit__
ffffffff   __c_args__
ffffffff   binit
UNDEFED    SHT$$INIT_ARRAY$$Base
UNDEFED    SHT$$INIT_ARRAY$$Limit

[73 symbols]
