******************************************************************************
                  TI ARM Linker PC v5.1.5                      
******************************************************************************
>> Linked Fri Jun 05 10:16:52 2015

OUTPUT FILE NAME:   <nRF24L01.out>
ENTRY POINT SYMBOL: "_c_int00"  address: 00001299


MEMORY CONFIGURATION

         name            origin    length      used     unused   attr    fill
----------------------  --------  ---------  --------  --------  ----  --------
  FLASH                 00000000   00040000  000016b9  0003e947  R  X
  SRAM                  20000000   00008000  00000264  00007d9c  RW X


SEGMENT ALLOCATION MAP

run origin  load origin   length   init length attrs members
----------  ----------- ---------- ----------- ----- -------
00000000    00000000    000016c0   000016c0    r-x
  00000000    00000000    0000026c   0000026c    r-- .intvecs
  0000026c    0000026c    000012de   000012de    r-x .text
  0000154c    0000154c    0000012f   0000012f    r-- .const
  00001680    00001680    00000040   00000040    r-- .cinit
20000000    20000000    00000264   00000000    rw-
  20000000    20000000    00000200   00000000    rw- .stack
  20000200    20000200    00000044   00000000    rw- .data
  20000244    20000244    00000020   00000000    rw- .bss


SECTION ALLOCATION MAP

 output                                  attributes/
section   page    origin      length       input sections
--------  ----  ----------  ----------   ----------------
.intvecs   0    00000000    0000026c     
                  00000000    0000026c     tm4c123gh6pm_startup_ccs.obj (.intvecs)

.init_array 
*          0    00000000    00000000     UNINITIALIZED

.text      0    0000026c    000012de     
                  0000026c    0000059c     NRF24L01.obj (.text)
                  00000808    000004dc     uartstdio.obj (.text)
                  00000ce4    00000130     driverlib.lib : gpio.obj (.text:GPIOPadConfigSet)
                  00000e14    00000118                   : sysctl.obj (.text:SysCtlClockGet)
                  00000f2c    000000f0                   : sysctl.obj (.text:SysCtlClockSet)
                  0000101c    000000a4     main.obj (.text)
                  000010c0    0000009c     rtsv7M4_T_le_v4SPD16_eabi.lib : memcpy_t2.obj (.text)
                  0000115c    00000094                                   : auto_init.obj (.text)
                  000011f0    0000005e                                   : copy_decompress_rle.obj (.text)
                  0000124e    00000002     --HOLE-- [fill = 0]
                  00001250    00000048     driverlib.lib : gpio.obj (.text:GPIOPinConfigure)
                  00001298    00000048     rtsv7M4_T_le_v4SPD16_eabi.lib : boot.obj (.text)
                  000012e0    00000044                                   : cpy_tbl.obj (.text)
                  00001324    00000044                                   : exit.obj (.text)
                  00001368    00000042     driverlib.lib : ssi.obj (.text:SSIConfigSetExpClk)
                  000013aa    00000042     rtsv7M4_T_le_v4SPD16_eabi.lib : u_divt2.obj (.text)
                  000013ec    00000034     driverlib.lib : sysctl.obj (.text:SysCtlPeripheralEnable)
                  00001420    0000002a                   : gpio.obj (.text:GPIODirModeSet)
                  0000144a    00000018                   : gpio.obj (.text:GPIOPinTypeGPIOOutput)
                  00001462    00000002     --HOLE-- [fill = 0]
                  00001464    00000018     rtsv7M4_T_le_v4SPD16_eabi.lib : args_main.obj (.text)
                  0000147c    00000014                                   : _lock.obj (.text)
                  00001490    00000012     driverlib.lib : gpio.obj (.text:GPIOPinTypeGPIOInput)
                  000014a2    00000012                   : gpio.obj (.text:GPIOPinTypeSSI)
                  000014b4    00000012                   : gpio.obj (.text:GPIOPinTypeUART)
                  000014c6    00000012                   : ssi.obj (.text:SSIDataGetNonBlocking)
                  000014d8    00000012     rtsv7M4_T_le_v4SPD16_eabi.lib : copy_zero_init.obj (.text:decompress:ZI)
                  000014ea    0000000e                                   : copy_decompress_none.obj (.text:decompress:none)
                  000014f8    0000000c     driverlib.lib : ssi.obj (.text:SSIDataGet)
                  00001504    0000000c     tm4c123gh6pm_startup_ccs.obj (.text)
                  00001510    0000000a     driverlib.lib : ssi.obj (.text:SSIDataPut)
                  0000151a    0000000a                   : ssi.obj (.text:SSIEnable)
                  00001524    00000008                   : ssi.obj (.text:SSIBusy)
                  0000152c    00000006                   : gpio.obj (.text:GPIOPinRead)
                  00001532    00000006                   : gpio.obj (.text:GPIOPinWrite)
                  00001538    00000006                   : sysctl.obj (.text:SysCtlDelay)
                  0000153e    00000006                   : uart.obj (.text:UARTClockSourceSet)
                  00001544    00000006     rtsv7M4_T_le_v4SPD16_eabi.lib : copy_decompress_rle.obj (.text:decompress:rle24)

.const     0    0000154c    0000012f     
                  0000154c    00000090     driverlib.lib : gpio.obj (.const:g_pui32GPIOBaseAddrs)
                  000015dc    0000006c                   : sysctl.obj (.const:g_pui32Xtals)
                  00001648    0000001c     uartstdio.obj (.const)
                  00001664    00000012     uartstdio.obj (.const:.string)
                  00001676    00000005     NRF24L01.obj (.const:.string)

.cinit     0    00001680    00000040     
                  00001680    0000001c     (.cinit..data.load) [load image, compression = rle]
                  0000169c    0000000c     (__TI_handler_table)
                  000016a8    00000008     (.cinit..bss.load) [load image, compression = zero_init]
                  000016b0    00000010     (__TI_cinit_table)

.stack     0    20000000    00000200     UNINITIALIZED
                  20000000    00000200     --HOLE--

.data      0    20000200    00000044     UNINITIALIZED
                  20000200    00000025     NRF24L01.obj (.data)
                  20000225    00000003     --HOLE--
                  20000228    00000008     rtsv7M4_T_le_v4SPD16_eabi.lib : _lock.obj (.data)
                  20000230    00000008                                   : exit.obj (.data)
                  20000238    00000005     uartstdio.obj (.data)
                  2000023d    00000003     --HOLE--
                  20000240    00000004     rtsv7M4_T_le_v4SPD16_eabi.lib : stkdepth_vars.obj (.data)

.bss       0    20000244    00000020     UNINITIALIZED
                  20000244    00000020     (.common:RX_BUF)


LINKER GENERATED COPY TABLES

__TI_cinit_table @ 000016b0 records: 2, size/record: 8, table size: 16
	.data: load addr=00001680, load size=0000001c bytes, run addr=20000200, run size=00000044 bytes, compression=rle
	.bss: load addr=000016a8, load size=00000008 bytes, run addr=20000244, run size=00000020 bytes, compression=zero_init


LINKER GENERATED HANDLER TABLE

__TI_handler_table @ 0000169c records: 3, size/record: 4, table size: 12
	index: 0, handler: __TI_decompress_rle24
	index: 1, handler: __TI_decompress_none
	index: 2, handler: __TI_zero_init


GLOBAL SYMBOLS: SORTED ALPHABETICALLY BY Name 

address    name
--------   ----
00001325   C$$EXIT
00001421   GPIODirModeSet
00000ce5   GPIOPadConfigSet
00001251   GPIOPinConfigure
0000152d   GPIOPinRead
00001491   GPIOPinTypeGPIOInput
0000144b   GPIOPinTypeGPIOOutput
000014a3   GPIOPinTypeSSI
000014b5   GPIOPinTypeUART
00001533   GPIOPinWrite
0000101d   InitConsole
00000461   NRF24L01_Check
000006df   NRF24L01_Receive
0000065f   NRF24L01_Send
20000244   RX_BUF
00000581   RX_Mode
00001505   ResetISR
UNDEFED    SHT$$INIT_ARRAY$$Base
UNDEFED    SHT$$INIT_ARRAY$$Limit
000002f5   SPI_RW
00000327   SPI_RW_Reg
000003ff   SPI_Read_Buf
000003c9   SPI_Read_Reg
0000026d   SPI_TM4C123_init
00000363   SPI_Write_Buf
00001525   SSIBusy
00001369   SSIConfigSetExpClk
000014f9   SSIDataGet
000014c7   SSIDataGetNonBlocking
00001511   SSIDataPut
0000151b   SSIEnable
00000e15   SysCtlClockGet
00000f2d   SysCtlClockSet
00001539   SysCtlDelay
000013ed   SysCtlPeripheralEnable
20000200   TX_ADDRESS
20000205   TX_BUF
000005e5   TX_Mode
0000153f   UARTClockSourceSet
00000809   UARTStdioConfig
00000981   UARTgetc
000008bb   UARTgets
00000caf   UARTprintf
000009b5   UARTvprintf
00000869   UARTwrite
20000200   __STACK_END
00000200   __STACK_SIZE
20000200   __STACK_TOP
000016b0   __TI_CINIT_Base
000016c0   __TI_CINIT_Limit
0000169c   __TI_Handler_Table_Base
000016a8   __TI_Handler_Table_Limit
00000001   __TI_args_main
0000115d   __TI_auto_init
20000230   __TI_cleanup_ptr
000014eb   __TI_decompress_none
00001545   __TI_decompress_rle24
20000234   __TI_dtors_ptr
00000000   __TI_static_base__
000014d9   __TI_zero_init
000010c1   __aeabi_memcpy
000010c1   __aeabi_memcpy4
000010c1   __aeabi_memcpy8
000013ab   __aeabi_uidivmod
ffffffff   __binit__
ffffffff   __c_args__
20000000   __stack
00001465   _args_main
00001299   _c_int00
20000228   _lock
0000148b   _nop
00001483   _register_lock
0000147d   _register_unlock
2000022c   _unlock
00001329   abort
ffffffff   binit
000012e1   copy_in
00001331   exit
00000000   g_pfnVectors
00001059   main
20000240   main_func_sp
000010c1   memcpy
000004d7   nRF24L01_RxPacket
0000053b   nRF24L01_TxPacket


GLOBAL SYMBOLS: SORTED BY Symbol Address 

address    name
--------   ----
00000000   __TI_static_base__
00000000   g_pfnVectors
00000001   __TI_args_main
00000200   __STACK_SIZE
0000026d   SPI_TM4C123_init
000002f5   SPI_RW
00000327   SPI_RW_Reg
00000363   SPI_Write_Buf
000003c9   SPI_Read_Reg
000003ff   SPI_Read_Buf
00000461   NRF24L01_Check
000004d7   nRF24L01_RxPacket
0000053b   nRF24L01_TxPacket
00000581   RX_Mode
000005e5   TX_Mode
0000065f   NRF24L01_Send
000006df   NRF24L01_Receive
00000809   UARTStdioConfig
00000869   UARTwrite
000008bb   UARTgets
00000981   UARTgetc
000009b5   UARTvprintf
00000caf   UARTprintf
00000ce5   GPIOPadConfigSet
00000e15   SysCtlClockGet
00000f2d   SysCtlClockSet
0000101d   InitConsole
00001059   main
000010c1   __aeabi_memcpy
000010c1   __aeabi_memcpy4
000010c1   __aeabi_memcpy8
000010c1   memcpy
0000115d   __TI_auto_init
00001251   GPIOPinConfigure
00001299   _c_int00
000012e1   copy_in
00001325   C$$EXIT
00001329   abort
00001331   exit
00001369   SSIConfigSetExpClk
000013ab   __aeabi_uidivmod
000013ed   SysCtlPeripheralEnable
00001421   GPIODirModeSet
0000144b   GPIOPinTypeGPIOOutput
00001465   _args_main
0000147d   _register_unlock
00001483   _register_lock
0000148b   _nop
00001491   GPIOPinTypeGPIOInput
000014a3   GPIOPinTypeSSI
000014b5   GPIOPinTypeUART
000014c7   SSIDataGetNonBlocking
000014d9   __TI_zero_init
000014eb   __TI_decompress_none
000014f9   SSIDataGet
00001505   ResetISR
00001511   SSIDataPut
0000151b   SSIEnable
00001525   SSIBusy
0000152d   GPIOPinRead
00001533   GPIOPinWrite
00001539   SysCtlDelay
0000153f   UARTClockSourceSet
00001545   __TI_decompress_rle24
0000169c   __TI_Handler_Table_Base
000016a8   __TI_Handler_Table_Limit
000016b0   __TI_CINIT_Base
000016c0   __TI_CINIT_Limit
20000000   __stack
20000200   TX_ADDRESS
20000200   __STACK_END
20000200   __STACK_TOP
20000205   TX_BUF
20000228   _lock
2000022c   _unlock
20000230   __TI_cleanup_ptr
20000234   __TI_dtors_ptr
20000240   main_func_sp
20000244   RX_BUF
ffffffff   __binit__
ffffffff   __c_args__
ffffffff   binit
UNDEFED    SHT$$INIT_ARRAY$$Base
UNDEFED    SHT$$INIT_ARRAY$$Limit

[84 symbols]
