******************************************************************************
                  TI ARM Linker PC v15.12.3                    
******************************************************************************
>> Linked Wed Oct 19 13:00:44 2016

OUTPUT FILE NAME:   <timer.out>
ENTRY POINT SYMBOL: "_c_int00"  address: 20005281


MEMORY CONFIGURATION

         name            origin    length      used     unused   attr    fill
----------------------  --------  ---------  --------  --------  ----  --------
  SRAM_CODE             20004000   00013000  0000197c  00011684  RW X
  SRAM_DATA             20017000   00019000  00000843  000187bd  RW X


SEGMENT ALLOCATION MAP

run origin  load origin   length   init length attrs members
----------  ----------- ---------- ----------- ----- -------
20004000    20004000    0000197c   0000197c    r-x
  20004000    20004000    00000400   00000400    r-- .intvecs
  20004400    20004400    0000127c   0000127c    r-x .text
  2000567c    2000567c    000002ac   000002ac    r-- .const
  20005928    20005928    00000054   00000054    r-- .cinit
20017000    20017000    00000043   00000000    rw-
  20017000    20017000    00000038   00000000    rw- .data
  20017038    20017038    0000000b   00000000    rw- .bss
2002f800    2002f800    00000800   00000000    rw-
  2002f800    2002f800    00000800   00000000    rw- .stack


SECTION ALLOCATION MAP

 output                                  attributes/
section   page    origin      length       input sections
--------  ----  ----------  ----------   ----------------
.intvecs   0    20004000    00000400     
                  20004000    00000400     startup_ccs.obj (.intvecs)

.init_array 
*          0    20004000    00000000     UNINITIALIZED

.text      0    20004400    0000127c     
                  20004400    0000039c     gpio_if.obj (.text)
                  2000479c    00000198     timer_if.obj (.text)
                  20004934    00000178     driverlib.a : prcm.obj (.text:PRCMCC3200MCUInit)
                  20004aac    000000a8                 : interrupt.obj (.text:IntDisable)
                  20004b54    000000a8                 : interrupt.obj (.text:IntEnable)
                  20004bfc    0000009c     rtsv7M4_T_le_eabi.lib : memcpy_t2.obj (.text)
                  20004c98    00000098     main.obj (.text)
                  20004d30    00000088     driverlib.a : pin.obj (.text:PinConfigSet)
                  20004db8    00000082                 : gpio.obj (.text:GPIOIntTypeSet)
                  20004e3a    0000007a     rtsv7M4_T_le_eabi.lib : memset_t2.obj (.text)
                  20004eb4    00000070     driverlib.a : timer.obj (.text:TimerIntRegister)
                  20004f24    00000070     rtsv7M4_T_le_eabi.lib : autoinit.obj (.text)
                  20004f94    0000006a                           : copy_decompress_rle.obj (.text)
                  20004ffe    00000002     driverlib.a : interrupt.obj (.text:IntDefaultHandler)
                  20005000    00000068                 : timer.obj (.text:TimerIntUnregister)
                  20005068    00000058                 : prcm.obj (.text:PRCMPeripheralReset)
                  200050c0    00000054                 : interrupt.obj (.text:IntPrioritySet)
                  20005114    00000054     rtsv7M4_T_le_eabi.lib : exit.obj (.text)
                  20005168    0000004c                           : cpy_tbl.obj (.text)
                  200051b4    00000048     driverlib.a : gpio.obj (.text:GPIOGetIntNumber)
                  200051fc    00000044                 : timer.obj (.text:TimerConfigure)
                  20005240    00000040                 : pin.obj (.text:PinModeSet)
                  20005280    00000040     rtsv7M4_T_le_eabi.lib : boot.obj (.text)
                  200052c0    0000003c     driverlib.a : prcm.obj (.text:PRCMPeripheralClkEnable)
                  200052fc    00000038     pinmux.obj (.text)
                  20005334    00000036     driverlib.a : gpio.obj (.text:GPIODirModeSet)
                  2000536a    00000030                 : pin.obj (.text:PinTypeGPIO)
                  2000539a    00000002     rtsv7M4_T_le_eabi.lib : mpu_init.obj (.text)
                  2000539c    0000002c     driverlib.a : prcm.obj (.text:PRCMSysResetCauseGet)
                  200053c8    0000002a                 : timer.obj (.text:TimerLoadSet)
                  200053f2    0000002a                 : timer.obj (.text:TimerPrescaleSet)
                  2000541c    00000028                 : prcm.obj (.text:PRCMPeripheralClkDisable)
                  20005444    00000024                 : interrupt.obj (.text:IntUnregister)
                  20005468    00000020                 : gpio.obj (.text:GPIOPinWrite)
                  20005488    00000020                 : interrupt.obj (.text:IntRegister)
                  200054a8    0000001e                 : gpio.obj (.text:GPIOIntRegister)
                  200054c6    0000001e                 : timer.obj (.text:TimerDisable)
                  200054e4    0000001e                 : timer.obj (.text:TimerEnable)
                  20005502    0000001e                 : timer.obj (.text:TimerIntStatus)
                  20005520    0000001c                 : timer.obj (.text:TimerValueGet)
                  2000553c    0000001a                 : gpio.obj (.text:GPIOIntEnable)
                  20005556    00000018                 : gpio.obj (.text:GPIOPinRead)
                  2000556e    00000018                 : timer.obj (.text:TimerIntDisable)
                  20005586    00000018                 : timer.obj (.text:TimerIntEnable)
                  2000559e    00000002     rtsv7M4_T_le_eabi.lib : startup.obj (.text)
                  200055a0    00000018                           : args_main.obj (.text)
                  200055b8    00000016     driverlib.a : prcm.obj (.text:PRCMHIBRegRead)
                  200055ce    00000016                 : prcm.obj (.text:PRCMHIBRegWrite)
                  200055e4    00000014                 : cpu.obj (.text:CPUcpsie)
                  200055f8    00000014                 : gpio.obj (.text:GPIOIntClear)
                  2000560c    00000014                 : interrupt.obj (.text:IntVTableBaseSet)
                  20005620    00000014     rtsv7M4_T_le_eabi.lib : _lock.obj (.text)
                  20005634    00000012     driverlib.a : timer.obj (.text:TimerIntClear)
                  20005646    0000000e     rtsv7M4_T_le_eabi.lib : copy_decompress_none.obj (.text:decompress:none)
                  20005654    0000000e     startup_ccs.obj (.text)
                  20005662    0000000a     driverlib.a : interrupt.obj (.text:IntMasterEnable)
                  2000566c    00000006                 : utils.obj (.text:UtilsDelay)
                  20005672    00000006     rtsv7M4_T_le_eabi.lib : copy_decompress_rle.obj (.text:decompress:rle24)
                  20005678    00000004                           : pre_init.obj (.text)

.const     0    2000567c    000002ac     
                  2000567c    00000100     driverlib.a : pin.obj (.const:g_ulPinToPadMap)
                  2000577c    000000d4                 : interrupt.obj (.const:g_pulRegs)
                  20005850    000000a8                 : prcm.obj (.const:PRCM_PeriphRegsList)
                  200058f8    00000018                 : interrupt.obj (.const:g_pulDisRegs)
                  20005910    00000018                 : interrupt.obj (.const:g_pulEnRegs)

.cinit     0    20005928    00000054     
                  20005928    0000002c     (.cinit..data.load) [load image, compression = rle]
                  20005954    00000004     --HOLE-- [fill = 0]
                  20005958    00000009     (.cinit..bss.load) [load image, compression = rle]
                  20005961    00000003     --HOLE-- [fill = 0]
                  20005964    00000008     (__TI_handler_table)
                  2000596c    00000010     (__TI_cinit_table)

.data      0    20017000    00000038     UNINITIALIZED
                  20017000    00000014     gpio_if.obj (.data:ulReg)
                  20017014    0000000c     rtsv7M4_T_le_eabi.lib : exit.obj (.data:$O1$$)
                  20017020    0000000c     gpio_if.obj (.data)
                  2001702c    00000008     rtsv7M4_T_le_eabi.lib : _lock.obj (.data:$O1$$)
                  20017034    00000004                           : stkdepth_vars.obj (.data)

.bss       0    20017038    0000000b     UNINITIALIZED
                  20017038    00000004     main.obj (.bss)
                  2001703c    00000004     (.common:g_ulTimerInts)
                  20017040    00000001     (.common:g_ucLED1Pin)
                  20017041    00000001     (.common:g_ucLED2Pin)
                  20017042    00000001     (.common:g_ucLED3Pin)

.stack     0    2002f800    00000800     UNINITIALIZED
                  2002f800    00000800     --HOLE--

MODULE SUMMARY

       Module                     code   ro data   rw data
       ------                     ----   -------   -------
    .\
       startup_ccs.obj            14     1024      0      
       gpio_if.obj                924    0         35     
       timer_if.obj               408    0         0      
       main.obj                   152    0         8      
       pinmux.obj                 56     0         0      
    +--+--------------------------+------+---------+---------+
       Total:                     1554   1024      43     
                                                          
    C:/ti/CC3200SDK_1.2.0/cc3200-sdk/driverlib/ccs/Release/driverlib.a
       prcm.obj                   652    168       0      
       interrupt.obj              520    260       0      
       timer.obj                  552    0         0      
       pin.obj                    248    256       0      
       gpio.obj                   388    0         0      
       cpu.obj                    20     0         0      
       utils.obj                  6      0         0      
    +--+--------------------------+------+---------+---------+
       Total:                     2386   684       0      
                                                          
    C:\ti\ccsv6\tools\compiler\arm_15.12.3.LTS\lib\rtsv7M4_T_le_eabi.lib
       memcpy_t2.obj              156    0         0      
       memset_t2.obj              122    0         0      
       autoinit.obj               112    0         0      
       copy_decompress_rle.obj    112    0         0      
       exit.obj                   84     0         12     
       cpy_tbl.obj                76     0         0      
       boot.obj                   64     0         0      
       _lock.obj                  20     0         8      
       args_main.obj              24     0         0      
       copy_decompress_none.obj   14     0         0      
       pre_init.obj               4      0         0      
       stkdepth_vars.obj          0      0         4      
       mpu_init.obj               2      0         0      
       startup.obj                2      0         0      
    +--+--------------------------+------+---------+---------+
       Total:                     792    0         24     
                                                          
       Stack:                     0      0         2048   
       Linker Generated:          0      77        0      
    +--+--------------------------+------+---------+---------+
       Grand Total:               4732   1785      2115   


LINKER GENERATED COPY TABLES

__TI_cinit_table @ 2000596c records: 2, size/record: 8, table size: 16
	.data: load addr=20005928, load size=0000002c bytes, run addr=20017000, run size=00000038 bytes, compression=rle
	.bss: load addr=20005958, load size=00000009 bytes, run addr=20017038, run size=0000000b bytes, compression=rle


LINKER GENERATED HANDLER TABLE

__TI_handler_table @ 20005964 records: 2, size/record: 4, table size: 8
	index: 0, handler: __TI_decompress_rle24
	index: 1, handler: __TI_decompress_none


GLOBAL SYMBOLS: SORTED ALPHABETICALLY BY Name 

address   name                           
-------   ----                           
20005115  C$$EXIT                        
200055e5  CPUcpsie                       
20005335  GPIODirModeSet                 
200055f9  GPIOIntClear                   
2000553d  GPIOIntEnable                  
200054a9  GPIOIntRegister                
20004db9  GPIOIntTypeSet                 
20005557  GPIOPinRead                    
20005469  GPIOPinWrite                   
200046c1  GPIO_IF_ConfigureNIntEnable    
2000474d  GPIO_IF_Get                    
2000467b  GPIO_IF_GetPortNPin            
2000443d  GPIO_IF_LedConfigure           
2000452f  GPIO_IF_LedOff                 
2000447b  GPIO_IF_LedOn                  
200045e3  GPIO_IF_LedStatus              
2000464d  GPIO_IF_LedToggle              
20004709  GPIO_IF_Set                    
20004aad  IntDisable                     
20004b55  IntEnable                      
20005663  IntMasterEnable                
200050c1  IntPrioritySet                 
20005489  IntRegister                    
20005445  IntUnregister                  
2000560d  IntVTableBaseSet               
20004935  PRCMCC3200MCUInit              
200055b9  PRCMHIBRegRead                 
200055cf  PRCMHIBRegWrite                
2000541d  PRCMPeripheralClkDisable       
200052c1  PRCMPeripheralClkEnable        
20005069  PRCMPeripheralReset            
2000539d  PRCMSysResetCauseGet           
20004d31  PinConfigSet                   
20005241  PinModeSet                     
200052fd  PinMuxConfig                   
2000536b  PinTypeGPIO                    
20005655  ResetISR                       
UNDEFED   SHT$$INIT_ARRAY$$Base          
UNDEFED   SHT$$INIT_ARRAY$$Limit         
20004c99  TimerBaseIntHandler            
200051fd  TimerConfigure                 
200054c7  TimerDisable                   
200054e5  TimerEnable                    
20005635  TimerIntClear                  
2000556f  TimerIntDisable                
20005587  TimerIntEnable                 
20004eb5  TimerIntRegister               
20005503  TimerIntStatus                 
20005001  TimerIntUnregister             
200053c9  TimerLoadSet                   
200053f3  TimerPrescaleSet               
20005521  TimerValueGet                  
200048e3  Timer_IF_DeInit                
20004915  Timer_IF_GetCount              
2000481d  Timer_IF_Init                  
2000484f  Timer_IF_IntSetup              
2000489b  Timer_IF_InterruptClear        
200048fd  Timer_IF_ReLoad                
200048b3  Timer_IF_Start                 
200048d3  Timer_IF_Stop                  
2000566d  UtilsDelay                     
20030000  __STACK_END                    
00000800  __STACK_SIZE                   
2000596c  __TI_CINIT_Base                
2000597c  __TI_CINIT_Limit               
20005964  __TI_Handler_Table_Base        
2000596c  __TI_Handler_Table_Limit       
20004f25  __TI_auto_init                 
20017014  __TI_cleanup_ptr               
20005647  __TI_decompress_none           
20005673  __TI_decompress_rle24          
20017018  __TI_dtors_ptr                 
2001701c  __TI_enable_exit_profile_output
ffffffff  __TI_pprof_out_hndl            
ffffffff  __TI_prof_data_size            
ffffffff  __TI_prof_data_start           
20005928  __TI_static_base__             
20004e3b  __aeabi_memclr                 
20004e3b  __aeabi_memclr4                
20004e3b  __aeabi_memclr8                
20004bfd  __aeabi_memcpy                 
20004bfd  __aeabi_memcpy4                
20004bfd  __aeabi_memcpy8                
20004e3d  __aeabi_memset                 
20004e3d  __aeabi_memset4                
20004e3d  __aeabi_memset8                
ffffffff  __binit__                      
ffffffff  __c_args__                     
2000539b  __mpu_init                     
2002f800  __stack                        
200055a1  _args_main                     
20005281  _c_int00                       
2001702c  _lock                          
2000562f  _nop                           
20005627  _register_lock                 
20005621  _register_unlock               
2000559f  _system_post_cinit             
20005679  _system_pre_init               
20017030  _unlock                        
20005119  abort                          
ffffffff  binit                          
20005169  copy_in                        
20005121  exit                           
20004000  g_pfnVectors                   
20017040  g_ucLED1Pin                    
20017041  g_ucLED2Pin                    
20017042  g_ucLED3Pin                    
20017020  g_uiLED1Port                   
20017024  g_uiLED2Port                   
20017028  g_uiLED3Port                   
2001703c  g_ulTimerInts                  
20004ccb  main                           
20017034  main_func_sp                   
20004bfd  memcpy                         
20004e43  memset                         


GLOBAL SYMBOLS: SORTED BY Symbol Address 

address   name                           
-------   ----                           
00000800  __STACK_SIZE                   
20004000  g_pfnVectors                   
2000443d  GPIO_IF_LedConfigure           
2000447b  GPIO_IF_LedOn                  
2000452f  GPIO_IF_LedOff                 
200045e3  GPIO_IF_LedStatus              
2000464d  GPIO_IF_LedToggle              
2000467b  GPIO_IF_GetPortNPin            
200046c1  GPIO_IF_ConfigureNIntEnable    
20004709  GPIO_IF_Set                    
2000474d  GPIO_IF_Get                    
2000481d  Timer_IF_Init                  
2000484f  Timer_IF_IntSetup              
2000489b  Timer_IF_InterruptClear        
200048b3  Timer_IF_Start                 
200048d3  Timer_IF_Stop                  
200048e3  Timer_IF_DeInit                
200048fd  Timer_IF_ReLoad                
20004915  Timer_IF_GetCount              
20004935  PRCMCC3200MCUInit              
20004aad  IntDisable                     
20004b55  IntEnable                      
20004bfd  __aeabi_memcpy                 
20004bfd  __aeabi_memcpy4                
20004bfd  __aeabi_memcpy8                
20004bfd  memcpy                         
20004c99  TimerBaseIntHandler            
20004ccb  main                           
20004d31  PinConfigSet                   
20004db9  GPIOIntTypeSet                 
20004e3b  __aeabi_memclr                 
20004e3b  __aeabi_memclr4                
20004e3b  __aeabi_memclr8                
20004e3d  __aeabi_memset                 
20004e3d  __aeabi_memset4                
20004e3d  __aeabi_memset8                
20004e43  memset                         
20004eb5  TimerIntRegister               
20004f25  __TI_auto_init                 
20005001  TimerIntUnregister             
20005069  PRCMPeripheralReset            
200050c1  IntPrioritySet                 
20005115  C$$EXIT                        
20005119  abort                          
20005121  exit                           
20005169  copy_in                        
200051fd  TimerConfigure                 
20005241  PinModeSet                     
20005281  _c_int00                       
200052c1  PRCMPeripheralClkEnable        
200052fd  PinMuxConfig                   
20005335  GPIODirModeSet                 
2000536b  PinTypeGPIO                    
2000539b  __mpu_init                     
2000539d  PRCMSysResetCauseGet           
200053c9  TimerLoadSet                   
200053f3  TimerPrescaleSet               
2000541d  PRCMPeripheralClkDisable       
20005445  IntUnregister                  
20005469  GPIOPinWrite                   
20005489  IntRegister                    
200054a9  GPIOIntRegister                
200054c7  TimerDisable                   
200054e5  TimerEnable                    
20005503  TimerIntStatus                 
20005521  TimerValueGet                  
2000553d  GPIOIntEnable                  
20005557  GPIOPinRead                    
2000556f  TimerIntDisable                
20005587  TimerIntEnable                 
2000559f  _system_post_cinit             
200055a1  _args_main                     
200055b9  PRCMHIBRegRead                 
200055cf  PRCMHIBRegWrite                
200055e5  CPUcpsie                       
200055f9  GPIOIntClear                   
2000560d  IntVTableBaseSet               
20005621  _register_unlock               
20005627  _register_lock                 
2000562f  _nop                           
20005635  TimerIntClear                  
20005647  __TI_decompress_none           
20005655  ResetISR                       
20005663  IntMasterEnable                
2000566d  UtilsDelay                     
20005673  __TI_decompress_rle24          
20005679  _system_pre_init               
20005928  __TI_static_base__             
20005964  __TI_Handler_Table_Base        
2000596c  __TI_CINIT_Base                
2000596c  __TI_Handler_Table_Limit       
2000597c  __TI_CINIT_Limit               
20017014  __TI_cleanup_ptr               
20017018  __TI_dtors_ptr                 
2001701c  __TI_enable_exit_profile_output
20017020  g_uiLED1Port                   
20017024  g_uiLED2Port                   
20017028  g_uiLED3Port                   
2001702c  _lock                          
20017030  _unlock                        
20017034  main_func_sp                   
2001703c  g_ulTimerInts                  
20017040  g_ucLED1Pin                    
20017041  g_ucLED2Pin                    
20017042  g_ucLED3Pin                    
2002f800  __stack                        
20030000  __STACK_END                    
ffffffff  __TI_pprof_out_hndl            
ffffffff  __TI_prof_data_size            
ffffffff  __TI_prof_data_start           
ffffffff  __binit__                      
ffffffff  __c_args__                     
ffffffff  binit                          
UNDEFED   SHT$$INIT_ARRAY$$Base          
UNDEFED   SHT$$INIT_ARRAY$$Limit         

[115 symbols]
