******************************************************************************
                  TI ARM Linker PC v5.1.5                      
******************************************************************************
>> Linked Wed Jun 03 21:45:21 2015

OUTPUT FILE NAME:   <yuntai2.out>
ENTRY POINT SYMBOL: "_c_int00"  address: 0000104d


MEMORY CONFIGURATION

         name            origin    length      used     unused   attr    fill
----------------------  --------  ---------  --------  --------  ----  --------
  FLASH                 00000000   00040000  000013b0  0003ec50  R  X
  SRAM                  20000000   00008000  0000065a  000079a6  RW X


SEGMENT ALLOCATION MAP

run origin  load origin   length   init length attrs members
----------  ----------- ---------- ----------- ----- -------
00000000    00000000    000013b0   000013b0    r-x
  00000000    00000000    0000026c   0000026c    r-- .intvecs
  0000026c    0000026c    00001008   00001008    r-x .text
  00001274    00001274    000000fc   000000fc    r-- .const
  00001370    00001370    00000040   00000040    r-- .cinit
20000000    20000000    0000065c   00000000    rw-
  20000000    20000000    00000436   00000000    rw- .bss
  20000438    20000438    00000200   00000000    rw- .stack
  20000638    20000638    00000024   00000000    rw- .data


SECTION ALLOCATION MAP

 output                                  attributes/
section   page    origin      length       input sections
--------  ----  ----------  ----------   ----------------
.intvecs   0    00000000    0000026c     
                  00000000    0000026c     tm4c123gh6pm_startup_ccs.obj (.intvecs)

.init_array 
*          0    00000000    00000000     UNINITIALIZED

.text      0    0000026c    00001008     
                  0000026c    000009c0     main.obj (.text)
                  00000c2c    00000130     driverlib.lib : gpio.obj (.text:GPIOPadConfigSet)
                  00000d5c    00000118                   : sysctl.obj (.text:SysCtlClockGet)
                  00000e74    0000009c     rtsv7M4_T_le_v4SPD16_eabi.lib : memcpy_t2.obj (.text)
                  00000f10    00000094                                   : auto_init.obj (.text)
                  00000fa4    0000005e                                   : copy_decompress_rle.obj (.text)
                  00001002    00000002     --HOLE-- [fill = 0]
                  00001004    00000048     driverlib.lib : gpio.obj (.text:GPIOPinConfigure)
                  0000104c    00000048     rtsv7M4_T_le_v4SPD16_eabi.lib : boot.obj (.text)
                  00001094    00000044                                   : cpy_tbl.obj (.text)
                  000010d8    00000044                                   : exit.obj (.text)
                  0000111c    00000034     driverlib.lib : sysctl.obj (.text:SysCtlPeripheralEnable)
                  00001150    0000002a                   : gpio.obj (.text:GPIODirModeSet)
                  0000117a    00000022                   : pwm.obj (.text:PWMGenConfigure)
                  0000119c    0000001e                   : pwm.obj (.text:PWMPulseWidthSet)
                  000011ba    00000002     --HOLE-- [fill = 0]
                  000011bc    00000018     rtsv7M4_T_le_v4SPD16_eabi.lib : args_main.obj (.text)
                  000011d4    00000014     driverlib.lib : sysctl.obj (.text:SysCtlPWMClockSet)
                  000011e8    00000014     rtsv7M4_T_le_v4SPD16_eabi.lib : _lock.obj (.text)
                  000011fc    00000012     driverlib.lib : gpio.obj (.text:GPIOPinTypePWM)
                  0000120e    00000012                   : pwm.obj (.text:PWMOutputState)
                  00001220    00000012     rtsv7M4_T_le_v4SPD16_eabi.lib : copy_zero_init.obj (.text:decompress:ZI)
                  00001232    00000010     driverlib.lib : pwm.obj (.text:PWMGenPeriodSet)
                  00001242    0000000e     rtsv7M4_T_le_v4SPD16_eabi.lib : copy_decompress_none.obj (.text:decompress:none)
                  00001250    0000000c     driverlib.lib : pwm.obj (.text:PWMGenEnable)
                  0000125c    0000000c     tm4c123gh6pm_startup_ccs.obj (.text)
                  00001268    00000006     driverlib.lib : sysctl.obj (.text:SysCtlDelay)
                  0000126e    00000006     rtsv7M4_T_le_v4SPD16_eabi.lib : copy_decompress_rle.obj (.text:decompress:rle24)

.const     0    00001274    000000fc     
                  00001274    00000090     driverlib.lib : gpio.obj (.const:g_pui32GPIOBaseAddrs)
                  00001304    0000006c                   : sysctl.obj (.const:g_pui32Xtals)

.cinit     0    00001370    00000040     
                  00001370    0000001c     (.cinit..data.load) [load image, compression = rle]
                  0000138c    0000000c     (__TI_handler_table)
                  00001398    00000008     (.cinit..bss.load) [load image, compression = zero_init]
                  000013a0    00000010     (__TI_cinit_table)

.bss       0    20000000    00000436     UNINITIALIZED
                  20000000    00000400     main.obj (.bss:ui8ControlTable)
                  20000400    00000014     (.common:RC_Ctl)
                  20000414    00000014     (.common:g_ui8RxBuf)
                  20000428    00000002     (.common:angle_x)
                  2000042a    00000002     (.common:angle_y)
                  2000042c    00000002     (.common:x_d)
                  2000042e    00000002     (.common:x_t)
                  20000430    00000002     (.common:y_d)
                  20000432    00000002     (.common:y_t)
                  20000434    00000001     (.common:x_f)
                  20000435    00000001     (.common:y_f)

.stack     0    20000438    00000200     UNINITIALIZED
                  20000438    00000200     --HOLE--

.data      0    20000638    00000024     UNINITIALIZED
                  20000638    00000010     main.obj (.data)
                  20000648    00000008     rtsv7M4_T_le_v4SPD16_eabi.lib : _lock.obj (.data)
                  20000650    00000008                                   : exit.obj (.data)
                  20000658    00000004                                   : stkdepth_vars.obj (.data)


LINKER GENERATED COPY TABLES

__TI_cinit_table @ 000013a0 records: 2, size/record: 8, table size: 16
	.data: load addr=00001370, load size=0000001c bytes, run addr=20000638, run size=00000024 bytes, compression=rle
	.bss: load addr=00001398, load size=00000008 bytes, run addr=20000000, run size=00000436 bytes, compression=zero_init


LINKER GENERATED HANDLER TABLE

__TI_handler_table @ 0000138c records: 3, size/record: 4, table size: 12
	index: 0, handler: __TI_decompress_rle24
	index: 1, handler: __TI_decompress_none
	index: 2, handler: __TI_zero_init


GLOBAL SYMBOLS: SORTED ALPHABETICALLY BY Name 

address    name
--------   ----
000010d9   C$$EXIT
00001151   GPIODirModeSet
00000c2d   GPIOPadConfigSet
00001005   GPIOPinConfigure
000011fd   GPIOPinTypePWM
0000065d   InitUART1Transfer
0000077d   Initmotors
0000117b   PWMGenConfigure
00001251   PWMGenEnable
00001233   PWMGenPeriodSet
0000120f   PWMOutputState
0000119d   PWMPulseWidthSet
0000125d   ResetISR
UNDEFED    SHT$$INIT_ARRAY$$Base
UNDEFED    SHT$$INIT_ARRAY$$Limit
00000d5d   SysCtlClockGet
00001269   SysCtlDelay
000011d5   SysCtlPWMClockSet
0000111d   SysCtlPeripheralEnable
00000955   TIMERA1init
000009e5   Timer1IntHandler
000004c5   UART1IntHandler
20000638   __STACK_END
00000200   __STACK_SIZE
20000638   __STACK_TOP
000013a0   __TI_CINIT_Base
000013b0   __TI_CINIT_Limit
0000138c   __TI_Handler_Table_Base
00001398   __TI_Handler_Table_Limit
00000001   __TI_args_main
00000f11   __TI_auto_init
20000650   __TI_cleanup_ptr
00001243   __TI_decompress_none
0000126f   __TI_decompress_rle24
20000654   __TI_dtors_ptr
00000000   __TI_static_base__
00001221   __TI_zero_init
00000e75   __aeabi_memcpy
00000e75   __aeabi_memcpy4
00000e75   __aeabi_memcpy8
ffffffff   __binit__
ffffffff   __c_args__
20000438   __stack
000011bd   _args_main
0000104d   _c_int00
20000648   _lock
000011f7   _nop
000011ef   _register_lock
000011e9   _register_unlock
2000064c   _unlock
000010dd   abort
20000428   angle_x
2000042a   angle_y
ffffffff   binit
0000028d   control
00001095   copy_in
000010e5   exit
20000642   fs
00000000   g_pfnVectors
00000b59   main
20000658   main_func_sp
00000e75   memcpy
2000063e   proa
2000063c   pros
20000640   sd
20000638   servo1_angle
2000063a   servo2_angle
0000026d   systeminit
00000473   uDMAErrorHandler
20000000   ui8ControlTable
2000042c   x_d
20000434   x_f
2000042e   x_t
20000430   y_d
20000435   y_f
20000432   y_t


GLOBAL SYMBOLS: SORTED BY Symbol Address 

address    name
--------   ----
00000000   __TI_static_base__
00000000   g_pfnVectors
00000001   __TI_args_main
00000200   __STACK_SIZE
0000026d   systeminit
0000028d   control
00000473   uDMAErrorHandler
000004c5   UART1IntHandler
0000065d   InitUART1Transfer
0000077d   Initmotors
00000955   TIMERA1init
000009e5   Timer1IntHandler
00000b59   main
00000c2d   GPIOPadConfigSet
00000d5d   SysCtlClockGet
00000e75   __aeabi_memcpy
00000e75   __aeabi_memcpy4
00000e75   __aeabi_memcpy8
00000e75   memcpy
00000f11   __TI_auto_init
00001005   GPIOPinConfigure
0000104d   _c_int00
00001095   copy_in
000010d9   C$$EXIT
000010dd   abort
000010e5   exit
0000111d   SysCtlPeripheralEnable
00001151   GPIODirModeSet
0000117b   PWMGenConfigure
0000119d   PWMPulseWidthSet
000011bd   _args_main
000011d5   SysCtlPWMClockSet
000011e9   _register_unlock
000011ef   _register_lock
000011f7   _nop
000011fd   GPIOPinTypePWM
0000120f   PWMOutputState
00001221   __TI_zero_init
00001233   PWMGenPeriodSet
00001243   __TI_decompress_none
00001251   PWMGenEnable
0000125d   ResetISR
00001269   SysCtlDelay
0000126f   __TI_decompress_rle24
0000138c   __TI_Handler_Table_Base
00001398   __TI_Handler_Table_Limit
000013a0   __TI_CINIT_Base
000013b0   __TI_CINIT_Limit
20000000   ui8ControlTable
20000428   angle_x
2000042a   angle_y
2000042c   x_d
2000042e   x_t
20000430   y_d
20000432   y_t
20000434   x_f
20000435   y_f
20000438   __stack
20000638   __STACK_END
20000638   __STACK_TOP
20000638   servo1_angle
2000063a   servo2_angle
2000063c   pros
2000063e   proa
20000640   sd
20000642   fs
20000648   _lock
2000064c   _unlock
20000650   __TI_cleanup_ptr
20000654   __TI_dtors_ptr
20000658   main_func_sp
ffffffff   __binit__
ffffffff   __c_args__
ffffffff   binit
UNDEFED    SHT$$INIT_ARRAY$$Base
UNDEFED    SHT$$INIT_ARRAY$$Limit

[76 symbols]
