******************************************************************************
                  TI ARM Linker PC v5.1.5                      
******************************************************************************
>> Linked Wed Jun 03 21:44:33 2015

OUTPUT FILE NAME:   <SPI.out>
ENTRY POINT SYMBOL: "_c_int00"  address: 0000109d


MEMORY CONFIGURATION

         name            origin    length      used     unused   attr    fill
----------------------  --------  ---------  --------  --------  ----  --------
  FLASH                 00000000   00040000  00001494  0003eb6c  R  X
  SRAM                  20000000   00008000  00000248  00007db8  RW X


SEGMENT ALLOCATION MAP

run origin  load origin   length   init length attrs members
----------  ----------- ---------- ----------- ----- -------
00000000    00000000    0000149c   0000149c    r-x
  00000000    00000000    0000026c   0000026c    r-- .intvecs
  0000026c    0000026c    000010ca   000010ca    r-x .text
  00001338    00001338    0000012a   0000012a    r-- .const
  00001468    00001468    00000034   00000034    r-- .cinit
20000000    20000000    00000248   00000000    rw-
  20000000    20000000    00000200   00000000    rw- .stack
  20000200    20000200    00000048   00000000    rw- .data


SECTION ALLOCATION MAP

 output                                  attributes/
section   page    origin      length       input sections
--------  ----  ----------  ----------   ----------------
.intvecs   0    00000000    0000026c     
                  00000000    0000026c     tm4c123gh6pm_startup_ccs.obj (.intvecs)

.init_array 
*          0    00000000    00000000     UNINITIALIZED

.text      0    0000026c    000010ca     
                  0000026c    000004dc     uartstdio.obj (.text)
                  00000748    00000444     main.obj (.text)
                  00000b8c    00000130     driverlib.lib : gpio.obj (.text:GPIOPadConfigSet)
                  00000cbc    00000118                   : sysctl.obj (.text:SysCtlClockGet)
                  00000dd4    000000f0                   : sysctl.obj (.text:SysCtlClockSet)
                  00000ec4    0000009c     rtsv7M4_T_le_v4SPD16_eabi.lib : memcpy_t2.obj (.text)
                  00000f60    00000094                                   : auto_init.obj (.text)
                  00000ff4    0000005e                                   : copy_decompress_rle.obj (.text)
                  00001052    00000002     --HOLE-- [fill = 0]
                  00001054    00000048     driverlib.lib : gpio.obj (.text:GPIOPinConfigure)
                  0000109c    00000048     rtsv7M4_T_le_v4SPD16_eabi.lib : boot.obj (.text)
                  000010e4    00000044                                   : cpy_tbl.obj (.text)
                  00001128    00000044                                   : exit.obj (.text)
                  0000116c    00000042     driverlib.lib : ssi.obj (.text:SSIConfigSetExpClk)
                  000011ae    00000042     rtsv7M4_T_le_v4SPD16_eabi.lib : u_divt2.obj (.text)
                  000011f0    00000034     driverlib.lib : sysctl.obj (.text:SysCtlPeripheralEnable)
                  00001224    0000002a                   : gpio.obj (.text:GPIODirModeSet)
                  0000124e    00000018                   : gpio.obj (.text:GPIOPinTypeGPIOOutput)
                  00001266    00000002     --HOLE-- [fill = 0]
                  00001268    00000018     rtsv7M4_T_le_v4SPD16_eabi.lib : args_main.obj (.text)
                  00001280    00000014                                   : _lock.obj (.text)
                  00001294    00000012     driverlib.lib : gpio.obj (.text:GPIOPinTypeGPIOInput)
                  000012a6    00000012                   : gpio.obj (.text:GPIOPinTypeSSI)
                  000012b8    00000012                   : gpio.obj (.text:GPIOPinTypeUART)
                  000012ca    00000012                   : ssi.obj (.text:SSIDataGetNonBlocking)
                  000012dc    0000000e     rtsv7M4_T_le_v4SPD16_eabi.lib : copy_decompress_none.obj (.text:decompress:none)
                  000012ea    0000000c     driverlib.lib : ssi.obj (.text:SSIDataGet)
                  000012f6    0000000c     tm4c123gh6pm_startup_ccs.obj (.text)
                  00001302    0000000a     driverlib.lib : ssi.obj (.text:SSIDataPut)
                  0000130c    0000000a                   : ssi.obj (.text:SSIEnable)
                  00001316    00000008                   : ssi.obj (.text:SSIBusy)
                  0000131e    00000006                   : gpio.obj (.text:GPIOPinWrite)
                  00001324    00000006                   : sysctl.obj (.text:SysCtlDelay)
                  0000132a    00000006                   : uart.obj (.text:UARTClockSourceSet)
                  00001330    00000006     rtsv7M4_T_le_v4SPD16_eabi.lib : copy_decompress_rle.obj (.text:decompress:rle24)

.const     0    00001338    0000012a     
                  00001338    00000090     driverlib.lib : gpio.obj (.const:g_pui32GPIOBaseAddrs)
                  000013c8    0000006c                   : sysctl.obj (.const:g_pui32Xtals)
                  00001434    0000001c     uartstdio.obj (.const)
                  00001450    00000012     uartstdio.obj (.const:.string)

.cinit     0    00001468    00000034     
                  00001468    00000021     (.cinit..data.load) [load image, compression = rle]
                  00001489    00000003     --HOLE-- [fill = 0]
                  0000148c    00000008     (__TI_handler_table)
                  00001494    00000008     (__TI_cinit_table)

.stack     0    20000000    00000200     UNINITIALIZED
                  20000000    00000200     --HOLE--

.data      0    20000200    00000048     UNINITIALIZED
                  20000200    0000002a     main.obj (.data)
                  2000022a    00000002     --HOLE--
                  2000022c    00000008     rtsv7M4_T_le_v4SPD16_eabi.lib : _lock.obj (.data)
                  20000234    00000008                                   : exit.obj (.data)
                  2000023c    00000005     uartstdio.obj (.data)
                  20000241    00000003     --HOLE--
                  20000244    00000004     rtsv7M4_T_le_v4SPD16_eabi.lib : stkdepth_vars.obj (.data)


LINKER GENERATED COPY TABLES

__TI_cinit_table @ 00001494 records: 1, size/record: 8, table size: 8
	.data: load addr=00001468, load size=00000021 bytes, run addr=20000200, run size=00000048 bytes, compression=rle


LINKER GENERATED HANDLER TABLE

__TI_handler_table @ 0000148c records: 2, size/record: 4, table size: 8
	index: 0, handler: __TI_decompress_rle24
	index: 1, handler: __TI_decompress_none


GLOBAL SYMBOLS: SORTED ALPHABETICALLY BY Name 

address    name
--------   ----
00001129   C$$EXIT
00001225   GPIODirModeSet
00000b8d   GPIOPadConfigSet
00001055   GPIOPinConfigure
00001295   GPIOPinTypeGPIOInput
0000124f   GPIOPinTypeGPIOOutput
000012a7   GPIOPinTypeSSI
000012b9   GPIOPinTypeUART
0000131f   GPIOPinWrite
000007d3   InitConsole
00000749   NFR_SPI_TM4C123_init
00000a31   NRF24L01_RxPacket
000009fd   NRF24L01_TxPacket
20000205   RX_ADDRESS
000012f7   ResetISR
UNDEFED    SHT$$INIT_ARRAY$$Base
UNDEFED    SHT$$INIT_ARRAY$$Limit
0000080f   SPI_RW
00000933   SPI_Read_Buf
000008ed   SPI_Read_register
0000088d   SPI_Write_Buf
00000841   SPI_Write_register
00001317   SSIBusy
0000116d   SSIConfigSetExpClk
000012eb   SSIDataGet
000012cb   SSIDataGetNonBlocking
00001303   SSIDataPut
0000130d   SSIEnable
00000a6b   SetRX_Mode
00000cbd   SysCtlClockGet
00000dd5   SysCtlClockSet
00001325   SysCtlDelay
000011f1   SysCtlPeripheralEnable
20000200   TX_ADDRESS
2000020a   TX_Buf
0000132b   UARTClockSourceSet
0000026d   UARTStdioConfig
000003e5   UARTgetc
0000031f   UARTgets
00000713   UARTprintf
00000419   UARTvprintf
000002cd   UARTwrite
20000200   __STACK_END
00000200   __STACK_SIZE
20000200   __STACK_TOP
00001494   __TI_CINIT_Base
0000149c   __TI_CINIT_Limit
0000148c   __TI_Handler_Table_Base
00001494   __TI_Handler_Table_Limit
00000001   __TI_args_main
00000f61   __TI_auto_init
20000234   __TI_cleanup_ptr
000012dd   __TI_decompress_none
00001331   __TI_decompress_rle24
20000238   __TI_dtors_ptr
00000000   __TI_static_base__
00000ec5   __aeabi_memcpy
00000ec5   __aeabi_memcpy4
00000ec5   __aeabi_memcpy8
000011af   __aeabi_uidivmod
ffffffff   __binit__
ffffffff   __c_args__
20000000   __stack
00001269   _args_main
0000109d   _c_int00
2000022c   _lock
0000128f   _nop
00001287   _register_lock
00001281   _register_unlock
20000230   _unlock
0000112d   abort
ffffffff   binit
000010e5   copy_in
00001135   exit
00000000   g_pfnVectors
00000ab1   main
20000244   main_func_sp
00000ec5   memcpy
00000995   nrf24l01init


GLOBAL SYMBOLS: SORTED BY Symbol Address 

address    name
--------   ----
00000000   __TI_static_base__
00000000   g_pfnVectors
00000001   __TI_args_main
00000200   __STACK_SIZE
0000026d   UARTStdioConfig
000002cd   UARTwrite
0000031f   UARTgets
000003e5   UARTgetc
00000419   UARTvprintf
00000713   UARTprintf
00000749   NFR_SPI_TM4C123_init
000007d3   InitConsole
0000080f   SPI_RW
00000841   SPI_Write_register
0000088d   SPI_Write_Buf
000008ed   SPI_Read_register
00000933   SPI_Read_Buf
00000995   nrf24l01init
000009fd   NRF24L01_TxPacket
00000a31   NRF24L01_RxPacket
00000a6b   SetRX_Mode
00000ab1   main
00000b8d   GPIOPadConfigSet
00000cbd   SysCtlClockGet
00000dd5   SysCtlClockSet
00000ec5   __aeabi_memcpy
00000ec5   __aeabi_memcpy4
00000ec5   __aeabi_memcpy8
00000ec5   memcpy
00000f61   __TI_auto_init
00001055   GPIOPinConfigure
0000109d   _c_int00
000010e5   copy_in
00001129   C$$EXIT
0000112d   abort
00001135   exit
0000116d   SSIConfigSetExpClk
000011af   __aeabi_uidivmod
000011f1   SysCtlPeripheralEnable
00001225   GPIODirModeSet
0000124f   GPIOPinTypeGPIOOutput
00001269   _args_main
00001281   _register_unlock
00001287   _register_lock
0000128f   _nop
00001295   GPIOPinTypeGPIOInput
000012a7   GPIOPinTypeSSI
000012b9   GPIOPinTypeUART
000012cb   SSIDataGetNonBlocking
000012dd   __TI_decompress_none
000012eb   SSIDataGet
000012f7   ResetISR
00001303   SSIDataPut
0000130d   SSIEnable
00001317   SSIBusy
0000131f   GPIOPinWrite
00001325   SysCtlDelay
0000132b   UARTClockSourceSet
00001331   __TI_decompress_rle24
0000148c   __TI_Handler_Table_Base
00001494   __TI_CINIT_Base
00001494   __TI_Handler_Table_Limit
0000149c   __TI_CINIT_Limit
20000000   __stack
20000200   TX_ADDRESS
20000200   __STACK_END
20000200   __STACK_TOP
20000205   RX_ADDRESS
2000020a   TX_Buf
2000022c   _lock
20000230   _unlock
20000234   __TI_cleanup_ptr
20000238   __TI_dtors_ptr
20000244   main_func_sp
ffffffff   __binit__
ffffffff   __c_args__
ffffffff   binit
UNDEFED    SHT$$INIT_ARRAY$$Base
UNDEFED    SHT$$INIT_ARRAY$$Limit

[79 symbols]
