******************************************************************************
                  TI ARM Linker PC v15.12.3                    
******************************************************************************
>> Linked Wed Nov 09 20:31:44 2016

OUTPUT FILE NAME:   <fly.out>
ENTRY POINT SYMBOL: "_c_int00"  address: 00002559


MEMORY CONFIGURATION

         name            origin    length      used     unused   attr    fill
----------------------  --------  ---------  --------  --------  ----  --------
  FLASH                 00000000   00040000  00003368  0003cc98  R  X
  SRAM                  20000000   00008000  00000284  00007d7c  RW X


SEGMENT ALLOCATION MAP

run origin  load origin   length   init length attrs members
----------  ----------- ---------- ----------- ----- -------
00000000    00000000    0000336c   0000336c    r-x
  00000000    00000000    0000026c   0000026c    r-- .intvecs
  0000026c    0000026c    00002684   00002684    r-x .text
  000028f0    000028f0    00000a3c   00000a3c    r-- .const
  00003330    00003330    0000003c   0000003c    r-- .cinit
20000000    20000000    00000284   00000000    rw-
  20000000    20000000    00000200   00000000    rw- .stack
  20000200    20000200    00000060   00000000    rw- .bss
  20000260    20000260    00000024   00000000    rw- .data


SECTION ALLOCATION MAP

 output                                  attributes/
section   page    origin      length       input sections
--------  ----  ----------  ----------   ----------------
.intvecs   0    00000000    0000026c     
                  00000000    0000026c     tm4c123gh6pm_startup_ccs.obj (.intvecs)

.text      0    0000026c    00002684     
                  0000026c    00000854     main.obj (.text)
                  00000ac0    000004dc     uartstdio.obj (.text)
                  00000f9c    00000410     rtsv7M4_T_le_v4SPD16_eabi.lib : e_asin.obj (.text)
                  000013ac    000002ec                                   : s_atan.obj (.text)
                  00001698    00000254     i2c.obj (.text)
                  000018ec    000001ec     rtsv7M4_T_le_v4SPD16_eabi.lib : e_atan2.obj (.text)
                  00001ad8    000001b6                                   : fd_add_t2.obj (.text)
                  00001c8e    00000002                                   : i_div0.obj (.text)
                  00001c90    00000170                                   : e_sqrt.obj (.text)
                  00001e00    00000136                                   : fd_div_t2.obj (.text)
                  00001f36    00000132     driverlib.lib : gpio.obj (.text:GPIOPadConfigSet)
                  00002068    00000110                   : sysctl.obj (.text:SysCtlClockGet)
                  00002178    000000fc     rtsv7M4_T_le_v4SPD16_eabi.lib : fd_mul_t2.obj (.text)
                  00002274    0000009c                                   : memcpy_t2.obj (.text)
                  00002310    00000086                                   : fd_cmp_t2.obj (.text:__aeabi_cdrcmple)
                  00002396    0000007a                                   : memset_t2.obj (.text)
                  00002410    00000070                                   : autoinit.obj (.text)
                  00002480    0000006e                                   : fd_tos_t2.obj (.text)
                  000024ee    0000006a                                   : copy_decompress_rle.obj (.text)
                  00002558    00000054                                   : boot.obj (.text)
                  000025ac    00000054                                   : exit.obj (.text)
                  00002600    00000050     driverlib.lib : sysctl.obj (.text:SysCtlPeripheralReset)
                  00002650    0000004c                   : i2c.obj (.text:I2CMasterInitExpClk)
                  0000269c    0000004c     rtsv7M4_T_le_v4SPD16_eabi.lib : cpy_tbl.obj (.text)
                  000026e8    00000048     driverlib.lib : gpio.obj (.text:GPIOPinConfigure)
                  00002730    00000040     rtsv7M4_T_le_v4SPD16_eabi.lib : u_divt2.obj (.text)
                  00002770    00000038                                   : fs_tod_t2.obj (.text)
                  000027a8    00000034     driverlib.lib : sysctl.obj (.text:SysCtlPeripheralEnable)
                  000027dc    0000002e     rtsv7M4_T_le_v4SPD16_eabi.lib : i_tofd_t2.obj (.text)
                  0000280a    0000002a     driverlib.lib : gpio.obj (.text:GPIODirModeSet)
                  00002834    00000018     rtsv7M4_T_le_v4SPD16_eabi.lib : args_main.obj (.text)
                  0000284c    00000014                                   : _lock.obj (.text)
                  00002860    00000012     driverlib.lib : gpio.obj (.text:GPIOPinTypeI2C)
                  00002872    00000012                   : gpio.obj (.text:GPIOPinTypeI2CSCL)
                  00002884    00000012                   : gpio.obj (.text:GPIOPinTypeUART)
                  00002896    0000000e     rtsv7M4_T_le_v4SPD16_eabi.lib : copy_decompress_none.obj (.text:decompress:none)
                  000028a4    0000000c     tm4c123gh6pm_startup_ccs.obj (.text)
                  000028b0    0000000a     driverlib.lib : i2c.obj (.text:I2CMasterEnable)
                  000028ba    00000008                   : i2c.obj (.text:I2CMasterBusy)
                  000028c2    00000008                   : i2c.obj (.text:I2CMasterSlaveAddrSet)
                  000028ca    00000006                   : sysctl.obj (.text:SysCtlDelay)
                  000028d0    00000006                   : uart.obj (.text:UARTClockSourceSet)
                  000028d6    00000006     rtsv7M4_T_le_v4SPD16_eabi.lib : copy_decompress_rle.obj (.text:decompress:rle24)
                  000028dc    00000004     driverlib.lib : i2c.obj (.text:I2CMasterControl)
                  000028e0    00000004                   : i2c.obj (.text:I2CMasterDataGet)
                  000028e4    00000004                   : i2c.obj (.text:I2CMasterDataPut)
                  000028e8    00000004     rtsv7M4_T_le_v4SPD16_eabi.lib : pre_init.obj (.text)
                  000028ec    00000002                                   : mpu_init.obj (.text)
                  000028ee    00000002                                   : startup.obj (.text)

.const     0    000028f0    00000a3c     
                  000028f0    00000789     main.obj (.const:.string:dmpmemorydata)
                  00003079    000000ef     main.obj (.const:.string:dmpcfgupddata)
                  00003168    00000098     rtsv7M4_T_le_v4SPD16_eabi.lib : s_atan.obj (.const:$O1$$)
                  00003200    00000090     driverlib.lib : gpio.obj (.const:g_pui32GPIOBaseAddrs)
                  00003290    0000006c                   : sysctl.obj (.const:g_pui32Xtals)
                  000032fc    00000012     uartstdio.obj (.const:.string)
                  0000330e    00000002     --HOLE-- [fill = 0]
                  00003310    0000000c     uartstdio.obj (.const:g_ui32UARTBase)
                  0000331c    0000000c     uartstdio.obj (.const:g_ui32UARTPeriph)
                  00003328    00000004     uartstdio.obj (.const)

.cinit     0    00003330    0000003c     
                  00003330    00000016     (.cinit..data.load) [load image, compression = rle]
                  00003346    00000002     --HOLE-- [fill = 0]
                  00003348    00000009     (.cinit..bss.load) [load image, compression = rle]
                  00003351    00000003     --HOLE-- [fill = 0]
                  00003354    00000008     (__TI_handler_table)
                  0000335c    00000010     (__TI_cinit_table)

.init_array 
*          0    00000000    00000000     UNINITIALIZED

.stack     0    20000000    00000200     UNINITIALIZED
                  20000000    00000200     --HOLE--

.bss       0    20000200    00000060     UNINITIALIZED
                  20000200    0000002c     (.common:dmpdatas)
                  2000022c    00000010     (.common:quartf)
                  2000023c    0000000c     (.common:accelf)
                  20000248    0000000c     (.common:gyrof)
                  20000254    0000000c     (.common:yprf)

.data      0    20000260    00000024     UNINITIALIZED
                  20000260    0000000c     rtsv7M4_T_le_v4SPD16_eabi.lib : exit.obj (.data:$O1$$)
                  2000026c    00000008                                   : _lock.obj (.data:$O1$$)
                  20000274    00000005     uartstdio.obj (.data)
                  20000279    00000003     --HOLE--
                  2000027c    00000004     rtsv7M4_T_le_v4SPD16_eabi.lib : errno.obj (.data)
                  20000280    00000004                                   : stkdepth_vars.obj (.data)

MODULE SUMMARY

       Module                         code   ro data   rw data
       ------                         ----   -------   -------
    .\
       main.obj                       2132   2168      96     
       tm4c123gh6pm_startup_ccs.obj   12     620       0      
       i2c.obj                        596    0         0      
    +--+------------------------------+------+---------+---------+
       Total:                         2740   2788      96     
                                                              
    .\utils\
       uartstdio.obj                  1244   46        5      
    +--+------------------------------+------+---------+---------+
       Total:                         1244   46        5      
                                                              
    C:/ti/TivaWare_C_Series-2.1.3.156/driverlib/ccs/Debug/driverlib.lib
       gpio.obj                       474    144       0      
       sysctl.obj                     410    108       0      
       i2c.obj                        114    0         0      
       uart.obj                       6      0         0      
    +--+------------------------------+------+---------+---------+
       Total:                         1004   252       0      
                                                              
    C:\ti\ccsv6\tools\compiler\arm_15.12.3.LTS\lib\rtsv7M4_T_le_v4SPD16_eabi.lib
       e_asin.obj                     1040   0         0      
       s_atan.obj                     748    152       0      
       e_atan2.obj                    492    0         0      
       fd_add_t2.obj                  438    0         0      
       e_sqrt.obj                     368    0         0      
       fd_div_t2.obj                  310    0         0      
       fd_mul_t2.obj                  252    0         0      
       memcpy_t2.obj                  156    0         0      
       fd_cmp_t2.obj                  134    0         0      
       memset_t2.obj                  122    0         0      
       autoinit.obj                   112    0         0      
       copy_decompress_rle.obj        112    0         0      
       fd_tos_t2.obj                  110    0         0      
       exit.obj                       84     0         12     
       boot.obj                       84     0         0      
       cpy_tbl.obj                    76     0         0      
       u_divt2.obj                    64     0         0      
       fs_tod_t2.obj                  56     0         0      
       i_tofd_t2.obj                  46     0         0      
       _lock.obj                      20     0         8      
       args_main.obj                  24     0         0      
       copy_decompress_none.obj       14     0         0      
       errno.obj                      0      0         4      
       pre_init.obj                   4      0         0      
       stkdepth_vars.obj              0      0         4      
       i_div0.obj                     2      0         0      
       mpu_init.obj                   2      0         0      
       startup.obj                    2      0         0      
    +--+------------------------------+------+---------+---------+
       Total:                         4872   152       28     
                                                              
       Stack:                         0      0         512    
       Linker Generated:              0      55        0      
    +--+------------------------------+------+---------+---------+
       Grand Total:                   9860   3293      641    


LINKER GENERATED COPY TABLES

__TI_cinit_table @ 0000335c records: 2, size/record: 8, table size: 16
	.data: load addr=00003330, load size=00000016 bytes, run addr=20000260, run size=00000024 bytes, compression=rle
	.bss: load addr=00003348, load size=00000009 bytes, run addr=20000200, run size=00000060 bytes, compression=rle


LINKER GENERATED HANDLER TABLE

__TI_handler_table @ 00003354 records: 2, size/record: 4, table size: 8
	index: 0, handler: __TI_decompress_rle24
	index: 1, handler: __TI_decompress_none


GLOBAL SYMBOLS: SORTED ALPHABETICALLY BY Name 

address   name                           
-------   ----                           
000025ad  C$$EXIT                        
0000085d  Data_Send_Status               
0000280b  GPIODirModeSet                 
00001f37  GPIOPadConfigSet               
000026e9  GPIOPinConfigure               
00002861  GPIOPinTypeI2C                 
00002873  GPIOPinTypeI2CSCL              
00002885  GPIOPinTypeUART                
000028bb  I2CMasterBusy                  
000028dd  I2CMasterControl               
000028e1  I2CMasterDataGet               
000028e5  I2CMasterDataPut               
000028b1  I2CMasterEnable                
00002651  I2CMasterInitExpClk            
000028c3  I2CMasterSlaveAddrSet          
000017a9  IICreadBytes                   
000007d9  InitConsole                    
00001699  InitI2C1                       
00000759  Init_MPU6050                   
000028a5  ResetISR                       
UNDEFED   SHT$$INIT_ARRAY$$Base          
UNDEFED   SHT$$INIT_ARRAY$$Limit         
00002069  SysCtlClockGet                 
000028cb  SysCtlDelay                    
000027a9  SysCtlPeripheralEnable         
00002601  SysCtlPeripheralReset          
000028d1  UARTClockSourceSet             
00000819  UARTSend                       
00000ac1  UARTStdioConfig                
00000c39  UARTgetc                       
00000b73  UARTgets                       
00000f67  UARTprintf                     
00000c6d  UARTvprintf                    
00000b21  UARTwrite                      
20000200  __STACK_END                    
00000200  __STACK_SIZE                   
20000200  __STACK_TOP                    
0000335c  __TI_CINIT_Base                
0000336c  __TI_CINIT_Limit               
00003354  __TI_Handler_Table_Base        
0000335c  __TI_Handler_Table_Limit       
00002411  __TI_auto_init                 
20000260  __TI_cleanup_ptr               
00002897  __TI_decompress_none           
000028d7  __TI_decompress_rle24          
20000264  __TI_dtors_ptr                 
20000268  __TI_enable_exit_profile_output
ffffffff  __TI_pprof_out_hndl            
ffffffff  __TI_prof_data_size            
ffffffff  __TI_prof_data_start           
00000000  __TI_static_base__             
00002311  __aeabi_cdrcmple               
00002481  __aeabi_d2f                    
00001ae3  __aeabi_dadd                   
00001e01  __aeabi_ddiv                   
00002179  __aeabi_dmul                   
00001ad9  __aeabi_dsub                   
00002771  __aeabi_f2d                    
000027dd  __aeabi_i2d                    
00001c8f  __aeabi_idiv0                  
00002397  __aeabi_memclr                 
00002397  __aeabi_memclr4                
00002397  __aeabi_memclr8                
00002275  __aeabi_memcpy                 
00002275  __aeabi_memcpy4                
00002275  __aeabi_memcpy8                
00002399  __aeabi_memset                 
00002399  __aeabi_memset4                
00002399  __aeabi_memset8                
00002731  __aeabi_uidiv                  
00002731  __aeabi_uidivmod               
ffffffff  __binit__                      
ffffffff  __c_args__                     
000028ed  __mpu_init                     
20000000  __stack                        
00002835  _args_main                     
00002559  _c_int00                       
2000026c  _lock                          
0000285b  _nop                           
00002853  _register_lock                 
0000284d  _register_unlock               
000028ef  _system_post_cinit             
000028e9  _system_pre_init               
20000270  _unlock                        
000025b1  abort                          
2000023c  accelf                         
00000f9d  asin                           
00000f9d  asinl                          
000013ad  atan                           
000018ed  atan2                          
000018ed  atan2l                         
000013ad  atanl                          
ffffffff  binit                          
0000269d  copy_in                        
00003079  dmpcfgupddata                  
20000200  dmpdatas                       
000028f0  dmpmemorydata                  
2000027c  errno                          
000025b9  exit                           
00000000  g_pfnVectors                   
000003ed  getaccel                       
000002ab  getdmplong                     
00000389  getgyro                        
00000305  getquaternion                  
00000595  getyawpitchroll                
20000248  gyrof                          
000004b7  loadcfgupd                     
00000451  loadfirmware                   
00000a4d  main                           
20000280  main_func_sp                   
00002275  memcpy                         
0000239f  memset                         
2000022c  quartf                         
000016e7  readI2C1                       
0000026d  readdmp                        
00001c91  sqrt                           
00001c91  sqrtl                          
000007b5  systeminit                     
00001741  writeI2C1                      
20000254  yprf                           


GLOBAL SYMBOLS: SORTED BY Symbol Address 

address   name                           
-------   ----                           
00000000  __TI_static_base__             
00000000  g_pfnVectors                   
00000200  __STACK_SIZE                   
0000026d  readdmp                        
000002ab  getdmplong                     
00000305  getquaternion                  
00000389  getgyro                        
000003ed  getaccel                       
00000451  loadfirmware                   
000004b7  loadcfgupd                     
00000595  getyawpitchroll                
00000759  Init_MPU6050                   
000007b5  systeminit                     
000007d9  InitConsole                    
00000819  UARTSend                       
0000085d  Data_Send_Status               
00000a4d  main                           
00000ac1  UARTStdioConfig                
00000b21  UARTwrite                      
00000b73  UARTgets                       
00000c39  UARTgetc                       
00000c6d  UARTvprintf                    
00000f67  UARTprintf                     
00000f9d  asin                           
00000f9d  asinl                          
000013ad  atan                           
000013ad  atanl                          
00001699  InitI2C1                       
000016e7  readI2C1                       
00001741  writeI2C1                      
000017a9  IICreadBytes                   
000018ed  atan2                          
000018ed  atan2l                         
00001ad9  __aeabi_dsub                   
00001ae3  __aeabi_dadd                   
00001c8f  __aeabi_idiv0                  
00001c91  sqrt                           
00001c91  sqrtl                          
00001e01  __aeabi_ddiv                   
00001f37  GPIOPadConfigSet               
00002069  SysCtlClockGet                 
00002179  __aeabi_dmul                   
00002275  __aeabi_memcpy                 
00002275  __aeabi_memcpy4                
00002275  __aeabi_memcpy8                
00002275  memcpy                         
00002311  __aeabi_cdrcmple               
00002397  __aeabi_memclr                 
00002397  __aeabi_memclr4                
00002397  __aeabi_memclr8                
00002399  __aeabi_memset                 
00002399  __aeabi_memset4                
00002399  __aeabi_memset8                
0000239f  memset                         
00002411  __TI_auto_init                 
00002481  __aeabi_d2f                    
00002559  _c_int00                       
000025ad  C$$EXIT                        
000025b1  abort                          
000025b9  exit                           
00002601  SysCtlPeripheralReset          
00002651  I2CMasterInitExpClk            
0000269d  copy_in                        
000026e9  GPIOPinConfigure               
00002731  __aeabi_uidiv                  
00002731  __aeabi_uidivmod               
00002771  __aeabi_f2d                    
000027a9  SysCtlPeripheralEnable         
000027dd  __aeabi_i2d                    
0000280b  GPIODirModeSet                 
00002835  _args_main                     
0000284d  _register_unlock               
00002853  _register_lock                 
0000285b  _nop                           
00002861  GPIOPinTypeI2C                 
00002873  GPIOPinTypeI2CSCL              
00002885  GPIOPinTypeUART                
00002897  __TI_decompress_none           
000028a5  ResetISR                       
000028b1  I2CMasterEnable                
000028bb  I2CMasterBusy                  
000028c3  I2CMasterSlaveAddrSet          
000028cb  SysCtlDelay                    
000028d1  UARTClockSourceSet             
000028d7  __TI_decompress_rle24          
000028dd  I2CMasterControl               
000028e1  I2CMasterDataGet               
000028e5  I2CMasterDataPut               
000028e9  _system_pre_init               
000028ed  __mpu_init                     
000028ef  _system_post_cinit             
000028f0  dmpmemorydata                  
00003079  dmpcfgupddata                  
00003354  __TI_Handler_Table_Base        
0000335c  __TI_CINIT_Base                
0000335c  __TI_Handler_Table_Limit       
0000336c  __TI_CINIT_Limit               
20000000  __stack                        
20000200  __STACK_END                    
20000200  __STACK_TOP                    
20000200  dmpdatas                       
2000022c  quartf                         
2000023c  accelf                         
20000248  gyrof                          
20000254  yprf                           
20000260  __TI_cleanup_ptr               
20000264  __TI_dtors_ptr                 
20000268  __TI_enable_exit_profile_output
2000026c  _lock                          
20000270  _unlock                        
2000027c  errno                          
20000280  main_func_sp                   
ffffffff  __TI_pprof_out_hndl            
ffffffff  __TI_prof_data_size            
ffffffff  __TI_prof_data_start           
ffffffff  __binit__                      
ffffffff  __c_args__                     
ffffffff  binit                          
UNDEFED   SHT$$INIT_ARRAY$$Base          
UNDEFED   SHT$$INIT_ARRAY$$Limit         

[120 symbols]
