******************************************************************************
                  TI ARM Linker PC v15.12.3                    
******************************************************************************
>> Linked Sat Nov 12 13:22:07 2016

OUTPUT FILE NAME:   <mpu6050.out>
ENTRY POINT SYMBOL: "_c_int00"  address: 0000233d


MEMORY CONFIGURATION

         name            origin    length      used     unused   attr    fill
----------------------  --------  ---------  --------  --------  ----  --------
  FLASH                 00000000   00040000  0000290e  0003d6f2  R  X
  SRAM                  20000000   00008000  00000289  00007d77  RW X


SEGMENT ALLOCATION MAP

run origin  load origin   length   init length attrs members
----------  ----------- ---------- ----------- ----- -------
00000000    00000000    00002914   00002914    r-x
  00000000    00000000    0000026c   0000026c    r-- .intvecs
  0000026c    0000026c    0000249a   0000249a    r-x .text
  00002708    00002708    000001c4   000001c4    r-- .const
  000028d0    000028d0    00000044   00000044    r-- .cinit
20000000    20000000    0000028c   00000000    rw-
  20000000    20000000    00000200   00000000    rw- .stack
  20000200    20000200    00000049   00000000    rw- .bss
  2000024c    2000024c    00000040   00000000    rw- .data


SECTION ALLOCATION MAP

 output                                  attributes/
section   page    origin      length       input sections
--------  ----  ----------  ----------   ----------------
.intvecs   0    00000000    0000026c     
                  00000000    0000026c     tm4c123gh6pm_startup_ccs.obj (.intvecs)

.text      0    0000026c    0000249a     
                  0000026c    00000ba8     main.obj (.text)
                  00000e14    000004dc     uartstdio.obj (.text)
                  000012f0    000002ec     rtsv7M4_T_le_v4SPD16_eabi.lib : s_atan.obj (.text)
                  000015dc    000001ec                                   : e_atan2.obj (.text)
                  000017c8    000001b6                                   : fd_add_t2.obj (.text)
                  0000197e    00000002                                   : i_div0.obj (.text)
                  00001980    00000170                                   : e_sqrt.obj (.text)
                  00001af0    00000136                                   : fd_div_t2.obj (.text)
                  00001c26    00000132     driverlib.lib : gpio.obj (.text:GPIOPadConfigSet)
                  00001d58    00000110                   : sysctl.obj (.text:SysCtlClockGet)
                  00001e68    000000fc     rtsv7M4_T_le_v4SPD16_eabi.lib : fd_mul_t2.obj (.text)
                  00001f64    000000f4     driverlib.lib : sysctl.obj (.text:SysCtlClockSet)
                  00002058    0000009c     rtsv7M4_T_le_v4SPD16_eabi.lib : memcpy_t2.obj (.text)
                  000020f4    00000086                                   : fd_cmp_t2.obj (.text:__aeabi_cdrcmple)
                  0000217a    0000007a                                   : memset_t2.obj (.text)
                  000021f4    00000070                                   : autoinit.obj (.text)
                  00002264    0000006e                                   : fd_tos_t2.obj (.text)
                  000022d2    0000006a                                   : copy_decompress_rle.obj (.text)
                  0000233c    00000054                                   : boot.obj (.text)
                  00002390    00000054                                   : exit.obj (.text)
                  000023e4    00000050     driverlib.lib : sysctl.obj (.text:SysCtlPeripheralReset)
                  00002434    0000004c                   : i2c.obj (.text:I2CMasterInitExpClk)
                  00002480    0000004c     rtsv7M4_T_le_v4SPD16_eabi.lib : cpy_tbl.obj (.text)
                  000024cc    00000048     driverlib.lib : gpio.obj (.text:GPIOPinConfigure)
                  00002514    00000044     rtsv7M4_T_le_v4SPD16_eabi.lib : fd_tou_t2.obj (.text)
                  00002558    00000040                                   : u_divt2.obj (.text)
                  00002598    00000038                                   : fs_tod_t2.obj (.text)
                  000025d0    00000034     driverlib.lib : sysctl.obj (.text:SysCtlPeripheralEnable)
                  00002604    0000002e     rtsv7M4_T_le_v4SPD16_eabi.lib : i_tofd_t2.obj (.text)
                  00002632    0000002a     driverlib.lib : gpio.obj (.text:GPIODirModeSet)
                  0000265c    00000018     rtsv7M4_T_le_v4SPD16_eabi.lib : args_main.obj (.text)
                  00002674    00000014                                   : _lock.obj (.text)
                  00002688    00000012     driverlib.lib : gpio.obj (.text:GPIOPinTypeI2C)
                  0000269a    00000012                   : gpio.obj (.text:GPIOPinTypeI2CSCL)
                  000026ac    0000000e     rtsv7M4_T_le_v4SPD16_eabi.lib : copy_decompress_none.obj (.text:decompress:none)
                  000026ba    0000000c     tm4c123gh6pm_startup_ccs.obj (.text)
                  000026c6    0000000a     driverlib.lib : i2c.obj (.text:I2CMasterEnable)
                  000026d0    00000008                   : i2c.obj (.text:I2CMasterBusy)
                  000026d8    00000008                   : i2c.obj (.text:I2CMasterSlaveAddrSet)
                  000026e0    00000006                   : sysctl.obj (.text:SysCtlDelay)
                  000026e6    00000006                   : uart.obj (.text:UARTClockSourceSet)
                  000026ec    00000006     rtsv7M4_T_le_v4SPD16_eabi.lib : copy_decompress_rle.obj (.text:decompress:rle24)
                  000026f2    00000004     driverlib.lib : i2c.obj (.text:I2CMasterControl)
                  000026f6    00000004                   : i2c.obj (.text:I2CMasterDataGet)
                  000026fa    00000004                   : i2c.obj (.text:I2CMasterDataPut)
                  000026fe    00000004     rtsv7M4_T_le_v4SPD16_eabi.lib : pre_init.obj (.text)
                  00002702    00000002                                   : mpu_init.obj (.text)
                  00002704    00000002                                   : startup.obj (.text)

.const     0    00002708    000001c4     
                  00002708    00000098     rtsv7M4_T_le_v4SPD16_eabi.lib : s_atan.obj (.const:$O1$$)
                  000027a0    00000090     driverlib.lib : gpio.obj (.const:g_pui32GPIOBaseAddrs)
                  00002830    0000006c                   : sysctl.obj (.const:g_pui32Xtals)
                  0000289c    00000012     uartstdio.obj (.const:.string)
                  000028ae    00000002     --HOLE-- [fill = 0]
                  000028b0    0000000c     uartstdio.obj (.const:g_ui32UARTBase)
                  000028bc    0000000c     uartstdio.obj (.const:g_ui32UARTPeriph)
                  000028c8    00000004     uartstdio.obj (.const)

.cinit     0    000028d0    00000044     
                  000028d0    0000001a     (.cinit..data.load) [load image, compression = rle]
                  000028ea    00000006     --HOLE-- [fill = 0]
                  000028f0    00000009     (.cinit..bss.load) [load image, compression = rle]
                  000028f9    00000003     --HOLE-- [fill = 0]
                  000028fc    00000008     (__TI_handler_table)
                  00002904    00000010     (__TI_cinit_table)

.init_array 
*          0    00000000    00000000     UNINITIALIZED

.stack     0    20000000    00000200     UNINITIALIZED
                  20000000    00000200     --HOLE--

.bss       0    20000200    00000049     UNINITIALIZED
                  20000200    0000000c     (.common:mpu)
                  2000020c    00000004     (.common:Angel_accX)
                  20000210    00000008     (.common:Angle)
                  20000218    00000008     (.common:hmc_data)
                  20000220    00000006     (.common:magnet)
                  20000226    00000002     (.common:Acr)
                  20000228    00000004     (.common:Angel_accY)
                  2000022c    00000004     (.common:Angel_accZ)
                  20000230    00000004     (.common:Ax)
                  20000234    00000004     (.common:Ay)
                  20000238    00000004     (.common:Az)
                  2000023c    00000004     (.common:Gx)
                  20000240    00000004     (.common:Gy)
                  20000244    00000004     (.common:Gz)
                  20000248    00000001     (.common:dd)

.data      0    2000024c    00000040     UNINITIALIZED
                  2000024c    0000001c     main.obj (.data)
                  20000268    0000000c     rtsv7M4_T_le_v4SPD16_eabi.lib : exit.obj (.data:$O1$$)
                  20000274    00000008                                   : _lock.obj (.data:$O1$$)
                  2000027c    00000005     uartstdio.obj (.data)
                  20000281    00000003     --HOLE--
                  20000284    00000004     rtsv7M4_T_le_v4SPD16_eabi.lib : errno.obj (.data)
                  20000288    00000004                                   : stkdepth_vars.obj (.data)

MODULE SUMMARY

       Module                         code   ro data   rw data
       ------                         ----   -------   -------
    .\
       main.obj                       2984   0         101    
       tm4c123gh6pm_startup_ccs.obj   12     620       0      
    +--+------------------------------+------+---------+---------+
       Total:                         2996   620       101    
                                                              
    .\utils\
       uartstdio.obj                  1244   46        5      
    +--+------------------------------+------+---------+---------+
       Total:                         1244   46        5      
                                                              
    C:/ti/TivaWare_C_Series-2.1.3.156/driverlib/ccs/Debug/driverlib.lib
       sysctl.obj                     654    108       0      
       gpio.obj                       456    144       0      
       i2c.obj                        114    0         0      
       uart.obj                       6      0         0      
    +--+------------------------------+------+---------+---------+
       Total:                         1230   252       0      
                                                              
    C:\ti\ccsv6\tools\compiler\arm_15.12.3.LTS\lib\rtsv7M4_T_le_v4SPD16_eabi.lib
       s_atan.obj                     748    152       0      
       e_atan2.obj                    492    0         0      
       fd_add_t2.obj                  438    0         0      
       e_sqrt.obj                     368    0         0      
       fd_div_t2.obj                  310    0         0      
       fd_mul_t2.obj                  252    0         0      
       memcpy_t2.obj                  156    0         0      
       fd_cmp_t2.obj                  134    0         0      
       memset_t2.obj                  122    0         0      
       autoinit.obj                   112    0         0      
       copy_decompress_rle.obj        112    0         0      
       fd_tos_t2.obj                  110    0         0      
       exit.obj                       84     0         12     
       boot.obj                       84     0         0      
       cpy_tbl.obj                    76     0         0      
       fd_tou_t2.obj                  68     0         0      
       u_divt2.obj                    64     0         0      
       fs_tod_t2.obj                  56     0         0      
       i_tofd_t2.obj                  46     0         0      
       _lock.obj                      20     0         8      
       args_main.obj                  24     0         0      
       copy_decompress_none.obj       14     0         0      
       errno.obj                      0      0         4      
       pre_init.obj                   4      0         0      
       stkdepth_vars.obj              0      0         4      
       i_div0.obj                     2      0         0      
       mpu_init.obj                   2      0         0      
       startup.obj                    2      0         0      
    +--+------------------------------+------+---------+---------+
       Total:                         3900   152       28     
                                                              
       Stack:                         0      0         512    
       Linker Generated:              0      59        0      
    +--+------------------------------+------+---------+---------+
       Grand Total:                   9370   1129      646    


LINKER GENERATED COPY TABLES

__TI_cinit_table @ 00002904 records: 2, size/record: 8, table size: 16
	.data: load addr=000028d0, load size=0000001a bytes, run addr=2000024c, run size=00000040 bytes, compression=rle
	.bss: load addr=000028f0, load size=00000009 bytes, run addr=20000200, run size=00000049 bytes, compression=rle


LINKER GENERATED HANDLER TABLE

__TI_handler_table @ 000028fc records: 2, size/record: 4, table size: 8
	index: 0, handler: __TI_decompress_rle24
	index: 1, handler: __TI_decompress_none


GLOBAL SYMBOLS: SORTED ALPHABETICALLY BY Name 

address   name                           
-------   ----                           
20000226  Acr                            
2000020c  Angel_accX                     
20000228  Angel_accY                     
2000022c  Angel_accZ                     
20000210  Angle                          
20000230  Ax                             
20000234  Ay                             
20000238  Az                             
00002391  C$$EXIT                        
00002633  GPIODirModeSet                 
00001c27  GPIOPadConfigSet               
000024cd  GPIOPinConfigure               
00002689  GPIOPinTypeI2C                 
0000269b  GPIOPinTypeI2CSCL              
2000023c  Gx                             
20000240  Gy                             
20000244  Gz                             
00000919  HMC5883_Init                   
000026d1  I2CMasterBusy                  
000026f3  I2CMasterControl               
000026f7  I2CMasterDataGet               
000026fb  I2CMasterDataPut               
000026c7  I2CMasterEnable                
00002435  I2CMasterInitExpClk            
000026d9  I2CMasterSlaveAddrSet          
000006c1  IICreadBytes                   
0000026d  IMUupdate                      
00000927  InitConsole                    
00000661  InitI2C1                       
000008b7  InitMPU6050                    
000026bb  ResetISR                       
UNDEFED   SHT$$INIT_ARRAY$$Base          
UNDEFED   SHT$$INIT_ARRAY$$Limit         
00001d59  SysCtlClockGet                 
00001f65  SysCtlClockSet                 
000026e1  SysCtlDelay                    
000025d1  SysCtlPeripheralEnable         
000023e5  SysCtlPeripheralReset          
000026e7  UARTClockSourceSet             
00000e15  UARTStdioConfig                
00000f8d  UARTgetc                       
00000ec7  UARTgets                       
000012bb  UARTprintf                     
00000fc1  UARTvprintf                    
00000e75  UARTwrite                      
20000200  __STACK_END                    
00000200  __STACK_SIZE                   
20000200  __STACK_TOP                    
00002904  __TI_CINIT_Base                
00002914  __TI_CINIT_Limit               
000028fc  __TI_Handler_Table_Base        
00002904  __TI_Handler_Table_Limit       
000021f5  __TI_auto_init                 
20000268  __TI_cleanup_ptr               
000026ad  __TI_decompress_none           
000026ed  __TI_decompress_rle24          
2000026c  __TI_dtors_ptr                 
20000270  __TI_enable_exit_profile_output
ffffffff  __TI_pprof_out_hndl            
ffffffff  __TI_prof_data_size            
ffffffff  __TI_prof_data_start           
00000000  __TI_static_base__             
000020f5  __aeabi_cdrcmple               
00002265  __aeabi_d2f                    
00002515  __aeabi_d2uiz                  
000017d3  __aeabi_dadd                   
00001af1  __aeabi_ddiv                   
00001e69  __aeabi_dmul                   
000017c9  __aeabi_dsub                   
00002599  __aeabi_f2d                    
00002605  __aeabi_i2d                    
0000197f  __aeabi_idiv0                  
0000217b  __aeabi_memclr                 
0000217b  __aeabi_memclr4                
0000217b  __aeabi_memclr8                
00002059  __aeabi_memcpy                 
00002059  __aeabi_memcpy4                
00002059  __aeabi_memcpy8                
0000217d  __aeabi_memset                 
0000217d  __aeabi_memset4                
0000217d  __aeabi_memset8                
00002559  __aeabi_uidiv                  
00002559  __aeabi_uidivmod               
ffffffff  __binit__                      
ffffffff  __c_args__                     
00002703  __mpu_init                     
20000000  __stack                        
0000265d  _args_main                     
0000233d  _c_int00                       
20000274  _lock                          
00002683  _nop                           
0000267b  _register_lock                 
00002675  _register_unlock               
00002705  _system_post_cinit             
000026ff  _system_pre_init               
20000278  _unlock                        
00002395  abort                          
000012f1  atan                           
000015dd  atan2                          
000015dd  atan2l                         
000012f1  atanl                          
ffffffff  binit                          
00002481  copy_in                        
20000248  dd                             
20000284  errno                          
2000025c  exInt                          
0000239d  exit                           
20000260  eyInt                          
20000264  ezInt                          
00000000  g_pfnVectors                   
20000218  hmc_data                       
00000c9d  hmc_getdata                    
20000220  magnet                         
00000d31  main                           
20000288  main_func_sp                   
00002059  memcpy                         
00002183  memset                         
20000200  mpu                            
00000985  mpu_getdata                    
2000024c  q0                             
20000250  q1                             
20000254  q2                             
20000258  q3                             
000007f5  readI2C1                       
00001981  sqrt                           
00001981  sqrtl                          
00000959  systeminit                     
0000084f  writeI2C1                      


GLOBAL SYMBOLS: SORTED BY Symbol Address 

address   name                           
-------   ----                           
00000000  __TI_static_base__             
00000000  g_pfnVectors                   
00000200  __STACK_SIZE                   
0000026d  IMUupdate                      
00000661  InitI2C1                       
000006c1  IICreadBytes                   
000007f5  readI2C1                       
0000084f  writeI2C1                      
000008b7  InitMPU6050                    
00000919  HMC5883_Init                   
00000927  InitConsole                    
00000959  systeminit                     
00000985  mpu_getdata                    
00000c9d  hmc_getdata                    
00000d31  main                           
00000e15  UARTStdioConfig                
00000e75  UARTwrite                      
00000ec7  UARTgets                       
00000f8d  UARTgetc                       
00000fc1  UARTvprintf                    
000012bb  UARTprintf                     
000012f1  atan                           
000012f1  atanl                          
000015dd  atan2                          
000015dd  atan2l                         
000017c9  __aeabi_dsub                   
000017d3  __aeabi_dadd                   
0000197f  __aeabi_idiv0                  
00001981  sqrt                           
00001981  sqrtl                          
00001af1  __aeabi_ddiv                   
00001c27  GPIOPadConfigSet               
00001d59  SysCtlClockGet                 
00001e69  __aeabi_dmul                   
00001f65  SysCtlClockSet                 
00002059  __aeabi_memcpy                 
00002059  __aeabi_memcpy4                
00002059  __aeabi_memcpy8                
00002059  memcpy                         
000020f5  __aeabi_cdrcmple               
0000217b  __aeabi_memclr                 
0000217b  __aeabi_memclr4                
0000217b  __aeabi_memclr8                
0000217d  __aeabi_memset                 
0000217d  __aeabi_memset4                
0000217d  __aeabi_memset8                
00002183  memset                         
000021f5  __TI_auto_init                 
00002265  __aeabi_d2f                    
0000233d  _c_int00                       
00002391  C$$EXIT                        
00002395  abort                          
0000239d  exit                           
000023e5  SysCtlPeripheralReset          
00002435  I2CMasterInitExpClk            
00002481  copy_in                        
000024cd  GPIOPinConfigure               
00002515  __aeabi_d2uiz                  
00002559  __aeabi_uidiv                  
00002559  __aeabi_uidivmod               
00002599  __aeabi_f2d                    
000025d1  SysCtlPeripheralEnable         
00002605  __aeabi_i2d                    
00002633  GPIODirModeSet                 
0000265d  _args_main                     
00002675  _register_unlock               
0000267b  _register_lock                 
00002683  _nop                           
00002689  GPIOPinTypeI2C                 
0000269b  GPIOPinTypeI2CSCL              
000026ad  __TI_decompress_none           
000026bb  ResetISR                       
000026c7  I2CMasterEnable                
000026d1  I2CMasterBusy                  
000026d9  I2CMasterSlaveAddrSet          
000026e1  SysCtlDelay                    
000026e7  UARTClockSourceSet             
000026ed  __TI_decompress_rle24          
000026f3  I2CMasterControl               
000026f7  I2CMasterDataGet               
000026fb  I2CMasterDataPut               
000026ff  _system_pre_init               
00002703  __mpu_init                     
00002705  _system_post_cinit             
000028fc  __TI_Handler_Table_Base        
00002904  __TI_CINIT_Base                
00002904  __TI_Handler_Table_Limit       
00002914  __TI_CINIT_Limit               
20000000  __stack                        
20000200  __STACK_END                    
20000200  __STACK_TOP                    
20000200  mpu                            
2000020c  Angel_accX                     
20000210  Angle                          
20000218  hmc_data                       
20000220  magnet                         
20000226  Acr                            
20000228  Angel_accY                     
2000022c  Angel_accZ                     
20000230  Ax                             
20000234  Ay                             
20000238  Az                             
2000023c  Gx                             
20000240  Gy                             
20000244  Gz                             
20000248  dd                             
2000024c  q0                             
20000250  q1                             
20000254  q2                             
20000258  q3                             
2000025c  exInt                          
20000260  eyInt                          
20000264  ezInt                          
20000268  __TI_cleanup_ptr               
2000026c  __TI_dtors_ptr                 
20000270  __TI_enable_exit_profile_output
20000274  _lock                          
20000278  _unlock                        
20000284  errno                          
20000288  main_func_sp                   
ffffffff  __TI_pprof_out_hndl            
ffffffff  __TI_prof_data_size            
ffffffff  __TI_prof_data_start           
ffffffff  __binit__                      
ffffffff  __c_args__                     
ffffffff  binit                          
UNDEFED   SHT$$INIT_ARRAY$$Base          
UNDEFED   SHT$$INIT_ARRAY$$Limit         

[128 symbols]
