******************************************************************************
                  TI ARM Linker PC v15.12.3                    
******************************************************************************
>> Linked Thu Nov 10 10:00:06 2016

OUTPUT FILE NAME:   <car.out>
ENTRY POINT SYMBOL: "_c_int00"  address: 00000dc5


MEMORY CONFIGURATION

         name            origin    length      used     unused   attr    fill
----------------------  --------  ---------  --------  --------  ----  --------
  FLASH                 00000000   00040000  000011ca  0003ee36  R  X
  SRAM                  20000000   00008000  00000224  00007ddc  RW X


SEGMENT ALLOCATION MAP

run origin  load origin   length   init length attrs members
----------  ----------- ---------- ----------- ----- -------
00000000    00000000    000011cc   000011cc    r-x
  00000000    00000000    0000026c   0000026c    r-- .intvecs
  0000026c    0000026c    00000e62   00000e62    r-x .text
  000010d0    000010d0    000000c0   000000c0    r-- .const
  00001190    00001190    0000003c   0000003c    r-- .cinit
20000000    20000000    00000224   00000000    rw-
  20000000    20000000    00000200   00000000    rw- .stack
  20000200    20000200    00000020   00000000    rw- .data
  20000220    20000220    00000004   00000000    rw- .bss


SECTION ALLOCATION MAP

 output                                  attributes/
section   page    origin      length       input sections
--------  ----  ----------  ----------   ----------------
.intvecs   0    00000000    0000026c     
                  00000000    0000026c     tm4c123gh6pm_startup_ccs.obj (.intvecs)

.text      0    0000026c    00000e62     
                  0000026c    000004dc     uartstdio.obj (.text)
                  00000748    00000240     main.obj (.text)
                  00000988    00000132     driverlib.lib : gpio.obj (.text:GPIOPadConfigSet)
                  00000aba    00000002     rtsv7M4_T_le_v4SPD16_eabi.lib : i_div0.obj (.text)
                  00000abc    00000114     moto.obj (.text)
                  00000bd0    0000009c     rtsv7M4_T_le_v4SPD16_eabi.lib : memcpy_t2.obj (.text)
                  00000c6c    0000007a                                   : memset_t2.obj (.text)
                  00000ce6    00000002                                   : mpu_init.obj (.text)
                  00000ce8    00000070                                   : autoinit.obj (.text)
                  00000d58    0000006a                                   : copy_decompress_rle.obj (.text)
                  00000dc2    00000002                                   : startup.obj (.text)
                  00000dc4    00000054                                   : boot.obj (.text)
                  00000e18    00000054                                   : exit.obj (.text)
                  00000e6c    0000004c                                   : cpy_tbl.obj (.text)
                  00000eb8    00000048     driverlib.lib : gpio.obj (.text:GPIOPinConfigure)
                  00000f00    00000040     rtsv7M4_T_le_v4SPD16_eabi.lib : u_divt2.obj (.text)
                  00000f40    00000034     driverlib.lib : sysctl.obj (.text:SysCtlPeripheralEnable)
                  00000f74    0000002a                   : gpio.obj (.text:GPIODirModeSet)
                  00000f9e    00000022                   : pwm.obj (.text:PWMGenConfigure)
                  00000fc0    0000001e                   : pwm.obj (.text:PWMPulseWidthSet)
                  00000fde    00000002     --HOLE-- [fill = 0]
                  00000fe0    00000018     rtsv7M4_T_le_v4SPD16_eabi.lib : args_main.obj (.text)
                  00000ff8    00000014     driverlib.lib : sysctl.obj (.text:SysCtlPWMClockSet)
                  0000100c    00000014     rtsv7M4_T_le_v4SPD16_eabi.lib : _lock.obj (.text)
                  00001020    00000012     driverlib.lib : gpio.obj (.text:GPIOPinTypePWM)
                  00001032    00000012                   : gpio.obj (.text:GPIOPinTypeUART)
                  00001044    00000012                   : pwm.obj (.text:PWMOutputState)
                  00001056    00000010                   : interrupt.obj (.text:IntMasterEnable)
                  00001066    00000010                   : pwm.obj (.text:PWMGenPeriodSet)
                  00001076    00000002     --HOLE-- [fill = 0]
                  00001078    00000010                   : systick.obj (.text:SysTickPeriodSet)
                  00001088    0000000e     rtsv7M4_T_le_v4SPD16_eabi.lib : copy_decompress_none.obj (.text:decompress:none)
                  00001096    0000000c     driverlib.lib : cpu.obj (.text:CPUcpsie)
                  000010a2    0000000c                   : pwm.obj (.text:PWMGenEnable)
                  000010ae    0000000c     tm4c123gh6pm_startup_ccs.obj (.text)
                  000010ba    00000006     driverlib.lib : uart.obj (.text:UARTClockSourceSet)
                  000010c0    00000006     rtsv7M4_T_le_v4SPD16_eabi.lib : copy_decompress_rle.obj (.text:decompress:rle24)
                  000010c6    00000004     driverlib.lib : timer.obj (.text:TimerIntClear)
                  000010ca    00000004     rtsv7M4_T_le_v4SPD16_eabi.lib : pre_init.obj (.text)

.const     0    000010d0    000000c0     
                  000010d0    00000090     driverlib.lib : gpio.obj (.const:g_pui32GPIOBaseAddrs)
                  00001160    00000012     uartstdio.obj (.const:.string)
                  00001172    00000002     --HOLE-- [fill = 0]
                  00001174    0000000c     uartstdio.obj (.const:g_ui32UARTBase)
                  00001180    0000000c     uartstdio.obj (.const:g_ui32UARTPeriph)
                  0000118c    00000004     uartstdio.obj (.const)

.cinit     0    00001190    0000003c     
                  00001190    00000016     (.cinit..data.load) [load image, compression = rle]
                  000011a6    00000002     --HOLE-- [fill = 0]
                  000011a8    00000009     (.cinit..bss.load) [load image, compression = rle]
                  000011b1    00000003     --HOLE-- [fill = 0]
                  000011b4    00000008     (__TI_handler_table)
                  000011bc    00000010     (__TI_cinit_table)

.init_array 
*          0    00000000    00000000     UNINITIALIZED

.stack     0    20000000    00000200     UNINITIALIZED
                  20000000    00000200     --HOLE--

.data      0    20000200    00000020     UNINITIALIZED
                  20000200    0000000c     rtsv7M4_T_le_v4SPD16_eabi.lib : exit.obj (.data:$O1$$)
                  2000020c    00000008                                   : _lock.obj (.data:$O1$$)
                  20000214    00000005     uartstdio.obj (.data)
                  20000219    00000003     --HOLE--
                  2000021c    00000004     rtsv7M4_T_le_v4SPD16_eabi.lib : stkdepth_vars.obj (.data)

.bss       0    20000220    00000004     UNINITIALIZED
                  20000220    00000004     (.common:count)

MODULE SUMMARY

       Module                         code   ro data   rw data
       ------                         ----   -------   -------
    .\
       tm4c123gh6pm_startup_ccs.obj   12     620       0      
       main.obj                       576    0         4      
       moto.obj                       276    0         0      
    +--+------------------------------+------+---------+---------+
       Total:                         864    620       4      
                                                              
    .\utils\
       uartstdio.obj                  1244   46        5      
    +--+------------------------------+------+---------+---------+
       Total:                         1244   46        5      
                                                              
    C:/ti/TivaWare_C_Series-2.1.3.156/driverlib/ccs/Debug/driverlib.lib
       gpio.obj                       456    144       0      
       pwm.obj                        110    0         0      
       sysctl.obj                     72     0         0      
       interrupt.obj                  16     0         0      
       systick.obj                    16     0         0      
       cpu.obj                        12     0         0      
       uart.obj                       6      0         0      
       timer.obj                      4      0         0      
    +--+------------------------------+------+---------+---------+
       Total:                         692    144       0      
                                                              
    C:\ti\ccsv6\tools\compiler\arm_15.12.3.LTS\lib\rtsv7M4_T_le_v4SPD16_eabi.lib
       memcpy_t2.obj                  156    0         0      
       memset_t2.obj                  122    0         0      
       autoinit.obj                   112    0         0      
       copy_decompress_rle.obj        112    0         0      
       exit.obj                       84     0         12     
       boot.obj                       84     0         0      
       cpy_tbl.obj                    76     0         0      
       u_divt2.obj                    64     0         0      
       _lock.obj                      20     0         8      
       args_main.obj                  24     0         0      
       copy_decompress_none.obj       14     0         0      
       pre_init.obj                   4      0         0      
       stkdepth_vars.obj              0      0         4      
       i_div0.obj                     2      0         0      
       mpu_init.obj                   2      0         0      
       startup.obj                    2      0         0      
    +--+------------------------------+------+---------+---------+
       Total:                         878    0         24     
                                                              
       Stack:                         0      0         512    
       Linker Generated:              0      55        0      
    +--+------------------------------+------+---------+---------+
       Grand Total:                   3678   865       545    


LINKER GENERATED COPY TABLES

__TI_cinit_table @ 000011bc records: 2, size/record: 8, table size: 16
	.data: load addr=00001190, load size=00000016 bytes, run addr=20000200, run size=00000020 bytes, compression=rle
	.bss: load addr=000011a8, load size=00000009 bytes, run addr=20000220, run size=00000004 bytes, compression=rle


LINKER GENERATED HANDLER TABLE

__TI_handler_table @ 000011b4 records: 2, size/record: 4, table size: 8
	index: 0, handler: __TI_decompress_rle24
	index: 1, handler: __TI_decompress_none


GLOBAL SYMBOLS: SORTED ALPHABETICALLY BY Name 

address   name                           
-------   ----                           
00000e19  C$$EXIT                        
00001097  CPUcpsie                       
00000f75  GPIODirModeSet                 
00000989  GPIOPadConfigSet               
00000eb9  GPIOPinConfigure               
00001021  GPIOPinTypePWM                 
00001033  GPIOPinTypeUART                
00000855  InitCCP                        
00000819  InitConsole                    
00001057  IntMasterEnable                
00000b25  MotorInit                      
00000abd  MotorPwmFlash                  
00000f9f  PWMGenConfigure                
000010a3  PWMGenEnable                   
00001067  PWMGenPeriodSet                
00001045  PWMOutputState                 
00000fc1  PWMPulseWidthSet               
000010af  ResetISR                       
UNDEFED   SHT$$INIT_ARRAY$$Base          
UNDEFED   SHT$$INIT_ARRAY$$Limit         
00000ff9  SysCtlPWMClockSet              
00000f41  SysCtlPeripheralEnable         
00001079  SysTickPeriodSet               
000007df  TIMER3IntHandler               
00000781  TIMERA0init                    
000007eb  Timer0IntHandler               
000010c7  TimerIntClear                  
000010bb  UARTClockSourceSet             
0000026d  UARTStdioConfig                
000003e5  UARTgetc                       
0000031f  UARTgets                       
00000713  UARTprintf                     
00000419  UARTvprintf                    
000002cd  UARTwrite                      
20000200  __STACK_END                    
00000200  __STACK_SIZE                   
20000200  __STACK_TOP                    
000011bc  __TI_CINIT_Base                
000011cc  __TI_CINIT_Limit               
000011b4  __TI_Handler_Table_Base        
000011bc  __TI_Handler_Table_Limit       
00000ce9  __TI_auto_init                 
20000200  __TI_cleanup_ptr               
00001089  __TI_decompress_none           
000010c1  __TI_decompress_rle24          
20000204  __TI_dtors_ptr                 
20000208  __TI_enable_exit_profile_output
ffffffff  __TI_pprof_out_hndl            
ffffffff  __TI_prof_data_size            
ffffffff  __TI_prof_data_start           
00000000  __TI_static_base__             
00000abb  __aeabi_idiv0                  
00000c6d  __aeabi_memclr                 
00000c6d  __aeabi_memclr4                
00000c6d  __aeabi_memclr8                
00000bd1  __aeabi_memcpy                 
00000bd1  __aeabi_memcpy4                
00000bd1  __aeabi_memcpy8                
00000c6f  __aeabi_memset                 
00000c6f  __aeabi_memset4                
00000c6f  __aeabi_memset8                
00000f01  __aeabi_uidiv                  
00000f01  __aeabi_uidivmod               
ffffffff  __binit__                      
ffffffff  __c_args__                     
00000ce7  __mpu_init                     
20000000  __stack                        
00000fe1  _args_main                     
00000dc5  _c_int00                       
2000020c  _lock                          
0000101b  _nop                           
00001013  _register_lock                 
0000100d  _register_unlock               
00000dc3  _system_post_cinit             
000010cb  _system_pre_init               
20000210  _unlock                        
00000e1d  abort                          
ffffffff  binit                          
00000e6d  copy_in                        
20000220  count                          
00000e25  exit                           
00000000  g_pfnVectors                   
0000090b  main                           
2000021c  main_func_sp                   
00000bd1  memcpy                         
00000c75  memset                         
00000749  systeminit                     


GLOBAL SYMBOLS: SORTED BY Symbol Address 

address   name                           
-------   ----                           
00000000  __TI_static_base__             
00000000  g_pfnVectors                   
00000200  __STACK_SIZE                   
0000026d  UARTStdioConfig                
000002cd  UARTwrite                      
0000031f  UARTgets                       
000003e5  UARTgetc                       
00000419  UARTvprintf                    
00000713  UARTprintf                     
00000749  systeminit                     
00000781  TIMERA0init                    
000007df  TIMER3IntHandler               
000007eb  Timer0IntHandler               
00000819  InitConsole                    
00000855  InitCCP                        
0000090b  main                           
00000989  GPIOPadConfigSet               
00000abb  __aeabi_idiv0                  
00000abd  MotorPwmFlash                  
00000b25  MotorInit                      
00000bd1  __aeabi_memcpy                 
00000bd1  __aeabi_memcpy4                
00000bd1  __aeabi_memcpy8                
00000bd1  memcpy                         
00000c6d  __aeabi_memclr                 
00000c6d  __aeabi_memclr4                
00000c6d  __aeabi_memclr8                
00000c6f  __aeabi_memset                 
00000c6f  __aeabi_memset4                
00000c6f  __aeabi_memset8                
00000c75  memset                         
00000ce7  __mpu_init                     
00000ce9  __TI_auto_init                 
00000dc3  _system_post_cinit             
00000dc5  _c_int00                       
00000e19  C$$EXIT                        
00000e1d  abort                          
00000e25  exit                           
00000e6d  copy_in                        
00000eb9  GPIOPinConfigure               
00000f01  __aeabi_uidiv                  
00000f01  __aeabi_uidivmod               
00000f41  SysCtlPeripheralEnable         
00000f75  GPIODirModeSet                 
00000f9f  PWMGenConfigure                
00000fc1  PWMPulseWidthSet               
00000fe1  _args_main                     
00000ff9  SysCtlPWMClockSet              
0000100d  _register_unlock               
00001013  _register_lock                 
0000101b  _nop                           
00001021  GPIOPinTypePWM                 
00001033  GPIOPinTypeUART                
00001045  PWMOutputState                 
00001057  IntMasterEnable                
00001067  PWMGenPeriodSet                
00001079  SysTickPeriodSet               
00001089  __TI_decompress_none           
00001097  CPUcpsie                       
000010a3  PWMGenEnable                   
000010af  ResetISR                       
000010bb  UARTClockSourceSet             
000010c1  __TI_decompress_rle24          
000010c7  TimerIntClear                  
000010cb  _system_pre_init               
000011b4  __TI_Handler_Table_Base        
000011bc  __TI_CINIT_Base                
000011bc  __TI_Handler_Table_Limit       
000011cc  __TI_CINIT_Limit               
20000000  __stack                        
20000200  __STACK_END                    
20000200  __STACK_TOP                    
20000200  __TI_cleanup_ptr               
20000204  __TI_dtors_ptr                 
20000208  __TI_enable_exit_profile_output
2000020c  _lock                          
20000210  _unlock                        
2000021c  main_func_sp                   
20000220  count                          
ffffffff  __TI_pprof_out_hndl            
ffffffff  __TI_prof_data_size            
ffffffff  __TI_prof_data_start           
ffffffff  __binit__                      
ffffffff  __c_args__                     
ffffffff  binit                          
UNDEFED   SHT$$INIT_ARRAY$$Base          
UNDEFED   SHT$$INIT_ARRAY$$Limit         

[87 symbols]
