<?xml version="1.0"?>
<link_info>
   <banner>TI ARM Linker PC v5.1.5</banner>
   <copyright>Copyright (c) 1996-2014 Texas Instruments Incorporated</copyright>
   <link_time>0x556f04dc</link_time>
   <link_errors>0x0</link_errors>
   <output_file>robomasters_1.out</output_file>
   <entry_point>
      <name>_c_int00</name>
      <address>0x725</address>
   </entry_point>
   <input_file_list>
      <input_file id="fl-2">
         <path>.\utils\</path>
         <kind>object</kind>
         <file>ustdlib.obj</file>
         <name>ustdlib.obj</name>
      </input_file>
      <input_file id="fl-3">
         <path>.\utils\</path>
         <kind>object</kind>
         <file>uartstdio.obj</file>
         <name>uartstdio.obj</name>
      </input_file>
      <input_file id="fl-4">
         <path>.\utils\</path>
         <kind>object</kind>
         <file>cpu_usage.obj</file>
         <name>cpu_usage.obj</name>
      </input_file>
      <input_file id="fl-5">
         <path>.\</path>
         <kind>object</kind>
         <file>tm4c123gh6pm_startup_ccs.obj</file>
         <name>tm4c123gh6pm_startup_ccs.obj</name>
      </input_file>
      <input_file id="fl-6">
         <path>.\</path>
         <kind>object</kind>
         <file>main.obj</file>
         <name>main.obj</name>
      </input_file>
      <input_file id="fl-134">
         <path>c:\ti\ccsv6\tools\compiler\arm_5.1.5\lib\</path>
         <kind>archive</kind>
         <file>rtsv7M4_T_le_v4SPD16_eabi.lib</file>
         <name>boot.obj</name>
      </input_file>
      <input_file id="fl-135">
         <path>c:\ti\ccsv6\tools\compiler\arm_5.1.5\lib\</path>
         <kind>archive</kind>
         <file>rtsv7M4_T_le_v4SPD16_eabi.lib</file>
         <name>copy_decompress_none.obj</name>
      </input_file>
      <input_file id="fl-136">
         <path>c:\ti\ccsv6\tools\compiler\arm_5.1.5\lib\</path>
         <kind>archive</kind>
         <file>rtsv7M4_T_le_v4SPD16_eabi.lib</file>
         <name>copy_decompress_rle.obj</name>
      </input_file>
      <input_file id="fl-137">
         <path>c:\ti\ccsv6\tools\compiler\arm_5.1.5\lib\</path>
         <kind>archive</kind>
         <file>rtsv7M4_T_le_v4SPD16_eabi.lib</file>
         <name>copy_zero_init.obj</name>
      </input_file>
      <input_file id="fl-138">
         <path>c:\ti\ccsv6\tools\compiler\arm_5.1.5\lib\</path>
         <kind>archive</kind>
         <file>rtsv7M4_T_le_v4SPD16_eabi.lib</file>
         <name>exit.obj</name>
      </input_file>
      <input_file id="fl-139">
         <path>c:\ti\ccsv6\tools\compiler\arm_5.1.5\lib\</path>
         <kind>archive</kind>
         <file>rtsv7M4_T_le_v4SPD16_eabi.lib</file>
         <name>memcpy_t2.obj</name>
      </input_file>
      <input_file id="fl-13a">
         <path>c:\ti\ccsv6\tools\compiler\arm_5.1.5\lib\</path>
         <kind>archive</kind>
         <file>rtsv7M4_T_le_v4SPD16_eabi.lib</file>
         <name>stkdepth_vars.obj</name>
      </input_file>
      <input_file id="fl-13b">
         <path>c:\ti\ccsv6\tools\compiler\arm_5.1.5\lib\</path>
         <kind>archive</kind>
         <file>rtsv7M4_T_le_v4SPD16_eabi.lib</file>
         <name>u_divt2.obj</name>
      </input_file>
      <input_file id="fl-13c">
         <path>c:\ti\ccsv6\tools\compiler\arm_5.1.5\lib\</path>
         <kind>archive</kind>
         <file>rtsv7M4_T_le_v4SPD16_eabi.lib</file>
         <name>_lock.obj</name>
      </input_file>
      <input_file id="fl-13d">
         <path>c:\ti\ccsv6\tools\compiler\arm_5.1.5\lib\</path>
         <kind>archive</kind>
         <file>rtsv7M4_T_le_v4SPD16_eabi.lib</file>
         <name>args_main.obj</name>
      </input_file>
      <input_file id="fl-13e">
         <path>c:\ti\ccsv6\tools\compiler\arm_5.1.5\lib\</path>
         <kind>archive</kind>
         <file>rtsv7M4_T_le_v4SPD16_eabi.lib</file>
         <name>auto_init.obj</name>
      </input_file>
      <input_file id="fl-13f">
         <path>c:\ti\ccsv6\tools\compiler\arm_5.1.5\lib\</path>
         <kind>archive</kind>
         <file>rtsv7M4_T_le_v4SPD16_eabi.lib</file>
         <name>cpy_tbl.obj</name>
      </input_file>
      <input_file id="fl-140">
         <path>C:\ti\TivaWare_C_Series-2.1.0.12573\driverlib\ccs\Debug\</path>
         <kind>archive</kind>
         <file>driverlib.lib</file>
         <name>sysctl.obj</name>
      </input_file>
      <input_file id="fl-141">
         <path>C:\ti\TivaWare_C_Series-2.1.0.12573\driverlib\ccs\Debug\</path>
         <kind>archive</kind>
         <file>driverlib.lib</file>
         <name>pwm.obj</name>
      </input_file>
      <input_file id="fl-142">
         <path>C:\ti\TivaWare_C_Series-2.1.0.12573\driverlib\ccs\Debug\</path>
         <kind>archive</kind>
         <file>driverlib.lib</file>
         <name>interrupt.obj</name>
      </input_file>
      <input_file id="fl-143">
         <path>C:\ti\TivaWare_C_Series-2.1.0.12573\driverlib\ccs\Debug\</path>
         <kind>archive</kind>
         <file>driverlib.lib</file>
         <name>gpio.obj</name>
      </input_file>
      <input_file id="fl-144">
         <path>C:\ti\TivaWare_C_Series-2.1.0.12573\driverlib\ccs\Debug\</path>
         <kind>archive</kind>
         <file>driverlib.lib</file>
         <name>cpu.obj</name>
      </input_file>
   </input_file_list>
   <object_component_list>
      <object_component id="oc-e">
         <name>.intvecs</name>
         <load_address>0x0</load_address>
         <run_address>0x0</run_address>
         <size>0x26c</size>
         <input_file_ref idref="fl-5"/>
      </object_component>
      <object_component id="oc-69">
         <name>.text</name>
         <load_address>0x26c</load_address>
         <run_address>0x26c</run_address>
         <size>0x1b0</size>
         <input_file_ref idref="fl-6"/>
      </object_component>
      <object_component id="oc-f2">
         <name>.text:GPIOPadConfigSet</name>
         <load_address>0x41c</load_address>
         <run_address>0x41c</run_address>
         <size>0x130</size>
         <input_file_ref idref="fl-143"/>
      </object_component>
      <object_component id="oc-3d">
         <name>.text</name>
         <load_address>0x54c</load_address>
         <run_address>0x54c</run_address>
         <size>0x9c</size>
         <input_file_ref idref="fl-139"/>
      </object_component>
      <object_component id="oc-2c">
         <name>.text</name>
         <load_address>0x5e8</load_address>
         <run_address>0x5e8</run_address>
         <size>0x94</size>
         <input_file_ref idref="fl-13e"/>
      </object_component>
      <object_component id="oc-4f">
         <name>.text</name>
         <load_address>0x67c</load_address>
         <run_address>0x67c</run_address>
         <size>0x5e</size>
         <input_file_ref idref="fl-136"/>
      </object_component>
      <object_component id="oc-9b">
         <name>.text:GPIOPinConfigure</name>
         <load_address>0x6dc</load_address>
         <run_address>0x6dc</run_address>
         <size>0x48</size>
         <input_file_ref idref="fl-143"/>
      </object_component>
      <object_component id="oc-10">
         <name>.text</name>
         <load_address>0x724</load_address>
         <run_address>0x724</run_address>
         <size>0x48</size>
         <input_file_ref idref="fl-134"/>
      </object_component>
      <object_component id="oc-63">
         <name>.text</name>
         <load_address>0x76c</load_address>
         <run_address>0x76c</run_address>
         <size>0x44</size>
         <input_file_ref idref="fl-13f"/>
      </object_component>
      <object_component id="oc-35">
         <name>.text</name>
         <load_address>0x7b0</load_address>
         <run_address>0x7b0</run_address>
         <size>0x44</size>
         <input_file_ref idref="fl-138"/>
      </object_component>
      <object_component id="oc-91">
         <name>.text:SysCtlPeripheralEnable</name>
         <load_address>0x7f4</load_address>
         <run_address>0x7f4</run_address>
         <size>0x34</size>
         <input_file_ref idref="fl-140"/>
      </object_component>
      <object_component id="oc-ed">
         <name>.text:GPIODirModeSet</name>
         <load_address>0x828</load_address>
         <run_address>0x828</run_address>
         <size>0x2a</size>
         <input_file_ref idref="fl-143"/>
      </object_component>
      <object_component id="oc-a5">
         <name>.text:PWMGenConfigure</name>
         <load_address>0x852</load_address>
         <run_address>0x852</run_address>
         <size>0x22</size>
         <input_file_ref idref="fl-141"/>
      </object_component>
      <object_component id="oc-af">
         <name>.text:PWMPulseWidthSet</name>
         <load_address>0x874</load_address>
         <run_address>0x874</run_address>
         <size>0x1e</size>
         <input_file_ref idref="fl-141"/>
      </object_component>
      <object_component id="oc-30">
         <name>.text</name>
         <load_address>0x894</load_address>
         <run_address>0x894</run_address>
         <size>0x18</size>
         <input_file_ref idref="fl-13d"/>
      </object_component>
      <object_component id="oc-a0">
         <name>.text:SysCtlPWMClockSet</name>
         <load_address>0x8ac</load_address>
         <run_address>0x8ac</run_address>
         <size>0x14</size>
         <input_file_ref idref="fl-140"/>
      </object_component>
      <object_component id="oc-d3">
         <name>.text</name>
         <load_address>0x8c0</load_address>
         <run_address>0x8c0</run_address>
         <size>0x14</size>
         <input_file_ref idref="fl-13c"/>
      </object_component>
      <object_component id="oc-be">
         <name>.text:GPIOPinTypeGPIOInput</name>
         <load_address>0x8d4</load_address>
         <run_address>0x8d4</run_address>
         <size>0x12</size>
         <input_file_ref idref="fl-143"/>
      </object_component>
      <object_component id="oc-96">
         <name>.text:GPIOPinTypePWM</name>
         <load_address>0x8e6</load_address>
         <run_address>0x8e6</run_address>
         <size>0x12</size>
         <input_file_ref idref="fl-143"/>
      </object_component>
      <object_component id="oc-b4">
         <name>.text:PWMOutputState</name>
         <load_address>0x8f8</load_address>
         <run_address>0x8f8</run_address>
         <size>0x12</size>
         <input_file_ref idref="fl-141"/>
      </object_component>
      <object_component id="oc-aa">
         <name>.text:PWMGenPeriodSet</name>
         <load_address>0x90a</load_address>
         <run_address>0x90a</run_address>
         <size>0x10</size>
         <input_file_ref idref="fl-141"/>
      </object_component>
      <object_component id="oc-14">
         <name>.text:decompress:none</name>
         <load_address>0x91a</load_address>
         <run_address>0x91a</run_address>
         <size>0xe</size>
         <input_file_ref idref="fl-135"/>
      </object_component>
      <object_component id="oc-b9">
         <name>.text:PWMGenEnable</name>
         <load_address>0x928</load_address>
         <run_address>0x928</run_address>
         <size>0xc</size>
         <input_file_ref idref="fl-141"/>
      </object_component>
      <object_component id="oc-24">
         <name>.text</name>
         <load_address>0x934</load_address>
         <run_address>0x934</run_address>
         <size>0xc</size>
         <input_file_ref idref="fl-5"/>
      </object_component>
      <object_component id="oc-c3">
         <name>.text:GPIOPinRead</name>
         <load_address>0x940</load_address>
         <run_address>0x940</run_address>
         <size>0x6</size>
         <input_file_ref idref="fl-143"/>
      </object_component>
      <object_component id="oc-c8">
         <name>.text:SysCtlDelay</name>
         <load_address>0x946</load_address>
         <run_address>0x946</run_address>
         <size>0x6</size>
         <input_file_ref idref="fl-140"/>
      </object_component>
      <object_component id="oc-1e">
         <name>.text:decompress:rle24</name>
         <load_address>0x94c</load_address>
         <run_address>0x94c</run_address>
         <size>0x6</size>
         <input_file_ref idref="fl-136"/>
      </object_component>
      <object_component id="oc-f8">
         <name>.const:g_pui32GPIOBaseAddrs</name>
         <load_address>0x954</load_address>
         <run_address>0x954</run_address>
         <size>0x90</size>
         <input_file_ref idref="fl-143"/>
      </object_component>
      <object_component id="oc-13a">
         <name>.cinit..data.load</name>
         <load_address>0x9e8</load_address>
         <run_address>0x9e8</run_address>
         <size>0x11</size>
      </object_component>
      <object_component id="oc-138">
         <name>__TI_handler_table</name>
         <load_address>0x9fc</load_address>
         <run_address>0x9fc</run_address>
         <size>0x8</size>
      </object_component>
      <object_component id="oc-139">
         <name>__TI_cinit_table</name>
         <load_address>0xa04</load_address>
         <run_address>0xa04</run_address>
         <size>0x8</size>
      </object_component>
      <object_component id="oc-3a">
         <name>.data</name>
         <load_address>0x20000210</load_address>
         <run_address>0x20000210</run_address>
         <size>0x4</size>
         <input_file_ref idref="fl-13a"/>
      </object_component>
      <object_component id="oc-75">
         <name>.data</name>
         <load_address>0x20000200</load_address>
         <run_address>0x20000200</run_address>
         <size>0x8</size>
         <input_file_ref idref="fl-13c"/>
      </object_component>
      <object_component id="oc-77">
         <name>.data</name>
         <load_address>0x20000208</load_address>
         <run_address>0x20000208</run_address>
         <size>0x8</size>
         <input_file_ref idref="fl-138"/>
      </object_component>
      <object_component id="oc-c9">
         <name>.data</name>
         <load_address>0x20000214</load_address>
         <run_address>0x20000214</run_address>
         <size>0x2</size>
         <input_file_ref idref="fl-6"/>
      </object_component>
      <object_component id="oc-23">
         <name>.stack</name>
         <uninitialized>true</uninitialized>
         <run_address>0x20000000</run_address>
         <size>0x0</size>
         <input_file_ref idref="fl-134"/>
      </object_component>
      <object_component id="oc-13b">
         <name>.stack</name>
         <uninitialized>true</uninitialized>
         <run_address>0x20000000</run_address>
         <size>0x0</size>
      </object_component>
      <object_component id="oc-f">
         <name>.debug_info</name>
         <load_address>0x0</load_address>
         <run_address>0x0</run_address>
         <size>0xe7</size>
         <input_file_ref idref="fl-5"/>
      </object_component>
      <object_component id="oc-11">
         <name>.debug_info</name>
         <load_address>0xe7</load_address>
         <run_address>0xe7</run_address>
         <size>0xf3</size>
         <input_file_ref idref="fl-134"/>
      </object_component>
      <object_component id="oc-16">
         <name>.debug_info</name>
         <load_address>0x1da</load_address>
         <run_address>0x1da</run_address>
         <size>0x194</size>
         <input_file_ref idref="fl-135"/>
      </object_component>
      <object_component id="oc-1f">
         <name>.debug_info</name>
         <load_address>0x36e</load_address>
         <run_address>0x36e</run_address>
         <size>0x18e</size>
         <input_file_ref idref="fl-136"/>
      </object_component>
      <object_component id="oc-26">
         <name>.debug_info</name>
         <load_address>0x4fc</load_address>
         <run_address>0x4fc</run_address>
         <size>0x263</size>
         <input_file_ref idref="fl-5"/>
      </object_component>
      <object_component id="oc-2b">
         <name>.debug_info</name>
         <load_address>0x75f</load_address>
         <run_address>0x75f</run_address>
         <size>0xfc</size>
         <input_file_ref idref="fl-5"/>
      </object_component>
      <object_component id="oc-2d">
         <name>.debug_info</name>
         <load_address>0x85b</load_address>
         <run_address>0x85b</run_address>
         <size>0x13d</size>
         <input_file_ref idref="fl-13e"/>
      </object_component>
      <object_component id="oc-33">
         <name>.debug_info</name>
         <load_address>0x998</load_address>
         <run_address>0x998</run_address>
         <size>0x11c</size>
         <input_file_ref idref="fl-13d"/>
      </object_component>
      <object_component id="oc-36">
         <name>.debug_info</name>
         <load_address>0xab4</load_address>
         <run_address>0xab4</run_address>
         <size>0x1c2</size>
         <input_file_ref idref="fl-138"/>
      </object_component>
      <object_component id="oc-3b">
         <name>.debug_info</name>
         <load_address>0xc76</load_address>
         <run_address>0xc76</run_address>
         <size>0xbe</size>
         <input_file_ref idref="fl-13a"/>
      </object_component>
      <object_component id="oc-3e">
         <name>.debug_info</name>
         <load_address>0xd34</load_address>
         <run_address>0xd34</run_address>
         <size>0xcc</size>
         <input_file_ref idref="fl-139"/>
      </object_component>
      <object_component id="oc-42">
         <name>.debug_info</name>
         <load_address>0xe00</load_address>
         <run_address>0xe00</run_address>
         <size>0x46</size>
         <input_file_ref idref="fl-135"/>
      </object_component>
      <object_component id="oc-47">
         <name>.debug_info</name>
         <load_address>0xe46</load_address>
         <run_address>0xe46</run_address>
         <size>0xf2</size>
         <input_file_ref idref="fl-135"/>
      </object_component>
      <object_component id="oc-50">
         <name>.debug_info</name>
         <load_address>0xf38</load_address>
         <run_address>0xf38</run_address>
         <size>0x1ef</size>
         <input_file_ref idref="fl-136"/>
      </object_component>
      <object_component id="oc-55">
         <name>.debug_info</name>
         <load_address>0x1127</load_address>
         <run_address>0x1127</run_address>
         <size>0xb7</size>
         <input_file_ref idref="fl-136"/>
      </object_component>
      <object_component id="oc-56">
         <name>.debug_info</name>
         <load_address>0x11de</load_address>
         <run_address>0x11de</run_address>
         <size>0x39</size>
         <input_file_ref idref="fl-136"/>
      </object_component>
      <object_component id="oc-5e">
         <name>.debug_info</name>
         <load_address>0x1217</load_address>
         <run_address>0x1217</run_address>
         <size>0x18b</size>
         <input_file_ref idref="fl-2"/>
      </object_component>
      <object_component id="oc-64">
         <name>.debug_info</name>
         <load_address>0x13a2</load_address>
         <run_address>0x13a2</run_address>
         <size>0x14b</size>
         <input_file_ref idref="fl-13f"/>
      </object_component>
      <object_component id="oc-6c">
         <name>.debug_info</name>
         <load_address>0x14ed</load_address>
         <run_address>0x14ed</run_address>
         <size>0x4a9</size>
         <input_file_ref idref="fl-6"/>
      </object_component>
      <object_component id="oc-6f">
         <name>.debug_info</name>
         <load_address>0x1996</load_address>
         <run_address>0x1996</run_address>
         <size>0x84</size>
         <input_file_ref idref="fl-2"/>
      </object_component>
      <object_component id="oc-74">
         <name>.debug_info</name>
         <load_address>0x1a1a</load_address>
         <run_address>0x1a1a</run_address>
         <size>0x11b</size>
         <input_file_ref idref="fl-13d"/>
      </object_component>
      <object_component id="oc-76">
         <name>.debug_info</name>
         <load_address>0x1b35</load_address>
         <run_address>0x1b35</run_address>
         <size>0xc8</size>
         <input_file_ref idref="fl-13c"/>
      </object_component>
      <object_component id="oc-78">
         <name>.debug_info</name>
         <load_address>0x1bfd</load_address>
         <run_address>0x1bfd</run_address>
         <size>0xeb</size>
         <input_file_ref idref="fl-138"/>
      </object_component>
      <object_component id="oc-7a">
         <name>.debug_info</name>
         <load_address>0x1ce8</load_address>
         <run_address>0x1ce8</run_address>
         <size>0x146</size>
         <input_file_ref idref="fl-138"/>
      </object_component>
      <object_component id="oc-7e">
         <name>.debug_info</name>
         <load_address>0x1e2e</load_address>
         <run_address>0x1e2e</run_address>
         <size>0x2c</size>
         <input_file_ref idref="fl-135"/>
      </object_component>
      <object_component id="oc-85">
         <name>.debug_info</name>
         <load_address>0x1e5a</load_address>
         <run_address>0x1e5a</run_address>
         <size>0x2c</size>
         <input_file_ref idref="fl-137"/>
      </object_component>
      <object_component id="oc-90">
         <name>.debug_info</name>
         <load_address>0x1e86</load_address>
         <run_address>0x1e86</run_address>
         <size>0x148</size>
         <input_file_ref idref="fl-13f"/>
      </object_component>
      <object_component id="oc-93">
         <name>.debug_info</name>
         <load_address>0x1fce</load_address>
         <run_address>0x1fce</run_address>
         <size>0x1e1</size>
         <input_file_ref idref="fl-140"/>
      </object_component>
      <object_component id="oc-97">
         <name>.debug_info</name>
         <load_address>0x21af</load_address>
         <run_address>0x21af</run_address>
         <size>0x1dd</size>
         <input_file_ref idref="fl-143"/>
      </object_component>
      <object_component id="oc-9d">
         <name>.debug_info</name>
         <load_address>0x238c</load_address>
         <run_address>0x238c</run_address>
         <size>0x1e4</size>
         <input_file_ref idref="fl-143"/>
      </object_component>
      <object_component id="oc-a1">
         <name>.debug_info</name>
         <load_address>0x2570</load_address>
         <run_address>0x2570</run_address>
         <size>0x1c7</size>
         <input_file_ref idref="fl-140"/>
      </object_component>
      <object_component id="oc-a6">
         <name>.debug_info</name>
         <load_address>0x2737</load_address>
         <run_address>0x2737</run_address>
         <size>0x217</size>
         <input_file_ref idref="fl-141"/>
      </object_component>
      <object_component id="oc-ab">
         <name>.debug_info</name>
         <load_address>0x294e</load_address>
         <run_address>0x294e</run_address>
         <size>0x21a</size>
         <input_file_ref idref="fl-141"/>
      </object_component>
      <object_component id="oc-b0">
         <name>.debug_info</name>
         <load_address>0x2b68</load_address>
         <run_address>0x2b68</run_address>
         <size>0x25a</size>
         <input_file_ref idref="fl-141"/>
      </object_component>
      <object_component id="oc-b5">
         <name>.debug_info</name>
         <load_address>0x2dc2</load_address>
         <run_address>0x2dc2</run_address>
         <size>0x228</size>
         <input_file_ref idref="fl-141"/>
      </object_component>
      <object_component id="oc-ba">
         <name>.debug_info</name>
         <load_address>0x2fea</load_address>
         <run_address>0x2fea</run_address>
         <size>0x1da</size>
         <input_file_ref idref="fl-141"/>
      </object_component>
      <object_component id="oc-c0">
         <name>.debug_info</name>
         <load_address>0x31c4</load_address>
         <run_address>0x31c4</run_address>
         <size>0x1e9</size>
         <input_file_ref idref="fl-143"/>
      </object_component>
      <object_component id="oc-c5">
         <name>.debug_info</name>
         <load_address>0x33ad</load_address>
         <run_address>0x33ad</run_address>
         <size>0x1df</size>
         <input_file_ref idref="fl-143"/>
      </object_component>
      <object_component id="oc-ca">
         <name>.debug_info</name>
         <load_address>0x358c</load_address>
         <run_address>0x358c</run_address>
         <size>0xc5</size>
         <input_file_ref idref="fl-6"/>
      </object_component>
      <object_component id="oc-ce">
         <name>.debug_info</name>
         <load_address>0x3651</load_address>
         <run_address>0x3651</run_address>
         <size>0x5e</size>
         <input_file_ref idref="fl-13d"/>
      </object_component>
      <object_component id="oc-d4">
         <name>.debug_info</name>
         <load_address>0x36af</load_address>
         <run_address>0x36af</run_address>
         <size>0x1d4</size>
         <input_file_ref idref="fl-13c"/>
      </object_component>
      <object_component id="oc-da">
         <name>.debug_info</name>
         <load_address>0x3883</load_address>
         <run_address>0x3883</run_address>
         <size>0xd9</size>
         <input_file_ref idref="fl-13c"/>
      </object_component>
      <object_component id="oc-e1">
         <name>.debug_info</name>
         <load_address>0x395c</load_address>
         <run_address>0x395c</run_address>
         <size>0xcd</size>
         <input_file_ref idref="fl-13f"/>
      </object_component>
      <object_component id="oc-e7">
         <name>.debug_info</name>
         <load_address>0x3a29</load_address>
         <run_address>0x3a29</run_address>
         <size>0x18b</size>
         <input_file_ref idref="fl-140"/>
      </object_component>
      <object_component id="oc-ec">
         <name>.debug_info</name>
         <load_address>0x3bb4</load_address>
         <run_address>0x3bb4</run_address>
         <size>0x226</size>
         <input_file_ref idref="fl-140"/>
      </object_component>
      <object_component id="oc-ee">
         <name>.debug_info</name>
         <load_address>0x3dda</load_address>
         <run_address>0x3dda</run_address>
         <size>0x217</size>
         <input_file_ref idref="fl-143"/>
      </object_component>
      <object_component id="oc-f3">
         <name>.debug_info</name>
         <load_address>0x3ff1</load_address>
         <run_address>0x3ff1</run_address>
         <size>0x312</size>
         <input_file_ref idref="fl-143"/>
      </object_component>
      <object_component id="oc-f9">
         <name>.debug_info</name>
         <load_address>0x4303</load_address>
         <run_address>0x4303</run_address>
         <size>0x10d</size>
         <input_file_ref idref="fl-143"/>
      </object_component>
      <object_component id="oc-fb">
         <name>.debug_info</name>
         <load_address>0x4410</load_address>
         <run_address>0x4410</run_address>
         <size>0x1d7</size>
         <input_file_ref idref="fl-143"/>
      </object_component>
      <object_component id="oc-fe">
         <name>.debug_info</name>
         <load_address>0x45e7</load_address>
         <run_address>0x45e7</run_address>
         <size>0x194</size>
         <input_file_ref idref="fl-141"/>
      </object_component>
      <object_component id="oc-102">
         <name>.debug_info</name>
         <load_address>0x477b</load_address>
         <run_address>0x477b</run_address>
         <size>0x90</size>
         <input_file_ref idref="fl-140"/>
      </object_component>
      <object_component id="oc-111">
         <name>.debug_info</name>
         <load_address>0x480b</load_address>
         <run_address>0x480b</run_address>
         <size>0x5f</size>
         <input_file_ref idref="fl-140"/>
      </object_component>
      <object_component id="oc-13c">
         <name>.debug_info</name>
         <load_address>0x486a</load_address>
         <run_address>0x486a</run_address>
         <size>0xa1</size>
      </object_component>
      <object_component id="oc-12">
         <name>.debug_line</name>
         <load_address>0x0</load_address>
         <run_address>0x0</run_address>
         <size>0x4f</size>
         <input_file_ref idref="fl-134"/>
      </object_component>
      <object_component id="oc-18">
         <name>.debug_line</name>
         <load_address>0x4f</load_address>
         <run_address>0x4f</run_address>
         <size>0x55</size>
         <input_file_ref idref="fl-135"/>
      </object_component>
      <object_component id="oc-20">
         <name>.debug_line</name>
         <load_address>0xa4</load_address>
         <run_address>0xa4</run_address>
         <size>0x4b</size>
         <input_file_ref idref="fl-136"/>
      </object_component>
      <object_component id="oc-27">
         <name>.debug_line</name>
         <load_address>0xef</load_address>
         <run_address>0xef</run_address>
         <size>0xa1</size>
         <input_file_ref idref="fl-5"/>
      </object_component>
      <object_component id="oc-2a">
         <name>.debug_line</name>
         <load_address>0x190</load_address>
         <run_address>0x190</run_address>
         <size>0x41</size>
         <input_file_ref idref="fl-5"/>
      </object_component>
      <object_component id="oc-2e">
         <name>.debug_line</name>
         <load_address>0x1d1</load_address>
         <run_address>0x1d1</run_address>
         <size>0x87</size>
         <input_file_ref idref="fl-13e"/>
      </object_component>
      <object_component id="oc-31">
         <name>.debug_line</name>
         <load_address>0x258</load_address>
         <run_address>0x258</run_address>
         <size>0x50</size>
         <input_file_ref idref="fl-13d"/>
      </object_component>
      <object_component id="oc-38">
         <name>.debug_line</name>
         <load_address>0x2a8</load_address>
         <run_address>0x2a8</run_address>
         <size>0x7a</size>
         <input_file_ref idref="fl-138"/>
      </object_component>
      <object_component id="oc-40">
         <name>.debug_line</name>
         <load_address>0x322</load_address>
         <run_address>0x322</run_address>
         <size>0x88</size>
         <input_file_ref idref="fl-139"/>
      </object_component>
      <object_component id="oc-44">
         <name>.debug_line</name>
         <load_address>0x3aa</load_address>
         <run_address>0x3aa</run_address>
         <size>0x3a</size>
         <input_file_ref idref="fl-135"/>
      </object_component>
      <object_component id="oc-51">
         <name>.debug_line</name>
         <load_address>0x3e4</load_address>
         <run_address>0x3e4</run_address>
         <size>0x8c</size>
         <input_file_ref idref="fl-136"/>
      </object_component>
      <object_component id="oc-58">
         <name>.debug_line</name>
         <load_address>0x470</load_address>
         <run_address>0x470</run_address>
         <size>0x39</size>
         <input_file_ref idref="fl-136"/>
      </object_component>
      <object_component id="oc-5d">
         <name>.debug_line</name>
         <load_address>0x4a9</load_address>
         <run_address>0x4a9</run_address>
         <size>0x41</size>
         <input_file_ref idref="fl-5"/>
      </object_component>
      <object_component id="oc-60">
         <name>.debug_line</name>
         <load_address>0x4ea</load_address>
         <run_address>0x4ea</run_address>
         <size>0x59</size>
         <input_file_ref idref="fl-2"/>
      </object_component>
      <object_component id="oc-66">
         <name>.debug_line</name>
         <load_address>0x543</load_address>
         <run_address>0x543</run_address>
         <size>0x6d</size>
         <input_file_ref idref="fl-13f"/>
      </object_component>
      <object_component id="oc-6b">
         <name>.debug_line</name>
         <load_address>0x5b0</load_address>
         <run_address>0x5b0</run_address>
         <size>0xd4</size>
         <input_file_ref idref="fl-6"/>
      </object_component>
      <object_component id="oc-71">
         <name>.debug_line</name>
         <load_address>0x684</load_address>
         <run_address>0x684</run_address>
         <size>0x20</size>
         <input_file_ref idref="fl-2"/>
      </object_component>
      <object_component id="oc-7c">
         <name>.debug_line</name>
         <load_address>0x6a4</load_address>
         <run_address>0x6a4</run_address>
         <size>0x33</size>
         <input_file_ref idref="fl-13a"/>
      </object_component>
      <object_component id="oc-80">
         <name>.debug_line</name>
         <load_address>0x6d7</load_address>
         <run_address>0x6d7</run_address>
         <size>0x44</size>
         <input_file_ref idref="fl-135"/>
      </object_component>
      <object_component id="oc-84">
         <name>.debug_line</name>
         <load_address>0x71b</load_address>
         <run_address>0x71b</run_address>
         <size>0x20</size>
         <input_file_ref idref="fl-135"/>
      </object_component>
      <object_component id="oc-87">
         <name>.debug_line</name>
         <load_address>0x73b</load_address>
         <run_address>0x73b</run_address>
         <size>0x44</size>
         <input_file_ref idref="fl-137"/>
      </object_component>
      <object_component id="oc-8e">
         <name>.debug_line</name>
         <load_address>0x77f</load_address>
         <run_address>0x77f</run_address>
         <size>0x20</size>
         <input_file_ref idref="fl-136"/>
      </object_component>
      <object_component id="oc-92">
         <name>.debug_line</name>
         <load_address>0x79f</load_address>
         <run_address>0x79f</run_address>
         <size>0x6d</size>
         <input_file_ref idref="fl-140"/>
      </object_component>
      <object_component id="oc-98">
         <name>.debug_line</name>
         <load_address>0x80c</load_address>
         <run_address>0x80c</run_address>
         <size>0x6c</size>
         <input_file_ref idref="fl-143"/>
      </object_component>
      <object_component id="oc-9e">
         <name>.debug_line</name>
         <load_address>0x878</load_address>
         <run_address>0x878</run_address>
         <size>0x80</size>
         <input_file_ref idref="fl-143"/>
      </object_component>
      <object_component id="oc-a3">
         <name>.debug_line</name>
         <load_address>0x8f8</load_address>
         <run_address>0x8f8</run_address>
         <size>0x6d</size>
         <input_file_ref idref="fl-140"/>
      </object_component>
      <object_component id="oc-a7">
         <name>.debug_line</name>
         <load_address>0x965</load_address>
         <run_address>0x965</run_address>
         <size>0x74</size>
         <input_file_ref idref="fl-141"/>
      </object_component>
      <object_component id="oc-ac">
         <name>.debug_line</name>
         <load_address>0x9d9</load_address>
         <run_address>0x9d9</run_address>
         <size>0x6f</size>
         <input_file_ref idref="fl-141"/>
      </object_component>
      <object_component id="oc-b1">
         <name>.debug_line</name>
         <load_address>0xa48</load_address>
         <run_address>0xa48</run_address>
         <size>0x77</size>
         <input_file_ref idref="fl-141"/>
      </object_component>
      <object_component id="oc-b6">
         <name>.debug_line</name>
         <load_address>0xabf</load_address>
         <run_address>0xabf</run_address>
         <size>0x6e</size>
         <input_file_ref idref="fl-141"/>
      </object_component>
      <object_component id="oc-bb">
         <name>.debug_line</name>
         <load_address>0xb2d</load_address>
         <run_address>0xb2d</run_address>
         <size>0x6a</size>
         <input_file_ref idref="fl-141"/>
      </object_component>
      <object_component id="oc-c1">
         <name>.debug_line</name>
         <load_address>0xb97</load_address>
         <run_address>0xb97</run_address>
         <size>0x6c</size>
         <input_file_ref idref="fl-143"/>
      </object_component>
      <object_component id="oc-c6">
         <name>.debug_line</name>
         <load_address>0xc03</load_address>
         <run_address>0xc03</run_address>
         <size>0x6b</size>
         <input_file_ref idref="fl-143"/>
      </object_component>
      <object_component id="oc-cd">
         <name>.debug_line</name>
         <load_address>0xc6e</load_address>
         <run_address>0xc6e</run_address>
         <size>0x2b</size>
         <input_file_ref idref="fl-13d"/>
      </object_component>
      <object_component id="oc-d0">
         <name>.debug_line</name>
         <load_address>0xc99</load_address>
         <run_address>0xc99</run_address>
         <size>0x2b</size>
         <input_file_ref idref="fl-13d"/>
      </object_component>
      <object_component id="oc-d7">
         <name>.debug_line</name>
         <load_address>0xcc4</load_address>
         <run_address>0xcc4</run_address>
         <size>0x66</size>
         <input_file_ref idref="fl-13c"/>
      </object_component>
      <object_component id="oc-d9">
         <name>.debug_line</name>
         <load_address>0xd2a</load_address>
         <run_address>0xd2a</run_address>
         <size>0x2b</size>
         <input_file_ref idref="fl-13c"/>
      </object_component>
      <object_component id="oc-dc">
         <name>.debug_line</name>
         <load_address>0xd55</load_address>
         <run_address>0xd55</run_address>
         <size>0x2a</size>
         <input_file_ref idref="fl-138"/>
      </object_component>
      <object_component id="oc-de">
         <name>.debug_line</name>
         <load_address>0xd7f</load_address>
         <run_address>0xd7f</run_address>
         <size>0x43</size>
         <input_file_ref idref="fl-138"/>
      </object_component>
      <object_component id="oc-e0">
         <name>.debug_line</name>
         <load_address>0xdc2</load_address>
         <run_address>0xdc2</run_address>
         <size>0x51</size>
         <input_file_ref idref="fl-13f"/>
      </object_component>
      <object_component id="oc-e3">
         <name>.debug_line</name>
         <load_address>0xe13</load_address>
         <run_address>0xe13</run_address>
         <size>0x45</size>
         <input_file_ref idref="fl-13f"/>
      </object_component>
      <object_component id="oc-e9">
         <name>.debug_line</name>
         <load_address>0xe58</load_address>
         <run_address>0xe58</run_address>
         <size>0x5e</size>
         <input_file_ref idref="fl-140"/>
      </object_component>
      <object_component id="oc-ef">
         <name>.debug_line</name>
         <load_address>0xeb6</load_address>
         <run_address>0xeb6</run_address>
         <size>0x6e</size>
         <input_file_ref idref="fl-143"/>
      </object_component>
      <object_component id="oc-f4">
         <name>.debug_line</name>
         <load_address>0xf24</load_address>
         <run_address>0xf24</run_address>
         <size>0xaf</size>
         <input_file_ref idref="fl-143"/>
      </object_component>
      <object_component id="oc-104">
         <name>.debug_line</name>
         <load_address>0xfd3</load_address>
         <run_address>0xfd3</run_address>
         <size>0x20</size>
         <input_file_ref idref="fl-140"/>
      </object_component>
      <object_component id="oc-10b">
         <name>.debug_line</name>
         <load_address>0xff3</load_address>
         <run_address>0xff3</run_address>
         <size>0x2d</size>
         <input_file_ref idref="fl-6"/>
      </object_component>
      <object_component id="oc-10e">
         <name>.debug_line</name>
         <load_address>0x1020</load_address>
         <run_address>0x1020</run_address>
         <size>0x20</size>
         <input_file_ref idref="fl-13c"/>
      </object_component>
      <object_component id="oc-110">
         <name>.debug_line</name>
         <load_address>0x1040</load_address>
         <run_address>0x1040</run_address>
         <size>0xc8</size>
         <input_file_ref idref="fl-140"/>
      </object_component>
      <object_component id="oc-113">
         <name>.debug_line</name>
         <load_address>0x1108</load_address>
         <run_address>0x1108</run_address>
         <size>0x58</size>
         <input_file_ref idref="fl-140"/>
      </object_component>
      <object_component id="oc-119">
         <name>.debug_line</name>
         <load_address>0x1160</load_address>
         <run_address>0x1160</run_address>
         <size>0x56</size>
         <input_file_ref idref="fl-143"/>
      </object_component>
      <object_component id="oc-11b">
         <name>.debug_line</name>
         <load_address>0x11b6</load_address>
         <run_address>0x11b6</run_address>
         <size>0x5b</size>
         <input_file_ref idref="fl-143"/>
      </object_component>
      <object_component id="oc-11d">
         <name>.debug_line</name>
         <load_address>0x1211</load_address>
         <run_address>0x1211</run_address>
         <size>0x5b</size>
         <input_file_ref idref="fl-141"/>
      </object_component>
      <object_component id="oc-13">
         <name>.debug_aranges</name>
         <load_address>0x0</load_address>
         <run_address>0x0</run_address>
         <size>0x20</size>
         <input_file_ref idref="fl-134"/>
      </object_component>
      <object_component id="oc-15">
         <name>.debug_aranges</name>
         <load_address>0x20</load_address>
         <run_address>0x20</run_address>
         <size>0x20</size>
         <input_file_ref idref="fl-135"/>
      </object_component>
      <object_component id="oc-21">
         <name>.debug_aranges</name>
         <load_address>0x40</load_address>
         <run_address>0x40</run_address>
         <size>0x20</size>
         <input_file_ref idref="fl-136"/>
      </object_component>
      <object_component id="oc-25">
         <name>.debug_aranges</name>
         <load_address>0x60</load_address>
         <run_address>0x60</run_address>
         <size>0x38</size>
         <input_file_ref idref="fl-5"/>
      </object_component>
      <object_component id="oc-2f">
         <name>.debug_aranges</name>
         <load_address>0x98</load_address>
         <run_address>0x98</run_address>
         <size>0x28</size>
         <input_file_ref idref="fl-13e"/>
      </object_component>
      <object_component id="oc-32">
         <name>.debug_aranges</name>
         <load_address>0xc0</load_address>
         <run_address>0xc0</run_address>
         <size>0x20</size>
         <input_file_ref idref="fl-13d"/>
      </object_component>
      <object_component id="oc-37">
         <name>.debug_aranges</name>
         <load_address>0xe0</load_address>
         <run_address>0xe0</run_address>
         <size>0x30</size>
         <input_file_ref idref="fl-138"/>
      </object_component>
      <object_component id="oc-3f">
         <name>.debug_aranges</name>
         <load_address>0x110</load_address>
         <run_address>0x110</run_address>
         <size>0x20</size>
         <input_file_ref idref="fl-139"/>
      </object_component>
      <object_component id="oc-53">
         <name>.debug_aranges</name>
         <load_address>0x130</load_address>
         <run_address>0x130</run_address>
         <size>0x20</size>
         <input_file_ref idref="fl-136"/>
      </object_component>
      <object_component id="oc-65">
         <name>.debug_aranges</name>
         <load_address>0x150</load_address>
         <run_address>0x150</run_address>
         <size>0x20</size>
         <input_file_ref idref="fl-13f"/>
      </object_component>
      <object_component id="oc-6d">
         <name>.debug_aranges</name>
         <load_address>0x170</load_address>
         <run_address>0x170</run_address>
         <size>0x38</size>
         <input_file_ref idref="fl-6"/>
      </object_component>
      <object_component id="oc-94">
         <name>.debug_aranges</name>
         <load_address>0x1a8</load_address>
         <run_address>0x1a8</run_address>
         <size>0x20</size>
         <input_file_ref idref="fl-140"/>
      </object_component>
      <object_component id="oc-9a">
         <name>.debug_aranges</name>
         <load_address>0x1c8</load_address>
         <run_address>0x1c8</run_address>
         <size>0x20</size>
         <input_file_ref idref="fl-143"/>
      </object_component>
      <object_component id="oc-9f">
         <name>.debug_aranges</name>
         <load_address>0x1e8</load_address>
         <run_address>0x1e8</run_address>
         <size>0x20</size>
         <input_file_ref idref="fl-143"/>
      </object_component>
      <object_component id="oc-a2">
         <name>.debug_aranges</name>
         <load_address>0x208</load_address>
         <run_address>0x208</run_address>
         <size>0x20</size>
         <input_file_ref idref="fl-140"/>
      </object_component>
      <object_component id="oc-a9">
         <name>.debug_aranges</name>
         <load_address>0x228</load_address>
         <run_address>0x228</run_address>
         <size>0x20</size>
         <input_file_ref idref="fl-141"/>
      </object_component>
      <object_component id="oc-ae">
         <name>.debug_aranges</name>
         <load_address>0x248</load_address>
         <run_address>0x248</run_address>
         <size>0x20</size>
         <input_file_ref idref="fl-141"/>
      </object_component>
      <object_component id="oc-b3">
         <name>.debug_aranges</name>
         <load_address>0x268</load_address>
         <run_address>0x268</run_address>
         <size>0x20</size>
         <input_file_ref idref="fl-141"/>
      </object_component>
      <object_component id="oc-b8">
         <name>.debug_aranges</name>
         <load_address>0x288</load_address>
         <run_address>0x288</run_address>
         <size>0x20</size>
         <input_file_ref idref="fl-141"/>
      </object_component>
      <object_component id="oc-bd">
         <name>.debug_aranges</name>
         <load_address>0x2a8</load_address>
         <run_address>0x2a8</run_address>
         <size>0x20</size>
         <input_file_ref idref="fl-141"/>
      </object_component>
      <object_component id="oc-c2">
         <name>.debug_aranges</name>
         <load_address>0x2c8</load_address>
         <run_address>0x2c8</run_address>
         <size>0x20</size>
         <input_file_ref idref="fl-143"/>
      </object_component>
      <object_component id="oc-c7">
         <name>.debug_aranges</name>
         <load_address>0x2e8</load_address>
         <run_address>0x2e8</run_address>
         <size>0x20</size>
         <input_file_ref idref="fl-143"/>
      </object_component>
      <object_component id="oc-d5">
         <name>.debug_aranges</name>
         <load_address>0x308</load_address>
         <run_address>0x308</run_address>
         <size>0x30</size>
         <input_file_ref idref="fl-13c"/>
      </object_component>
      <object_component id="oc-f1">
         <name>.debug_aranges</name>
         <load_address>0x338</load_address>
         <run_address>0x338</run_address>
         <size>0x20</size>
         <input_file_ref idref="fl-143"/>
      </object_component>
      <object_component id="oc-f6">
         <name>.debug_aranges</name>
         <load_address>0x358</load_address>
         <run_address>0x358</run_address>
         <size>0x20</size>
         <input_file_ref idref="fl-143"/>
      </object_component>
      <object_component id="oc-17">
         <name>.debug_frame</name>
         <load_address>0x0</load_address>
         <run_address>0x0</run_address>
         <size>0x7f</size>
         <input_file_ref idref="fl-135"/>
      </object_component>
      <object_component id="oc-22">
         <name>.debug_frame</name>
         <load_address>0x7f</load_address>
         <run_address>0x7f</run_address>
         <size>0x7f</size>
         <input_file_ref idref="fl-136"/>
      </object_component>
      <object_component id="oc-28">
         <name>.debug_frame</name>
         <load_address>0xfe</load_address>
         <run_address>0xfe</run_address>
         <size>0xb2</size>
         <input_file_ref idref="fl-5"/>
      </object_component>
      <object_component id="oc-34">
         <name>.debug_frame</name>
         <load_address>0x1b0</load_address>
         <run_address>0x1b0</run_address>
         <size>0x7f</size>
         <input_file_ref idref="fl-13d"/>
      </object_component>
      <object_component id="oc-39">
         <name>.debug_frame</name>
         <load_address>0x22f</load_address>
         <run_address>0x22f</run_address>
         <size>0xb3</size>
         <input_file_ref idref="fl-138"/>
      </object_component>
      <object_component id="oc-52">
         <name>.debug_frame</name>
         <load_address>0x2e2</load_address>
         <run_address>0x2e2</run_address>
         <size>0x8a</size>
         <input_file_ref idref="fl-136"/>
      </object_component>
      <object_component id="oc-67">
         <name>.debug_frame</name>
         <load_address>0x36c</load_address>
         <run_address>0x36c</run_address>
         <size>0x8a</size>
         <input_file_ref idref="fl-13f"/>
      </object_component>
      <object_component id="oc-6a">
         <name>.debug_frame</name>
         <load_address>0x3f6</load_address>
         <run_address>0x3f6</run_address>
         <size>0xd0</size>
         <input_file_ref idref="fl-6"/>
      </object_component>
      <object_component id="oc-95">
         <name>.debug_frame</name>
         <load_address>0x4c6</load_address>
         <run_address>0x4c6</run_address>
         <size>0x7f</size>
         <input_file_ref idref="fl-140"/>
      </object_component>
      <object_component id="oc-99">
         <name>.debug_frame</name>
         <load_address>0x545</load_address>
         <run_address>0x545</run_address>
         <size>0x87</size>
         <input_file_ref idref="fl-143"/>
      </object_component>
      <object_component id="oc-9c">
         <name>.debug_frame</name>
         <load_address>0x5cc</load_address>
         <run_address>0x5cc</run_address>
         <size>0x87</size>
         <input_file_ref idref="fl-143"/>
      </object_component>
      <object_component id="oc-a4">
         <name>.debug_frame</name>
         <load_address>0x653</load_address>
         <run_address>0x653</run_address>
         <size>0x7f</size>
         <input_file_ref idref="fl-140"/>
      </object_component>
      <object_component id="oc-a8">
         <name>.debug_frame</name>
         <load_address>0x6d2</load_address>
         <run_address>0x6d2</run_address>
         <size>0x7f</size>
         <input_file_ref idref="fl-141"/>
      </object_component>
      <object_component id="oc-ad">
         <name>.debug_frame</name>
         <load_address>0x751</load_address>
         <run_address>0x751</run_address>
         <size>0x7f</size>
         <input_file_ref idref="fl-141"/>
      </object_component>
      <object_component id="oc-b2">
         <name>.debug_frame</name>
         <load_address>0x7d0</load_address>
         <run_address>0x7d0</run_address>
         <size>0x7f</size>
         <input_file_ref idref="fl-141"/>
      </object_component>
      <object_component id="oc-b7">
         <name>.debug_frame</name>
         <load_address>0x84f</load_address>
         <run_address>0x84f</run_address>
         <size>0x7f</size>
         <input_file_ref idref="fl-141"/>
      </object_component>
      <object_component id="oc-bc">
         <name>.debug_frame</name>
         <load_address>0x8ce</load_address>
         <run_address>0x8ce</run_address>
         <size>0x7f</size>
         <input_file_ref idref="fl-141"/>
      </object_component>
      <object_component id="oc-bf">
         <name>.debug_frame</name>
         <load_address>0x94d</load_address>
         <run_address>0x94d</run_address>
         <size>0x87</size>
         <input_file_ref idref="fl-143"/>
      </object_component>
      <object_component id="oc-c4">
         <name>.debug_frame</name>
         <load_address>0x9d4</load_address>
         <run_address>0x9d4</run_address>
         <size>0x7f</size>
         <input_file_ref idref="fl-143"/>
      </object_component>
      <object_component id="oc-d6">
         <name>.debug_frame</name>
         <load_address>0xa53</load_address>
         <run_address>0xa53</run_address>
         <size>0xa1</size>
         <input_file_ref idref="fl-13c"/>
      </object_component>
      <object_component id="oc-f0">
         <name>.debug_frame</name>
         <load_address>0xaf4</load_address>
         <run_address>0xaf4</run_address>
         <size>0x7f</size>
         <input_file_ref idref="fl-143"/>
      </object_component>
      <object_component id="oc-f5">
         <name>.debug_frame</name>
         <load_address>0xb73</load_address>
         <run_address>0xb73</run_address>
         <size>0x90</size>
         <input_file_ref idref="fl-143"/>
      </object_component>
      <object_component id="oc-29">
         <name>.debug_abbrev</name>
         <load_address>0x0</load_address>
         <run_address>0x0</run_address>
         <size>0x29</size>
         <input_file_ref idref="fl-5"/>
      </object_component>
      <object_component id="oc-3c">
         <name>.debug_abbrev</name>
         <load_address>0x29</load_address>
         <run_address>0x29</run_address>
         <size>0x3d</size>
         <input_file_ref idref="fl-134"/>
      </object_component>
      <object_component id="oc-41">
         <name>.debug_abbrev</name>
         <load_address>0x66</load_address>
         <run_address>0x66</run_address>
         <size>0x74</size>
         <input_file_ref idref="fl-135"/>
      </object_component>
      <object_component id="oc-43">
         <name>.debug_abbrev</name>
         <load_address>0xda</load_address>
         <run_address>0xda</run_address>
         <size>0x24</size>
         <input_file_ref idref="fl-135"/>
      </object_component>
      <object_component id="oc-54">
         <name>.debug_abbrev</name>
         <load_address>0xfe</load_address>
         <run_address>0xfe</run_address>
         <size>0x74</size>
         <input_file_ref idref="fl-136"/>
      </object_component>
      <object_component id="oc-57">
         <name>.debug_abbrev</name>
         <load_address>0x172</load_address>
         <run_address>0x172</run_address>
         <size>0x24</size>
         <input_file_ref idref="fl-136"/>
      </object_component>
      <object_component id="oc-5b">
         <name>.debug_abbrev</name>
         <load_address>0x196</load_address>
         <run_address>0x196</run_address>
         <size>0x79</size>
         <input_file_ref idref="fl-5"/>
      </object_component>
      <object_component id="oc-5c">
         <name>.debug_abbrev</name>
         <load_address>0x20f</load_address>
         <run_address>0x20f</run_address>
         <size>0x54</size>
         <input_file_ref idref="fl-5"/>
      </object_component>
      <object_component id="oc-5f">
         <name>.debug_abbrev</name>
         <load_address>0x263</load_address>
         <run_address>0x263</run_address>
         <size>0x35</size>
         <input_file_ref idref="fl-2"/>
      </object_component>
      <object_component id="oc-68">
         <name>.debug_abbrev</name>
         <load_address>0x298</load_address>
         <run_address>0x298</run_address>
         <size>0x80</size>
         <input_file_ref idref="fl-13e"/>
      </object_component>
      <object_component id="oc-6e">
         <name>.debug_abbrev</name>
         <load_address>0x318</load_address>
         <run_address>0x318</run_address>
         <size>0x68</size>
         <input_file_ref idref="fl-13d"/>
      </object_component>
      <object_component id="oc-70">
         <name>.debug_abbrev</name>
         <load_address>0x380</load_address>
         <run_address>0x380</run_address>
         <size>0x1f</size>
         <input_file_ref idref="fl-2"/>
      </object_component>
      <object_component id="oc-79">
         <name>.debug_abbrev</name>
         <load_address>0x39f</load_address>
         <run_address>0x39f</run_address>
         <size>0xba</size>
         <input_file_ref idref="fl-138"/>
      </object_component>
      <object_component id="oc-7b">
         <name>.debug_abbrev</name>
         <load_address>0x459</load_address>
         <run_address>0x459</run_address>
         <size>0x27</size>
         <input_file_ref idref="fl-13a"/>
      </object_component>
      <object_component id="oc-7d">
         <name>.debug_abbrev</name>
         <load_address>0x480</load_address>
         <run_address>0x480</run_address>
         <size>0x3d</size>
         <input_file_ref idref="fl-139"/>
      </object_component>
      <object_component id="oc-7f">
         <name>.debug_abbrev</name>
         <load_address>0x4bd</load_address>
         <run_address>0x4bd</run_address>
         <size>0x24</size>
         <input_file_ref idref="fl-135"/>
      </object_component>
      <object_component id="oc-83">
         <name>.debug_abbrev</name>
         <load_address>0x4e1</load_address>
         <run_address>0x4e1</run_address>
         <size>0x4c</size>
         <input_file_ref idref="fl-135"/>
      </object_component>
      <object_component id="oc-86">
         <name>.debug_abbrev</name>
         <load_address>0x52d</load_address>
         <run_address>0x52d</run_address>
         <size>0x24</size>
         <input_file_ref idref="fl-137"/>
      </object_component>
      <object_component id="oc-8c">
         <name>.debug_abbrev</name>
         <load_address>0x551</load_address>
         <run_address>0x551</run_address>
         <size>0x6d</size>
         <input_file_ref idref="fl-136"/>
      </object_component>
      <object_component id="oc-8d">
         <name>.debug_abbrev</name>
         <load_address>0x5be</load_address>
         <run_address>0x5be</run_address>
         <size>0x2c</size>
         <input_file_ref idref="fl-136"/>
      </object_component>
      <object_component id="oc-8f">
         <name>.debug_abbrev</name>
         <load_address>0x5ea</load_address>
         <run_address>0x5ea</run_address>
         <size>0x8c</size>
         <input_file_ref idref="fl-13f"/>
      </object_component>
      <object_component id="oc-cb">
         <name>.debug_abbrev</name>
         <load_address>0x676</load_address>
         <run_address>0x676</run_address>
         <size>0x6d</size>
         <input_file_ref idref="fl-6"/>
      </object_component>
      <object_component id="oc-cc">
         <name>.debug_abbrev</name>
         <load_address>0x6e3</load_address>
         <run_address>0x6e3</run_address>
         <size>0x8e</size>
         <input_file_ref idref="fl-13d"/>
      </object_component>
      <object_component id="oc-cf">
         <name>.debug_abbrev</name>
         <load_address>0x771</load_address>
         <run_address>0x771</run_address>
         <size>0x49</size>
         <input_file_ref idref="fl-13d"/>
      </object_component>
      <object_component id="oc-d8">
         <name>.debug_abbrev</name>
         <load_address>0x7ba</load_address>
         <run_address>0x7ba</run_address>
         <size>0x29</size>
         <input_file_ref idref="fl-13c"/>
      </object_component>
      <object_component id="oc-db">
         <name>.debug_abbrev</name>
         <load_address>0x7e3</load_address>
         <run_address>0x7e3</run_address>
         <size>0x29</size>
         <input_file_ref idref="fl-138"/>
      </object_component>
      <object_component id="oc-dd">
         <name>.debug_abbrev</name>
         <load_address>0x80c</load_address>
         <run_address>0x80c</run_address>
         <size>0x6b</size>
         <input_file_ref idref="fl-138"/>
      </object_component>
      <object_component id="oc-df">
         <name>.debug_abbrev</name>
         <load_address>0x877</load_address>
         <run_address>0x877</run_address>
         <size>0x8c</size>
         <input_file_ref idref="fl-13f"/>
      </object_component>
      <object_component id="oc-e2">
         <name>.debug_abbrev</name>
         <load_address>0x903</load_address>
         <run_address>0x903</run_address>
         <size>0x4b</size>
         <input_file_ref idref="fl-13f"/>
      </object_component>
      <object_component id="oc-e6">
         <name>.debug_abbrev</name>
         <load_address>0x94e</load_address>
         <run_address>0x94e</run_address>
         <size>0x6c</size>
         <input_file_ref idref="fl-140"/>
      </object_component>
      <object_component id="oc-e8">
         <name>.debug_abbrev</name>
         <load_address>0x9ba</load_address>
         <run_address>0x9ba</run_address>
         <size>0x35</size>
         <input_file_ref idref="fl-140"/>
      </object_component>
      <object_component id="oc-f7">
         <name>.debug_abbrev</name>
         <load_address>0x9ef</load_address>
         <run_address>0x9ef</run_address>
         <size>0x6c</size>
         <input_file_ref idref="fl-143"/>
      </object_component>
      <object_component id="oc-fa">
         <name>.debug_abbrev</name>
         <load_address>0xa5b</load_address>
         <run_address>0xa5b</run_address>
         <size>0x6c</size>
         <input_file_ref idref="fl-143"/>
      </object_component>
      <object_component id="oc-fc">
         <name>.debug_abbrev</name>
         <load_address>0xac7</load_address>
         <run_address>0xac7</run_address>
         <size>0x6c</size>
         <input_file_ref idref="fl-140"/>
      </object_component>
      <object_component id="oc-fd">
         <name>.debug_abbrev</name>
         <load_address>0xb33</load_address>
         <run_address>0xb33</run_address>
         <size>0x6c</size>
         <input_file_ref idref="fl-141"/>
      </object_component>
      <object_component id="oc-ff">
         <name>.debug_abbrev</name>
         <load_address>0xb9f</load_address>
         <run_address>0xb9f</run_address>
         <size>0x6c</size>
         <input_file_ref idref="fl-141"/>
      </object_component>
      <object_component id="oc-100">
         <name>.debug_abbrev</name>
         <load_address>0xc0b</load_address>
         <run_address>0xc0b</run_address>
         <size>0x6c</size>
         <input_file_ref idref="fl-141"/>
      </object_component>
      <object_component id="oc-101">
         <name>.debug_abbrev</name>
         <load_address>0xc77</load_address>
         <run_address>0xc77</run_address>
         <size>0x6c</size>
         <input_file_ref idref="fl-141"/>
      </object_component>
      <object_component id="oc-103">
         <name>.debug_abbrev</name>
         <load_address>0xce3</load_address>
         <run_address>0xce3</run_address>
         <size>0x23</size>
         <input_file_ref idref="fl-140"/>
      </object_component>
      <object_component id="oc-107">
         <name>.debug_abbrev</name>
         <load_address>0xd06</load_address>
         <run_address>0xd06</run_address>
         <size>0x6c</size>
         <input_file_ref idref="fl-141"/>
      </object_component>
      <object_component id="oc-108">
         <name>.debug_abbrev</name>
         <load_address>0xd72</load_address>
         <run_address>0xd72</run_address>
         <size>0x6c</size>
         <input_file_ref idref="fl-143"/>
      </object_component>
      <object_component id="oc-109">
         <name>.debug_abbrev</name>
         <load_address>0xdde</load_address>
         <run_address>0xdde</run_address>
         <size>0x6e</size>
         <input_file_ref idref="fl-143"/>
      </object_component>
      <object_component id="oc-10a">
         <name>.debug_abbrev</name>
         <load_address>0xe4c</load_address>
         <run_address>0xe4c</run_address>
         <size>0x29</size>
         <input_file_ref idref="fl-6"/>
      </object_component>
      <object_component id="oc-10c">
         <name>.debug_abbrev</name>
         <load_address>0xe75</load_address>
         <run_address>0xe75</run_address>
         <size>0x6f</size>
         <input_file_ref idref="fl-13c"/>
      </object_component>
      <object_component id="oc-10d">
         <name>.debug_abbrev</name>
         <load_address>0xee4</load_address>
         <run_address>0xee4</run_address>
         <size>0x45</size>
         <input_file_ref idref="fl-13c"/>
      </object_component>
      <object_component id="oc-10f">
         <name>.debug_abbrev</name>
         <load_address>0xf29</load_address>
         <run_address>0xf29</run_address>
         <size>0xa9</size>
         <input_file_ref idref="fl-140"/>
      </object_component>
      <object_component id="oc-112">
         <name>.debug_abbrev</name>
         <load_address>0xfd2</load_address>
         <run_address>0xfd2</run_address>
         <size>0x49</size>
         <input_file_ref idref="fl-140"/>
      </object_component>
      <object_component id="oc-116">
         <name>.debug_abbrev</name>
         <load_address>0x101b</load_address>
         <run_address>0x101b</run_address>
         <size>0x6c</size>
         <input_file_ref idref="fl-143"/>
      </object_component>
      <object_component id="oc-117">
         <name>.debug_abbrev</name>
         <load_address>0x1087</load_address>
         <run_address>0x1087</run_address>
         <size>0x8b</size>
         <input_file_ref idref="fl-143"/>
      </object_component>
      <object_component id="oc-118">
         <name>.debug_abbrev</name>
         <load_address>0x1112</load_address>
         <run_address>0x1112</run_address>
         <size>0x27</size>
         <input_file_ref idref="fl-143"/>
      </object_component>
      <object_component id="oc-11a">
         <name>.debug_abbrev</name>
         <load_address>0x1139</load_address>
         <run_address>0x1139</run_address>
         <size>0x72</size>
         <input_file_ref idref="fl-143"/>
      </object_component>
      <object_component id="oc-11c">
         <name>.debug_abbrev</name>
         <load_address>0x11ab</load_address>
         <run_address>0x11ab</run_address>
         <size>0x57</size>
         <input_file_ref idref="fl-141"/>
      </object_component>
      <object_component id="oc-13d">
         <name>.debug_abbrev</name>
         <load_address>0x1202</load_address>
         <run_address>0x1202</run_address>
         <size>0xf</size>
      </object_component>
      <object_component id="oc-45">
         <name>.debug_str</name>
         <load_address>0x0</load_address>
         <run_address>0x0</run_address>
         <size>0xb5</size>
         <input_file_ref idref="fl-135"/>
      </object_component>
      <object_component id="oc-59">
         <name>.debug_str</name>
         <load_address>0xb5</load_address>
         <run_address>0xb5</run_address>
         <size>0xa7</size>
         <input_file_ref idref="fl-136"/>
      </object_component>
      <object_component id="oc-61">
         <name>.debug_str</name>
         <load_address>0x15c</load_address>
         <run_address>0x15c</run_address>
         <size>0x208</size>
         <input_file_ref idref="fl-2"/>
      </object_component>
      <object_component id="oc-72">
         <name>.debug_str</name>
         <load_address>0x364</load_address>
         <run_address>0x364</run_address>
         <size>0xf5</size>
         <input_file_ref idref="fl-2"/>
      </object_component>
      <object_component id="oc-81">
         <name>.debug_str</name>
         <load_address>0x459</load_address>
         <run_address>0x459</run_address>
         <size>0x9c</size>
         <input_file_ref idref="fl-135"/>
      </object_component>
      <object_component id="oc-88">
         <name>.debug_str</name>
         <load_address>0x4f5</load_address>
         <run_address>0x4f5</run_address>
         <size>0x9c</size>
         <input_file_ref idref="fl-137"/>
      </object_component>
      <object_component id="oc-d1">
         <name>.debug_str</name>
         <load_address>0x591</load_address>
         <run_address>0x591</run_address>
         <size>0x8b</size>
         <input_file_ref idref="fl-13d"/>
      </object_component>
      <object_component id="oc-e4">
         <name>.debug_str</name>
         <load_address>0x61c</load_address>
         <run_address>0x61c</run_address>
         <size>0xf3</size>
         <input_file_ref idref="fl-13f"/>
      </object_component>
      <object_component id="oc-ea">
         <name>.debug_str</name>
         <load_address>0x70f</load_address>
         <run_address>0x70f</run_address>
         <size>0x20f</size>
         <input_file_ref idref="fl-140"/>
      </object_component>
      <object_component id="oc-105">
         <name>.debug_str</name>
         <load_address>0x91e</load_address>
         <run_address>0x91e</run_address>
         <size>0x12b</size>
         <input_file_ref idref="fl-140"/>
      </object_component>
      <object_component id="oc-114">
         <name>.debug_str</name>
         <load_address>0xa49</load_address>
         <run_address>0xa49</run_address>
         <size>0xf3</size>
         <input_file_ref idref="fl-140"/>
      </object_component>
      <object_component id="oc-46">
         <name>.debug_pubtypes</name>
         <load_address>0x0</load_address>
         <run_address>0x0</run_address>
         <size>0x48</size>
         <input_file_ref idref="fl-135"/>
      </object_component>
      <object_component id="oc-5a">
         <name>.debug_pubtypes</name>
         <load_address>0x48</load_address>
         <run_address>0x48</run_address>
         <size>0x37</size>
         <input_file_ref idref="fl-136"/>
      </object_component>
      <object_component id="oc-62">
         <name>.debug_pubtypes</name>
         <load_address>0x7f</load_address>
         <run_address>0x7f</run_address>
         <size>0x1c6</size>
         <input_file_ref idref="fl-2"/>
      </object_component>
      <object_component id="oc-73">
         <name>.debug_pubtypes</name>
         <load_address>0x245</load_address>
         <run_address>0x245</run_address>
         <size>0xed</size>
         <input_file_ref idref="fl-2"/>
      </object_component>
      <object_component id="oc-82">
         <name>.debug_pubtypes</name>
         <load_address>0x332</load_address>
         <run_address>0x332</run_address>
         <size>0x1d</size>
         <input_file_ref idref="fl-135"/>
      </object_component>
      <object_component id="oc-89">
         <name>.debug_pubtypes</name>
         <load_address>0x34f</load_address>
         <run_address>0x34f</run_address>
         <size>0x1d</size>
         <input_file_ref idref="fl-137"/>
      </object_component>
      <object_component id="oc-d2">
         <name>.debug_pubtypes</name>
         <load_address>0x36c</load_address>
         <run_address>0x36c</run_address>
         <size>0x1b</size>
         <input_file_ref idref="fl-13d"/>
      </object_component>
      <object_component id="oc-e5">
         <name>.debug_pubtypes</name>
         <load_address>0x387</load_address>
         <run_address>0x387</run_address>
         <size>0x50</size>
         <input_file_ref idref="fl-13f"/>
      </object_component>
      <object_component id="oc-eb">
         <name>.debug_pubtypes</name>
         <load_address>0x3d7</load_address>
         <run_address>0x3d7</run_address>
         <size>0x1c6</size>
         <input_file_ref idref="fl-140"/>
      </object_component>
      <object_component id="oc-106">
         <name>.debug_pubtypes</name>
         <load_address>0x59d</load_address>
         <run_address>0x59d</run_address>
         <size>0xff</size>
         <input_file_ref idref="fl-140"/>
      </object_component>
      <object_component id="oc-115">
         <name>.debug_pubtypes</name>
         <load_address>0x69c</load_address>
         <run_address>0x69c</run_address>
         <size>0x28</size>
         <input_file_ref idref="fl-140"/>
      </object_component>
   </object_component_list>
   <logical_group_list>
      <logical_group id="lg-3" display="no" color="cyan">
         <name>.intvecs</name>
         <load_address>0x0</load_address>
         <run_address>0x0</run_address>
         <size>0x26c</size>
         <contents>
            <object_component_ref idref="oc-e"/>
         </contents>
      </logical_group>
      <logical_group id="lg-4" display="no" color="cyan">
         <name>.text</name>
         <load_address>0x26c</load_address>
         <run_address>0x26c</run_address>
         <size>0x6e6</size>
         <contents>
            <object_component_ref idref="oc-69"/>
            <object_component_ref idref="oc-f2"/>
            <object_component_ref idref="oc-3d"/>
            <object_component_ref idref="oc-2c"/>
            <object_component_ref idref="oc-4f"/>
            <object_component_ref idref="oc-9b"/>
            <object_component_ref idref="oc-10"/>
            <object_component_ref idref="oc-63"/>
            <object_component_ref idref="oc-35"/>
            <object_component_ref idref="oc-91"/>
            <object_component_ref idref="oc-ed"/>
            <object_component_ref idref="oc-a5"/>
            <object_component_ref idref="oc-af"/>
            <object_component_ref idref="oc-30"/>
            <object_component_ref idref="oc-a0"/>
            <object_component_ref idref="oc-d3"/>
            <object_component_ref idref="oc-be"/>
            <object_component_ref idref="oc-96"/>
            <object_component_ref idref="oc-b4"/>
            <object_component_ref idref="oc-aa"/>
            <object_component_ref idref="oc-14"/>
            <object_component_ref idref="oc-b9"/>
            <object_component_ref idref="oc-24"/>
            <object_component_ref idref="oc-c3"/>
            <object_component_ref idref="oc-c8"/>
            <object_component_ref idref="oc-1e"/>
         </contents>
      </logical_group>
      <logical_group id="lg-5" display="no" color="cyan">
         <name>.const</name>
         <load_address>0x954</load_address>
         <run_address>0x954</run_address>
         <size>0x90</size>
         <contents>
            <object_component_ref idref="oc-f8"/>
         </contents>
      </logical_group>
      <logical_group id="lg-6" display="no" color="cyan">
         <name>.cinit</name>
         <load_address>0x9e8</load_address>
         <run_address>0x9e8</run_address>
         <size>0x24</size>
         <contents>
            <object_component_ref idref="oc-13a"/>
            <object_component_ref idref="oc-138"/>
            <object_component_ref idref="oc-139"/>
         </contents>
      </logical_group>
      <logical_group id="lg-7" display="no" color="cyan">
         <name>.pinit</name>
         <run_address>0x0</run_address>
         <size>0x0</size>
         <contents>
         </contents>
      </logical_group>
      <logical_group id="lg-8" display="no" color="cyan">
         <name>.init_array</name>
         <run_address>0x0</run_address>
         <size>0x0</size>
         <contents>
         </contents>
      </logical_group>
      <logical_group id="lg-9" display="no" color="cyan">
         <name>.vtable</name>
         <run_address>0x0</run_address>
         <size>0x0</size>
         <contents>
         </contents>
      </logical_group>
      <logical_group id="lg-a" display="no" color="cyan">
         <name>.data</name>
         <run_address>0x20000200</run_address>
         <size>0x16</size>
         <contents>
            <object_component_ref idref="oc-3a"/>
            <object_component_ref idref="oc-75"/>
            <object_component_ref idref="oc-77"/>
            <object_component_ref idref="oc-c9"/>
         </contents>
      </logical_group>
      <logical_group id="lg-b" display="no" color="cyan">
         <name>.bss</name>
         <run_address>0x0</run_address>
         <size>0x0</size>
         <contents>
         </contents>
      </logical_group>
      <logical_group id="lg-c" display="no" color="cyan">
         <name>.sysmem</name>
         <run_address>0x0</run_address>
         <size>0x0</size>
         <contents>
         </contents>
      </logical_group>
      <logical_group id="lg-d" display="no" color="cyan">
         <name>.stack</name>
         <run_address>0x20000000</run_address>
         <size>0x200</size>
         <contents>
            <object_component_ref idref="oc-23"/>
            <object_component_ref idref="oc-13b"/>
         </contents>
      </logical_group>
      <logical_group id="lg-12a" display="never" color="cyan">
         <name>.debug_info</name>
         <load_address>0x0</load_address>
         <run_address>0x0</run_address>
         <size>0x490b</size>
         <contents>
            <object_component_ref idref="oc-f"/>
            <object_component_ref idref="oc-11"/>
            <object_component_ref idref="oc-16"/>
            <object_component_ref idref="oc-1f"/>
            <object_component_ref idref="oc-26"/>
            <object_component_ref idref="oc-2b"/>
            <object_component_ref idref="oc-2d"/>
            <object_component_ref idref="oc-33"/>
            <object_component_ref idref="oc-36"/>
            <object_component_ref idref="oc-3b"/>
            <object_component_ref idref="oc-3e"/>
            <object_component_ref idref="oc-42"/>
            <object_component_ref idref="oc-47"/>
            <object_component_ref idref="oc-50"/>
            <object_component_ref idref="oc-55"/>
            <object_component_ref idref="oc-56"/>
            <object_component_ref idref="oc-5e"/>
            <object_component_ref idref="oc-64"/>
            <object_component_ref idref="oc-6c"/>
            <object_component_ref idref="oc-6f"/>
            <object_component_ref idref="oc-74"/>
            <object_component_ref idref="oc-76"/>
            <object_component_ref idref="oc-78"/>
            <object_component_ref idref="oc-7a"/>
            <object_component_ref idref="oc-7e"/>
            <object_component_ref idref="oc-85"/>
            <object_component_ref idref="oc-90"/>
            <object_component_ref idref="oc-93"/>
            <object_component_ref idref="oc-97"/>
            <object_component_ref idref="oc-9d"/>
            <object_component_ref idref="oc-a1"/>
            <object_component_ref idref="oc-a6"/>
            <object_component_ref idref="oc-ab"/>
            <object_component_ref idref="oc-b0"/>
            <object_component_ref idref="oc-b5"/>
            <object_component_ref idref="oc-ba"/>
            <object_component_ref idref="oc-c0"/>
            <object_component_ref idref="oc-c5"/>
            <object_component_ref idref="oc-ca"/>
            <object_component_ref idref="oc-ce"/>
            <object_component_ref idref="oc-d4"/>
            <object_component_ref idref="oc-da"/>
            <object_component_ref idref="oc-e1"/>
            <object_component_ref idref="oc-e7"/>
            <object_component_ref idref="oc-ec"/>
            <object_component_ref idref="oc-ee"/>
            <object_component_ref idref="oc-f3"/>
            <object_component_ref idref="oc-f9"/>
            <object_component_ref idref="oc-fb"/>
            <object_component_ref idref="oc-fe"/>
            <object_component_ref idref="oc-102"/>
            <object_component_ref idref="oc-111"/>
            <object_component_ref idref="oc-13c"/>
         </contents>
      </logical_group>
      <logical_group id="lg-12c" display="never" color="cyan">
         <name>.debug_line</name>
         <load_address>0x0</load_address>
         <run_address>0x0</run_address>
         <size>0x126c</size>
         <contents>
            <object_component_ref idref="oc-12"/>
            <object_component_ref idref="oc-18"/>
            <object_component_ref idref="oc-20"/>
            <object_component_ref idref="oc-27"/>
            <object_component_ref idref="oc-2a"/>
            <object_component_ref idref="oc-2e"/>
            <object_component_ref idref="oc-31"/>
            <object_component_ref idref="oc-38"/>
            <object_component_ref idref="oc-40"/>
            <object_component_ref idref="oc-44"/>
            <object_component_ref idref="oc-51"/>
            <object_component_ref idref="oc-58"/>
[...]
            <object_component_ref idref="oc-11d"/>
         </contents>
      </logical_group>
      <logical_group id="lg-12e" display="never" color="cyan">
         <name>.debug_aranges</name>
         <load_address>0x0</load_address>
         <run_address>0x0</run_address>
         <size>0x378</size>
         <contents>
            <object_component_ref idref="oc-13"/>
            <object_component_ref idref="oc-15"/>
            <object_component_ref idref="oc-21"/>
            <object_component_ref idref="oc-25"/>
            <object_component_ref idref="oc-2f"/>
            <object_component_ref idref="oc-32"/>
            <object_component_ref idref="oc-37"/>
            <object_component_ref idref="oc-3f"/>
            <object_component_ref idref="oc-53"/>
            <object_component_ref idref="oc-65"/>
            <object_component_ref idref="oc-6d"/>
            <object_component_ref idref="oc-94"/>
            <object_component_ref idref="oc-9a"/>
            <object_component_ref idref="oc-9f"/>
            <object_component_ref idref="oc-a2"/>
            <object_component_ref idref="oc-a9"/>
            <object_component_ref idref="oc-ae"/>
            <object_component_ref idref="oc-b3"/>
            <object_component_ref idref="oc-b8"/>
            <object_component_ref idref="oc-bd"/>
            <object_component_ref idref="oc-c2"/>
            <object_component_ref idref="oc-c7"/>
            <object_component_ref idref="oc-d5"/>
            <object_component_ref idref="oc-f1"/>
            <object_component_ref idref="oc-f6"/>
         </contents>
      </logical_group>
      <logical_group id="lg-130" display="never" color="cyan">
         <name>.debug_frame</name>
         <load_address>0x0</load_address>
         <run_address>0x0</run_address>
         <size>0xc03</size>
         <contents>
            <object_component_ref idref="oc-17"/>
            <object_component_ref idref="oc-22"/>
            <object_component_ref idref="oc-28"/>
            <object_component_ref idref="oc-34"/>
            <object_component_ref idref="oc-39"/>
            <object_component_ref idref="oc-52"/>
            <object_component_ref idref="oc-67"/>
            <object_component_ref idref="oc-6a"/>
            <object_component_ref idref="oc-95"/>
            <object_component_ref idref="oc-99"/>
            <object_component_ref idref="oc-9c"/>
            <object_component_ref idref="oc-a4"/>
            <object_component_ref idref="oc-a8"/>
            <object_component_ref idref="oc-ad"/>
            <object_component_ref idref="oc-b2"/>
            <object_component_ref idref="oc-b7"/>
            <object_component_ref idref="oc-bc"/>
            <object_component_ref idref="oc-bf"/>
            <object_component_ref idref="oc-c4"/>
            <object_component_ref idref="oc-d6"/>
            <object_component_ref idref="oc-f0"/>
            <object_component_ref idref="oc-f5"/>
         </contents>
      </logical_group>
      <logical_group id="lg-132" display="never" color="cyan">
         <name>.debug_abbrev</name>
         <load_address>0x0</load_address>
         <run_address>0x0</run_address>
         <size>0x1211</size>
         <contents>
            <object_component_ref idref="oc-29"/>
            <object_component_ref idref="oc-3c"/>
            <object_component_ref idref="oc-41"/>
            <object_component_ref idref="oc-43"/>
            <object_component_ref idref="oc-54"/>
            <object_component_ref idref="oc-57"/>
            <object_component_ref idref="oc-5b"/>
            <object_component_ref idref="oc-5c"/>
            <object_component_ref idref="oc-5f"/>
            <object_component_ref idref="oc-68"/>
            <object_component_ref idref="oc-6e"/>
            <object_component_ref idref="oc-70"/>
            <object_component_ref idref="oc-79"/>
            <object_component_ref idref="oc-7b"/>
            <object_component_ref idref="oc-7d"/>
            <object_component_ref idref="oc-7f"/>
            <object_component_ref idref="oc-83"/>
            <object_component_ref idref="oc-86"/>
            <object_component_ref idref="oc-8c"/>
            <object_component_ref idref="oc-8d"/>
            <object_component_ref idref="oc-8f"/>
            <object_component_ref idref="oc-cb"/>
            <object_component_ref idref="oc-cc"/>
            <object_component_ref idref="oc-cf"/>
            <object_component_ref idref="oc-d8"/>
            <object_component_ref idref="oc-db"/>
            <object_component_ref idref="oc-dd"/>
            <object_component_ref idref="oc-df"/>
            <object_component_ref idref="oc-e2"/>
            <object_component_ref idref="oc-e6"/>
            <object_component_ref idref="oc-e8"/>
            <object_component_ref idref="oc-f7"/>
            <object_component_ref idref="oc-fa"/>
            <object_component_ref idref="oc-fc"/>
            <object_component_ref idref="oc-fd"/>
            <object_component_ref idref="oc-ff"/>
            <object_component_ref idref="oc-100"/>
            <object_component_ref idref="oc-101"/>
            <object_component_ref idref="oc-103"/>
            <object_component_ref idref="oc-107"/>
            <object_component_ref idref="oc-108"/>
            <object_component_ref idref="oc-109"/>
            <object_component_ref idref="oc-10a"/>
            <object_component_ref idref="oc-10c"/>
            <object_component_ref idref="oc-10d"/>
            <object_component_ref idref="oc-10f"/>
            <object_component_ref idref="oc-112"/>
            <object_component_ref idref="oc-116"/>
            <object_component_ref idref="oc-117"/>
            <object_component_ref idref="oc-118"/>
            <object_component_ref idref="oc-11a"/>
            <object_component_ref idref="oc-11c"/>
            <object_component_ref idref="oc-13d"/>
         </contents>
      </logical_group>
      <logical_group id="lg-134" display="never" color="cyan">
         <name>.debug_str</name>
         <load_address>0x0</load_address>
         <run_address>0x0</run_address>
         <size>0xb3c</size>
         <contents>
            <object_component_ref idref="oc-45"/>
            <object_component_ref idref="oc-59"/>
            <object_component_ref idref="oc-61"/>
            <object_component_ref idref="oc-72"/>
            <object_component_ref idref="oc-81"/>
            <object_component_ref idref="oc-88"/>
            <object_component_ref idref="oc-d1"/>
            <object_component_ref idref="oc-e4"/>
            <object_component_ref idref="oc-ea"/>
            <object_component_ref idref="oc-105"/>
            <object_component_ref idref="oc-114"/>
         </contents>
      </logical_group>
      <logical_group id="lg-136" display="never" color="cyan">
         <name>.debug_pubtypes</name>
         <load_address>0x0</load_address>
         <run_address>0x0</run_address>
         <size>0x6c4</size>
         <contents>
            <object_component_ref idref="oc-46"/>
            <object_component_ref idref="oc-5a"/>
            <object_component_ref idref="oc-62"/>
            <object_component_ref idref="oc-73"/>
            <object_component_ref idref="oc-82"/>
            <object_component_ref idref="oc-89"/>
            <object_component_ref idref="oc-d2"/>
            <object_component_ref idref="oc-e5"/>
            <object_component_ref idref="oc-eb"/>
            <object_component_ref idref="oc-106"/>
            <object_component_ref idref="oc-115"/>
         </contents>
      </logical_group>
      <load_segment id="lg-141" display="no" color="cyan">
         <name>SEGMENT_0</name>
         <load_address>0x0</load_address>
         <run_address>0x0</run_address>
         <size>0xa0c</size>
         <flags>0x5</flags>
         <contents>
            <logical_group_ref idref="lg-3"/>
            <logical_group_ref idref="lg-4"/>
            <logical_group_ref idref="lg-5"/>
            <logical_group_ref idref="lg-6"/>
         </contents>
      </load_segment>
      <load_segment id="lg-142" display="no" color="cyan">
         <name>SEGMENT_1</name>
         <run_address>0x20000000</run_address>
         <size>0x216</size>
         <flags>0x6</flags>
         <contents>
            <logical_group_ref idref="lg-d"/>
            <logical_group_ref idref="lg-a"/>
         </contents>
      </load_segment>
   </logical_group_list>
   <placement_map>
      <memory_area display="yes" color="green">
         <name>FLASH</name>
         <page_id>0x0</page_id>
         <origin>0x0</origin>
         <length>0x40000</length>
         <used_space>0xa06</used_space>
         <unused_space>0x3f5fa</unused_space>
         <attributes>RX</attributes>
         <usage_details>
            <allocated_space>
               <start_address>0x0</start_address>
               <size>0x26c</size>
               <logical_group_ref idref="lg-3"/>
            </allocated_space>
            <allocated_space>
               <start_address>0x26c</start_address>
               <size>0x6e6</size>
               <logical_group_ref idref="lg-4"/>
            </allocated_space>
            <available_space>
               <start_address>0x952</start_address>
               <size>0x2</size>
            </available_space>
            <allocated_space>
               <start_address>0x954</start_address>
               <size>0x90</size>
               <logical_group_ref idref="lg-5"/>
            </allocated_space>
            <available_space>
               <start_address>0x9e4</start_address>
               <size>0x4</size>
            </available_space>
            <allocated_space>
               <start_address>0x9e8</start_address>
               <size>0x24</size>
               <logical_group_ref idref="lg-6"/>
            </allocated_space>
            <available_space>
               <start_address>0xa0c</start_address>
               <size>0x3f5f4</size>
            </available_space>
         </usage_details>
      </memory_area>
      <memory_area display="yes" color="green">
         <name>SRAM</name>
         <page_id>0x0</page_id>
         <origin>0x20000000</origin>
         <length>0x8000</length>
         <used_space>0x216</used_space>
         <unused_space>0x7dea</unused_space>
         <attributes>RWX</attributes>
         <usage_details>
            <allocated_space>
               <start_address>0x20000000</start_address>
               <size>0x200</size>
               <logical_group_ref idref="lg-d"/>
            </allocated_space>
            <allocated_space>
               <start_address>0x20000200</start_address>
               <size>0x16</size>
               <logical_group_ref idref="lg-a"/>
            </allocated_space>
            <available_space>
               <start_address>0x20000216</start_address>
               <size>0x7dea</size>
            </available_space>
         </usage_details>
      </memory_area>
   </placement_map>
   <cptbl_list>
      <cptbl>
         <name>__TI_cinit_table</name>
         <cprec>
            <name>.data</name>
            <load_address>0x9e8</load_address>
            <load_size>0x11</load_size>
            <run_address>0x20000200</run_address>
            <run_size>0x16</run_size>
            <compression>rle</compression>
         </cprec>
      </cptbl>
   </cptbl_list>
   <handler_table>
      <handler_table_name>__TI_handler_table</handler_table_name>
      <handler>
         <index>0x0</index>
         <name>__TI_decompress_rle24</name>
      </handler>
      <handler>
         <index>0x1</index>
         <name>__TI_decompress_none</name>
      </handler>
   </handler_table>
   <symbol_table>
      <symbol id="sm-1">
         <name>__STACK_TOP</name>
         <value>0x20000200</value>
      </symbol>
      <symbol id="sm-2">
         <name>__TI_CINIT_Base</name>
         <value>0xa04</value>
      </symbol>
      <symbol id="sm-3">
         <name>__TI_CINIT_Limit</name>
         <value>0xa0c</value>
      </symbol>
      <symbol id="sm-4">
         <name>__TI_Handler_Table_Base</name>
         <value>0x9fc</value>
      </symbol>
      <symbol id="sm-5">
         <name>__TI_Handler_Table_Limit</name>
         <value>0xa04</value>
      </symbol>
      <symbol id="sm-6">
         <name>binit</name>
         <value>0xffffffff</value>
      </symbol>
      <symbol id="sm-7">
         <name>__binit__</name>
         <value>0xffffffff</value>
      </symbol>
      <symbol id="sm-8">
         <name>__STACK_SIZE</name>
         <value>0x200</value>
      </symbol>
      <symbol id="sm-9">
         <name>__STACK_END</name>
         <value>0x20000200</value>
      </symbol>
      <symbol id="sm-a">
         <name>__c_args__</name>
         <value>0xffffffff</value>
      </symbol>
      <symbol id="sm-43">
         <name>ResetISR</name>
         <value>0x935</value>
         <object_component_ref idref="oc-24"/>
      </symbol>
      <symbol id="sm-44">
         <name>g_pfnVectors</name>
         <value>0x0</value>
         <object_component_ref idref="oc-e"/>
      </symbol>
      <symbol id="sm-67">
         <name>Initmotors</name>
         <value>0x26d</value>
         <object_component_ref idref="oc-69"/>
      </symbol>
      <symbol id="sm-68">
         <name>speed</name>
         <value>0x20000214</value>
         <object_component_ref idref="oc-c9"/>
      </symbol>
      <symbol id="sm-69">
         <name>main</name>
         <value>0x33d</value>
         <object_component_ref idref="oc-69"/>
      </symbol>
      <symbol id="sm-6a">
         <name>systeminit</name>
         <value>0x2fb</value>
         <object_component_ref idref="oc-69"/>
      </symbol>
      <symbol id="sm-6b">
         <name>InitGPIO</name>
         <value>0x31b</value>
         <object_component_ref idref="oc-69"/>
      </symbol>
      <symbol id="sm-7a">
         <name>_c_int00</name>
         <value>0x725</value>
         <object_component_ref idref="oc-10"/>
      </symbol>
      <symbol id="sm-7b">
         <name>__stack</name>
         <value>0x20000000</value>
         <object_component_ref idref="oc-23"/>
      </symbol>
      <symbol id="sm-91">
         <name>__TI_decompress_none</name>
         <value>0x91b</value>
         <object_component_ref idref="oc-14"/>
      </symbol>
      <symbol id="sm-b3">
         <name>__TI_decompress_rle24</name>
         <value>0x94d</value>
         <object_component_ref idref="oc-1e"/>
      </symbol>
      <symbol id="sm-d5">
         <name>C$$EXIT</name>
         <value>0x7b1</value>
         <object_component_ref idref="oc-35"/>
      </symbol>
      <symbol id="sm-d6">
         <name>abort</name>
         <value>0x7b5</value>
         <object_component_ref idref="oc-35"/>
      </symbol>
      <symbol id="sm-d7">
         <name>exit</name>
         <value>0x7bd</value>
         <object_component_ref idref="oc-35"/>
      </symbol>
      <symbol id="sm-d8">
         <name>__TI_dtors_ptr</name>
         <value>0x2000020c</value>
         <object_component_ref idref="oc-77"/>
      </symbol>
      <symbol id="sm-d9">
         <name>__TI_cleanup_ptr</name>
         <value>0x20000208</value>
         <object_component_ref idref="oc-77"/>
      </symbol>
      <symbol id="sm-f3">
         <name>memcpy</name>
         <value>0x54d</value>
         <object_component_ref idref="oc-3d"/>
      </symbol>
      <symbol id="sm-f4">
         <name>__aeabi_memcpy</name>
         <value>0x54d</value>
         <object_component_ref idref="oc-3d"/>
      </symbol>
      <symbol id="sm-f5">
         <name>__aeabi_memcpy8</name>
         <value>0x54d</value>
         <object_component_ref idref="oc-3d"/>
      </symbol>
      <symbol id="sm-f6">
         <name>__aeabi_memcpy4</name>
         <value>0x54d</value>
         <object_component_ref idref="oc-3d"/>
      </symbol>
      <symbol id="sm-fd">
         <name>main_func_sp</name>
         <value>0x20000210</value>
         <object_component_ref idref="oc-3a"/>
      </symbol>
      <symbol id="sm-114">
         <name>_nop</name>
         <value>0x8cf</value>
         <object_component_ref idref="oc-d3"/>
      </symbol>
      <symbol id="sm-115">
         <name>_lock</name>
         <value>0x20000200</value>
         <object_component_ref idref="oc-75"/>
      </symbol>
      <symbol id="sm-116">
         <name>_unlock</name>
         <value>0x20000204</value>
         <object_component_ref idref="oc-75"/>
      </symbol>
      <symbol id="sm-117">
         <name>_register_lock</name>
         <value>0x8c7</value>
         <object_component_ref idref="oc-d3"/>
      </symbol>
      <symbol id="sm-118">
         <name>_register_unlock</name>
         <value>0x8c1</value>
         <object_component_ref idref="oc-d3"/>
      </symbol>
      <symbol id="sm-12b">
         <name>_args_main</name>
         <value>0x895</value>
         <object_component_ref idref="oc-30"/>
      </symbol>
      <symbol id="sm-147">
         <name>__TI_auto_init</name>
         <value>0x5e9</value>
         <object_component_ref idref="oc-2c"/>
      </symbol>
      <symbol id="sm-15f">
         <name>copy_in</name>
         <value>0x76d</value>
         <object_component_ref idref="oc-63"/>
      </symbol>
      <symbol id="sm-187">
         <name>SysCtlDelay</name>
         <value>0x947</value>
         <object_component_ref idref="oc-c8"/>
      </symbol>
      <symbol id="sm-188">
         <name>SysCtlPeripheralEnable</name>
         <value>0x7f5</value>
         <object_component_ref idref="oc-91"/>
      </symbol>
      <symbol id="sm-189">
         <name>SysCtlPWMClockSet</name>
         <value>0x8ad</value>
         <object_component_ref idref="oc-a0"/>
      </symbol>
      <symbol id="sm-1b1">
         <name>PWMGenPeriodSet</name>
         <value>0x90b</value>
         <object_component_ref idref="oc-aa"/>
      </symbol>
      <symbol id="sm-1b2">
         <name>PWMPulseWidthSet</name>
         <value>0x875</value>
         <object_component_ref idref="oc-af"/>
      </symbol>
      <symbol id="sm-1b3">
         <name>PWMOutputState</name>
         <value>0x8f9</value>
         <object_component_ref idref="oc-b4"/>
      </symbol>
      <symbol id="sm-1b4">
         <name>PWMGenEnable</name>
         <value>0x929</value>
         <object_component_ref idref="oc-b9"/>
      </symbol>
      <symbol id="sm-1b5">
         <name>PWMGenConfigure</name>
         <value>0x853</value>
         <object_component_ref idref="oc-a5"/>
      </symbol>
      <symbol id="sm-1f7">
         <name>GPIOPinTypePWM</name>
         <value>0x8e7</value>
         <object_component_ref idref="oc-96"/>
      </symbol>
      <symbol id="sm-1f8">
         <name>GPIOPinConfigure</name>
         <value>0x6dd</value>
         <object_component_ref idref="oc-9b"/>
      </symbol>
      <symbol id="sm-1f9">
         <name>GPIOPinTypeGPIOInput</name>
         <value>0x8d5</value>
         <object_component_ref idref="oc-be"/>
      </symbol>
      <symbol id="sm-1fa">
         <name>GPIOPinRead</name>
         <value>0x941</value>
         <object_component_ref idref="oc-c3"/>
      </symbol>
      <symbol id="sm-1fb">
         <name>GPIODirModeSet</name>
         <value>0x829</value>
         <object_component_ref idref="oc-ed"/>
      </symbol>
      <symbol id="sm-1fc">
         <name>GPIOPadConfigSet</name>
         <value>0x41d</value>
         <object_component_ref idref="oc-f2"/>
      </symbol>
      <symbol id="sm-1fe">
         <name>__TI_static_base__</name>
         <value>0x0</value>
      </symbol>
      <symbol id="sm-1ff">
         <name>__TI_args_main</name>
         <value>0x1</value>
      </symbol>
      <symbol id="sm-200">
         <name>SHT$$INIT_ARRAY$$Limit</name>
         <value>0x0</value>
      </symbol>
      <symbol id="sm-201">
         <name>SHT$$INIT_ARRAY$$Base</name>
         <value>0x0</value>
      </symbol>
   </symbol_table>
   <title>Link successful</title>
</link_info>
