******************************************************************************
                  TI ARM Linker PC v5.1.5                      
******************************************************************************
>> Linked Wed Jun 03 21:45:00 2015

OUTPUT FILE NAME:   <robomasters_1.out>
ENTRY POINT SYMBOL: "_c_int00"  address: 00000725


MEMORY CONFIGURATION

         name            origin    length      used     unused   attr    fill
----------------------  --------  ---------  --------  --------  ----  --------
  FLASH                 00000000   00040000  00000a06  0003f5fa  R  X
  SRAM                  20000000   00008000  00000216  00007dea  RW X


SEGMENT ALLOCATION MAP

run origin  load origin   length   init length attrs members
----------  ----------- ---------- ----------- ----- -------
00000000    00000000    00000a0c   00000a0c    r-x
  00000000    00000000    0000026c   0000026c    r-- .intvecs
  0000026c    0000026c    000006e6   000006e6    r-x .text
  00000954    00000954    00000090   00000090    r-- .const
  000009e8    000009e8    00000024   00000024    r-- .cinit
20000000    20000000    00000216   00000000    rw-
  20000000    20000000    00000200   00000000    rw- .stack
  20000200    20000200    00000016   00000000    rw- .data


SECTION ALLOCATION MAP

 output                                  attributes/
section   page    origin      length       input sections
--------  ----  ----------  ----------   ----------------
.intvecs   0    00000000    0000026c     
                  00000000    0000026c     tm4c123gh6pm_startup_ccs.obj (.intvecs)

.init_array 
*          0    00000000    00000000     UNINITIALIZED

.text      0    0000026c    000006e6     
                  0000026c    000001b0     main.obj (.text)
                  0000041c    00000130     driverlib.lib : gpio.obj (.text:GPIOPadConfigSet)
                  0000054c    0000009c     rtsv7M4_T_le_v4SPD16_eabi.lib : memcpy_t2.obj (.text)
                  000005e8    00000094                                   : auto_init.obj (.text)
                  0000067c    0000005e                                   : copy_decompress_rle.obj (.text)
                  000006da    00000002     --HOLE-- [fill = 0]
                  000006dc    00000048     driverlib.lib : gpio.obj (.text:GPIOPinConfigure)
                  00000724    00000048     rtsv7M4_T_le_v4SPD16_eabi.lib : boot.obj (.text)
                  0000076c    00000044                                   : cpy_tbl.obj (.text)
                  000007b0    00000044                                   : exit.obj (.text)
                  000007f4    00000034     driverlib.lib : sysctl.obj (.text:SysCtlPeripheralEnable)
                  00000828    0000002a                   : gpio.obj (.text:GPIODirModeSet)
                  00000852    00000022                   : pwm.obj (.text:PWMGenConfigure)
                  00000874    0000001e                   : pwm.obj (.text:PWMPulseWidthSet)
                  00000892    00000002     --HOLE-- [fill = 0]
                  00000894    00000018     rtsv7M4_T_le_v4SPD16_eabi.lib : args_main.obj (.text)
                  000008ac    00000014     driverlib.lib : sysctl.obj (.text:SysCtlPWMClockSet)
                  000008c0    00000014     rtsv7M4_T_le_v4SPD16_eabi.lib : _lock.obj (.text)
                  000008d4    00000012     driverlib.lib : gpio.obj (.text:GPIOPinTypeGPIOInput)
                  000008e6    00000012                   : gpio.obj (.text:GPIOPinTypePWM)
                  000008f8    00000012                   : pwm.obj (.text:PWMOutputState)
                  0000090a    00000010                   : pwm.obj (.text:PWMGenPeriodSet)
                  0000091a    0000000e     rtsv7M4_T_le_v4SPD16_eabi.lib : copy_decompress_none.obj (.text:decompress:none)
                  00000928    0000000c     driverlib.lib : pwm.obj (.text:PWMGenEnable)
                  00000934    0000000c     tm4c123gh6pm_startup_ccs.obj (.text)
                  00000940    00000006     driverlib.lib : gpio.obj (.text:GPIOPinRead)
                  00000946    00000006                   : sysctl.obj (.text:SysCtlDelay)
                  0000094c    00000006     rtsv7M4_T_le_v4SPD16_eabi.lib : copy_decompress_rle.obj (.text:decompress:rle24)

.const     0    00000954    00000090     
                  00000954    00000090     driverlib.lib : gpio.obj (.const:g_pui32GPIOBaseAddrs)

.cinit     0    000009e8    00000024     
                  000009e8    00000011     (.cinit..data.load) [load image, compression = rle]
                  000009f9    00000003     --HOLE-- [fill = 0]
                  000009fc    00000008     (__TI_handler_table)
                  00000a04    00000008     (__TI_cinit_table)

.stack     0    20000000    00000200     UNINITIALIZED
                  20000000    00000200     --HOLE--

.data      0    20000200    00000016     UNINITIALIZED
                  20000200    00000008     rtsv7M4_T_le_v4SPD16_eabi.lib : _lock.obj (.data)
                  20000208    00000008                                   : exit.obj (.data)
                  20000210    00000004                                   : stkdepth_vars.obj (.data)
                  20000214    00000002     main.obj (.data)


LINKER GENERATED COPY TABLES

__TI_cinit_table @ 00000a04 records: 1, size/record: 8, table size: 8
	.data: load addr=000009e8, load size=00000011 bytes, run addr=20000200, run size=00000016 bytes, compression=rle


LINKER GENERATED HANDLER TABLE

__TI_handler_table @ 000009fc records: 2, size/record: 4, table size: 8
	index: 0, handler: __TI_decompress_rle24
	index: 1, handler: __TI_decompress_none


GLOBAL SYMBOLS: SORTED ALPHABETICALLY BY Name 

address    name
--------   ----
000007b1   C$$EXIT
00000829   GPIODirModeSet
0000041d   GPIOPadConfigSet
000006dd   GPIOPinConfigure
00000941   GPIOPinRead
000008d5   GPIOPinTypeGPIOInput
000008e7   GPIOPinTypePWM
0000031b   InitGPIO
0000026d   Initmotors
00000853   PWMGenConfigure
00000929   PWMGenEnable
0000090b   PWMGenPeriodSet
000008f9   PWMOutputState
00000875   PWMPulseWidthSet
00000935   ResetISR
UNDEFED    SHT$$INIT_ARRAY$$Base
UNDEFED    SHT$$INIT_ARRAY$$Limit
00000947   SysCtlDelay
000008ad   SysCtlPWMClockSet
000007f5   SysCtlPeripheralEnable
20000200   __STACK_END
00000200   __STACK_SIZE
20000200   __STACK_TOP
00000a04   __TI_CINIT_Base
00000a0c   __TI_CINIT_Limit
000009fc   __TI_Handler_Table_Base
00000a04   __TI_Handler_Table_Limit
00000001   __TI_args_main
000005e9   __TI_auto_init
20000208   __TI_cleanup_ptr
0000091b   __TI_decompress_none
0000094d   __TI_decompress_rle24
2000020c   __TI_dtors_ptr
00000000   __TI_static_base__
0000054d   __aeabi_memcpy
0000054d   __aeabi_memcpy4
0000054d   __aeabi_memcpy8
ffffffff   __binit__
ffffffff   __c_args__
20000000   __stack
00000895   _args_main
00000725   _c_int00
20000200   _lock
000008cf   _nop
000008c7   _register_lock
000008c1   _register_unlock
20000204   _unlock
000007b5   abort
ffffffff   binit
0000076d   copy_in
000007bd   exit
00000000   g_pfnVectors
0000033d   main
20000210   main_func_sp
0000054d   memcpy
20000214   speed
000002fb   systeminit


GLOBAL SYMBOLS: SORTED BY Symbol Address 

address    name
--------   ----
00000000   __TI_static_base__
00000000   g_pfnVectors
00000001   __TI_args_main
00000200   __STACK_SIZE
0000026d   Initmotors
000002fb   systeminit
0000031b   InitGPIO
0000033d   main
0000041d   GPIOPadConfigSet
0000054d   __aeabi_memcpy
0000054d   __aeabi_memcpy4
0000054d   __aeabi_memcpy8
0000054d   memcpy
000005e9   __TI_auto_init
000006dd   GPIOPinConfigure
00000725   _c_int00
0000076d   copy_in
000007b1   C$$EXIT
000007b5   abort
000007bd   exit
000007f5   SysCtlPeripheralEnable
00000829   GPIODirModeSet
00000853   PWMGenConfigure
00000875   PWMPulseWidthSet
00000895   _args_main
000008ad   SysCtlPWMClockSet
000008c1   _register_unlock
000008c7   _register_lock
000008cf   _nop
000008d5   GPIOPinTypeGPIOInput
000008e7   GPIOPinTypePWM
000008f9   PWMOutputState
0000090b   PWMGenPeriodSet
0000091b   __TI_decompress_none
00000929   PWMGenEnable
00000935   ResetISR
00000941   GPIOPinRead
00000947   SysCtlDelay
0000094d   __TI_decompress_rle24
000009fc   __TI_Handler_Table_Base
00000a04   __TI_CINIT_Base
00000a04   __TI_Handler_Table_Limit
00000a0c   __TI_CINIT_Limit
20000000   __stack
20000200   __STACK_END
20000200   __STACK_TOP
20000200   _lock
20000204   _unlock
20000208   __TI_cleanup_ptr
2000020c   __TI_dtors_ptr
20000210   main_func_sp
20000214   speed
ffffffff   __binit__
ffffffff   __c_args__
ffffffff   binit
UNDEFED    SHT$$INIT_ARRAY$$Base
UNDEFED    SHT$$INIT_ARRAY$$Limit

[57 symbols]
