******************************************************************************
                  TI ARM Linker PC v15.12.3                    
******************************************************************************
>> Linked Fri Nov 11 14:01:01 2016

OUTPUT FILE NAME:   <QEI.out>
ENTRY POINT SYMBOL: "_c_int00"  address: 00000f51


MEMORY CONFIGURATION

         name            origin    length      used     unused   attr    fill
----------------------  --------  ---------  --------  --------  ----  --------
  FLASH                 00000000   00040000  0000154c  0003eab4  R  X
  SRAM                  20000000   00008000  00000494  00007b6c  RW X


SEGMENT ALLOCATION MAP

run origin  load origin   length   init length attrs members
----------  ----------- ---------- ----------- ----- -------
00000000    00000000    0000154c   0000154c    r-x
  00000000    00000000    0000026c   0000026c    r-- .intvecs
  0000026c    0000026c    00001050   00001050    r-x .text
  000012bc    000012bc    0000023c   0000023c    r-- .const
  000014f8    000014f8    00000054   00000054    r-- .cinit
20000000    20000000    00000494   00000000    rw-
  20000000    20000000    0000026c   00000000    rw- .vtable
  2000026c    2000026c    00000200   00000000    rw- .stack
  2000046c    2000046c    00000020   00000000    rw- .data
  2000048c    2000048c    00000008   00000000    rw- .bss


SECTION ALLOCATION MAP

 output                                  attributes/
section   page    origin      length       input sections
--------  ----  ----------  ----------   ----------------
.intvecs   0    00000000    0000026c     
                  00000000    0000026c     tm4c123gh6pm_startup_ccs.obj (.intvecs)

.text      0    0000026c    00001050     
                  0000026c    000004dc     uartstdio.obj (.text)
                  00000748    00000368     main.obj (.text)
                  00000ab0    00000132     driverlib.lib : gpio.obj (.text:GPIOPadConfigSet)
                  00000be2    00000002     rtsv7M4_T_le_v4SPD16_eabi.lib : i_div0.obj (.text)
                  00000be4    00000110     driverlib.lib : sysctl.obj (.text:SysCtlClockGet)
                  00000cf4    0000009c     rtsv7M4_T_le_v4SPD16_eabi.lib : memcpy_t2.obj (.text)
                  00000d90    0000007a                                   : memset_t2.obj (.text)
                  00000e0a    00000002                                   : mpu_init.obj (.text)
                  00000e0c    00000070                                   : autoinit.obj (.text)
                  00000e7c    0000006a                                   : copy_decompress_rle.obj (.text)
                  00000ee6    00000002                                   : startup.obj (.text)
                  00000ee8    00000068     driverlib.lib : interrupt.obj (.text:IntEnable)
                  00000f50    00000054     rtsv7M4_T_le_v4SPD16_eabi.lib : boot.obj (.text)
                  00000fa4    00000054                                   : exit.obj (.text)
                  00000ff8    0000004c     driverlib.lib : timer.obj (.text:_TimerIntNumberGet)
                  00001044    0000004c     rtsv7M4_T_le_v4SPD16_eabi.lib : cpy_tbl.obj (.text)
                  00001090    00000048     driverlib.lib : gpio.obj (.text:GPIOPinConfigure)
                  000010d8    00000040     rtsv7M4_T_le_v4SPD16_eabi.lib : u_divt2.obj (.text)
                  00001118    00000034     driverlib.lib : interrupt.obj (.text:IntRegister)
                  0000114c    00000034                   : sysctl.obj (.text:SysCtlPeripheralEnable)
                  00001180    0000002a                   : gpio.obj (.text:GPIODirModeSet)
                  000011aa    00000018                   : timer.obj (.text:TimerIntRegister)
                  000011c2    00000002     --HOLE-- [fill = 0]
                  000011c4    00000018     rtsv7M4_T_le_v4SPD16_eabi.lib : args_main.obj (.text)
                  000011dc    00000014                                   : _lock.obj (.text)
                  000011f0    00000012     driverlib.lib : gpio.obj (.text:GPIOPinTypeQEI)
                  00001202    00000012                   : gpio.obj (.text:GPIOPinTypeUART)
                  00001214    00000010                   : interrupt.obj (.text:IntMasterEnable)
                  00001224    00000010                   : qei.obj (.text:QEIVelocityConfigure)
                  00001234    00000010                   : systick.obj (.text:SysTickPeriodSet)
                  00001244    0000000e                   : qei.obj (.text:QEIConfigure)
                  00001252    0000000e                   : qei.obj (.text:QEIDirectionGet)
                  00001260    0000000e     rtsv7M4_T_le_v4SPD16_eabi.lib : copy_decompress_none.obj (.text:decompress:none)
                  0000126e    0000000c     driverlib.lib : cpu.obj (.text:CPUcpsie)
                  0000127a    0000000c     tm4c123gh6pm_startup_ccs.obj (.text)
                  00001286    0000000a     driverlib.lib : qei.obj (.text:QEIEnable)
                  00001290    0000000a                   : qei.obj (.text:QEIIntStatus)
                  0000129a    0000000a                   : qei.obj (.text:QEIVelocityEnable)
                  000012a4    00000006                   : uart.obj (.text:UARTClockSourceSet)
                  000012aa    00000006     rtsv7M4_T_le_v4SPD16_eabi.lib : copy_decompress_rle.obj (.text:decompress:rle24)
                  000012b0    00000004     driverlib.lib : qei.obj (.text:QEIIntClear)
                  000012b4    00000004                   : qei.obj (.text:QEIVelocityGet)
                  000012b8    00000004     rtsv7M4_T_le_v4SPD16_eabi.lib : pre_init.obj (.text)

.const     0    000012bc    0000023c     
                  000012bc    00000090     driverlib.lib : gpio.obj (.const:g_pui32GPIOBaseAddrs)
                  0000134c    00000070                   : interrupt.obj (.const)
                  000013bc    0000006c                   : sysctl.obj (.const:g_pui32Xtals)
                  00001428    00000060                   : timer.obj (.const:g_ppui32TimerIntMap)
                  00001488    00000040                   : timer.obj (.const:g_ppui32TimerIntMapSnowflake)
                  000014c8    00000012     uartstdio.obj (.const:.string)
                  000014da    00000002     --HOLE-- [fill = 0]
                  000014dc    0000000c     uartstdio.obj (.const:g_ui32UARTBase)
                  000014e8    0000000c     uartstdio.obj (.const:g_ui32UARTPeriph)
                  000014f4    00000004     uartstdio.obj (.const)

.cinit     0    000014f8    00000054     
                  000014f8    00000016     (.cinit..data.load) [load image, compression = rle]
                  0000150e    00000002     --HOLE-- [fill = 0]
                  00001510    0000000b     (.cinit..vtable.load) [load image, compression = rle]
                  0000151b    00000005     --HOLE-- [fill = 0]
                  00001520    00000009     (.cinit..bss.load) [load image, compression = rle]
                  00001529    00000003     --HOLE-- [fill = 0]
                  0000152c    00000008     (__TI_handler_table)
                  00001534    00000018     (__TI_cinit_table)

.init_array 
*          0    00000000    00000000     UNINITIALIZED

.vtable    0    20000000    0000026c     UNINITIALIZED
                  20000000    0000026c     driverlib.lib : interrupt.obj (.vtable)

.stack     0    2000026c    00000200     UNINITIALIZED
                  2000026c    00000200     --HOLE--

.data      0    2000046c    00000020     UNINITIALIZED
                  2000046c    0000000c     rtsv7M4_T_le_v4SPD16_eabi.lib : exit.obj (.data:$O1$$)
                  20000478    00000008                                   : _lock.obj (.data:$O1$$)
                  20000480    00000005     uartstdio.obj (.data)
                  20000485    00000003     --HOLE--
                  20000488    00000004     rtsv7M4_T_le_v4SPD16_eabi.lib : stkdepth_vars.obj (.data)

.bss       0    2000048c    00000008     UNINITIALIZED
                  2000048c    00000004     (.common:qei_position)
                  20000490    00000004     (.common:qei_velocity)

MODULE SUMMARY

       Module                         code   ro data   rw data
       ------                         ----   -------   -------
    .\
       main.obj                       872    0         8      
       tm4c123gh6pm_startup_ccs.obj   12     620       0      
    +--+------------------------------+------+---------+---------+
       Total:                         884    620       8      
                                                              
    .\utils\
       uartstdio.obj                  1244   46        5      
    +--+------------------------------+------+---------+---------+
       Total:                         1244   46        5      
                                                              
    C:/ti/TivaWare_C_Series-2.1.3.156/driverlib/ccs/Debug/driverlib.lib
       interrupt.obj                  172    112       620    
       gpio.obj                       456    144       0      
       sysctl.obj                     324    108       0      
       timer.obj                      100    160       0      
       qei.obj                        82     0         0      
       systick.obj                    16     0         0      
       cpu.obj                        12     0         0      
       uart.obj                       6      0         0      
    +--+------------------------------+------+---------+---------+
       Total:                         1168   524       620    
                                                              
    C:\ti\ccsv6\tools\compiler\arm_15.12.3.LTS\lib\rtsv7M4_T_le_v4SPD16_eabi.lib
       memcpy_t2.obj                  156    0         0      
       memset_t2.obj                  122    0         0      
       autoinit.obj                   112    0         0      
       copy_decompress_rle.obj        112    0         0      
       exit.obj                       84     0         12     
       boot.obj                       84     0         0      
       cpy_tbl.obj                    76     0         0      
       u_divt2.obj                    64     0         0      
       _lock.obj                      20     0         8      
       args_main.obj                  24     0         0      
       copy_decompress_none.obj       14     0         0      
       pre_init.obj                   4      0         0      
       stkdepth_vars.obj              0      0         4      
       i_div0.obj                     2      0         0      
       mpu_init.obj                   2      0         0      
       startup.obj                    2      0         0      
    +--+------------------------------+------+---------+---------+
       Total:                         878    0         24     
                                                              
       Stack:                         0      0         512    
       Linker Generated:              0      74        0      
    +--+------------------------------+------+---------+---------+
       Grand Total:                   4174   1264      1169   


LINKER GENERATED COPY TABLES

__TI_cinit_table @ 00001534 records: 3, size/record: 8, table size: 24
	.data: load addr=000014f8, load size=00000016 bytes, run addr=2000046c, run size=00000020 bytes, compression=rle
	.vtable: load addr=00001510, load size=0000000b bytes, run addr=20000000, run size=0000026c bytes, compression=rle
	.bss: load addr=00001520, load size=00000009 bytes, run addr=2000048c, run size=00000008 bytes, compression=rle


LINKER GENERATED HANDLER TABLE

__TI_handler_table @ 0000152c records: 2, size/record: 4, table size: 8
	index: 0, handler: __TI_decompress_rle24
	index: 1, handler: __TI_decompress_none


GLOBAL SYMBOLS: SORTED ALPHABETICALLY BY Name 

address   name                           
-------   ----                           
00000fa5  C$$EXIT                        
0000126f  CPUcpsie                       
00001181  GPIODirModeSet                 
00000ab1  GPIOPadConfigSet               
00001091  GPIOPinConfigure               
000011f1  GPIOPinTypeQEI                 
00001203  GPIOPinTypeUART                
00000915  GPIOPinUnlockGPIO              
00000835  InitConsole                    
00000943  InitQEI                        
00000749  InitSystem                     
000007c9  InitTimer0                     
00000ee9  IntEnable                      
00001215  IntMasterEnable                
00001119  IntRegister                    
000008c3  QEI0IntHandler                 
00000871  QEI1IntHandler                 
00001245  QEIConfigure                   
00001253  QEIDirectionGet                
00001287  QEIEnable                      
000012b1  QEIIntClear                    
00001291  QEIIntStatus                   
00001225  QEIVelocityConfigure           
0000129b  QEIVelocityEnable              
000012b5  QEIVelocityGet                 
0000127b  ResetISR                       
UNDEFED   SHT$$INIT_ARRAY$$Base          
UNDEFED   SHT$$INIT_ARRAY$$Limit         
00000be5  SysCtlClockGet                 
0000114d  SysCtlPeripheralEnable         
00001235  SysTickPeriodSet               
00000781  Timer0IntHandler               
000011ab  TimerIntRegister               
000012a5  UARTClockSourceSet             
0000026d  UARTStdioConfig                
000003e5  UARTgetc                       
0000031f  UARTgets                       
00000713  UARTprintf                     
00000419  UARTvprintf                    
000002cd  UARTwrite                      
2000046c  __STACK_END                    
00000200  __STACK_SIZE                   
2000046c  __STACK_TOP                    
00001534  __TI_CINIT_Base                
0000154c  __TI_CINIT_Limit               
0000152c  __TI_Handler_Table_Base        
00001534  __TI_Handler_Table_Limit       
00000e0d  __TI_auto_init                 
2000046c  __TI_cleanup_ptr               
00001261  __TI_decompress_none           
000012ab  __TI_decompress_rle24          
20000470  __TI_dtors_ptr                 
20000474  __TI_enable_exit_profile_output
ffffffff  __TI_pprof_out_hndl            
ffffffff  __TI_prof_data_size            
ffffffff  __TI_prof_data_start           
00000000  __TI_static_base__             
00000be3  __aeabi_idiv0                  
00000d91  __aeabi_memclr                 
00000d91  __aeabi_memclr4                
00000d91  __aeabi_memclr8                
00000cf5  __aeabi_memcpy                 
00000cf5  __aeabi_memcpy4                
00000cf5  __aeabi_memcpy8                
00000d93  __aeabi_memset                 
00000d93  __aeabi_memset4                
00000d93  __aeabi_memset8                
000010d9  __aeabi_uidiv                  
000010d9  __aeabi_uidivmod               
ffffffff  __binit__                      
ffffffff  __c_args__                     
00000e0b  __mpu_init                     
2000026c  __stack                        
000011c5  _args_main                     
00000f51  _c_int00                       
20000478  _lock                          
000011eb  _nop                           
000011e3  _register_lock                 
000011dd  _register_unlock               
00000ee7  _system_post_cinit             
000012b9  _system_pre_init               
2000047c  _unlock                        
00000fa9  abort                          
ffffffff  binit                          
00001045  copy_in                        
00000fb1  exit                           
20000000  g_pfnRAMVectors                
00000000  g_pfnVectors                   
000009fb  main                           
20000488  main_func_sp                   
00000cf5  memcpy                         
00000d99  memset                         
2000048c  qei_position                   
20000490  qei_velocity                   


GLOBAL SYMBOLS: SORTED BY Symbol Address 

address   name                           
-------   ----                           
00000000  __TI_static_base__             
00000000  g_pfnVectors                   
00000200  __STACK_SIZE                   
0000026d  UARTStdioConfig                
000002cd  UARTwrite                      
0000031f  UARTgets                       
000003e5  UARTgetc                       
00000419  UARTvprintf                    
00000713  UARTprintf                     
00000749  InitSystem                     
00000781  Timer0IntHandler               
000007c9  InitTimer0                     
00000835  InitConsole                    
00000871  QEI1IntHandler                 
000008c3  QEI0IntHandler                 
00000915  GPIOPinUnlockGPIO              
00000943  InitQEI                        
000009fb  main                           
00000ab1  GPIOPadConfigSet               
00000be3  __aeabi_idiv0                  
00000be5  SysCtlClockGet                 
00000cf5  __aeabi_memcpy                 
00000cf5  __aeabi_memcpy4                
00000cf5  __aeabi_memcpy8                
00000cf5  memcpy                         
00000d91  __aeabi_memclr                 
00000d91  __aeabi_memclr4                
00000d91  __aeabi_memclr8                
00000d93  __aeabi_memset                 
00000d93  __aeabi_memset4                
00000d93  __aeabi_memset8                
00000d99  memset                         
00000e0b  __mpu_init                     
00000e0d  __TI_auto_init                 
00000ee7  _system_post_cinit             
00000ee9  IntEnable                      
00000f51  _c_int00                       
00000fa5  C$$EXIT                        
00000fa9  abort                          
00000fb1  exit                           
00001045  copy_in                        
00001091  GPIOPinConfigure               
000010d9  __aeabi_uidiv                  
000010d9  __aeabi_uidivmod               
00001119  IntRegister                    
0000114d  SysCtlPeripheralEnable         
00001181  GPIODirModeSet                 
000011ab  TimerIntRegister               
000011c5  _args_main                     
000011dd  _register_unlock               
000011e3  _register_lock                 
000011eb  _nop                           
000011f1  GPIOPinTypeQEI                 
00001203  GPIOPinTypeUART                
00001215  IntMasterEnable                
00001225  QEIVelocityConfigure           
00001235  SysTickPeriodSet               
00001245  QEIConfigure                   
00001253  QEIDirectionGet                
00001261  __TI_decompress_none           
0000126f  CPUcpsie                       
0000127b  ResetISR                       
00001287  QEIEnable                      
00001291  QEIIntStatus                   
0000129b  QEIVelocityEnable              
000012a5  UARTClockSourceSet             
000012ab  __TI_decompress_rle24          
000012b1  QEIIntClear                    
000012b5  QEIVelocityGet                 
000012b9  _system_pre_init               
0000152c  __TI_Handler_Table_Base        
00001534  __TI_CINIT_Base                
00001534  __TI_Handler_Table_Limit       
0000154c  __TI_CINIT_Limit               
20000000  g_pfnRAMVectors                
2000026c  __stack                        
2000046c  __STACK_END                    
2000046c  __STACK_TOP                    
2000046c  __TI_cleanup_ptr               
20000470  __TI_dtors_ptr                 
20000474  __TI_enable_exit_profile_output
20000478  _lock                          
2000047c  _unlock                        
20000488  main_func_sp                   
2000048c  qei_position                   
20000490  qei_velocity                   
ffffffff  __TI_pprof_out_hndl            
ffffffff  __TI_prof_data_size            
ffffffff  __TI_prof_data_start           
ffffffff  __binit__                      
ffffffff  __c_args__                     
ffffffff  binit                          
UNDEFED   SHT$$INIT_ARRAY$$Base          
UNDEFED   SHT$$INIT_ARRAY$$Limit         

[94 symbols]
