******************************************************************************
                  TI ARM Linker PC v15.12.3                    
******************************************************************************
>> Linked Tue Oct 25 12:06:16 2016

OUTPUT FILE NAME:   <i2c_demo.out>
ENTRY POINT SYMBOL: "_c_int00"  address: 20007ce1


MEMORY CONFIGURATION

         name            origin    length      used     unused   attr    fill
----------------------  --------  ---------  --------  --------  ----  --------
  SRAM_CODE             20004000   00013000  00004496  0000eb6a  RW X
  SRAM_DATA             20017000   00019000  0000105d  00017fa3  RW X


SEGMENT ALLOCATION MAP

run origin  load origin   length   init length attrs members
----------  ----------- ---------- ----------- ----- -------
20004000    20004000    0000449c   0000449c    r-x
  20004000    20004000    00000400   00000400    r-- .intvecs
  20004400    20004400    00003d86   00003d86    r-x .text
  20008188    20008188    000002c4   000002c4    r-- .const
  20008450    20008450    0000004c   0000004c    r-- .cinit
20017000    20017000    0000085d   00000000    rw-
  20017000    20017000    00000800   00000000    rw- .sysmem
  20017800    20017800    00000030   00000000    rw- .bss
  20017830    20017830    0000002d   00000000    rw- .data
2002f800    2002f800    00000800   00000000    rw-
  2002f800    2002f800    00000800   00000000    rw- .stack


SECTION ALLOCATION MAP

 output                                  attributes/
section   page    origin      length       input sections
--------  ----  ----------  ----------   ----------------
.intvecs   0    20004000    00000400     
                  20004000    00000400     startup_ccs.obj (.intvecs)

.init_array 
*          0    20004000    00000000     UNINITIALIZED

.text      0    20004400    00003d86     
                  20004400    000010fc     rtsv7M4_T_le_eabi.lib : _printfi.obj (.text)
                  200054fc    00000a54     main.obj (.text)
                  20005f50    000003dc     rtsv7M4_T_le_eabi.lib : memory.obj (.text)
                  2000632c    000002a4     mpu9255.obj (.text)
                  200065d0    00000290     i2c_if.obj (.text)
                  20006860    00000280     uart_if.obj (.text)
                  20006ae0    000001f4     rtsv7M4_T_le_eabi.lib : ull_div_t2.obj (.text)
                  20006cd4    000001b6                           : fd_add_t2.obj (.text)
                  20006e8a    00000002                           : mpu_init.obj (.text)
                  20006e8c    00000178     driverlib.a : prcm.obj (.text:PRCMCC3200MCUInit)
                  20007004    00000136     rtsv7M4_T_le_eabi.lib : fd_div_t2.obj (.text)
                  2000713a    00000002                           : startup.obj (.text)
                  2000713c    00000114                           : strtoul.obj (.text)
                  20007250    000000fc                           : fd_mul_t2.obj (.text)
                  2000734c    000000d0                           : s_scalbn.obj (.text)
                  2000741c    000000a8     driverlib.a : interrupt.obj (.text:IntEnable)
                  200074c4    0000009c     rtsv7M4_T_le_eabi.lib : memcpy_t2.obj (.text)
                  20007560    00000094     driverlib.a : prcm.obj (.text:PRCMPeripheralClockGet)
                  200075f4    00000088                 : pin.obj (.text:PinConfigSet)
                  2000767c    00000088     rtsv7M4_T_le_eabi.lib : vsnprintf.obj (.text)
                  20007704    00000086                           : fd_cmp_t2.obj (.text:__aeabi_cdcmple)
                  2000778a    00000086                           : fd_cmp_t2.obj (.text:__aeabi_cdrcmple)
                  20007810    00000084     driverlib.a : i2c.obj (.text:I2CMasterInitExpClk)
                  20007894    0000007a     rtsv7M4_T_le_eabi.lib : memset_t2.obj (.text)
                  2000790e    00000076     driverlib.a : uart.obj (.text:UARTConfigSetExpClk)
                  20007984    00000070     rtsv7M4_T_le_eabi.lib : autoinit.obj (.text)
                  200079f4    0000006a                           : copy_decompress_rle.obj (.text)
                  20007a5e    00000002     --HOLE-- [fill = 0]
                  20007a60    0000005c                           : s_frexp.obj (.text)
                  20007abc    00000058     driverlib.a : prcm.obj (.text:PRCMPeripheralReset)
                  20007b14    00000056     rtsv7M4_T_le_eabi.lib : ltoa.obj (.text)
                  20007b6a    00000002     --HOLE-- [fill = 0]
                  20007b6c    00000054                           : exit.obj (.text)
                  20007bc0    0000004c                           : atoi.obj (.text)
                  20007c0c    0000004c                           : cpy_tbl.obj (.text)
                  20007c58    00000048                           : fd_toi_t2.obj (.text)
                  20007ca0    00000040     driverlib.a : pin.obj (.text:PinModeSet)
                  20007ce0    00000040     rtsv7M4_T_le_eabi.lib : boot.obj (.text)
                  20007d20    00000040                           : strtok.obj (.text)
                  20007d60    0000003c     driverlib.a : prcm.obj (.text:PRCMPeripheralClkEnable)
                  20007d9c    00000030                 : uart.obj (.text:UARTDisable)
                  20007dcc    0000002e     rtsv7M4_T_le_eabi.lib : i_tofd_t2.obj (.text)
                  20007dfa    0000002c     driverlib.a : i2c.obj (.text:I2CMasterErr)
                  20007e26    00000002     --HOLE-- [fill = 0]
                  20007e28    0000002c                 : prcm.obj (.text:PRCMSysResetCauseGet)
                  20007e54    0000002a     rtsv7M4_T_le_eabi.lib : strspn.obj (.text)
                  20007e7e    00000002     --HOLE-- [fill = 0]
                  20007e80    00000028     driverlib.a : prcm.obj (.text:PRCMPeripheralClkDisable)
                  20007ea8    00000024                 : uart.obj (.text:UARTEnable)
                  20007ecc    00000024     rtsv7M4_T_le_eabi.lib : memmov.obj (.text)
                  20007ef0    00000024                           : strcspn.obj (.text)
                  20007f14    00000022     driverlib.a : i2c.obj (.text:I2CMasterSlaveAddrSet)
                  20007f36    0000001e                 : i2c.obj (.text:I2CMasterIntStatusEx)
                  20007f54    0000001e                 : uart.obj (.text:UARTCharPut)
                  20007f72    0000001c                 : pin.obj (.text:PinTypeI2C)
                  20007f8e    0000001c                 : uart.obj (.text:UARTCharGetNonBlocking)
                  20007faa    0000001c     pinmux.obj (.text)
                  20007fc6    0000001c     rtsv7M4_T_le_eabi.lib : memccpy.obj (.text)
                  20007fe2    0000001a     driverlib.a : pin.obj (.text:PinTypeUART)
                  20007ffc    00000018                 : uart.obj (.text:UARTCharsAvail)
                  20008014    00000018     rtsv7M4_T_le_eabi.lib : args_main.obj (.text)
                  2000802c    00000018                           : strcmp.obj (.text)
                  20008044    00000016     driverlib.a : i2c.obj (.text:I2CMasterDataPut)
                  2000805a    00000016                 : i2c.obj (.text:I2CMasterEnable)
                  20008070    00000016                 : prcm.obj (.text:PRCMHIBRegRead)
                  20008086    00000016                 : prcm.obj (.text:PRCMHIBRegWrite)
                  2000809c    00000016     rtsv7M4_T_le_eabi.lib : strchr.obj (.text)
                  200080b2    00000014     driverlib.a : cpu.obj (.text:CPUcpsie)
                  200080c6    00000002     --HOLE-- [fill = 0]
                  200080c8    00000014                 : interrupt.obj (.text:IntVTableBaseSet)
                  200080dc    00000014     rtsv7M4_T_le_eabi.lib : _lock.obj (.text)
                  200080f0    00000014                           : strlen.obj (.text)
                  20008104    00000012     driverlib.a : i2c.obj (.text:I2CMasterControl)
                  20008116    00000012                 : i2c.obj (.text:I2CMasterIntClearEx)
                  20008128    00000012                 : i2c.obj (.text:I2CMasterTimeoutSet)
                  2000813a    0000000e                 : i2c.obj (.text:I2CMasterDataGet)
                  20008148    0000000e     rtsv7M4_T_le_eabi.lib : copy_decompress_none.obj (.text:decompress:none)
                  20008156    0000000e     startup_ccs.obj (.text)
                  20008164    0000000a     driverlib.a : interrupt.obj (.text:IntMasterEnable)
                  2000816e    00000008     rtsv7M4_T_le_eabi.lib : s_copysign.obj (.text)
                  20008176    00000006     driverlib.a : utils.obj (.text:UtilsDelay)
                  2000817c    00000006     rtsv7M4_T_le_eabi.lib : copy_decompress_rle.obj (.text:decompress:rle24)
                  20008182    00000004                           : pre_init.obj (.text)

.const     0    20008188    000002c4     
                  20008188    00000101     rtsv7M4_T_le_eabi.lib : ctype.obj (.const:.string:_ctypes_)
                  20008289    00000003     --HOLE-- [fill = 0]
                  2000828c    00000100     driverlib.a : pin.obj (.const:g_ulPinToPadMap)
                  2000838c    000000a8                 : prcm.obj (.const:PRCM_PeriphRegsList)
                  20008434    00000018                 : interrupt.obj (.const:g_pulEnRegs)

.cinit     0    20008450    0000004c     
                  20008450    00000023     (.cinit..data.load) [load image, compression = rle]
                  20008473    00000005     --HOLE-- [fill = 0]
                  20008478    00000009     (.cinit..bss.load) [load image, compression = rle]
                  20008481    00000003     --HOLE-- [fill = 0]
                  20008484    00000008     (__TI_handler_table)
                  2000848c    00000010     (__TI_cinit_table)

.sysmem    0    20017000    00000800     UNINITIALIZED
                  20017000    00000008     rtsv7M4_T_le_eabi.lib : memory.obj (.sysmem)
                  20017008    000007f8     --HOLE--

.bss       0    20017800    00000030     UNINITIALIZED
                  20017800    00000010     (.common:MPU9255_DataBuffer)
                  20017810    00000008     (.common:MagTable)
                  20017818    00000006     (.common:MPU9255_ACC_LAST)
                  2001781e    00000006     (.common:MPU9255_GYRO_LAST)
                  20017824    00000006     (.common:MPU9255_MAG_LAST)
                  2001782a    00000002     (.common:MPU9255_TEMP_LAST)
                  2001782c    00000004     uart_if.obj (.bss)

.data      0    20017830    0000002d     UNINITIALIZED
                  20017830    0000000c     rtsv7M4_T_le_eabi.lib : exit.obj (.data:$O1$$)
                  2001783c    0000000c                           : memory.obj (.data:$O1$$)
                  20017848    00000008                           : _lock.obj (.data:$O1$$)
                  20017850    00000004                           : errno.obj (.data)
                  20017854    00000004                           : stkdepth_vars.obj (.data)
                  20017858    00000004                           : strtok.obj (.data)
                  2001785c    00000001     mpu9255.obj (.data)

.stack     0    2002f800    00000800     UNINITIALIZED
                  2002f800    00000800     --HOLE--

MODULE SUMMARY

       Module                     code    ro data   rw data
       ------                     ----    -------   -------
    .\
       main.obj                   2644    0         44     
       startup_ccs.obj            14      1024      0      
       mpu9255.obj                676     0         1      
       i2c_if.obj                 656     0         0      
       uart_if.obj                640     0         4      
       pinmux.obj                 28      0         0      
    +--+--------------------------+-------+---------+---------+
       Total:                     4658    1024      49     
                                                           
    C:/ti/CC3200SDK_1.2.0/cc3200-sdk/driverlib/ccs/Release/driverlib.a
       prcm.obj                   800     168       0      
       pin.obj                    254     256       0      
       i2c.obj                    352     0         0      
       uart.obj                   284     0         0      
       interrupt.obj              198     24        0      
       cpu.obj                    20      0         0      
       utils.obj                  6       0         0      
    +--+--------------------------+-------+---------+---------+
       Total:                     1914    448       0      
                                                           
    C:\ti\ccsv6\tools\compiler\arm_15.12.3.LTS\lib\rtsv7M4_T_le_eabi.lib
       _printfi.obj               4348    0         0      
       memory.obj                 988     0         12     
       ull_div_t2.obj             500     0         0      
       fd_add_t2.obj              438     0         0      
       fd_div_t2.obj              310     0         0      
       strtoul.obj                276     0         0      
       fd_cmp_t2.obj              268     0         0      
       ctype.obj                  0       257       0      
       fd_mul_t2.obj              252     0         0      
       s_scalbn.obj               208     0         0      
       memcpy_t2.obj              156     0         0      
       vsnprintf.obj              136     0         0      
       memset_t2.obj              122     0         0      
       autoinit.obj               112     0         0      
       copy_decompress_rle.obj    112     0         0      
       exit.obj                   84      0         12     
       s_frexp.obj                92      0         0      
       ltoa.obj                   86      0         0      
       atoi.obj                   76      0         0      
       cpy_tbl.obj                76      0         0      
       fd_toi_t2.obj              72      0         0      
       strtok.obj                 64      0         4      
       boot.obj                   64      0         0      
       i_tofd_t2.obj              46      0         0      
       strspn.obj                 42      0         0      
       memmov.obj                 36      0         0      
       strcspn.obj                36      0         0      
       _lock.obj                  20      0         8      
       memccpy.obj                28      0         0      
       args_main.obj              24      0         0      
       strcmp.obj                 24      0         0      
       strchr.obj                 22      0         0      
       strlen.obj                 20      0         0      
       copy_decompress_none.obj   14      0         0      
       s_copysign.obj             8       0         0      
       errno.obj                  0       0         4      
       pre_init.obj               4       0         0      
       stkdepth_vars.obj          0       0         4      
       mpu_init.obj               2       0         0      
       startup.obj                2       0         0      
    +--+--------------------------+-------+---------+---------+
       Total:                     9168    257       44     
                                                           
       Heap:                      0       0         2048   
       Stack:                     0       0         2048   
       Linker Generated:          0       68        0      
    +--+--------------------------+-------+---------+---------+
       Grand Total:               15740   1797      4189   


LINKER GENERATED COPY TABLES

__TI_cinit_table @ 2000848c records: 2, size/record: 8, table size: 16
	.data: load addr=20008450, load size=00000023 bytes, run addr=20017830, run size=0000002d bytes, compression=rle
	.bss: load addr=20008478, load size=00000009 bytes, run addr=20017800, run size=00000030 bytes, compression=rle


LINKER GENERATED HANDLER TABLE

__TI_handler_table @ 20008484 records: 2, size/record: 4, table size: 8
	index: 0, handler: __TI_decompress_rle24
	index: 1, handler: __TI_decompress_none


GLOBAL SYMBOLS: SORTED ALPHABETICALLY BY Name 

address   name                           
-------   ----                           
20007b6d  C$$EXIT                        
200080b3  CPUcpsie                       
200068a1  ClearTerm                      
20005959  DisplayBuffer                  
200054fd  DisplayPrompt                  
20005507  DisplayUsage                   
200068ab  Error                          
200068e3  GetCmd                         
20008105  I2CMasterControl               
2000813b  I2CMasterDataGet               
20008045  I2CMasterDataPut               
2000805b  I2CMasterEnable                
20007dfb  I2CMasterErr                   
20007811  I2CMasterInitExpClk            
20008117  I2CMasterIntClearEx            
20007f37  I2CMasterIntStatusEx           
20007f15  I2CMasterSlaveAddrSet          
20008129  I2CMasterTimeoutSet            
20006849  I2C_IF_Close                   
20006801  I2C_IF_Open                    
200066fb  I2C_IF_Read                    
200067b7  I2C_IF_ReadFrom                
20006645  I2C_IF_Write                   
20006861  InitTerm                       
2000741d  IntEnable                      
20008165  IntMasterEnable                
200080c9  IntVTableBaseSet               
20017818  MPU9255_ACC_LAST               
20017800  MPU9255_DataBuffer             
2001781e  MPU9255_GYRO_LAST              
20006397  MPU9255_Init                   
20017824  MPU9255_MAG_LAST               
2000644b  MPU9255_ReadValue              
2000632d  MPU9255_Read_Reg               
2001782a  MPU9255_TEMP_LAST              
2000635b  MPU9255_Write_Reg              
20017810  MagTable                       
2000687f  Message                        
20006e8d  PRCMCC3200MCUInit              
20008071  PRCMHIBRegRead                 
20008087  PRCMHIBRegWrite                
20007e81  PRCMPeripheralClkDisable       
20007d61  PRCMPeripheralClkEnable        
20007561  PRCMPeripheralClockGet         
20007abd  PRCMPeripheralReset            
20007e29  PRCMSysResetCauseGet           
20005dcf  ParseNProcessCmd               
200075f5  PinConfigSet                   
20007ca1  PinModeSet                     
20007fab  PinMuxConfig                   
20007f73  PinTypeI2C                     
20007fe3  PinTypeUART                    
200059df  ProcessReadCommand             
20005a69  ProcessReadRegCommand          
20005cc3  ProcessWriteCommand            
20005b2d  ProcessWriteRegCommand         
20006a21  Report                         
20008157  ResetISR                       
UNDEFED   SHT$$INIT_ARRAY$$Base          
UNDEFED   SHT$$INIT_ARRAY$$Limit         
20006989  TrimSpace                      
20007f8f  UARTCharGetNonBlocking         
20007f55  UARTCharPut                    
20007ffd  UARTCharsAvail                 
2000790f  UARTConfigSetExpClk            
20007d9d  UARTDisable                    
20007ea9  UARTEnable                     
20008177  UtilsDelay                     
20030000  __STACK_END                    
00000800  __STACK_SIZE                   
00000800  __SYSMEM_SIZE                  
2000848c  __TI_CINIT_Base                
2000849c  __TI_CINIT_Limit               
20008484  __TI_Handler_Table_Base        
2000848c  __TI_Handler_Table_Limit       
20007985  __TI_auto_init                 
20017830  __TI_cleanup_ptr               
20008149  __TI_decompress_none           
2000817d  __TI_decompress_rle24          
20017834  __TI_dtors_ptr                 
20017838  __TI_enable_exit_profile_output
ffffffff  __TI_pprof_out_hndl            
200051f7  __TI_printfi                   
ffffffff  __TI_prof_data_size            
ffffffff  __TI_prof_data_start           
20008450  __TI_static_base__             
20007705  __aeabi_cdcmpeq                
20007705  __aeabi_cdcmple                
2000778b  __aeabi_cdrcmple               
20007c59  __aeabi_d2iz                   
20006cdf  __aeabi_dadd                   
20007005  __aeabi_ddiv                   
20007251  __aeabi_dmul                   
20006cd5  __aeabi_dsub                   
20007dcd  __aeabi_i2d                    
20007895  __aeabi_memclr                 
20007895  __aeabi_memclr4                
20007895  __aeabi_memclr8                
200074c5  __aeabi_memcpy                 
200074c5  __aeabi_memcpy4                
200074c5  __aeabi_memcpy8                
20007897  __aeabi_memset                 
20007897  __aeabi_memset4                
20007897  __aeabi_memset8                
20006ae1  __aeabi_uldivmod               
ffffffff  __binit__                      
ffffffff  __c_args__                     
20006e8b  __mpu_init                     
2002f800  __stack                        
20008015  _args_main                     
20007ce1  _c_int00                       
20008188  _ctypes_                       
20017848  _lock                          
200080eb  _nop                           
200080e3  _register_lock                 
200080dd  _register_unlock               
20017000  _sys_memory                    
2000713b  _system_post_cinit             
20008183  _system_pre_init               
2001784c  _unlock                        
20007b71  abort                          
20007bc1  atoi                           
ffffffff  binit                          
200062f9  calloc                         
20007c0d  copy_in                        
2000816f  copysign                       
2000816f  copysignl                      
20017850  errno                          
20007b79  exit                           
20006047  free                           
20007a61  frexp                          
20007a61  frexpl                         
20004000  g_pfnVectors                   
2001785c  i2c_dev                        
2000734d  ldexp                          
2000734d  ldexpl                         
20007b15  ltoa                           
20005e61  main                           
20017854  main_func_sp                   
20005fdf  malloc                         
20006215  memalign                       
20007fc7  memccpy                        
200074c5  memcpy                         
20007ecd  memmove                        
2000789d  memset                         
20005f51  minit                          
20006109  realloc                        
2000734d  scalbn                         
2000734d  scalbnl                        
2000809d  strchr                         
2000802d  strcmp                         
20007ef1  strcspn                        
200080f1  strlen                         
20007e55  strspn                         
20007d21  strtok                         
2000713d  strtoul                        
2000767d  vsnprintf                      


GLOBAL SYMBOLS: SORTED BY Symbol Address 

address   name                           
-------   ----                           
00000800  __STACK_SIZE                   
00000800  __SYSMEM_SIZE                  
20004000  g_pfnVectors                   
200051f7  __TI_printfi                   
200054fd  DisplayPrompt                  
20005507  DisplayUsage                   
20005959  DisplayBuffer                  
200059df  ProcessReadCommand             
20005a69  ProcessReadRegCommand          
20005b2d  ProcessWriteRegCommand         
20005cc3  ProcessWriteCommand            
20005dcf  ParseNProcessCmd               
20005e61  main                           
20005f51  minit                          
20005fdf  malloc                         
20006047  free                           
20006109  realloc                        
20006215  memalign                       
200062f9  calloc                         
2000632d  MPU9255_Read_Reg               
2000635b  MPU9255_Write_Reg              
20006397  MPU9255_Init                   
2000644b  MPU9255_ReadValue              
20006645  I2C_IF_Write                   
200066fb  I2C_IF_Read                    
200067b7  I2C_IF_ReadFrom                
20006801  I2C_IF_Open                    
20006849  I2C_IF_Close                   
20006861  InitTerm                       
2000687f  Message                        
200068a1  ClearTerm                      
200068ab  Error                          
200068e3  GetCmd                         
20006989  TrimSpace                      
20006a21  Report                         
20006ae1  __aeabi_uldivmod               
20006cd5  __aeabi_dsub                   
20006cdf  __aeabi_dadd                   
20006e8b  __mpu_init                     
20006e8d  PRCMCC3200MCUInit              
20007005  __aeabi_ddiv                   
2000713b  _system_post_cinit             
2000713d  strtoul                        
20007251  __aeabi_dmul                   
2000734d  ldexp                          
2000734d  ldexpl                         
2000734d  scalbn                         
2000734d  scalbnl                        
2000741d  IntEnable                      
200074c5  __aeabi_memcpy                 
200074c5  __aeabi_memcpy4                
200074c5  __aeabi_memcpy8                
200074c5  memcpy                         
20007561  PRCMPeripheralClockGet         
200075f5  PinConfigSet                   
2000767d  vsnprintf                      
20007705  __aeabi_cdcmpeq                
20007705  __aeabi_cdcmple                
2000778b  __aeabi_cdrcmple               
20007811  I2CMasterInitExpClk            
20007895  __aeabi_memclr                 
20007895  __aeabi_memclr4                
20007895  __aeabi_memclr8                
20007897  __aeabi_memset                 
20007897  __aeabi_memset4                
20007897  __aeabi_memset8                
2000789d  memset                         
2000790f  UARTConfigSetExpClk            
20007985  __TI_auto_init                 
20007a61  frexp                          
20007a61  frexpl                         
20007abd  PRCMPeripheralReset            
20007b15  ltoa                           
20007b6d  C$$EXIT                        
20007b71  abort                          
20007b79  exit                           
20007bc1  atoi                           
20007c0d  copy_in                        
20007c59  __aeabi_d2iz                   
20007ca1  PinModeSet                     
20007ce1  _c_int00                       
20007d21  strtok                         
20007d61  PRCMPeripheralClkEnable        
20007d9d  UARTDisable                    
20007dcd  __aeabi_i2d                    
20007dfb  I2CMasterErr                   
20007e29  PRCMSysResetCauseGet           
20007e55  strspn                         
20007e81  PRCMPeripheralClkDisable       
20007ea9  UARTEnable                     
20007ecd  memmove                        
20007ef1  strcspn                        
20007f15  I2CMasterSlaveAddrSet          
20007f37  I2CMasterIntStatusEx           
20007f55  UARTCharPut                    
20007f73  PinTypeI2C                     
20007f8f  UARTCharGetNonBlocking         
20007fab  PinMuxConfig                   
20007fc7  memccpy                        
20007fe3  PinTypeUART                    
20007ffd  UARTCharsAvail                 
20008015  _args_main                     
2000802d  strcmp                         
20008045  I2CMasterDataPut               
2000805b  I2CMasterEnable                
20008071  PRCMHIBRegRead                 
20008087  PRCMHIBRegWrite                
2000809d  strchr                         
200080b3  CPUcpsie                       
200080c9  IntVTableBaseSet               
200080dd  _register_unlock               
200080e3  _register_lock                 
200080eb  _nop                           
200080f1  strlen                         
20008105  I2CMasterControl               
20008117  I2CMasterIntClearEx            
20008129  I2CMasterTimeoutSet            
2000813b  I2CMasterDataGet               
20008149  __TI_decompress_none           
20008157  ResetISR                       
20008165  IntMasterEnable                
2000816f  copysign                       
2000816f  copysignl                      
20008177  UtilsDelay                     
2000817d  __TI_decompress_rle24          
20008183  _system_pre_init               
20008188  _ctypes_                       
20008450  __TI_static_base__             
20008484  __TI_Handler_Table_Base        
2000848c  __TI_CINIT_Base                
2000848c  __TI_Handler_Table_Limit       
2000849c  __TI_CINIT_Limit               
20017000  _sys_memory                    
20017800  MPU9255_DataBuffer             
20017810  MagTable                       
20017818  MPU9255_ACC_LAST               
2001781e  MPU9255_GYRO_LAST              
20017824  MPU9255_MAG_LAST               
2001782a  MPU9255_TEMP_LAST              
20017830  __TI_cleanup_ptr               
20017834  __TI_dtors_ptr                 
20017838  __TI_enable_exit_profile_output
20017848  _lock                          
2001784c  _unlock                        
20017850  errno                          
20017854  main_func_sp                   
2001785c  i2c_dev                        
2002f800  __stack                        
20030000  __STACK_END                    
ffffffff  __TI_pprof_out_hndl            
ffffffff  __TI_prof_data_size            
ffffffff  __TI_prof_data_start           
ffffffff  __binit__                      
ffffffff  __c_args__                     
ffffffff  binit                          
UNDEFED   SHT$$INIT_ARRAY$$Base          
UNDEFED   SHT$$INIT_ARRAY$$Limit         

[157 symbols]
