******************************************************************************
                  TI ARM Linker PC v15.12.3                    
******************************************************************************
>> Linked Tue Oct 11 11:18:07 2016

OUTPUT FILE NAME:   <interrupt.out>
ENTRY POINT SYMBOL: "_c_int00"  address: 200077fd


MEMORY CONFIGURATION

         name            origin    length      used     unused   attr    fill
----------------------  --------  ---------  --------  --------  ----  --------
  SRAM_CODE             20004000   00013000  000040c8  0000ef38  RW X
  SRAM_DATA             20017000   00019000  00009068  0000ff98  RW X


SEGMENT ALLOCATION MAP

run origin  load origin   length   init length attrs members
----------  ----------- ---------- ----------- ----- -------
20004000    20004000    000040cc   000040cc    r-x
  20004000    20004000    00000400   00000400    r-- .intvecs
  20004400    20004400    000038ac   000038ac    r-x .text
  20007cac    20007cac    000003d0   000003d0    r-- .const
  20008080    20008080    0000004c   0000004c    r-- .cinit
20017000    20017000    00008068   00000000    rw-
  20017000    20017000    00008000   00000000    rw- .sysmem
  2001f000    2001f000    00000034   00000000    rw- .bss
  2001f034    2001f034    00000034   00000000    rw- .data
2002f000    2002f000    00001000   00000000    rw-
  2002f000    2002f000    00001000   00000000    rw- .stack


SECTION ALLOCATION MAP

 output                                  attributes/
section   page    origin      length       input sections
--------  ----  ----------  ----------   ----------------
.intvecs   0    20004000    00000400     
                  20004000    00000400     startup_ccs.obj (.intvecs)

.init_array 
*          0    20004000    00000000     UNINITIALIZED

.text      0    20004400    000038ac     
                  20004400    000010fc     rtsv7M4_T_le_eabi.lib : _printfi.obj (.text)
                  200054fc    00000764     main.obj (.text)
                  20005c60    000003dc     rtsv7M4_T_le_eabi.lib : memory.obj (.text)
                  2000603c    00000280     systick_if.obj (.text)
                  200062bc    00000280     uart_if.obj (.text)
                  2000653c    000001f4     rtsv7M4_T_le_eabi.lib : ull_div_t2.obj (.text)
                  20006730    000001b6                           : fd_add_t2.obj (.text)
                  200068e6    00000002     driverlib.a : interrupt.obj (.text:IntDefaultHandler)
                  200068e8    00000178                 : prcm.obj (.text:PRCMCC3200MCUInit)
                  20006a60    00000136     rtsv7M4_T_le_eabi.lib : fd_div_t2.obj (.text)
                  20006b96    000000fc                           : fd_mul_t2.obj (.text)
                  20006c92    00000002                           : mpu_init.obj (.text)
                  20006c94    000000d0                           : s_scalbn.obj (.text)
                  20006d64    000000a8     driverlib.a : interrupt.obj (.text:IntDisable)
                  20006e0c    000000a8                 : interrupt.obj (.text:IntEnable)
                  20006eb4    0000009c     rtsv7M4_T_le_eabi.lib : memcpy_t2.obj (.text)
                  20006f50    00000094     driverlib.a : prcm.obj (.text:PRCMPeripheralClockGet)
                  20006fe4    00000088                 : pin.obj (.text:PinConfigSet)
                  2000706c    00000088     rtsv7M4_T_le_eabi.lib : vsnprintf.obj (.text)
                  200070f4    00000086                           : fd_cmp_t2.obj (.text:__aeabi_cdcmple)
                  2000717a    00000086                           : fd_cmp_t2.obj (.text:__aeabi_cdrcmple)
                  20007200    0000007a                           : memset_t2.obj (.text)
                  2000727a    00000076     driverlib.a : uart.obj (.text:UARTConfigSetExpClk)
                  200072f0    00000070                 : timer.obj (.text:TimerIntRegister)
                  20007360    00000070     rtsv7M4_T_le_eabi.lib : autoinit.obj (.text)
                  200073d0    0000006a                           : copy_decompress_rle.obj (.text)
                  2000743a    00000002                           : startup.obj (.text)
                  2000743c    00000068     driverlib.a : timer.obj (.text:TimerIntUnregister)
                  200074a4    0000005c     rtsv7M4_T_le_eabi.lib : s_frexp.obj (.text)
                  20007500    00000058     driverlib.a : prcm.obj (.text:PRCMPeripheralReset)
                  20007558    00000056     rtsv7M4_T_le_eabi.lib : ltoa.obj (.text)
                  200075ae    00000002     --HOLE-- [fill = 0]
                  200075b0    00000054     driverlib.a : interrupt.obj (.text:IntPrioritySet)
                  20007604    00000054     rtsv7M4_T_le_eabi.lib : exit.obj (.text)
                  20007658    0000004c                           : atoi.obj (.text)
                  200076a4    0000004c                           : cpy_tbl.obj (.text)
                  200076f0    00000048                           : fd_toi_t2.obj (.text)
                  20007738    00000044     driverlib.a : timer.obj (.text:TimerConfigure)
                  2000777c    00000040                 : interrupt.obj (.text:IntPriorityGroupingGet)
                  200077bc    00000040                 : pin.obj (.text:PinModeSet)
                  200077fc    00000040     rtsv7M4_T_le_eabi.lib : boot.obj (.text)
                  2000783c    0000003c     driverlib.a : prcm.obj (.text:PRCMPeripheralClkEnable)
                  20007878    00000030                 : uart.obj (.text:UARTDisable)
                  200078a8    0000002e     rtsv7M4_T_le_eabi.lib : i_tofd_t2.obj (.text)
                  200078d6    00000002     --HOLE-- [fill = 0]
                  200078d8    0000002c     driverlib.a : prcm.obj (.text:PRCMSysResetCauseGet)
                  20007904    0000002a                 : timer.obj (.text:TimerLoadSet)
                  2000792e    00000002     --HOLE-- [fill = 0]
                  20007930    00000028                 : interrupt.obj (.text:IntPriorityGet)
                  20007958    00000028                 : interrupt.obj (.text:IntPriorityGroupingSet)
                  20007980    00000028                 : prcm.obj (.text:PRCMPeripheralClkDisable)
                  200079a8    00000024                 : interrupt.obj (.text:IntUnregister)
                  200079cc    00000024                 : uart.obj (.text:UARTEnable)
                  200079f0    00000024     rtsv7M4_T_le_eabi.lib : memmov.obj (.text)
                  20007a14    00000020     driverlib.a : interrupt.obj (.text:IntRegister)
                  20007a34    0000001e                 : timer.obj (.text:TimerDisable)
                  20007a52    0000001e                 : timer.obj (.text:TimerEnable)
                  20007a70    0000001e                 : timer.obj (.text:TimerIntStatus)
                  20007a8e    0000001e                 : uart.obj (.text:UARTCharPut)
                  20007aac    0000001c                 : uart.obj (.text:UARTCharGetNonBlocking)
                  20007ac8    0000001c     pinmux.obj (.text)
                  20007ae4    0000001c     rtsv7M4_T_le_eabi.lib : memccpy.obj (.text)
                  20007b00    0000001a     driverlib.a : pin.obj (.text:PinTypeUART)
                  20007b1a    00000002     --HOLE-- [fill = 0]
                  20007b1c    00000018                 : systick.obj (.text:SysTickPeriodSet)
                  20007b34    00000018                 : timer.obj (.text:TimerIntDisable)
                  20007b4c    00000018                 : timer.obj (.text:TimerIntEnable)
                  20007b64    00000018                 : uart.obj (.text:UARTCharsAvail)
                  20007b7c    00000018     rtsv7M4_T_le_eabi.lib : args_main.obj (.text)
                  20007b94    00000016     driverlib.a : prcm.obj (.text:PRCMHIBRegRead)
                  20007baa    00000016                 : prcm.obj (.text:PRCMHIBRegWrite)
                  20007bc0    00000016     rtsv7M4_T_le_eabi.lib : strchr.obj (.text)
                  20007bd6    00000014     driverlib.a : cpu.obj (.text:CPUcpsie)
                  20007bea    00000002     --HOLE-- [fill = 0]
                  20007bec    00000014                 : interrupt.obj (.text:IntVTableBaseSet)
                  20007c00    00000014     rtsv7M4_T_le_eabi.lib : _lock.obj (.text)
                  20007c14    00000014                           : strlen.obj (.text)
                  20007c28    00000012     driverlib.a : timer.obj (.text:TimerIntClear)
                  20007c3a    00000002     --HOLE-- [fill = 0]
                  20007c3c    00000010                 : systick.obj (.text:SysTickEnable)
                  20007c4c    00000010                 : systick.obj (.text:SysTickIntEnable)
                  20007c5c    0000000e     rtsv7M4_T_le_eabi.lib : copy_decompress_none.obj (.text:decompress:none)
                  20007c6a    0000000e     startup_ccs.obj (.text)
                  20007c78    0000000c     driverlib.a : systick.obj (.text:SysTickValueGet)
                  20007c84    0000000a                 : interrupt.obj (.text:IntMasterEnable)
                  20007c8e    00000008     rtsv7M4_T_le_eabi.lib : s_copysign.obj (.text)
                  20007c96    00000006     systick_if.obj (.text:SysCtlDelay)
                  20007c9c    00000006     driverlib.a : utils.obj (.text:UtilsDelay)
                  20007ca2    00000006     rtsv7M4_T_le_eabi.lib : copy_decompress_rle.obj (.text:decompress:rle24)
                  20007ca8    00000004                           : pre_init.obj (.text)

.const     0    20007cac    000003d0     
                  20007cac    00000101     rtsv7M4_T_le_eabi.lib : ctype.obj (.const:.string:_ctypes_)
                  20007dad    00000003     --HOLE-- [fill = 0]
                  20007db0    00000100     driverlib.a : pin.obj (.const:g_ulPinToPadMap)
                  20007eb0    000000d4                 : interrupt.obj (.const:g_pulRegs)
                  20007f84    000000a8                 : prcm.obj (.const:PRCM_PeriphRegsList)
                  2000802c    00000020                 : interrupt.obj (.const:g_pulPriority)
                  2000804c    00000018                 : interrupt.obj (.const:g_pulDisRegs)
                  20008064    00000018                 : interrupt.obj (.const:g_pulEnRegs)

.cinit     0    20008080    0000004c     
                  20008080    00000023     (.cinit..data.load) [load image, compression = rle]
                  200080a3    00000005     --HOLE-- [fill = 0]
                  200080a8    00000009     (.cinit..bss.load) [load image, compression = rle]
                  200080b1    00000003     --HOLE-- [fill = 0]
                  200080b4    00000008     (__TI_handler_table)
                  200080bc    00000010     (__TI_cinit_table)

.sysmem    0    20017000    00008000     UNINITIALIZED
                  20017000    00000008     rtsv7M4_T_le_eabi.lib : memory.obj (.sysmem)
                  20017008    00007ff8     --HOLE--

.bss       0    2001f000    00000034     UNINITIALIZED
                  2001f000    0000001c     main.obj (.bss)
                  2001f01c    00000010     systick_if.obj (.bss)
                  2001f02c    00000004     uart_if.obj (.bss)
                  2001f030    00000004     (.common:g_ulClockRate)

.data      0    2001f034    00000034     UNINITIALIZED
                  2001f034    0000000c     rtsv7M4_T_le_eabi.lib : exit.obj (.data:$O1$$)
                  2001f040    0000000c                           : memory.obj (.data:$O1$$)
                  2001f04c    0000000c     systick_if.obj (.data)
                  2001f058    00000008     rtsv7M4_T_le_eabi.lib : _lock.obj (.data:$O1$$)
                  2001f060    00000004                           : errno.obj (.data)
                  2001f064    00000004                           : stkdepth_vars.obj (.data)

.stack     0    2002f000    00001000     UNINITIALIZED
                  2002f000    00001000     --HOLE--

MODULE SUMMARY

       Module                     code    ro data   rw data
       ------                     ----    -------   -------
    .\
       main.obj                   1892    0         28     
       startup_ccs.obj            14      1024      0      
       systick_if.obj             646     0         32     
       uart_if.obj                640     0         4      
       pinmux.obj                 28      0         0      
    +--+--------------------------+-------+---------+---------+
       Total:                     3220    1024      64     
                                                           
    C:/ti/CC3200SDK_1.2.0/cc3200-sdk/driverlib/ccs/Release/driverlib.a
       prcm.obj                   800     168       0      
       interrupt.obj              664     292       0      
       pin.obj                    226     256       0      
       timer.obj                  482     0         0      
       uart.obj                   284     0         0      
       systick.obj                68      0         0      
       cpu.obj                    20      0         0      
       utils.obj                  6       0         0      
    +--+--------------------------+-------+---------+---------+
       Total:                     2550    716       0      
                                                           
    C:\ti\ccsv6\tools\compiler\arm_15.12.3.LTS\lib\rtsv7M4_T_le_eabi.lib
       _printfi.obj               4348    0         0      
       memory.obj                 988     0         12     
       ull_div_t2.obj             500     0         0      
       fd_add_t2.obj              438     0         0      
       fd_div_t2.obj              310     0         0      
       fd_cmp_t2.obj              268     0         0      
       ctype.obj                  0       257       0      
       fd_mul_t2.obj              252     0         0      
       s_scalbn.obj               208     0         0      
       memcpy_t2.obj              156     0         0      
       vsnprintf.obj              136     0         0      
       memset_t2.obj              122     0         0      
       autoinit.obj               112     0         0      
       copy_decompress_rle.obj    112     0         0      
       exit.obj                   84      0         12     
       s_frexp.obj                92      0         0      
       ltoa.obj                   86      0         0      
       atoi.obj                   76      0         0      
       cpy_tbl.obj                76      0         0      
       fd_toi_t2.obj              72      0         0      
       boot.obj                   64      0         0      
       i_tofd_t2.obj              46      0         0      
       memmov.obj                 36      0         0      
       _lock.obj                  20      0         8      
       memccpy.obj                28      0         0      
       args_main.obj              24      0         0      
       strchr.obj                 22      0         0      
       strlen.obj                 20      0         0      
       copy_decompress_none.obj   14      0         0      
       s_copysign.obj             8       0         0      
       errno.obj                  0       0         4      
       pre_init.obj               4       0         0      
       stkdepth_vars.obj          0       0         4      
       mpu_init.obj               2       0         0      
       startup.obj                2       0         0      
    +--+--------------------------+-------+---------+---------+
       Total:                     8726    257       40     
                                                           
       Heap:                      0       0         32768  
       Stack:                     0       0         4096   
       Linker Generated:          0       68        0      
    +--+--------------------------+-------+---------+---------+
       Grand Total:               14496   2065      36968  


LINKER GENERATED COPY TABLES

__TI_cinit_table @ 200080bc records: 2, size/record: 8, table size: 16
	.data: load addr=20008080, load size=00000023 bytes, run addr=2001f034, run size=00000034 bytes, compression=rle
	.bss: load addr=200080a8, load size=00000009 bytes, run addr=2001f000, run size=00000034 bytes, compression=rle


LINKER GENERATED HANDLER TABLE

__TI_handler_table @ 200080b4 records: 2, size/record: 4, table size: 8
	index: 0, handler: __TI_decompress_rle24
	index: 1, handler: __TI_decompress_none


GLOBAL SYMBOLS: SORTED ALPHABETICALLY BY Name 

address   name                           
-------   ----                           
20007605  C$$EXIT                        
20007bd7  CPUcpsie                       
200062fd  ClearTerm                      
20005795  DoInterruptTest                
20006307  Error                          
2000633f  GetCmd                         
200062bd  InitTerm                       
20006d65  IntDisable                     
20006e0d  IntEnable                      
20007c85  IntMasterEnable                
20007931  IntPriorityGet                 
2000777d  IntPriorityGroupingGet         
20007959  IntPriorityGroupingSet         
200075b1  IntPrioritySet                 
20007a15  IntRegister                    
200079a9  IntUnregister                  
20007bed  IntVTableBaseSet               
200062db  Message                        
200068e9  PRCMCC3200MCUInit              
20007b95  PRCMHIBRegRead                 
20007bab  PRCMHIBRegWrite                
20007981  PRCMPeripheralClkDisable       
2000783d  PRCMPeripheralClkEnable        
20006f51  PRCMPeripheralClockGet         
20007501  PRCMPeripheralReset            
200078d9  PRCMSysResetCauseGet           
20005675  PerformIntTest                 
20006fe5  PinConfigSet                   
200077bd  PinModeSet                     
20007ac9  PinMuxConfig                   
20007b01  PinTypeUART                    
2000647d  Report                         
20007c6b  ResetISR                       
UNDEFED   SHT$$INIT_ARRAY$$Base          
UNDEFED   SHT$$INIT_ARRAY$$Limit         
20007c97  SysCtlDelay                    
20007c3d  SysTickEnable                  
2000603d  SysTickHandler                 
200060cf  SysTickInit                    
20007c4d  SysTickIntEnable               
20007b1d  SysTickPeriodSet               
20007c79  SysTickValueGet                
20007739  TimerConfigure                 
20007a35  TimerDisable                   
20007a53  TimerEnable                    
20007c29  TimerIntClear                  
20007b35  TimerIntDisable                
20007b4d  TimerIntEnable                 
200072f1  TimerIntRegister               
20007a71  TimerIntStatus                 
2000743d  TimerIntUnregister             
20007905  TimerLoadSet                   
200063e5  TrimSpace                      
20007aad  UARTCharGetNonBlocking         
20007a8f  UARTCharPut                    
20007b65  UARTCharsAvail                 
2000727b  UARTConfigSetExpClk            
20007879  UARTDisable                    
200079cd  UARTEnable                     
20006271  UTUtilsDelay                   
2000625f  UTUtilsDelayCycles             
20006171  UTUtilsGetSysTime              
20006219  UTUtilsWaitForCount            
20007c9d  UtilsDelay                     
20030000  __STACK_END                    
00001000  __STACK_SIZE                   
00008000  __SYSMEM_SIZE                  
200080bc  __TI_CINIT_Base                
200080cc  __TI_CINIT_Limit               
200080b4  __TI_Handler_Table_Base        
200080bc  __TI_Handler_Table_Limit       
20007361  __TI_auto_init                 
2001f034  __TI_cleanup_ptr               
20007c5d  __TI_decompress_none           
20007ca3  __TI_decompress_rle24          
2001f038  __TI_dtors_ptr                 
2001f03c  __TI_enable_exit_profile_output
ffffffff  __TI_pprof_out_hndl            
200051f7  __TI_printfi                   
ffffffff  __TI_prof_data_size            
ffffffff  __TI_prof_data_start           
20008080  __TI_static_base__             
200070f5  __aeabi_cdcmpeq                
200070f5  __aeabi_cdcmple                
2000717b  __aeabi_cdrcmple               
200076f1  __aeabi_d2iz                   
2000673b  __aeabi_dadd                   
20006a61  __aeabi_ddiv                   
20006b97  __aeabi_dmul                   
20006731  __aeabi_dsub                   
200078a9  __aeabi_i2d                    
20007201  __aeabi_memclr                 
20007201  __aeabi_memclr4                
20007201  __aeabi_memclr8                
20006eb5  __aeabi_memcpy                 
20006eb5  __aeabi_memcpy4                
20006eb5  __aeabi_memcpy8                
20007203  __aeabi_memset                 
20007203  __aeabi_memset4                
20007203  __aeabi_memset8                
2000653d  __aeabi_uldivmod               
ffffffff  __binit__                      
ffffffff  __c_args__                     
20006c93  __mpu_init                     
2002f000  __stack                        
20007b7d  _args_main                     
200077fd  _c_int00                       
20007cac  _ctypes_                       
2001f058  _lock                          
20007c0f  _nop                           
20007c07  _register_lock                 
20007c01  _register_unlock               
20017000  _sys_memory                    
2000743b  _system_post_cinit             
20007ca9  _system_pre_init               
2001f05c  _unlock                        
20007609  abort                          
20007659  atoi                           
ffffffff  binit                          
20006009  calloc                         
200076a5  copy_in                        
20007c8f  copysign                       
20007c8f  copysignl                      
2001f060  errno                          
20007611  exit                           
20005d57  free                           
200074a5  frexp                          
200074a5  frexpl                         
20004000  g_pfnVectors                   
2001f030  g_ulClockRate                  
20006c95  ldexp                          
20006c95  ldexpl                         
20007559  ltoa                           
200059db  main                           
2001f064  main_func_sp                   
20005cef  malloc                         
20005f25  memalign                       
20007ae5  memccpy                        
20006eb5  memcpy                         
200079f1  memmove                        
20007209  memset                         
20005c61  minit                          
20005e19  realloc                        
20006c95  scalbn                         
20006c95  scalbnl                        
20007bc1  strchr                         
20007c15  strlen                         
2000706d  vsnprintf                      


GLOBAL SYMBOLS: SORTED BY Symbol Address 

address   name                           
-------   ----                           
00001000  __STACK_SIZE                   
00008000  __SYSMEM_SIZE                  
20004000  g_pfnVectors                   
200051f7  __TI_printfi                   
20005675  PerformIntTest                 
20005795  DoInterruptTest                
200059db  main                           
20005c61  minit                          
20005cef  malloc                         
20005d57  free                           
20005e19  realloc                        
20005f25  memalign                       
20006009  calloc                         
2000603d  SysTickHandler                 
200060cf  SysTickInit                    
20006171  UTUtilsGetSysTime              
20006219  UTUtilsWaitForCount            
2000625f  UTUtilsDelayCycles             
20006271  UTUtilsDelay                   
200062bd  InitTerm                       
200062db  Message                        
200062fd  ClearTerm                      
20006307  Error                          
2000633f  GetCmd                         
200063e5  TrimSpace                      
2000647d  Report                         
2000653d  __aeabi_uldivmod               
20006731  __aeabi_dsub                   
2000673b  __aeabi_dadd                   
200068e9  PRCMCC3200MCUInit              
20006a61  __aeabi_ddiv                   
20006b97  __aeabi_dmul                   
20006c93  __mpu_init                     
20006c95  ldexp                          
20006c95  ldexpl                         
20006c95  scalbn                         
20006c95  scalbnl                        
20006d65  IntDisable                     
20006e0d  IntEnable                      
20006eb5  __aeabi_memcpy                 
20006eb5  __aeabi_memcpy4                
20006eb5  __aeabi_memcpy8                
20006eb5  memcpy                         
20006f51  PRCMPeripheralClockGet         
20006fe5  PinConfigSet                   
2000706d  vsnprintf                      
200070f5  __aeabi_cdcmpeq                
200070f5  __aeabi_cdcmple                
2000717b  __aeabi_cdrcmple               
20007201  __aeabi_memclr                 
20007201  __aeabi_memclr4                
20007201  __aeabi_memclr8                
20007203  __aeabi_memset                 
20007203  __aeabi_memset4                
20007203  __aeabi_memset8                
20007209  memset                         
2000727b  UARTConfigSetExpClk            
200072f1  TimerIntRegister               
20007361  __TI_auto_init                 
2000743b  _system_post_cinit             
2000743d  TimerIntUnregister             
200074a5  frexp                          
200074a5  frexpl                         
20007501  PRCMPeripheralReset            
20007559  ltoa                           
200075b1  IntPrioritySet                 
20007605  C$$EXIT                        
20007609  abort                          
20007611  exit                           
20007659  atoi                           
200076a5  copy_in                        
200076f1  __aeabi_d2iz                   
20007739  TimerConfigure                 
2000777d  IntPriorityGroupingGet         
200077bd  PinModeSet                     
200077fd  _c_int00                       
2000783d  PRCMPeripheralClkEnable        
20007879  UARTDisable                    
200078a9  __aeabi_i2d                    
200078d9  PRCMSysResetCauseGet           
20007905  TimerLoadSet                   
20007931  IntPriorityGet                 
20007959  IntPriorityGroupingSet         
20007981  PRCMPeripheralClkDisable       
200079a9  IntUnregister                  
200079cd  UARTEnable                     
200079f1  memmove                        
20007a15  IntRegister                    
20007a35  TimerDisable                   
20007a53  TimerEnable                    
20007a71  TimerIntStatus                 
20007a8f  UARTCharPut                    
20007aad  UARTCharGetNonBlocking         
20007ac9  PinMuxConfig                   
20007ae5  memccpy                        
20007b01  PinTypeUART                    
20007b1d  SysTickPeriodSet               
20007b35  TimerIntDisable                
20007b4d  TimerIntEnable                 
20007b65  UARTCharsAvail                 
20007b7d  _args_main                     
20007b95  PRCMHIBRegRead                 
20007bab  PRCMHIBRegWrite                
20007bc1  strchr                         
20007bd7  CPUcpsie                       
20007bed  IntVTableBaseSet               
20007c01  _register_unlock               
20007c07  _register_lock                 
20007c0f  _nop                           
20007c15  strlen                         
20007c29  TimerIntClear                  
20007c3d  SysTickEnable                  
20007c4d  SysTickIntEnable               
20007c5d  __TI_decompress_none           
20007c6b  ResetISR                       
20007c79  SysTickValueGet                
20007c85  IntMasterEnable                
20007c8f  copysign                       
20007c8f  copysignl                      
20007c97  SysCtlDelay                    
20007c9d  UtilsDelay                     
20007ca3  __TI_decompress_rle24          
20007ca9  _system_pre_init               
20007cac  _ctypes_                       
20008080  __TI_static_base__             
200080b4  __TI_Handler_Table_Base        
200080bc  __TI_CINIT_Base                
200080bc  __TI_Handler_Table_Limit       
200080cc  __TI_CINIT_Limit               
20017000  _sys_memory                    
2001f030  g_ulClockRate                  
2001f034  __TI_cleanup_ptr               
2001f038  __TI_dtors_ptr                 
2001f03c  __TI_enable_exit_profile_output
2001f058  _lock                          
2001f05c  _unlock                        
2001f060  errno                          
2001f064  main_func_sp                   
2002f000  __stack                        
20030000  __STACK_END                    
ffffffff  __TI_pprof_out_hndl            
ffffffff  __TI_prof_data_size            
ffffffff  __TI_prof_data_start           
ffffffff  __binit__                      
ffffffff  __c_args__                     
ffffffff  binit                          
UNDEFED   SHT$$INIT_ARRAY$$Base          
UNDEFED   SHT$$INIT_ARRAY$$Limit         

[148 symbols]
