******************************************************************************
                  TI ARM Linker PC v15.12.3                    
******************************************************************************
>> Linked Sun Oct 09 13:12:00 2016

OUTPUT FILE NAME:   <blinky.out>
ENTRY POINT SYMBOL: "_c_int00"  address: 20004f69


MEMORY CONFIGURATION

         name            origin    length      used     unused   attr    fill
----------------------  --------  ---------  --------  --------  ----  --------
  SRAM_CODE             20004000   00019000  000014e2  00017b1e  RW X
  SRAM_DATA             2001d000   00023000  0000083b  000227c5  RW X


SEGMENT ALLOCATION MAP

run origin  load origin   length   init length attrs members
----------  ----------- ---------- ----------- ----- -------
20004000    20004000    000014e4   000014e4    r-x
  20004000    20004000    00000400   00000400    r-- .intvecs
  20004400    20004400    00000dfa   00000dfa    r-x .text
  200051fc    200051fc    00000294   00000294    r-- .const
  20005490    20005490    00000054   00000054    r-- .cinit
2001d000    2001d000    0000003b   00000000    rw-
  2001d000    2001d000    00000038   00000000    rw- .data
  2001d038    2001d038    00000003   00000000    rw- .bss
2003f800    2003f800    00000800   00000000    rw-
  2003f800    2003f800    00000800   00000000    rw- .stack


SECTION ALLOCATION MAP

 output                                  attributes/
section   page    origin      length       input sections
--------  ----  ----------  ----------   ----------------
.intvecs   0    20004000    00000400     
                  20004000    00000400     startup_ccs.obj (.intvecs)

.init_array 
*          0    20004000    00000000     UNINITIALIZED

.text      0    20004400    00000dfa     
                  20004400    0000039c     gpio_if.obj (.text)
                  2000479c    00000178     driverlib.a : prcm.obj (.text:PRCMCC3200MCUInit)
                  20004914    000000a8                 : interrupt.obj (.text:IntEnable)
                  200049bc    0000009c     rtsv7M4_T_le_eabi.lib : memcpy_t2.obj (.text)
                  20004a58    00000090     main.obj (.text)
                  20004ae8    00000088     driverlib.a : pin.obj (.text:PinConfigSet)
                  20004b70    00000082                 : gpio.obj (.text:GPIOIntTypeSet)
                  20004bf2    0000007a     rtsv7M4_T_le_eabi.lib : memset_t2.obj (.text)
                  20004c6c    00000070                           : autoinit.obj (.text)
                  20004cdc    0000006a                           : copy_decompress_rle.obj (.text)
                  20004d46    00000002                           : mpu_init.obj (.text)
                  20004d48    00000058     driverlib.a : prcm.obj (.text:PRCMPeripheralReset)
                  20004da0    00000054                 : interrupt.obj (.text:IntPrioritySet)
                  20004df4    00000054     rtsv7M4_T_le_eabi.lib : exit.obj (.text)
                  20004e48    0000004c     pinmux.obj (.text)
                  20004e94    0000004c     rtsv7M4_T_le_eabi.lib : cpy_tbl.obj (.text)
                  20004ee0    00000048     driverlib.a : gpio.obj (.text:GPIOGetIntNumber)
                  20004f28    00000040                 : pin.obj (.text:PinModeSet)
                  20004f68    00000040     rtsv7M4_T_le_eabi.lib : boot.obj (.text)
                  20004fa8    0000003c     driverlib.a : prcm.obj (.text:PRCMPeripheralClkEnable)
                  20004fe4    00000036                 : gpio.obj (.text:GPIODirModeSet)
                  2000501a    00000030                 : pin.obj (.text:PinTypeGPIO)
                  2000504a    00000002     rtsv7M4_T_le_eabi.lib : startup.obj (.text)
                  2000504c    0000002c     driverlib.a : prcm.obj (.text:PRCMSysResetCauseGet)
                  20005078    00000028                 : prcm.obj (.text:PRCMPeripheralClkDisable)
                  200050a0    00000020                 : gpio.obj (.text:GPIOPinWrite)
                  200050c0    00000020                 : interrupt.obj (.text:IntRegister)
                  200050e0    0000001e                 : gpio.obj (.text:GPIOIntRegister)
                  200050fe    0000001a                 : gpio.obj (.text:GPIOIntEnable)
                  20005118    00000018                 : gpio.obj (.text:GPIOPinRead)
                  20005130    00000018     rtsv7M4_T_le_eabi.lib : args_main.obj (.text)
                  20005148    00000016     driverlib.a : prcm.obj (.text:PRCMHIBRegRead)
                  2000515e    00000016                 : prcm.obj (.text:PRCMHIBRegWrite)
                  20005174    00000014                 : cpu.obj (.text:CPUcpsie)
                  20005188    00000014                 : gpio.obj (.text:GPIOIntClear)
                  2000519c    00000014                 : interrupt.obj (.text:IntVTableBaseSet)
                  200051b0    00000014     rtsv7M4_T_le_eabi.lib : _lock.obj (.text)
                  200051c4    0000000e                           : copy_decompress_none.obj (.text:decompress:none)
                  200051d2    0000000e     startup_ccs.obj (.text)
                  200051e0    0000000a     driverlib.a : interrupt.obj (.text:IntMasterEnable)
                  200051ea    00000006                 : utils.obj (.text:UtilsDelay)
                  200051f0    00000006     rtsv7M4_T_le_eabi.lib : copy_decompress_rle.obj (.text:decompress:rle24)
                  200051f6    00000004                           : pre_init.obj (.text)

.const     0    200051fc    00000294     
                  200051fc    00000100     driverlib.a : pin.obj (.const:g_ulPinToPadMap)
                  200052fc    000000d4                 : interrupt.obj (.const:g_pulRegs)
                  200053d0    000000a8                 : prcm.obj (.const:PRCM_PeriphRegsList)
                  20005478    00000018                 : interrupt.obj (.const:g_pulEnRegs)

.cinit     0    20005490    00000054     
                  20005490    0000002c     (.cinit..data.load) [load image, compression = rle]
                  200054bc    00000004     --HOLE-- [fill = 0]
                  200054c0    00000009     (.cinit..bss.load) [load image, compression = rle]
                  200054c9    00000003     --HOLE-- [fill = 0]
                  200054cc    00000008     (__TI_handler_table)
                  200054d4    00000010     (__TI_cinit_table)

.data      0    2001d000    00000038     UNINITIALIZED
                  2001d000    00000014     gpio_if.obj (.data:ulReg)
                  2001d014    0000000c     rtsv7M4_T_le_eabi.lib : exit.obj (.data:$O1$$)
                  2001d020    0000000c     gpio_if.obj (.data)
                  2001d02c    00000008     rtsv7M4_T_le_eabi.lib : _lock.obj (.data:$O1$$)
                  2001d034    00000004                           : stkdepth_vars.obj (.data)

.bss       0    2001d038    00000003     UNINITIALIZED
                  2001d038    00000001     (.common:g_ucLED1Pin)
                  2001d039    00000001     (.common:g_ucLED2Pin)
                  2001d03a    00000001     (.common:g_ucLED3Pin)

.stack     0    2003f800    00000800     UNINITIALIZED
                  2003f800    00000800     --HOLE--

MODULE SUMMARY

       Module                     code   ro data   rw data
       ------                     ----   -------   -------
    .\
       startup_ccs.obj            14     1024      0      
       gpio_if.obj                924    0         35     
       main.obj                   144    0         0      
       pinmux.obj                 76     0         0      
    +--+--------------------------+------+---------+---------+
       Total:                     1158   1024      35     
                                                          
    C:/ti/CC3200SDK_1.2.0/cc3200-sdk/driverlib/ccs/Release/driverlib.a
       prcm.obj                   652    168       0      
       interrupt.obj              314    236       0      
       pin.obj                    248    256       0      
       gpio.obj                   388    0         0      
       cpu.obj                    20     0         0      
       utils.obj                  6      0         0      
    +--+--------------------------+------+---------+---------+
       Total:                     1628   660       0      
                                                          
    C:\ti\ccsv6\tools\compiler\arm_15.12.3.LTS\lib\rtsv7M4_T_le_eabi.lib
       memcpy_t2.obj              156    0         0      
       memset_t2.obj              122    0         0      
       autoinit.obj               112    0         0      
       copy_decompress_rle.obj    112    0         0      
       exit.obj                   84     0         12     
       cpy_tbl.obj                76     0         0      
       boot.obj                   64     0         0      
       _lock.obj                  20     0         8      
       args_main.obj              24     0         0      
       copy_decompress_none.obj   14     0         0      
       pre_init.obj               4      0         0      
       stkdepth_vars.obj          0      0         4      
       mpu_init.obj               2      0         0      
       startup.obj                2      0         0      
    +--+--------------------------+------+---------+---------+
       Total:                     792    0         24     
                                                          
       Stack:                     0      0         2048   
       Linker Generated:          0      77        0      
    +--+--------------------------+------+---------+---------+
       Grand Total:               3578   1761      2107   


LINKER GENERATED COPY TABLES

__TI_cinit_table @ 200054d4 records: 2, size/record: 8, table size: 16
	.data: load addr=20005490, load size=0000002c bytes, run addr=2001d000, run size=00000038 bytes, compression=rle
	.bss: load addr=200054c0, load size=00000009 bytes, run addr=2001d038, run size=00000003 bytes, compression=rle


LINKER GENERATED HANDLER TABLE

__TI_handler_table @ 200054cc records: 2, size/record: 4, table size: 8
	index: 0, handler: __TI_decompress_rle24
	index: 1, handler: __TI_decompress_none


GLOBAL SYMBOLS: SORTED ALPHABETICALLY BY Name 

address   name                           
-------   ----                           
20004df5  C$$EXIT                        
20005175  CPUcpsie                       
20004fe5  GPIODirModeSet                 
20005189  GPIOIntClear                   
200050ff  GPIOIntEnable                  
200050e1  GPIOIntRegister                
20004b71  GPIOIntTypeSet                 
20005119  GPIOPinRead                    
200050a1  GPIOPinWrite                   
200046c1  GPIO_IF_ConfigureNIntEnable    
2000474d  GPIO_IF_Get                    
2000467b  GPIO_IF_GetPortNPin            
2000443d  GPIO_IF_LedConfigure           
2000452f  GPIO_IF_LedOff                 
2000447b  GPIO_IF_LedOn                  
200045e3  GPIO_IF_LedStatus              
2000464d  GPIO_IF_LedToggle              
20004709  GPIO_IF_Set                    
20004915  IntEnable                      
200051e1  IntMasterEnable                
20004da1  IntPrioritySet                 
200050c1  IntRegister                    
2000519d  IntVTableBaseSet               
20004a59  LEDBlinkyRoutine               
2000479d  PRCMCC3200MCUInit              
20005149  PRCMHIBRegRead                 
2000515f  PRCMHIBRegWrite                
20005079  PRCMPeripheralClkDisable       
20004fa9  PRCMPeripheralClkEnable        
20004d49  PRCMPeripheralReset            
2000504d  PRCMSysResetCauseGet           
20004ae9  PinConfigSet                   
20004f29  PinModeSet                     
20004e49  PinMuxConfig                   
2000501b  PinTypeGPIO                    
200051d3  ResetISR                       
UNDEFED   SHT$$INIT_ARRAY$$Base          
UNDEFED   SHT$$INIT_ARRAY$$Limit         
200051eb  UtilsDelay                     
20040000  __STACK_END                    
00000800  __STACK_SIZE                   
200054d4  __TI_CINIT_Base                
200054e4  __TI_CINIT_Limit               
200054cc  __TI_Handler_Table_Base        
200054d4  __TI_Handler_Table_Limit       
20004c6d  __TI_auto_init                 
2001d014  __TI_cleanup_ptr               
200051c5  __TI_decompress_none           
200051f1  __TI_decompress_rle24          
2001d018  __TI_dtors_ptr                 
2001d01c  __TI_enable_exit_profile_output
ffffffff  __TI_pprof_out_hndl            
ffffffff  __TI_prof_data_size            
ffffffff  __TI_prof_data_start           
20005490  __TI_static_base__             
20004bf3  __aeabi_memclr                 
20004bf3  __aeabi_memclr4                
20004bf3  __aeabi_memclr8                
200049bd  __aeabi_memcpy                 
200049bd  __aeabi_memcpy4                
200049bd  __aeabi_memcpy8                
20004bf5  __aeabi_memset                 
20004bf5  __aeabi_memset4                
20004bf5  __aeabi_memset8                
ffffffff  __binit__                      
ffffffff  __c_args__                     
20004d47  __mpu_init                     
2003f800  __stack                        
20005131  _args_main                     
20004f69  _c_int00                       
2001d02c  _lock                          
200051bf  _nop                           
200051b7  _register_lock                 
200051b1  _register_unlock               
2000504b  _system_post_cinit             
200051f7  _system_pre_init               
2001d030  _unlock                        
20004df9  abort                          
ffffffff  binit                          
20004e95  copy_in                        
20004e01  exit                           
20004000  g_pfnVectors                   
2001d038  g_ucLED1Pin                    
2001d039  g_ucLED2Pin                    
2001d03a  g_ucLED3Pin                    
2001d020  g_uiLED1Port                   
2001d024  g_uiLED2Port                   
2001d028  g_uiLED3Port                   
20004ac3  main                           
2001d034  main_func_sp                   
200049bd  memcpy                         
20004bfb  memset                         


GLOBAL SYMBOLS: SORTED BY Symbol Address 

address   name                           
-------   ----                           
00000800  __STACK_SIZE                   
20004000  g_pfnVectors                   
2000443d  GPIO_IF_LedConfigure           
2000447b  GPIO_IF_LedOn                  
2000452f  GPIO_IF_LedOff                 
200045e3  GPIO_IF_LedStatus              
2000464d  GPIO_IF_LedToggle              
2000467b  GPIO_IF_GetPortNPin            
200046c1  GPIO_IF_ConfigureNIntEnable    
20004709  GPIO_IF_Set                    
2000474d  GPIO_IF_Get                    
2000479d  PRCMCC3200MCUInit              
20004915  IntEnable                      
200049bd  __aeabi_memcpy                 
200049bd  __aeabi_memcpy4                
200049bd  __aeabi_memcpy8                
200049bd  memcpy                         
20004a59  LEDBlinkyRoutine               
20004ac3  main                           
20004ae9  PinConfigSet                   
20004b71  GPIOIntTypeSet                 
20004bf3  __aeabi_memclr                 
20004bf3  __aeabi_memclr4                
20004bf3  __aeabi_memclr8                
20004bf5  __aeabi_memset                 
20004bf5  __aeabi_memset4                
20004bf5  __aeabi_memset8                
20004bfb  memset                         
20004c6d  __TI_auto_init                 
20004d47  __mpu_init                     
20004d49  PRCMPeripheralReset            
20004da1  IntPrioritySet                 
20004df5  C$$EXIT                        
20004df9  abort                          
20004e01  exit                           
20004e49  PinMuxConfig                   
20004e95  copy_in                        
20004f29  PinModeSet                     
20004f69  _c_int00                       
20004fa9  PRCMPeripheralClkEnable        
20004fe5  GPIODirModeSet                 
2000501b  PinTypeGPIO                    
2000504b  _system_post_cinit             
2000504d  PRCMSysResetCauseGet           
20005079  PRCMPeripheralClkDisable       
200050a1  GPIOPinWrite                   
200050c1  IntRegister                    
200050e1  GPIOIntRegister                
200050ff  GPIOIntEnable                  
20005119  GPIOPinRead                    
20005131  _args_main                     
20005149  PRCMHIBRegRead                 
2000515f  PRCMHIBRegWrite                
20005175  CPUcpsie                       
20005189  GPIOIntClear                   
2000519d  IntVTableBaseSet               
200051b1  _register_unlock               
200051b7  _register_lock                 
200051bf  _nop                           
200051c5  __TI_decompress_none           
200051d3  ResetISR                       
200051e1  IntMasterEnable                
200051eb  UtilsDelay                     
200051f1  __TI_decompress_rle24          
200051f7  _system_pre_init               
20005490  __TI_static_base__             
200054cc  __TI_Handler_Table_Base        
200054d4  __TI_CINIT_Base                
200054d4  __TI_Handler_Table_Limit       
200054e4  __TI_CINIT_Limit               
2001d014  __TI_cleanup_ptr               
2001d018  __TI_dtors_ptr                 
2001d01c  __TI_enable_exit_profile_output
2001d020  g_uiLED1Port                   
2001d024  g_uiLED2Port                   
2001d028  g_uiLED3Port                   
2001d02c  _lock                          
2001d030  _unlock                        
2001d034  main_func_sp                   
2001d038  g_ucLED1Pin                    
2001d039  g_ucLED2Pin                    
2001d03a  g_ucLED3Pin                    
2003f800  __stack                        
20040000  __STACK_END                    
ffffffff  __TI_pprof_out_hndl            
ffffffff  __TI_prof_data_size            
ffffffff  __TI_prof_data_start           
ffffffff  __binit__                      
ffffffff  __c_args__                     
ffffffff  binit                          
UNDEFED   SHT$$INIT_ARRAY$$Base          
UNDEFED   SHT$$INIT_ARRAY$$Limit         

[92 symbols]
